Archive member included to satisfy reference by file (symbol)

/home/valentyn/Ac6/SystemWorkbench/plugins/fr.ac6.mcu.externaltools.arm-none.linux64_1.16.0.201807130628/tools/compiler/bin/../lib/gcc/arm-none-eabi/7.2.1/../../../../arm-none-eabi/lib/thumb/v7e-m/fpv4-sp/hard/libm.a(lib_a-s_cos.o)
                              src/nmea.o (cos)
/home/valentyn/Ac6/SystemWorkbench/plugins/fr.ac6.mcu.externaltools.arm-none.linux64_1.16.0.201807130628/tools/compiler/bin/../lib/gcc/arm-none-eabi/7.2.1/../../../../arm-none-eabi/lib/thumb/v7e-m/fpv4-sp/hard/libm.a(lib_a-s_floor.o)
                              src/nmea.o (floor)
/home/valentyn/Ac6/SystemWorkbench/plugins/fr.ac6.mcu.externaltools.arm-none.linux64_1.16.0.201807130628/tools/compiler/bin/../lib/gcc/arm-none-eabi/7.2.1/../../../../arm-none-eabi/lib/thumb/v7e-m/fpv4-sp/hard/libm.a(lib_a-s_sin.o)
                              src/nmea.o (sin)
/home/valentyn/Ac6/SystemWorkbench/plugins/fr.ac6.mcu.externaltools.arm-none.linux64_1.16.0.201807130628/tools/compiler/bin/../lib/gcc/arm-none-eabi/7.2.1/../../../../arm-none-eabi/lib/thumb/v7e-m/fpv4-sp/hard/libm.a(lib_a-s_tan.o)
                              src/nmea.o (tan)
/home/valentyn/Ac6/SystemWorkbench/plugins/fr.ac6.mcu.externaltools.arm-none.linux64_1.16.0.201807130628/tools/compiler/bin/../lib/gcc/arm-none-eabi/7.2.1/../../../../arm-none-eabi/lib/thumb/v7e-m/fpv4-sp/hard/libm.a(lib_a-sf_pow.o)
                              src/nmea.o (powf)
/home/valentyn/Ac6/SystemWorkbench/plugins/fr.ac6.mcu.externaltools.arm-none.linux64_1.16.0.201807130628/tools/compiler/bin/../lib/gcc/arm-none-eabi/7.2.1/../../../../arm-none-eabi/lib/thumb/v7e-m/fpv4-sp/hard/libm.a(lib_a-sf_pow_log2_data.o)
                              /home/valentyn/Ac6/SystemWorkbench/plugins/fr.ac6.mcu.externaltools.arm-none.linux64_1.16.0.201807130628/tools/compiler/bin/../lib/gcc/arm-none-eabi/7.2.1/../../../../arm-none-eabi/lib/thumb/v7e-m/fpv4-sp/hard/libm.a(lib_a-sf_pow.o) (__powf_log2_data)
/home/valentyn/Ac6/SystemWorkbench/plugins/fr.ac6.mcu.externaltools.arm-none.linux64_1.16.0.201807130628/tools/compiler/bin/../lib/gcc/arm-none-eabi/7.2.1/../../../../arm-none-eabi/lib/thumb/v7e-m/fpv4-sp/hard/libm.a(lib_a-w_pow.o)
                              src/nmea.o (pow)
/home/valentyn/Ac6/SystemWorkbench/plugins/fr.ac6.mcu.externaltools.arm-none.linux64_1.16.0.201807130628/tools/compiler/bin/../lib/gcc/arm-none-eabi/7.2.1/../../../../arm-none-eabi/lib/thumb/v7e-m/fpv4-sp/hard/libm.a(lib_a-w_sqrt.o)
                              src/nmea.o (sqrt)
/home/valentyn/Ac6/SystemWorkbench/plugins/fr.ac6.mcu.externaltools.arm-none.linux64_1.16.0.201807130628/tools/compiler/bin/../lib/gcc/arm-none-eabi/7.2.1/../../../../arm-none-eabi/lib/thumb/v7e-m/fpv4-sp/hard/libm.a(lib_a-e_pow.o)
                              /home/valentyn/Ac6/SystemWorkbench/plugins/fr.ac6.mcu.externaltools.arm-none.linux64_1.16.0.201807130628/tools/compiler/bin/../lib/gcc/arm-none-eabi/7.2.1/../../../../arm-none-eabi/lib/thumb/v7e-m/fpv4-sp/hard/libm.a(lib_a-w_pow.o) (__ieee754_pow)
/home/valentyn/Ac6/SystemWorkbench/plugins/fr.ac6.mcu.externaltools.arm-none.linux64_1.16.0.201807130628/tools/compiler/bin/../lib/gcc/arm-none-eabi/7.2.1/../../../../arm-none-eabi/lib/thumb/v7e-m/fpv4-sp/hard/libm.a(lib_a-e_rem_pio2.o)
                              /home/valentyn/Ac6/SystemWorkbench/plugins/fr.ac6.mcu.externaltools.arm-none.linux64_1.16.0.201807130628/tools/compiler/bin/../lib/gcc/arm-none-eabi/7.2.1/../../../../arm-none-eabi/lib/thumb/v7e-m/fpv4-sp/hard/libm.a(lib_a-s_cos.o) (__ieee754_rem_pio2)
/home/valentyn/Ac6/SystemWorkbench/plugins/fr.ac6.mcu.externaltools.arm-none.linux64_1.16.0.201807130628/tools/compiler/bin/../lib/gcc/arm-none-eabi/7.2.1/../../../../arm-none-eabi/lib/thumb/v7e-m/fpv4-sp/hard/libm.a(lib_a-e_sqrt.o)
                              /home/valentyn/Ac6/SystemWorkbench/plugins/fr.ac6.mcu.externaltools.arm-none.linux64_1.16.0.201807130628/tools/compiler/bin/../lib/gcc/arm-none-eabi/7.2.1/../../../../arm-none-eabi/lib/thumb/v7e-m/fpv4-sp/hard/libm.a(lib_a-w_sqrt.o) (__ieee754_sqrt)
/home/valentyn/Ac6/SystemWorkbench/plugins/fr.ac6.mcu.externaltools.arm-none.linux64_1.16.0.201807130628/tools/compiler/bin/../lib/gcc/arm-none-eabi/7.2.1/../../../../arm-none-eabi/lib/thumb/v7e-m/fpv4-sp/hard/libm.a(lib_a-k_cos.o)
                              /home/valentyn/Ac6/SystemWorkbench/plugins/fr.ac6.mcu.externaltools.arm-none.linux64_1.16.0.201807130628/tools/compiler/bin/../lib/gcc/arm-none-eabi/7.2.1/../../../../arm-none-eabi/lib/thumb/v7e-m/fpv4-sp/hard/libm.a(lib_a-s_cos.o) (__kernel_cos)
/home/valentyn/Ac6/SystemWorkbench/plugins/fr.ac6.mcu.externaltools.arm-none.linux64_1.16.0.201807130628/tools/compiler/bin/../lib/gcc/arm-none-eabi/7.2.1/../../../../arm-none-eabi/lib/thumb/v7e-m/fpv4-sp/hard/libm.a(lib_a-k_rem_pio2.o)
[...]
Memory Configuration

Name             Origin             Length             Attributes
RAM              0x0000000020000000 0x0000000000020000 xrw
ROM              0x0000000008000000 0x0000000000100000 xr
*default*        0x0000000000000000 0xffffffffffffffff

Linker script and memory map

LOAD /home/valentyn/Ac6/SystemWorkbench/plugins/fr.ac6.mcu.externaltools.arm-none.linux64_1.16.0.201807130628/tools/compiler/bin/../lib/gcc/arm-none-eabi/7.2.1/thumb/v7e-m/fpv4-sp/hard/crti.o
LOAD /home/valentyn/Ac6/SystemWorkbench/plugins/fr.ac6.mcu.externaltools.arm-none.linux64_1.16.0.201807130628/tools/compiler/bin/../lib/gcc/arm-none-eabi/7.2.1/thumb/v7e-m/fpv4-sp/hard/crtbegin.o
LOAD /home/valentyn/Ac6/SystemWorkbench/plugins/fr.ac6.mcu.externaltools.arm-none.linux64_1.16.0.201807130628/tools/compiler/bin/../lib/gcc/arm-none-eabi/7.2.1/../../../../arm-none-eabi/lib/thumb/v7e-m/fpv4-sp/hard/crt0.o
LOAD RTOS/src/croutine.o
LOAD RTOS/src/event_groups.o
LOAD RTOS/src/heap_4.o
LOAD RTOS/src/list.o
LOAD RTOS/src/port.o
LOAD RTOS/src/queue.o
LOAD RTOS/src/tasks.o
LOAD RTOS/src/timers.o
LOAD src/algorithm.o
LOAD src/charQueue.o
LOAD src/gpio.o
LOAD src/main.o
LOAD src/nmea.o
LOAD src/periph.o
LOAD src/system_stm32f4xx.o
LOAD src/vehicle.o
LOAD startup/startup_stm32.o
LOAD startup/sysmem.o
LOAD /home/valentyn/Ac6/SystemWorkbench/plugins/fr.ac6.mcu.externaltools.arm-none.linux64_1.16.0.201807130628/tools/compiler/bin/../lib/gcc/arm-none-eabi/7.2.1/../../../../arm-none-eabi/lib/thumb/v7e-m/fpv4-sp/hard/libm.a
START GROUP
LOAD /home/valentyn/Ac6/SystemWorkbench/plugins/fr.ac6.mcu.externaltools.arm-none.linux64_1.16.0.201807130628/tools/compiler/bin/../lib/gcc/arm-none-eabi/7.2.1/thumb/v7e-m/fpv4-sp/hard/libgcc.a
LOAD /home/valentyn/Ac6/SystemWorkbench/plugins/fr.ac6.mcu.externaltools.arm-none.linux64_1.16.0.201807130628/tools/compiler/bin/../lib/gcc/arm-none-eabi/7.2.1/../../../../arm-none-eabi/lib/thumb/v7e-m/fpv4-sp/hard/libc.a
END GROUP
LOAD /home/valentyn/Ac6/SystemWorkbench/plugins/fr.ac6.mcu.externaltools.arm-none.linux64_1.16.0.201807130628/tools/compiler/bin/../lib/gcc/arm-none-eabi/7.2.1/thumb/v7e-m/fpv4-sp/hard/crtend.o
LOAD /home/valentyn/Ac6/SystemWorkbench/plugins/fr.ac6.mcu.externaltools.arm-none.linux64_1.16.0.201807130628/tools/compiler/bin/../lib/gcc/arm-none-eabi/7.2.1/thumb/v7e-m/fpv4-sp/hard/crtn.o
                0x0000000020020000                _estack = 0x20020000
                0x0000000000000000                _Min_Heap_Size = 0x0
                0x0000000000000400                _Min_Stack_Size = 0x400

.isr_vector     0x0000000008000000      0x1a8
                0x0000000008000000                . = ALIGN (0x4)
 *(.isr_vector)
 .isr_vector    0x0000000008000000      0x1a8 startup/startup_stm32.o
                0x0000000008000000                g_pfnVectors
                0x00000000080001a8                . = ALIGN (0x4)

.text           0x00000000080001b0     0x413c
                0x00000000080001b0                . = ALIGN (0x4)
 *(.text)
 .text          0x00000000080001b0       0x40 /home/valentyn/Ac6/SystemWorkbench/plugins/fr.ac6.mcu.externaltools.arm-none.linux64_1.16.0.201807130628/tools/compiler/bin/../lib/gcc/arm-none-eabi/7.2.1/thumb/v7e-m/fpv4-sp/hard/crtbegin.o
 .text          0x00000000080001f0      0x134 /home/valentyn/Ac6/SystemWorkbench/plugins/fr.ac6.mcu.externaltools.arm-none.linux64_1.16.0.201807130628/tools/compiler/bin/../lib/gcc/arm-none-eabi/7.2.1/../../../../arm-none-eabi/lib/thumb/v7e-m/fpv4-sp/hard/libc.a(lib_a-memcpy.o)
                0x00000000080001f0                memcpy
 *fill*         0x0000000008000324        0xc 
 .text          0x0000000008000330       0xa0 /home/valentyn/Ac6/SystemWorkbench/plugins/fr.ac6.mcu.externaltools.arm-none.linux64_1.16.0.201807130628/tools/compiler/bin/../lib/gcc/arm-none-eabi/7.2.1/../../../../arm-none-eabi/lib/thumb/v7e-m/fpv4-sp/hard/libc.a(lib_a-memchr.o)
                0x0000000008000330                memchr
 *(.text*)
 .text.pvPortMalloc
                0x00000000080003d0      0x184 RTOS/src/heap_4.o
                0x00000000080003d0                pvPortMalloc
 .text.vPortFree
                0x0000000008000554       0xb0 RTOS/src/heap_4.o
                0x0000000008000554                vPortFree
 .text.prvHeapInit
                0x0000000008000604       0xc4 RTOS/src/heap_4.o
 .text.prvInsertBlockIntoFreeList
                0x00000000080006c8       0xb4 RTOS/src/heap_4.o
 .text.vListInitialise
                0x000000000800077c       0x40 RTOS/src/list.o
                0x000000000800077c                vListInitialise
 .text.vListInitialiseItem
                0x00000000080007bc       0x1a RTOS/src/list.o
                0x00000000080007bc                vListInitialiseItem
 .text.vListInsertEnd
                0x00000000080007d6       0x48 RTOS/src/list.o
                0x00000000080007d6                vListInsertEnd
 .text.vListInsert
                0x000000000800081e       0x72 RTOS/src/list.o
                0x000000000800081e                vListInsert
 .text.uxListRemove
                0x0000000008000890       0x54 RTOS/src/list.o
                0x0000000008000890                uxListRemove
 .text.pxPortInitialiseStack
                0x00000000080008e4       0x68 RTOS/src/port.o
                0x00000000080008e4                pxPortInitialiseStack
 .text.prvTaskExitError
                0x000000000800094c       0x3c RTOS/src/port.o
 *fill*         0x0000000008000988        0x8 
 .text.SVC_Handler
                0x0000000008000990       0x28 RTOS/src/port.o
                0x0000000008000990                SVC_Handler
 .text.prvPortStartFirstTask
                0x00000000080009b8       0x20 RTOS/src/port.o
 .text.xPortStartScheduler
                0x00000000080009d8      0x118 RTOS/src/port.o
                0x00000000080009d8                xPortStartScheduler
 .text.vPortEnterCritical
                0x0000000008000af0       0x5c RTOS/src/port.o
                0x0000000008000af0                vPortEnterCritical
 .text.vPortExitCritical
                0x0000000008000b4c       0x50 RTOS/src/port.o
                0x0000000008000b4c                vPortExitCritical
 *fill*         0x0000000008000b9c        0x4 
 .text.PendSV_Handler
                0x0000000008000ba0       0x68 RTOS/src/port.o
                0x0000000008000ba0                PendSV_Handler
 .text.SysTick_Handler
                0x0000000008000c08       0x40 RTOS/src/port.o
                0x0000000008000c08                SysTick_Handler
 .text.vPortSetupTimerInterrupt
                0x0000000008000c48       0x28 RTOS/src/port.o
                0x0000000008000c48                vPortSetupTimerInterrupt
 .text.vPortEnableVFP
                0x0000000008000c70       0x14 RTOS/src/port.o
 .text.vPortValidateInterruptPriority
                0x0000000008000c84       0x7c RTOS/src/port.o
                0x0000000008000c84                vPortValidateInterruptPriority
 .text.xQueueGenericReset
                0x0000000008000d00       0xd0 RTOS/src/queue.o
                0x0000000008000d00                xQueueGenericReset
 .text.xQueueGenericCreate
                0x0000000008000dd0       0x72 RTOS/src/queue.o
                0x0000000008000dd0                xQueueGenericCreate
 .text.prvInitialiseNewQueue
                0x0000000008000e42       0x3e RTOS/src/queue.o
 .text.xQueueGenericSend
                0x0000000008000e80      0x1f4 RTOS/src/queue.o
                0x0000000008000e80                xQueueGenericSend
 .text.xQueueGenericSendFromISR
                0x0000000008001074      0x128 RTOS/src/queue.o
                0x0000000008001074                xQueueGenericSendFromISR
 .text.xQueueGenericReceive
                0x000000000800119c      0x224 RTOS/src/queue.o
                0x000000000800119c                xQueueGenericReceive
 .text.prvCopyDataToQueue
                0x00000000080013c0       0xd4 RTOS/src/queue.o
 .text.prvCopyDataFromQueue
                0x0000000008001494       0x4c RTOS/src/queue.o
 .text.prvUnlockQueue
                0x00000000080014e0       0xa4 RTOS/src/queue.o
 .text.prvIsQueueEmpty
                0x0000000008001584       0x2c RTOS/src/queue.o
 .text.prvIsQueueFull
                0x00000000080015b0       0x30 RTOS/src/queue.o
 .text.vQueueAddToRegistry
                0x00000000080015e0       0x50 RTOS/src/queue.o
                0x00000000080015e0                vQueueAddToRegistry
 .text.vQueueWaitForMessageRestricted
                0x0000000008001630       0x68 RTOS/src/queue.o
                0x0000000008001630                vQueueWaitForMessageRestricted
 .text.xTaskCreate
                0x0000000008001698       0x82 RTOS/src/tasks.o
                0x0000000008001698                xTaskCreate
 .text.prvInitialiseNewTask
                0x000000000800171a       0xfc RTOS/src/tasks.o
 *fill*         0x0000000008001816        0x2 
 .text.prvAddNewTaskToReadyList
                0x0000000008001818       0xd4 RTOS/src/tasks.o
 .text.vTaskDelete
                0x00000000080018ec      0x11c RTOS/src/tasks.o
                0x00000000080018ec                vTaskDelete
 .text.vTaskDelay
                0x0000000008001a08       0x68 RTOS/src/tasks.o
                0x0000000008001a08                vTaskDelay
 .text.vTaskStartScheduler
                0x0000000008001a70       0x98 RTOS/src/tasks.o
                0x0000000008001a70                vTaskStartScheduler
 .text.vTaskSuspendAll
                0x0000000008001b08       0x1c RTOS/src/tasks.o
                0x0000000008001b08                vTaskSuspendAll
 .text.xTaskResumeAll
                0x0000000008001b24      0x138 RTOS/src/tasks.o
                0x0000000008001b24                xTaskResumeAll
 .text.xTaskGetTickCount
                0x0000000008001c5c       0x20 RTOS/src/tasks.o
                0x0000000008001c5c                xTaskGetTickCount
 .text.xTaskIncrementTick
                0x0000000008001c7c      0x178 RTOS/src/tasks.o
                0x0000000008001c7c                xTaskIncrementTick
 .text.vTaskSwitchContext
                0x0000000008001df4       0xb4 RTOS/src/tasks.o
                0x0000000008001df4                vTaskSwitchContext
 .text.vTaskPlaceOnEventList
                0x0000000008001ea8       0x48 RTOS/src/tasks.o
                0x0000000008001ea8                vTaskPlaceOnEventList
 .text.vTaskPlaceOnEventListRestricted
                0x0000000008001ef0       0x54 RTOS/src/tasks.o
                0x0000000008001ef0                vTaskPlaceOnEventListRestricted
 .text.xTaskRemoveFromEventList
                0x0000000008001f44       0xc4 RTOS/src/tasks.o
                0x0000000008001f44                xTaskRemoveFromEventList
 .text.vTaskSetTimeOutState
                0x0000000008002008       0x48 RTOS/src/tasks.o
                0x0000000008002008                vTaskSetTimeOutState
 .text.xTaskCheckForTimeOut
                0x0000000008002050       0xbc RTOS/src/tasks.o
                0x0000000008002050                xTaskCheckForTimeOut
 .text.vTaskMissedYield
                0x000000000800210c       0x18 RTOS/src/tasks.o
                0x000000000800210c                vTaskMissedYield
 .text.prvIdleTask
                0x0000000008002124       0x30 RTOS/src/tasks.o
 .text.prvInitialiseTaskLists
                0x0000000008002154       0x80 RTOS/src/tasks.o
 .text.prvCheckTasksWaitingTermination
                0x00000000080021d4       0x78 RTOS/src/tasks.o
 .text.prvDeleteTCB
                0x000000000800224c       0x20 RTOS/src/tasks.o
 .text.prvResetNextTaskUnblockTime
                0x000000000800226c       0x4c RTOS/src/tasks.o
 .text.xTaskGetSchedulerState
                0x00000000080022b8       0x3c RTOS/src/tasks.o
                0x00000000080022b8                xTaskGetSchedulerState
 .text.vTaskPriorityInherit
                0x00000000080022f4       0xec RTOS/src/tasks.o
                0x00000000080022f4                vTaskPriorityInherit
 .text.xTaskPriorityDisinherit
                0x00000000080023e0      0x108 RTOS/src/tasks.o
                0x00000000080023e0                xTaskPriorityDisinherit
 .text.pvTaskIncrementMutexHeldCount
                0x00000000080024e8       0x28 RTOS/src/tasks.o
                0x00000000080024e8                pvTaskIncrementMutexHeldCount
 .text.prvAddCurrentTaskToDelayedList
                0x0000000008002510       0xcc RTOS/src/tasks.o
 .text.xTimerCreateTimerTask
                0x00000000080025dc       0x60 RTOS/src/timers.o
                0x00000000080025dc                xTimerCreateTimerTask
 .text.xTimerGenericCommand
                0x000000000800263c       0x98 RTOS/src/timers.o
                0x000000000800263c                xTimerGenericCommand
 .text.prvProcessExpiredTimer
                0x00000000080026d4       0x80 RTOS/src/timers.o
 .text.prvTimerTask
                0x0000000008002754       0x24 RTOS/src/timers.o
 .text.prvProcessTimerOrBlockTask
                0x0000000008002778       0x9c RTOS/src/timers.o
 .text.prvGetNextExpireTime
                0x0000000008002814       0x48 RTOS/src/timers.o
 .text.prvSampleTimeNow
                0x000000000800285c       0x40 RTOS/src/timers.o
 .text.prvInsertTimerInActiveList
                0x000000000800289c       0x84 RTOS/src/timers.o
 .text.prvProcessReceivedCommands
                0x0000000008002920      0x124 RTOS/src/timers.o
 .text.prvSwitchTimerLists
                0x0000000008002a44       0xc0 RTOS/src/timers.o
 .text.prvCheckForValidListAndQueue
                0x0000000008002b04       0x6c RTOS/src/timers.o
 .text.receiveFromDMA
                0x0000000008002b70       0xac src/algorithm.o
                0x0000000008002b70                receiveFromDMA
 .text.tempTask2
                0x0000000008002c1c       0x24 src/algorithm.o
                0x0000000008002c1c                tempTask2
 .text.tempTask
                0x0000000008002c40       0x20 src/algorithm.o
                0x0000000008002c40                tempTask
 .text.strAllcpy
                0x0000000008002c60       0x3e src/charQueue.o
                0x0000000008002c60                strAllcpy
 .text.findEOS  0x0000000008002c9e       0x3e src/charQueue.o
                0x0000000008002c9e                findEOS
 .text.push     0x0000000008002cdc       0x5a src/charQueue.o
                0x0000000008002cdc                push
 .text.pop      0x0000000008002d36       0x94 src/charQueue.o
                0x0000000008002d36                pop
 *fill*         0x0000000008002dca        0x2 
 .text.create   0x0000000008002dcc       0x3c src/charQueue.o
                0x0000000008002dcc                create
 .text.timerini2
                0x0000000008002e08       0x30 src/gpio.o
                0x0000000008002e08                timerini2
 .text.delay_ms
                0x0000000008002e38       0x54 src/gpio.o
                0x0000000008002e38                delay_ms
 .text.GPIO_WritePin
                0x0000000008002e8c       0x30 src/gpio.o
                0x0000000008002e8c                GPIO_WritePin
 .text.LCD_Set_Data
                0x0000000008002ebc      0x134 src/gpio.o
                0x0000000008002ebc                LCD_Set_Data
 .text.LCD_SendCommand
                0x0000000008002ff0       0x48 src/gpio.o
                0x0000000008002ff0                LCD_SendCommand
 .text.LCD_ini  0x0000000008003038       0x60 src/gpio.o
                0x0000000008003038                LCD_ini
 .text.main     0x0000000008003098       0xb4 src/main.o
                0x0000000008003098                main
 .text.DMA1_Stream5_IRQHandler
                0x000000000800314c       0xa8 src/main.o
                0x000000000800314c                DMA1_Stream5_IRQHandler
 .text.DMA2_Stream7_IRQHandler
                0x00000000080031f4       0x3c src/main.o
                0x00000000080031f4                DMA2_Stream7_IRQHandler
 .text.USART6_IRQHandler
                0x0000000008003230       0x38 src/main.o
                0x0000000008003230                USART6_IRQHandler
 .text.splitString
                0x0000000008003268       0x5c src/nmea.o
                0x0000000008003268                splitString
 .text.ParseNMEA
                0x00000000080032c4       0x98 src/nmea.o
                0x00000000080032c4                ParseNMEA
 .text.NVIC_EnableIRQ
                0x000000000800335c       0x34 src/periph.o
 .text.NVIC_SetPriority
                0x0000000008003390       0x54 src/periph.o
 .text.gpio_ini
                0x00000000080033e4       0xac src/periph.o
                0x00000000080033e4                gpio_ini
 .text.RCC_Init
                0x0000000008003490       0x94 src/periph.o
                0x0000000008003490                RCC_Init
 .text.USART2_init
                0x0000000008003524       0x7c src/periph.o
                0x0000000008003524                USART2_init
 .text.USART6_init
                0x00000000080035a0       0x80 src/periph.o
                0x00000000080035a0                USART6_init
 .text.dma1ini  0x0000000008003620       0xb8 src/periph.o
                0x0000000008003620                dma1ini
 .text.dma2ini  0x00000000080036d8       0xa4 src/periph.o
                0x00000000080036d8                dma2ini
 .text.SystemInit
                0x000000000800377c       0x70 src/system_stm32f4xx.o
                0x000000000800377c                SystemInit
 .text.SetSysClock
                0x00000000080037ec       0xf8 src/system_stm32f4xx.o
 .text.SystemInit_ExtMemCtl
                0x00000000080038e4      0x118 src/system_stm32f4xx.o
 .text.Reset_Handler
                0x00000000080039fc       0x50 startup/startup_stm32.o
                0x00000000080039fc                Reset_Handler
 .text.Default_Handler
                0x0000000008003a4c        0x2 startup/startup_stm32.o
                0x0000000008003a4c                RTC_Alarm_IRQHandler
                0x0000000008003a4c                HASH_RNG_IRQHandler
                0x0000000008003a4c                EXTI2_IRQHandler
                0x0000000008003a4c                TIM8_CC_IRQHandler
                0x0000000008003a4c                DebugMon_Handler
                0x0000000008003a4c                TIM1_CC_IRQHandler
                0x0000000008003a4c                DMA2_Stream5_IRQHandler
                0x0000000008003a4c                HardFault_Handler
                0x0000000008003a4c                PVD_IRQHandler
                0x0000000008003a4c                SDIO_IRQHandler
                0x0000000008003a4c                TAMP_STAMP_IRQHandler
                0x0000000008003a4c                NMI_Handler
                0x0000000008003a4c                CAN2_RX1_IRQHandler
                0x0000000008003a4c                EXTI3_IRQHandler
                0x0000000008003a4c                TIM8_TRG_COM_TIM14_IRQHandler
                0x0000000008003a4c                TIM1_UP_TIM10_IRQHandler
                0x0000000008003a4c                TIM8_UP_TIM13_IRQHandler
                0x0000000008003a4c                I2C3_ER_IRQHandler
                0x0000000008003a4c                LCD_TFT_IRQHandler
                0x0000000008003a4c                EXTI0_IRQHandler
                0x0000000008003a4c                I2C2_EV_IRQHandler
                0x0000000008003a4c                DMA1_Stream2_IRQHandler
                0x0000000008003a4c                CAN1_RX0_IRQHandler
                0x0000000008003a4c                FPU_IRQHandler
                0x0000000008003a4c                OTG_HS_WKUP_IRQHandler
                0x0000000008003a4c                UsageFault_Handler
                0x0000000008003a4c                CAN2_SCE_IRQHandler
                0x0000000008003a4c                DMA2_Stream2_IRQHandler
                0x0000000008003a4c                SPI1_IRQHandler
                0x0000000008003a4c                TIM6_DAC_IRQHandler
                0x0000000008003a4c                TIM1_BRK_TIM9_IRQHandler
                0x0000000008003a4c                DCMI_IRQHandler
                0x0000000008003a4c                CAN2_RX0_IRQHandler
                0x0000000008003a4c                DMA2_Stream3_IRQHandler
                0x0000000008003a4c                USART3_IRQHandler
                0x0000000008003a4c                CRYP_IRQHandler
                0x0000000008003a4c                CAN1_RX1_IRQHandler
                0x0000000008003a4c                UART5_IRQHandler
                0x0000000008003a4c                DMA2_Stream0_IRQHandler
                0x0000000008003a4c                TIM4_IRQHandler
                0x0000000008003a4c                I2C1_EV_IRQHandler
                0x0000000008003a4c                DMA1_Stream6_IRQHandler
                0x0000000008003a4c                DMA1_Stream1_IRQHandler
                0x0000000008003a4c                UART4_IRQHandler
                0x0000000008003a4c                LCD_TFT_1_IRQHandler
                0x0000000008003a4c                TIM3_IRQHandler
                0x0000000008003a4c                RCC_IRQHandler
                0x0000000008003a4c                TIM8_BRK_TIM12_IRQHandler
                0x0000000008003a4c                Default_Handler
                0x0000000008003a4c                EXTI15_10_IRQHandler
                0x0000000008003a4c                ADC_IRQHandler
                0x0000000008003a4c                DMA1_Stream7_IRQHandler
                0x0000000008003a4c                TIM7_IRQHandler
                0x0000000008003a4c                CAN2_TX_IRQHandler
                0x0000000008003a4c                TIM5_IRQHandler
                0x0000000008003a4c                I2C3_EV_IRQHandler
                0x0000000008003a4c                EXTI9_5_IRQHandler
                0x0000000008003a4c                RTC_WKUP_IRQHandler
                0x0000000008003a4c                ETH_WKUP_IRQHandler
                0x0000000008003a4c                SPI2_IRQHandler
                0x0000000008003a4c                OTG_HS_EP1_IN_IRQHandler
                0x0000000008003a4c                MemManage_Handler
                0x0000000008003a4c                DMA1_Stream0_IRQHandler
                0x0000000008003a4c                CAN1_TX_IRQHandler
                0x0000000008003a4c                EXTI4_IRQHandler
                0x0000000008003a4c                FSMC_IRQHandler
                0x0000000008003a4c                ETH_IRQHandler
                0x0000000008003a4c                OTG_HS_EP1_OUT_IRQHandler
                0x0000000008003a4c                WWDG_IRQHandler
                0x0000000008003a4c                TIM2_IRQHandler
                0x0000000008003a4c                OTG_FS_WKUP_IRQHandler
                0x0000000008003a4c                TIM1_TRG_COM_TIM11_IRQHandler
                0x0000000008003a4c                OTG_HS_IRQHandler
                0x0000000008003a4c                EXTI1_IRQHandler
                0x0000000008003a4c                USART2_IRQHandler
                0x0000000008003a4c                I2C2_ER_IRQHandler
                0x0000000008003a4c                DMA2_Stream1_IRQHandler
                0x0000000008003a4c                CAN1_SCE_IRQHandler
                0x0000000008003a4c                DMA2_Stream4_IRQHandler
                0x0000000008003a4c                BusFault_Handler
                0x0000000008003a4c                USART1_IRQHandler
                0x0000000008003a4c                OTG_FS_IRQHandler
                0x0000000008003a4c                SPI3_IRQHandler
                0x0000000008003a4c                DMA1_Stream4_IRQHandler
                0x0000000008003a4c                I2C1_ER_IRQHandler
                0x0000000008003a4c                DMA2_Stream6_IRQHandler
                0x0000000008003a4c                DMA1_Stream3_IRQHandler
 *fill*         0x0000000008003a4e        0x2 
 .text.__libc_init_array
                0x0000000008003a50       0x48 /home/valentyn/Ac6/SystemWorkbench/plugins/fr.ac6.mcu.externaltools.arm-none.linux64_1.16.0.201807130628/tools/compiler/bin/../lib/gcc/arm-none-eabi/7.2.1/../../../../arm-none-eabi/lib/thumb/v7e-m/fpv4-sp/hard/libc.a(lib_a-init.o)
                0x0000000008003a50                __libc_init_array
 .text.strcpy   0x0000000008003a98       0xbc /home/valentyn/Ac6/SystemWorkbench/plugins/fr.ac6.mcu.externaltools.arm-none.linux64_1.16.0.201807130628/tools/compiler/bin/../lib/gcc/arm-none-eabi/7.2.1/../../../../arm-none-eabi/lib/thumb/v7e-m/fpv4-sp/hard/libc.a(lib_a-strcpy.o)
                0x0000000008003a98                strcpy
 .text.critical_factorization
                0x0000000008003b54       0xb4 /home/valentyn/Ac6/SystemWorkbench/plugins/fr.ac6.mcu.externaltools.arm-none.linux64_1.16.0.201807130628/tools/compiler/bin/../lib/gcc/arm-none-eabi/7.2.1/../../../../arm-none-eabi/lib/thumb/v7e-m/fpv4-sp/hard/libc.a(lib_a-strstr.o)
 .text.two_way_long_needle
                0x0000000008003c08      0x1f8 /home/valentyn/Ac6/SystemWorkbench/plugins/fr.ac6.mcu.externaltools.arm-none.linux64_1.16.0.201807130628/tools/compiler/bin/../lib/gcc/arm-none-eabi/7.2.1/../../../../arm-none-eabi/lib/thumb/v7e-m/fpv4-sp/hard/libc.a(lib_a-strstr.o)
 .text.strstr   0x0000000008003e00      0x1f8 /home/valentyn/Ac6/SystemWorkbench/plugins/fr.ac6.mcu.externaltools.arm-none.linux64_1.16.0.201807130628/tools/compiler/bin/../lib/gcc/arm-none-eabi/7.2.1/../../../../arm-none-eabi/lib/thumb/v7e-m/fpv4-sp/hard/libc.a(lib_a-strstr.o)
                0x0000000008003e00                strstr
 .text.strtok   0x0000000008003ff8       0x10 /home/valentyn/Ac6/SystemWorkbench/plugins/fr.ac6.mcu.externaltools.arm-none.linux64_1.16.0.201807130628/tools/compiler/bin/../lib/gcc/arm-none-eabi/7.2.1/../../../../arm-none-eabi/lib/thumb/v7e-m/fpv4-sp/hard/libc.a(lib_a-strtok.o)
                0x0000000008003ff8                strtok
 .text.__strtok_r
                0x0000000008004008       0x64 /home/valentyn/Ac6/SystemWorkbench/plugins/fr.ac6.mcu.externaltools.arm-none.linux64_1.16.0.201807130628/tools/compiler/bin/../lib/gcc/arm-none-eabi/7.2.1/../../../../arm-none-eabi/lib/thumb/v7e-m/fpv4-sp/hard/libc.a(lib_a-strtok_r.o)
                0x0000000008004008                __strtok_r
 .text.startup.register_fini
                0x000000000800406c       0x14 /home/valentyn/Ac6/SystemWorkbench/plugins/fr.ac6.mcu.externaltools.arm-none.linux64_1.16.0.201807130628/tools/compiler/bin/../lib/gcc/arm-none-eabi/7.2.1/../../../../arm-none-eabi/lib/thumb/v7e-m/fpv4-sp/hard/libc.a(lib_a-__call_atexit.o)
 .text.atexit   0x0000000008004080        0xc /home/valentyn/Ac6/SystemWorkbench/plugins/fr.ac6.mcu.externaltools.arm-none.linux64_1.16.0.201807130628/tools/compiler/bin/../lib/gcc/arm-none-eabi/7.2.1/../../../../arm-none-eabi/lib/thumb/v7e-m/fpv4-sp/hard/libc.a(lib_a-atexit.o)
                0x0000000008004080                atexit
 .text.__libc_fini_array
                0x000000000800408c       0x34 /home/valentyn/Ac6/SystemWorkbench/plugins/fr.ac6.mcu.externaltools.arm-none.linux64_1.16.0.201807130628/tools/compiler/bin/../lib/gcc/arm-none-eabi/7.2.1/../../../../arm-none-eabi/lib/thumb/v7e-m/fpv4-sp/hard/libc.a(lib_a-fini.o)
                0x000000000800408c                __libc_fini_array
 .text.__retarget_lock_acquire_recursive
                0x00000000080040c0        0x4 /home/valentyn/Ac6/SystemWorkbench/plugins/fr.ac6.mcu.externaltools.arm-none.linux64_1.16.0.201807130628/tools/compiler/bin/../lib/gcc/arm-none-eabi/7.2.1/../../../../arm-none-eabi/lib/thumb/v7e-m/fpv4-sp/hard/libc.a(lib_a-lock.o)
                0x00000000080040c0                __retarget_lock_acquire_recursive
 .text.__retarget_lock_release_recursive
                0x00000000080040c4        0x4 /home/valentyn/Ac6/SystemWorkbench/plugins/fr.ac6.mcu.externaltools.arm-none.linux64_1.16.0.201807130628/tools/compiler/bin/../lib/gcc/arm-none-eabi/7.2.1/../../../../arm-none-eabi/lib/thumb/v7e-m/fpv4-sp/hard/libc.a(lib_a-lock.o)
                0x00000000080040c4                __retarget_lock_release_recursive
 .text.memcmp   0x00000000080040c8       0x64 /home/valentyn/Ac6/SystemWorkbench/plugins/fr.ac6.mcu.externaltools.arm-none.linux64_1.16.0.201807130628/tools/compiler/bin/../lib/gcc/arm-none-eabi/7.2.1/../../../../arm-none-eabi/lib/thumb/v7e-m/fpv4-sp/hard/libc.a(lib_a-memcmp.o)
                0x00000000080040c8                memcmp
 .text.strchr   0x000000000800412c       0xe8 /home/valentyn/Ac6/SystemWorkbench/plugins/fr.ac6.mcu.externaltools.arm-none.linux64_1.16.0.201807130628/tools/compiler/bin/../lib/gcc/arm-none-eabi/7.2.1/../../../../arm-none-eabi/lib/thumb/v7e-m/fpv4-sp/hard/libc.a(lib_a-strchr.o)
                0x000000000800412c                strchr
 .text.__register_exitproc
                0x0000000008004214       0xc0 /home/valentyn/Ac6/SystemWorkbench/plugins/fr.ac6.mcu.externaltools.arm-none.linux64_1.16.0.201807130628/tools/compiler/bin/../lib/gcc/arm-none-eabi/7.2.1/../../../../arm-none-eabi/lib/thumb/v7e-m/fpv4-sp/hard/libc.a(lib_a-__atexit.o)
                0x0000000008004214                __register_exitproc
 *(.glue_7)
 .glue_7        0x00000000080042d4        0x0 linker stubs
 *(.glue_7t)
 .glue_7t       0x00000000080042d4        0x0 linker stubs
 *(.eh_frame)
 .eh_frame      0x00000000080042d4        0x0 /home/valentyn/Ac6/SystemWorkbench/plugins/fr.ac6.mcu.externaltools.arm-none.linux64_1.16.0.201807130628/tools/compiler/bin/../lib/gcc/arm-none-eabi/7.2.1/thumb/v7e-m/fpv4-sp/hard/crtbegin.o
 *(.init)
 .init          0x00000000080042d4        0x4 /home/valentyn/Ac6/SystemWorkbench/plugins/fr.ac6.mcu.externaltools.arm-none.linux64_1.16.0.201807130628/tools/compiler/bin/../lib/gcc/arm-none-eabi/7.2.1/thumb/v7e-m/fpv4-sp/hard/crti.o
                0x00000000080042d4                _init
 .init          0x00000000080042d8        0x8 /home/valentyn/Ac6/SystemWorkbench/plugins/fr.ac6.mcu.externaltools.arm-none.linux64_1.16.0.201807130628/tools/compiler/bin/../lib/gcc/arm-none-eabi/7.2.1/thumb/v7e-m/fpv4-sp/hard/crtn.o
 *(.fini)
 .fini          0x00000000080042e0        0x4 /home/valentyn/Ac6/SystemWorkbench/plugins/fr.ac6.mcu.externaltools.arm-none.linux64_1.16.0.201807130628/tools/compiler/bin/../lib/gcc/arm-none-eabi/7.2.1/thumb/v7e-m/fpv4-sp/hard/crti.o
                0x00000000080042e0                _fini
 .fini          0x00000000080042e4        0x8 /home/valentyn/Ac6/SystemWorkbench/plugins/fr.ac6.mcu.externaltools.arm-none.linux64_1.16.0.201807130628/tools/compiler/bin/../lib/gcc/arm-none-eabi/7.2.1/thumb/v7e-m/fpv4-sp/hard/crtn.o
                0x00000000080042ec                . = ALIGN (0x4)
                0x00000000080042ec                _etext = .

.vfp11_veneer   0x00000000080042ec        0x0
 .vfp11_veneer  0x00000000080042ec        0x0 linker stubs

.v4_bx          0x00000000080042ec        0x0
 .v4_bx         0x00000000080042ec        0x0 linker stubs

.iplt           0x00000000080042ec        0x0
 .iplt          0x00000000080042ec        0x0 /home/valentyn/Ac6/SystemWorkbench/plugins/fr.ac6.mcu.externaltools.arm-none.linux64_1.16.0.201807130628/tools/compiler/bin/../lib/gcc/arm-none-eabi/7.2.1/thumb/v7e-m/fpv4-sp/hard/crtbegin.o

.rodata         0x00000000080042f0       0xd8
                0x00000000080042f0                . = ALIGN (0x4)
 *(.rodata)
 .rodata        0x00000000080042f0        0x5 RTOS/src/tasks.o
 *fill*         0x00000000080042f5        0x3 
 .rodata        0x00000000080042f8        0xd RTOS/src/timers.o
 *fill*         0x0000000008004305        0x3 
 .rodata        0x0000000008004308        0xa src/algorithm.o
 *fill*         0x0000000008004312        0x6 
 .rodata        0x0000000008004318       0x68 src/main.o
 .rodata        0x0000000008004380       0x42 src/nmea.o
                0x0000000008004380                sm_a
                0x0000000008004388                sm_b
                0x0000000008004390                UTMScaleFactor
 *(.rodata*)
 *fill*         0x00000000080043c2        0x2 
 .rodata._global_impure_ptr
                0x00000000080043c4        0x4 /home/valentyn/Ac6/SystemWorkbench/plugins/fr.ac6.mcu.externaltools.arm-none.linux64_1.16.0.201807130628/tools/compiler/bin/../lib/gcc/arm-none-eabi/7.2.1/../../../../arm-none-eabi/lib/thumb/v7e-m/fpv4-sp/hard/libc.a(lib_a-impure.o)
                0x00000000080043c4                _global_impure_ptr
                0x00000000080043c8                . = ALIGN (0x4)

.rel.dyn        0x00000000080043c8        0x0
 .rel.iplt      0x00000000080043c8        0x0 /home/valentyn/Ac6/SystemWorkbench/plugins/fr.ac6.mcu.externaltools.arm-none.linux64_1.16.0.201807130628/tools/compiler/bin/../lib/gcc/arm-none-eabi/7.2.1/thumb/v7e-m/fpv4-sp/hard/crtbegin.o

.ARM.extab      0x00000000080043c8        0x0
                0x00000000080043c8                . = ALIGN (0x4)
 *(.ARM.extab* .gnu.linkonce.armextab.*)
                0x00000000080043c8                . = ALIGN (0x4)

.ARM            0x00000000080043c8        0x0
                0x00000000080043c8                . = ALIGN (0x4)
                0x00000000080043c8                __exidx_start = .
 *(.ARM.exidx*)
                0x00000000080043c8                __exidx_end = .
                0x00000000080043c8                . = ALIGN (0x4)

.preinit_array  0x00000000080043c8        0x0
                0x00000000080043c8                . = ALIGN (0x4)
                0x00000000080043c8                PROVIDE (__preinit_array_start, .)
 *(.preinit_array*)
                0x00000000080043c8                PROVIDE (__preinit_array_end, .)
                0x00000000080043c8                . = ALIGN (0x4)

.init_array     0x00000000080043c8        0x8
                0x00000000080043c8                . = ALIGN (0x4)
                0x00000000080043c8                PROVIDE (__init_array_start, .)
 *(SORT_BY_NAME(.init_array.*))
 .init_array.00000
                0x00000000080043c8        0x4 /home/valentyn/Ac6/SystemWorkbench/plugins/fr.ac6.mcu.externaltools.arm-none.linux64_1.16.0.201807130628/tools/compiler/bin/../lib/gcc/arm-none-eabi/7.2.1/../../../../arm-none-eabi/lib/thumb/v7e-m/fpv4-sp/hard/libc.a(lib_a-__call_atexit.o)
 *(.init_array*)
 .init_array    0x00000000080043cc        0x4 /home/valentyn/Ac6/SystemWorkbench/plugins/fr.ac6.mcu.externaltools.arm-none.linux64_1.16.0.201807130628/tools/compiler/bin/../lib/gcc/arm-none-eabi/7.2.1/thumb/v7e-m/fpv4-sp/hard/crtbegin.o
                0x00000000080043d0                PROVIDE (__init_array_end, .)
                0x00000000080043d0                . = ALIGN (0x4)

.fini_array     0x00000000080043d0        0x4
                0x00000000080043d0                . = ALIGN (0x4)
                0x00000000080043d0                PROVIDE (__fini_array_start, .)
 *(SORT_BY_NAME(.fini_array.*))
 *(.fini_array*)
 .fini_array    0x00000000080043d0        0x4 /home/valentyn/Ac6/SystemWorkbench/plugins/fr.ac6.mcu.externaltools.arm-none.linux64_1.16.0.201807130628/tools/compiler/bin/../lib/gcc/arm-none-eabi/7.2.1/thumb/v7e-m/fpv4-sp/hard/crtbegin.o
                0x00000000080043d4                PROVIDE (__fini_array_end, .)
                0x00000000080043d4                . = ALIGN (0x4)
                0x00000000080043d4                _sidata = LOADADDR (.data)

.data           0x0000000020000000      0x43c load address 0x00000000080043d4
                0x0000000020000000                . = ALIGN (0x4)
                0x0000000020000000                _sdata = .
 *(.data)
 .data          0x0000000020000000        0x4 RTOS/src/port.o
 .data          0x0000000020000004        0x8 src/main.o
                0x0000000020000004                arStr
 *(.data*)
 .data._impure_ptr
                0x000000002000000c        0x4 /home/valentyn/Ac6/SystemWorkbench/plugins/fr.ac6.mcu.externaltools.arm-none.linux64_1.16.0.201807130628/tools/compiler/bin/../lib/gcc/arm-none-eabi/7.2.1/../../../../arm-none-eabi/lib/thumb/v7e-m/fpv4-sp/hard/libc.a(lib_a-impure.o)
                0x000000002000000c                _impure_ptr
 .data.impure_data
                0x0000000020000010      0x428 /home/valentyn/Ac6/SystemWorkbench/plugins/fr.ac6.mcu.externaltools.arm-none.linux64_1.16.0.201807130628/tools/compiler/bin/../lib/gcc/arm-none-eabi/7.2.1/../../../../arm-none-eabi/lib/thumb/v7e-m/fpv4-sp/hard/libc.a(lib_a-impure.o)
 .data.__atexit_recursive_mutex
                0x0000000020000438        0x4 /home/valentyn/Ac6/SystemWorkbench/plugins/fr.ac6.mcu.externaltools.arm-none.linux64_1.16.0.201807130628/tools/compiler/bin/../lib/gcc/arm-none-eabi/7.2.1/../../../../arm-none-eabi/lib/thumb/v7e-m/fpv4-sp/hard/libc.a(lib_a-__call_atexit.o)
                0x0000000020000438                __atexit_recursive_mutex
                0x000000002000043c                . = ALIGN (0x4)
                0x000000002000043c                _edata = .

.igot.plt       0x000000002000043c        0x0 load address 0x0000000008004810
 .igot.plt      0x000000002000043c        0x0 /home/valentyn/Ac6/SystemWorkbench/plugins/fr.ac6.mcu.externaltools.arm-none.linux64_1.16.0.201807130628/tools/compiler/bin/../lib/gcc/arm-none-eabi/7.2.1/thumb/v7e-m/fpv4-sp/hard/crtbegin.o
                0x000000002000043c                . = ALIGN (0x4)

.bss            0x0000000020000440     0x7efc load address 0x0000000008004810
                0x0000000020000440                _sbss = .
                0x0000000020000440                __bss_start__ = _sbss
 *(.bss)
 .bss           0x0000000020000440       0x1c /home/valentyn/Ac6/SystemWorkbench/plugins/fr.ac6.mcu.externaltools.arm-none.linux64_1.16.0.201807130628/tools/compiler/bin/../lib/gcc/arm-none-eabi/7.2.1/thumb/v7e-m/fpv4-sp/hard/crtbegin.o
 .bss           0x000000002000045c     0x7818 RTOS/src/heap_4.o
 .bss           0x0000000020007c74        0x8 RTOS/src/port.o
 .bss           0x0000000020007c7c      0x104 RTOS/src/tasks.o
                0x0000000020007c7c                pxCurrentTCB
 .bss           0x0000000020007d80       0x3c RTOS/src/timers.o
 .bss           0x0000000020007dbc       0xd8 src/algorithm.o
 *(.bss*)
 *(COMMON)
 COMMON         0x0000000020007e94       0x40 RTOS/src/queue.o
                0x0000000020007e94                xQueueRegistry
 COMMON         0x0000000020007ed4        0x8 src/algorithm.o
                0x0000000020007ed4                receivePointer
                0x0000000020007ed8                xStatus1
 COMMON         0x0000000020007edc      0x174 src/main.o
                0x0000000020007edc                xStatus
                0x0000000020007ee0                recString1
                0x0000000020007f30                xHigherPriorityTaskWoken
                0x0000000020007f34                xpQueue
                0x0000000020007f38                recString0
                0x0000000020007f88                toBlue
 COMMON         0x0000000020008050      0x2c8 src/nmea.o
                0x0000000020008050                xy
                0x0000000020008060                words
                0x0000000020008148                mf
                0x0000000020008238                pn
 COMMON         0x0000000020008318       0x21 /home/valentyn/Ac6/SystemWorkbench/plugins/fr.ac6.mcu.externaltools.arm-none.linux64_1.16.0.201807130628/tools/compiler/bin/../lib/gcc/arm-none-eabi/7.2.1/../../../../arm-none-eabi/lib/thumb/v7e-m/fpv4-sp/hard/libc.a(lib_a-lock.o)
                0x0000000020008318                __lock___atexit_recursive_mutex
                0x000000002000831c                __lock___arc4random_mutex
                0x0000000020008320                __lock___env_recursive_mutex
                0x0000000020008324                __lock___sinit_recursive_mutex
                0x0000000020008328                __lock___malloc_recursive_mutex
                0x000000002000832c                __lock___at_quick_exit_mutex
                0x0000000020008330                __lock___dd_hash_mutex
                0x0000000020008334                __lock___tz_mutex
                0x0000000020008338                __lock___sfp_recursive_mutex
                0x000000002000833c                . = ALIGN (0x4)
 *fill*         0x0000000020008339        0x3 
                0x000000002000833c                _ebss = .
                0x000000002000833c                __bss_end__ = _ebss

._user_heap_stack
                0x000000002000833c      0x404 load address 0x0000000008004810
                0x0000000020008340                . = ALIGN (0x8)
 *fill*         0x000000002000833c        0x4 
                0x0000000020008340                PROVIDE (end, .)
                [!provide]                        PROVIDE (_end, .)
                0x0000000020008340                . = (. + _Min_Heap_Size)
                0x0000000020008740                . = (. + _Min_Stack_Size)
 *fill*         0x0000000020008340      0x400 
                0x0000000020008740                . = ALIGN (0x8)

/DISCARD/
 libc.a(*)
 libm.a(*)
 libgcc.a(*)

.ARM.attributes
                0x0000000000000000       0x30
 *(.ARM.attributes)
 .ARM.attributes
                0x0000000000000000       0x22 /home/valentyn/Ac6/SystemWorkbench/plugins/fr.ac6.mcu.externaltools.arm-none.linux64_1.16.0.201807130628/tools/compiler/bin/../lib/gcc/arm-none-eabi/7.2.1/thumb/v7e-m/fpv4-sp/hard/crti.o
 .ARM.attributes
                0x0000000000000022       0x34 /home/valentyn/Ac6/SystemWorkbench/plugins/fr.ac6.mcu.externaltools.arm-none.linux64_1.16.0.201807130628/tools/compiler/bin/../lib/gcc/arm-none-eabi/7.2.1/thumb/v7e-m/fpv4-sp/hard/crtbegin.o
 .ARM.attributes
                0x0000000000000056       0x39 RTOS/src/heap_4.o
 .ARM.attributes
                0x000000000000008f       0x39 RTOS/src/list.o
 .ARM.attributes
                0x00000000000000c8       0x39 RTOS/src/port.o
 .ARM.attributes
                0x0000000000000101       0x39 RTOS/src/queue.o
 .ARM.attributes
                0x000000000000013a       0x39 RTOS/src/tasks.o
 .ARM.attributes
                0x0000000000000173       0x39 RTOS/src/timers.o
 .ARM.attributes
                0x00000000000001ac       0x39 src/algorithm.o
 .ARM.attributes
                0x00000000000001e5       0x39 src/charQueue.o
 .ARM.attributes
                0x000000000000021e       0x39 src/gpio.o
 .ARM.attributes
                0x0000000000000257       0x39 src/main.o
 .ARM.attributes
                0x0000000000000290       0x39 src/nmea.o
 .ARM.attributes
                0x00000000000002c9       0x39 src/periph.o
 .ARM.attributes
                0x0000000000000302       0x39 src/system_stm32f4xx.o
 .ARM.attributes
                0x000000000000033b       0x21 startup/startup_stm32.o
 .ARM.attributes
                0x000000000000035c       0x34 /home/valentyn/Ac6/SystemWorkbench/plugins/fr.ac6.mcu.externaltools.arm-none.linux64_1.16.0.201807130628/tools/compiler/bin/../lib/gcc/arm-none-eabi/7.2.1/../../../../arm-none-eabi/lib/thumb/v7e-m/fpv4-sp/hard/libc.a(lib_a-impure.o)
 .ARM.attributes
                0x0000000000000390       0x34 /home/valentyn/Ac6/SystemWorkbench/plugins/fr.ac6.mcu.externaltools.arm-none.linux64_1.16.0.201807130628/tools/compiler/bin/../lib/gcc/arm-none-eabi/7.2.1/../../../../arm-none-eabi/lib/thumb/v7e-m/fpv4-sp/hard/libc.a(lib_a-init.o)
 .ARM.attributes
                0x00000000000003c4       0x20 /home/valentyn/Ac6/SystemWorkbench/plugins/fr.ac6.mcu.externaltools.arm-none.linux64_1.16.0.201807130628/tools/compiler/bin/../lib/gcc/arm-none-eabi/7.2.1/../../../../arm-none-eabi/lib/thumb/v7e-m/fpv4-sp/hard/libc.a(lib_a-memcpy.o)
 .ARM.attributes
                0x00000000000003e4       0x34 /home/valentyn/Ac6/SystemWorkbench/plugins/fr.ac6.mcu.externaltools.arm-none.linux64_1.16.0.201807130628/tools/compiler/bin/../lib/gcc/arm-none-eabi/7.2.1/../../../../arm-none-eabi/lib/thumb/v7e-m/fpv4-sp/hard/libc.a(lib_a-strcpy.o)
 .ARM.attributes
                0x0000000000000418       0x34 /home/valentyn/Ac6/SystemWorkbench/plugins/fr.ac6.mcu.externaltools.arm-none.linux64_1.16.0.201807130628/tools/compiler/bin/../lib/gcc/arm-none-eabi/7.2.1/../../../../arm-none-eabi/lib/thumb/v7e-m/fpv4-sp/hard/libc.a(lib_a-strstr.o)
 .ARM.attributes
                0x000000000000044c       0x34 /home/valentyn/Ac6/SystemWorkbench/plugins/fr.ac6.mcu.externaltools.arm-none.linux64_1.16.0.201807130628/tools/compiler/bin/../lib/gcc/arm-none-eabi/7.2.1/../../../../arm-none-eabi/lib/thumb/v7e-m/fpv4-sp/hard/libc.a(lib_a-strtok.o)
 .ARM.attributes
                0x0000000000000480       0x34 /home/valentyn/Ac6/SystemWorkbench/plugins/fr.ac6.mcu.externaltools.arm-none.linux64_1.16.0.201807130628/tools/compiler/bin/../lib/gcc/arm-none-eabi/7.2.1/../../../../arm-none-eabi/lib/thumb/v7e-m/fpv4-sp/hard/libc.a(lib_a-strtok_r.o)
 .ARM.attributes
                0x00000000000004b4       0x34 /home/valentyn/Ac6/SystemWorkbench/plugins/fr.ac6.mcu.externaltools.arm-none.linux64_1.16.0.201807130628/tools/compiler/bin/../lib/gcc/arm-none-eabi/7.2.1/../../../../arm-none-eabi/lib/thumb/v7e-m/fpv4-sp/hard/libc.a(lib_a-__call_atexit.o)
 .ARM.attributes
                0x00000000000004e8       0x34 /home/valentyn/Ac6/SystemWorkbench/plugins/fr.ac6.mcu.externaltools.arm-none.linux64_1.16.0.201807130628/tools/compiler/bin/../lib/gcc/arm-none-eabi/7.2.1/../../../../arm-none-eabi/lib/thumb/v7e-m/fpv4-sp/hard/libc.a(lib_a-atexit.o)
 .ARM.attributes
                0x000000000000051c       0x34 /home/valentyn/Ac6/SystemWorkbench/plugins/fr.ac6.mcu.externaltools.arm-none.linux64_1.16.0.201807130628/tools/compiler/bin/../lib/gcc/arm-none-eabi/7.2.1/../../../../arm-none-eabi/lib/thumb/v7e-m/fpv4-sp/hard/libc.a(lib_a-fini.o)
 .ARM.attributes
                0x0000000000000550       0x34 /home/valentyn/Ac6/SystemWorkbench/plugins/fr.ac6.mcu.externaltools.arm-none.linux64_1.16.0.201807130628/tools/compiler/bin/../lib/gcc/arm-none-eabi/7.2.1/../../../../arm-none-eabi/lib/thumb/v7e-m/fpv4-sp/hard/libc.a(lib_a-lock.o)
 .ARM.attributes
                0x0000000000000584       0x20 /home/valentyn/Ac6/SystemWorkbench/plugins/fr.ac6.mcu.externaltools.arm-none.linux64_1.16.0.201807130628/tools/compiler/bin/../lib/gcc/arm-none-eabi/7.2.1/../../../../arm-none-eabi/lib/thumb/v7e-m/fpv4-sp/hard/libc.a(lib_a-memchr.o)
 .ARM.attributes
                0x00000000000005a4       0x34 /home/valentyn/Ac6/SystemWorkbench/plugins/fr.ac6.mcu.externaltools.arm-none.linux64_1.16.0.201807130628/tools/compiler/bin/../lib/gcc/arm-none-eabi/7.2.1/../../../../arm-none-eabi/lib/thumb/v7e-m/fpv4-sp/hard/libc.a(lib_a-memcmp.o)
 .ARM.attributes
                0x00000000000005d8       0x34 /home/valentyn/Ac6/SystemWorkbench/plugins/fr.ac6.mcu.externaltools.arm-none.linux64_1.16.0.201807130628/tools/compiler/bin/../lib/gcc/arm-none-eabi/7.2.1/../../../../arm-none-eabi/lib/thumb/v7e-m/fpv4-sp/hard/libc.a(lib_a-strchr.o)
 .ARM.attributes
                0x000000000000060c       0x34 /home/valentyn/Ac6/SystemWorkbench/plugins/fr.ac6.mcu.externaltools.arm-none.linux64_1.16.0.201807130628/tools/compiler/bin/../lib/gcc/arm-none-eabi/7.2.1/../../../../arm-none-eabi/lib/thumb/v7e-m/fpv4-sp/hard/libc.a(lib_a-__atexit.o)
 .ARM.attributes
                0x0000000000000640       0x22 /home/valentyn/Ac6/SystemWorkbench/plugins/fr.ac6.mcu.externaltools.arm-none.linux64_1.16.0.201807130628/tools/compiler/bin/../lib/gcc/arm-none-eabi/7.2.1/thumb/v7e-m/fpv4-sp/hard/crtn.o
OUTPUT(AgrGPS.elf elf32-littlearm)

.debug_info     0x0000000000000000     0xc476
 .debug_info    0x0000000000000000      0xbef RTOS/src/heap_4.o
 .debug_info    0x0000000000000bef      0xac5 RTOS/src/list.o
 .debug_info    0x00000000000016b4      0x4fd RTOS/src/port.o
 .debug_info    0x0000000000001bb1     0x1b77 RTOS/src/queue.o
 .debug_info    0x0000000000003728     0x220f RTOS/src/tasks.o
 .debug_info    0x0000000000005937     0x136c RTOS/src/timers.o
 .debug_info    0x0000000000006ca3      0xc8d src/algorithm.o
 .debug_info    0x0000000000007930      0xb12 src/charQueue.o
 .debug_info    0x0000000000008442      0x6ed src/gpio.o
 .debug_info    0x0000000000008b2f      0xc98 src/main.o
 .debug_info    0x00000000000097c7     0x11b4 src/nmea.o
 .debug_info    0x000000000000a97b     0x1393 src/periph.o
 .debug_info    0x000000000000bd0e      0x746 src/system_stm32f4xx.o
 .debug_info    0x000000000000c454       0x22 startup/startup_stm32.o

.debug_abbrev   0x0000000000000000     0x1fb8
 .debug_abbrev  0x0000000000000000      0x2d4 RTOS/src/heap_4.o
 .debug_abbrev  0x00000000000002d4      0x1fe RTOS/src/list.o
 .debug_abbrev  0x00000000000004d2      0x1c7 RTOS/src/port.o
 .debug_abbrev  0x0000000000000699      0x30d RTOS/src/queue.o
 .debug_abbrev  0x00000000000009a6      0x38c RTOS/src/tasks.o
 .debug_abbrev  0x0000000000000d32      0x2c1 RTOS/src/timers.o
 .debug_abbrev  0x0000000000000ff3      0x262 src/algorithm.o
 .debug_abbrev  0x0000000000001255      0x262 src/charQueue.o
 .debug_abbrev  0x00000000000014b7      0x195 src/gpio.o
 .debug_abbrev  0x000000000000164c      0x27a src/main.o
 .debug_abbrev  0x00000000000018c6      0x30e src/nmea.o
 .debug_abbrev  0x0000000000001bd4      0x25f src/periph.o
 .debug_abbrev  0x0000000000001e33      0x173 src/system_stm32f4xx.o
 .debug_abbrev  0x0000000000001fa6       0x12 startup/startup_stm32.o

.debug_aranges  0x0000000000000000      0x688
 .debug_aranges
                0x0000000000000000       0x50 RTOS/src/heap_4.o
 .debug_aranges
                0x0000000000000050       0x40 RTOS/src/list.o
 .debug_aranges
                0x0000000000000090       0x80 RTOS/src/port.o
 .debug_aranges
                0x0000000000000110      0x100 RTOS/src/queue.o
 .debug_aranges
                0x0000000000000210      0x1a0 RTOS/src/tasks.o
 .debug_aranges
                0x00000000000003b0       0xb8 RTOS/src/timers.o
 .debug_aranges
                0x0000000000000468       0x38 src/algorithm.o
 .debug_aranges
                0x00000000000004a0       0x40 src/charQueue.o
 .debug_aranges
                0x00000000000004e0       0x58 src/gpio.o
 .debug_aranges
                0x0000000000000538       0x38 src/main.o
 .debug_aranges
                0x0000000000000570       0x60 src/nmea.o
 .debug_aranges
                0x00000000000005d0       0x58 src/periph.o
 .debug_aranges
                0x0000000000000628       0x38 src/system_stm32f4xx.o
 .debug_aranges
                0x0000000000000660       0x28 startup/startup_stm32.o

.debug_ranges   0x0000000000000000      0x5b0
 .debug_ranges  0x0000000000000000       0x40 RTOS/src/heap_4.o
 .debug_ranges  0x0000000000000040       0x30 RTOS/src/list.o
 .debug_ranges  0x0000000000000070       0x70 RTOS/src/port.o
 .debug_ranges  0x00000000000000e0       0xf0 RTOS/src/queue.o
 .debug_ranges  0x00000000000001d0      0x190 RTOS/src/tasks.o
 .debug_ranges  0x0000000000000360       0xa8 RTOS/src/timers.o
 .debug_ranges  0x0000000000000408       0x28 src/algorithm.o
 .debug_ranges  0x0000000000000430       0x30 src/charQueue.o
 .debug_ranges  0x0000000000000460       0x48 src/gpio.o
 .debug_ranges  0x00000000000004a8       0x28 src/main.o
 .debug_ranges  0x00000000000004d0       0x50 src/nmea.o
 .debug_ranges  0x0000000000000520       0x48 src/periph.o
 .debug_ranges  0x0000000000000568       0x28 src/system_stm32f4xx.o
 .debug_ranges  0x0000000000000590       0x20 startup/startup_stm32.o

.debug_macro    0x0000000000000000     0xbda1
 .debug_macro   0x0000000000000000      0x1a6 RTOS/src/heap_4.o
 .debug_macro   0x00000000000001a6      0x17b RTOS/src/list.o
 .debug_macro   0x0000000000000321      0x19e RTOS/src/port.o
 .debug_macro   0x00000000000004bf      0x201 RTOS/src/queue.o
 .debug_macro   0x00000000000006c0       0x16 RTOS/src/queue.o
 .debug_macro   0x00000000000006d6       0x35 RTOS/src/queue.o
 .debug_macro   0x000000000000070b       0x94 RTOS/src/queue.o
 .debug_macro   0x000000000000079f      0x264 RTOS/src/tasks.o
 .debug_macro   0x0000000000000a03       0x11 RTOS/src/tasks.o
 .debug_macro   0x0000000000000a14      0x1b8 RTOS/src/timers.o
 .debug_macro   0x0000000000000bcc      0x266 src/algorithm.o
 .debug_macro   0x0000000000000e32       0x6b src/algorithm.o
 .debug_macro   0x0000000000000e9d       0x3b src/algorithm.o
 .debug_macro   0x0000000000000ed8       0x50 src/algorithm.o
 .debug_macro   0x0000000000000f28      0xe43 src/algorithm.o
 .debug_macro   0x0000000000001d6b     0x91de src/algorithm.o
 .debug_macro   0x000000000000af49       0xb2 src/algorithm.o
 .debug_macro   0x000000000000affb      0x11f src/algorithm.o
 .debug_macro   0x000000000000b11a       0x58 src/algorithm.o
 .debug_macro   0x000000000000b172       0x10 src/algorithm.o
 .debug_macro   0x000000000000b182       0x16 src/algorithm.o
 .debug_macro   0x000000000000b198      0x1e1 src/algorithm.o
 .debug_macro   0x000000000000b379      0x1b4 src/charQueue.o
 .debug_macro   0x000000000000b52d       0xc5 src/gpio.o
 .debug_macro   0x000000000000b5f2       0xac src/gpio.o
 .debug_macro   0x000000000000b69e      0x282 src/main.o
 .debug_macro   0x000000000000b920      0x1dc src/nmea.o
 .debug_macro   0x000000000000bafc      0x1c4 src/periph.o
 .debug_macro   0x000000000000bcc0       0xe1 src/system_stm32f4xx.o

.debug_line     0x0000000000000000     0x5b4d
 .debug_line    0x0000000000000000      0x58e RTOS/src/heap_4.o
 .debug_line    0x000000000000058e      0x4b9 RTOS/src/list.o
 .debug_line    0x0000000000000a47      0x5b2 RTOS/src/port.o
 .debug_line    0x0000000000000ff9      0xc2a RTOS/src/queue.o
 .debug_line    0x0000000000001c23      0xf60 RTOS/src/tasks.o
 .debug_line    0x0000000000002b83      0x7ab RTOS/src/timers.o
 .debug_line    0x000000000000332e      0x62e src/algorithm.o
 .debug_line    0x000000000000395c      0x53e src/charQueue.o
 .debug_line    0x0000000000003e9a      0x50c src/gpio.o
 .debug_line    0x00000000000043a6      0x639 src/main.o
 .debug_line    0x00000000000049df      0x6b1 src/nmea.o
 .debug_line    0x0000000000005090      0x5b6 src/periph.o
 .debug_line    0x0000000000005646      0x48b src/system_stm32f4xx.o
 .debug_line    0x0000000000005ad1       0x7c startup/startup_stm32.o

.debug_str      0x0000000000000000    0x47ac7
 .debug_str     0x0000000000000000     0xa2c0 RTOS/src/heap_4.o
                                       0xa511 (size before relaxing)
 .debug_str     0x000000000000a2c0      0x12a RTOS/src/list.o
                                       0x9e01 (size before relaxing)
 .debug_str     0x000000000000a3ea      0x80c RTOS/src/port.o
                                       0x7d53 (size before relaxing)
 .debug_str     0x000000000000abf6      0xf6e RTOS/src/queue.o
                                       0xb391 (size before relaxing)
 .debug_str     0x000000000000bb64     0x18fc RTOS/src/tasks.o
                                       0xbe22 (size before relaxing)
 .debug_str     0x000000000000d460      0x3fe RTOS/src/timers.o
                                       0xb804 (size before relaxing)
 .debug_str     0x000000000000d85e    0x392f6 src/algorithm.o
                                      0x43e28 (size before relaxing)
 .debug_str     0x0000000000046b54       0x2a src/charQueue.o
                                      0x3f1f2 (size before relaxing)
 .debug_str     0x0000000000046b7e      0x262 src/gpio.o
                                      0x3c7ae (size before relaxing)
 .debug_str     0x0000000000046de0      0x14a src/main.o
                                      0x43ef9 (size before relaxing)
 .debug_str     0x0000000000046f2a      0x42d src/nmea.o
                                      0x433a1 (size before relaxing)
 .debug_str     0x0000000000047357      0x622 src/periph.o
                                      0x3f9b9 (size before relaxing)
 .debug_str     0x0000000000047979      0x124 src/system_stm32f4xx.o
                                      0x3c392 (size before relaxing)
 .debug_str     0x0000000000047a9d       0x2a startup/startup_stm32.o
                                         0x50 (size before relaxing)

.comment        0x0000000000000000       0x7e
 .comment       0x0000000000000000       0x7e RTOS/src/heap_4.o
                                         0x7f (size before relaxing)
 .comment       0x000000000000007e       0x7f RTOS/src/list.o
 .comment       0x000000000000007e       0x7f RTOS/src/port.o
 .comment       0x000000000000007e       0x7f RTOS/src/queue.o
 .comment       0x000000000000007e       0x7f RTOS/src/tasks.o
 .comment       0x000000000000007e       0x7f RTOS/src/timers.o
 .comment       0x000000000000007e       0x7f src/algorithm.o
 .comment       0x000000000000007e       0x7f src/charQueue.o
 .comment       0x000000000000007e       0x7f src/gpio.o
 .comment       0x000000000000007e       0x7f src/main.o
 .comment       0x000000000000007e       0x7f src/nmea.o
 .comment       0x000000000000007e       0x7f src/periph.o
 .comment       0x000000000000007e       0x7f src/system_stm32f4xx.o

.debug_frame    0x0000000000000000     0x1b80
 .debug_frame   0x0000000000000000      0x108 RTOS/src/heap_4.o
 .debug_frame   0x0000000000000108       0xd8 RTOS/src/list.o
 .debug_frame   0x00000000000001e0      0x19c RTOS/src/port.o
 .debug_frame   0x000000000000037c      0x448 RTOS/src/queue.o
 .debug_frame   0x00000000000007c4      0x704 RTOS/src/tasks.o
 .debug_frame   0x0000000000000ec8      0x2f0 RTOS/src/timers.o
 .debug_frame   0x00000000000011b8       0x94 src/algorithm.o
 .debug_frame   0x000000000000124c       0xd8 src/charQueue.o
 .debug_frame   0x0000000000001324      0x12c src/gpio.o
 .debug_frame   0x0000000000001450       0x94 src/main.o
 .debug_frame   0x00000000000014e4      0x19c src/nmea.o
 .debug_frame   0x0000000000001680      0x118 src/periph.o
 .debug_frame   0x0000000000001798       0x9c src/system_stm32f4xx.o
 .debug_frame   0x0000000000001834       0x2c /home/valentyn/Ac6/SystemWorkbench/plugins/fr.ac6.mcu.externaltools.arm-none.linux64_1.16.0.201807130628/tools/compiler/bin/../lib/gcc/arm-none-eabi/7.2.1/../../../../arm-none-eabi/lib/thumb/v7e-m/fpv4-sp/hard/libc.a(lib_a-init.o)
 .debug_frame   0x0000000000001860       0x20 /home/valentyn/Ac6/SystemWorkbench/plugins/fr.ac6.mcu.externaltools.arm-none.linux64_1.16.0.201807130628/tools/compiler/bin/../lib/gcc/arm-none-eabi/7.2.1/../../../../arm-none-eabi/lib/thumb/v7e-m/fpv4-sp/hard/libc.a(lib_a-strcpy.o)
 .debug_frame   0x0000000000001880       0x9c /home/valentyn/Ac6/SystemWorkbench/plugins/fr.ac6.mcu.externaltools.arm-none.linux64_1.16.0.201807130628/tools/compiler/bin/../lib/gcc/arm-none-eabi/7.2.1/../../../../arm-none-eabi/lib/thumb/v7e-m/fpv4-sp/hard/libc.a(lib_a-strstr.o)
 .debug_frame   0x000000000000191c       0x20 /home/valentyn/Ac6/SystemWorkbench/plugins/fr.ac6.mcu.externaltools.arm-none.linux64_1.16.0.201807130628/tools/compiler/bin/../lib/gcc/arm-none-eabi/7.2.1/../../../../arm-none-eabi/lib/thumb/v7e-m/fpv4-sp/hard/libc.a(lib_a-strtok.o)
 .debug_frame   0x000000000000193c       0x48 /home/valentyn/Ac6/SystemWorkbench/plugins/fr.ac6.mcu.externaltools.arm-none.linux64_1.16.0.201807130628/tools/compiler/bin/../lib/gcc/arm-none-eabi/7.2.1/../../../../arm-none-eabi/lib/thumb/v7e-m/fpv4-sp/hard/libc.a(lib_a-strtok_r.o)
 .debug_frame   0x0000000000001984       0x5c /home/valentyn/Ac6/SystemWorkbench/plugins/fr.ac6.mcu.externaltools.arm-none.linux64_1.16.0.201807130628/tools/compiler/bin/../lib/gcc/arm-none-eabi/7.2.1/../../../../arm-none-eabi/lib/thumb/v7e-m/fpv4-sp/hard/libc.a(lib_a-__call_atexit.o)
 .debug_frame   0x00000000000019e0       0x20 /home/valentyn/Ac6/SystemWorkbench/plugins/fr.ac6.mcu.externaltools.arm-none.linux64_1.16.0.201807130628/tools/compiler/bin/../lib/gcc/arm-none-eabi/7.2.1/../../../../arm-none-eabi/lib/thumb/v7e-m/fpv4-sp/hard/libc.a(lib_a-atexit.o)
 .debug_frame   0x0000000000001a00       0x34 /home/valentyn/Ac6/SystemWorkbench/plugins/fr.ac6.mcu.externaltools.arm-none.linux64_1.16.0.201807130628/tools/compiler/bin/../lib/gcc/arm-none-eabi/7.2.1/../../../../arm-none-eabi/lib/thumb/v7e-m/fpv4-sp/hard/libc.a(lib_a-fini.o)
 .debug_frame   0x0000000000001a34       0xb0 /home/valentyn/Ac6/SystemWorkbench/plugins/fr.ac6.mcu.externaltools.arm-none.linux64_1.16.0.201807130628/tools/compiler/bin/../lib/gcc/arm-none-eabi/7.2.1/../../../../arm-none-eabi/lib/thumb/v7e-m/fpv4-sp/hard/libc.a(lib_a-lock.o)
 .debug_frame   0x0000000000001ae4       0x38 /home/valentyn/Ac6/SystemWorkbench/plugins/fr.ac6.mcu.externaltools.arm-none.linux64_1.16.0.201807130628/tools/compiler/bin/../lib/gcc/arm-none-eabi/7.2.1/../../../../arm-none-eabi/lib/thumb/v7e-m/fpv4-sp/hard/libc.a(lib_a-memcmp.o)
 .debug_frame   0x0000000000001b1c       0x30 /home/valentyn/Ac6/SystemWorkbench/plugins/fr.ac6.mcu.externaltools.arm-none.linux64_1.16.0.201807130628/tools/compiler/bin/../lib/gcc/arm-none-eabi/7.2.1/../../../../arm-none-eabi/lib/thumb/v7e-m/fpv4-sp/hard/libc.a(lib_a-strchr.o)
 .debug_frame   0x0000000000001b4c       0x34 /home/valentyn/Ac6/SystemWorkbench/plugins/fr.ac6.mcu.externaltools.arm-none.linux64_1.16.0.201807130628/tools/compiler/bin/../lib/gcc/arm-none-eabi/7.2.1/../../../../arm-none-eabi/lib/thumb/v7e-m/fpv4-sp/hard/libc.a(lib_a-__atexit.o)
