Archive member included to satisfy reference by file (symbol)

/home/valentyn/Programs/SW/plugins/fr.ac6.mcu.externaltools.arm-none.linux64_1.17.0.201812190825/tools/compiler/bin/../lib/gcc/arm-none-eabi/7.3.1/../../../../arm-none-eabi/lib/thumb/v7e-m/fpv4-sp/hard/libm.a(lib_a-s_atan.o)
                              src/ABLine.o (atan)
/home/valentyn/Programs/SW/plugins/fr.ac6.mcu.externaltools.arm-none.linux64_1.17.0.201812190825/tools/compiler/bin/../lib/gcc/arm-none-eabi/7.3.1/../../../../arm-none-eabi/lib/thumb/v7e-m/fpv4-sp/hard/libm.a(lib_a-s_ceil.o)
                              src/ABLine.o (ceil)
/home/valentyn/Programs/SW/plugins/fr.ac6.mcu.externaltools.arm-none.linux64_1.17.0.201812190825/tools/compiler/bin/../lib/gcc/arm-none-eabi/7.3.1/../../../../arm-none-eabi/lib/thumb/v7e-m/fpv4-sp/hard/libm.a(lib_a-s_cos.o)
                              src/ABLine.o (cos)
/home/valentyn/Programs/SW/plugins/fr.ac6.mcu.externaltools.arm-none.linux64_1.17.0.201812190825/tools/compiler/bin/../lib/gcc/arm-none-eabi/7.3.1/../../../../arm-none-eabi/lib/thumb/v7e-m/fpv4-sp/hard/libm.a(lib_a-s_fabs.o)
                              /home/valentyn/Programs/SW/plugins/fr.ac6.mcu.externaltools.arm-none.linux64_1.17.0.201812190825/tools/compiler/bin/../lib/gcc/arm-none-eabi/7.3.1/../../../../arm-none-eabi/lib/thumb/v7e-m/fpv4-sp/hard/libm.a(lib_a-s_atan.o) (fabs)
/home/valentyn/Programs/SW/plugins/fr.ac6.mcu.externaltools.arm-none.linux64_1.17.0.201812190825/tools/compiler/bin/../lib/gcc/arm-none-eabi/7.3.1/../../../../arm-none-eabi/lib/thumb/v7e-m/fpv4-sp/hard/libm.a(lib_a-s_floor.o)
                              src/ABLine.o (floor)
/home/valentyn/Programs/SW/plugins/fr.ac6.mcu.externaltools.arm-none.linux64_1.17.0.201812190825/tools/compiler/bin/../lib/gcc/arm-none-eabi/7.3.1/../../../../arm-none-eabi/lib/thumb/v7e-m/fpv4-sp/hard/libm.a(lib_a-s_round.o)
                              src/nmea.o (round)
/home/valentyn/Programs/SW/plugins/fr.ac6.mcu.externaltools.arm-none.linux64_1.17.0.201812190825/tools/compiler/bin/../lib/gcc/arm-none-eabi/7.3.1/../../../../arm-none-eabi/lib/thumb/v7e-m/fpv4-sp/hard/libm.a(lib_a-s_sin.o)
                              src/ABLine.o (sin)
/home/valentyn/Programs/SW/plugins/fr.ac6.mcu.externaltools.arm-none.linux64_1.17.0.201812190825/tools/compiler/bin/../lib/gcc/arm-none-eabi/7.3.1/../../../../arm-none-eabi/lib/thumb/v7e-m/fpv4-sp/hard/libm.a(lib_a-s_tan.o)
                              src/ABLine.o (tan)
/home/valentyn/Programs/SW/plugins/fr.ac6.mcu.externaltools.arm-none.linux64_1.17.0.201812190825/tools/compiler/bin/../lib/gcc/arm-none-eabi/7.3.1/../../../../arm-none-eabi/lib/thumb/v7e-m/fpv4-sp/hard/libm.a(lib_a-w_atan2.o)
                              src/position.o (atan2)
/home/valentyn/Programs/SW/plugins/fr.ac6.mcu.externaltools.arm-none.linux64_1.17.0.201812190825/tools/compiler/bin/../lib/gcc/arm-none-eabi/7.3.1/../../../../arm-none-eabi/lib/thumb/v7e-m/fpv4-sp/hard/libm.a(lib_a-w_pow.o)
                              src/glm.o (pow)
/home/valentyn/Programs/SW/plugins/fr.ac6.mcu.externaltools.arm-none.linux64_1.17.0.201812190825/tools/compiler/bin/../lib/gcc/arm-none-eabi/7.3.1/../../../../arm-none-eabi/lib/thumb/v7e-m/fpv4-sp/hard/libm.a(lib_a-w_sqrt.o)
                              src/ABLine.o (sqrt)
/home/valentyn/Programs/SW/plugins/fr.ac6.mcu.externaltools.arm-none.linux64_1.17.0.201812190825/tools/compiler/bin/../lib/gcc/arm-none-eabi/7.3.1/../../../../arm-none-eabi/lib/thumb/v7e-m/fpv4-sp/hard/libm.a(lib_a-wf_pow.o)
                              src/nmea.o (powf)
/home/valentyn/Programs/SW/plugins/fr.ac6.mcu.externaltools.arm-none.linux64_1.17.0.201812190825/tools/compiler/bin/../lib/gcc/arm-none-eabi/7.3.1/../../../../arm-none-eabi/lib/thumb/v7e-m/fpv4-sp/hard/libm.a(lib_a-e_atan2.o)
                              /home/valentyn/Programs/SW/plugins/fr.ac6.mcu.externaltools.arm-none.linux64_1.17.0.201812190825/tools/compiler/bin/../lib/gcc/arm-none-eabi/7.3.1/../../../../arm-none-eabi/lib/thumb/v7e-m/fpv4-sp/hard/libm.a(lib_a-w_atan2.o) (__ieee754_atan2)
/home/valentyn/Programs/SW/plugins/fr.ac6.mcu.externaltools.arm-none.linux64_1.17.0.201812190825/tools/compiler/bin/../lib/gcc/arm-none-eabi/7.3.1/../../../../arm-none-eabi/lib/thumb/v7e-m/fpv4-sp/hard/libm.a(lib_a-e_pow.o)
                              /home/valentyn/Programs/SW/plugins/fr.ac6.mcu.externaltools.arm-none.linux64_1.17.0.201812190825/tools/compiler/bin/../lib/gcc/arm-none-eabi/7.3.1/../../../../arm-none-eabi/lib/thumb/v7e-m/fpv4-sp/hard/libm.a(lib_a-w_pow.o) (__ieee754_pow)
/home/valentyn/Programs/SW/plugins/fr.ac6.mcu.externaltools.arm-none.linux64_1.17.0.201812190825/tools/compiler/bin/../lib/gcc/arm-none-eabi/7.3.1/../../../../arm-none-eabi/lib/thumb/v7e-m/fpv4-sp/hard/libm.a(lib_a-e_rem_pio2.o)
[...]
Memory Configuration

Name             Origin             Length             Attributes
RAM              0x0000000020000000 0x0000000000020000 xrw
ROM              0x0000000008000000 0x0000000000100000 xr
*default*        0x0000000000000000 0xffffffffffffffff

Linker script and memory map

LOAD /home/valentyn/Programs/SW/plugins/fr.ac6.mcu.externaltools.arm-none.linux64_1.17.0.201812190825/tools/compiler/bin/../lib/gcc/arm-none-eabi/7.3.1/thumb/v7e-m/fpv4-sp/hard/crti.o
LOAD /home/valentyn/Programs/SW/plugins/fr.ac6.mcu.externaltools.arm-none.linux64_1.17.0.201812190825/tools/compiler/bin/../lib/gcc/arm-none-eabi/7.3.1/thumb/v7e-m/fpv4-sp/hard/crtbegin.o
LOAD /home/valentyn/Programs/SW/plugins/fr.ac6.mcu.externaltools.arm-none.linux64_1.17.0.201812190825/tools/compiler/bin/../lib/gcc/arm-none-eabi/7.3.1/../../../../arm-none-eabi/lib/thumb/v7e-m/fpv4-sp/hard/crt0.o
LOAD RTOS/src/croutine.o
LOAD RTOS/src/event_groups.o
LOAD RTOS/src/heap_4.o
LOAD RTOS/src/list.o
LOAD RTOS/src/port.o
LOAD RTOS/src/queue.o
LOAD RTOS/src/tasks.o
LOAD RTOS/src/timers.o
LOAD src/ABLine.o
LOAD src/charQueue.o
LOAD src/glm.o
LOAD src/gpio.o
LOAD src/main.o
LOAD src/nmea.o
LOAD src/periph.o
LOAD src/position.o
LOAD src/stm_tasks.o
LOAD src/system_stm32f4xx.o
LOAD src/vehicle.o
LOAD startup/startup_stm32.o
LOAD startup/sysmem.o
LOAD /home/valentyn/Programs/SW/plugins/fr.ac6.mcu.externaltools.arm-none.linux64_1.17.0.201812190825/tools/compiler/bin/../lib/gcc/arm-none-eabi/7.3.1/../../../../arm-none-eabi/lib/thumb/v7e-m/fpv4-sp/hard/libm.a
START GROUP
LOAD /home/valentyn/Programs/SW/plugins/fr.ac6.mcu.externaltools.arm-none.linux64_1.17.0.201812190825/tools/compiler/bin/../lib/gcc/arm-none-eabi/7.3.1/thumb/v7e-m/fpv4-sp/hard/libgcc.a
LOAD /home/valentyn/Programs/SW/plugins/fr.ac6.mcu.externaltools.arm-none.linux64_1.17.0.201812190825/tools/compiler/bin/../lib/gcc/arm-none-eabi/7.3.1/../../../../arm-none-eabi/lib/thumb/v7e-m/fpv4-sp/hard/libc.a
END GROUP
LOAD /home/valentyn/Programs/SW/plugins/fr.ac6.mcu.externaltools.arm-none.linux64_1.17.0.201812190825/tools/compiler/bin/../lib/gcc/arm-none-eabi/7.3.1/thumb/v7e-m/fpv4-sp/hard/crtend.o
LOAD /home/valentyn/Programs/SW/plugins/fr.ac6.mcu.externaltools.arm-none.linux64_1.17.0.201812190825/tools/compiler/bin/../lib/gcc/arm-none-eabi/7.3.1/thumb/v7e-m/fpv4-sp/hard/crtn.o
                0x0000000020020000                _estack = 0x20020000
                0x0000000000000000                _Min_Heap_Size = 0x0
                0x0000000000000400                _Min_Stack_Size = 0x400

.isr_vector     0x0000000008000000      0x1a8
                0x0000000008000000                . = ALIGN (0x4)
 *(.isr_vector)
 .isr_vector    0x0000000008000000      0x1a8 startup/startup_stm32.o
                0x0000000008000000                g_pfnVectors
                0x00000000080001a8                . = ALIGN (0x4)

.text           0x00000000080001c0     0xf0e8
                0x00000000080001c0                . = ALIGN (0x4)
 *(.text)
 .text          0x00000000080001c0       0x40 /home/valentyn/Programs/SW/plugins/fr.ac6.mcu.externaltools.arm-none.linux64_1.17.0.201812190825/tools/compiler/bin/../lib/gcc/arm-none-eabi/7.3.1/thumb/v7e-m/fpv4-sp/hard/crtbegin.o
 .text          0x0000000008000200      0x378 /home/valentyn/Programs/SW/plugins/fr.ac6.mcu.externaltools.arm-none.linux64_1.17.0.201812190825/tools/compiler/bin/../lib/gcc/arm-none-eabi/7.3.1/thumb/v7e-m/fpv4-sp/hard/libgcc.a(_arm_addsubdf3.o)
                0x0000000008000200                __aeabi_drsub
                0x0000000008000208                __aeabi_dsub
                0x0000000008000208                __subdf3
                0x000000000800020c                __adddf3
                0x000000000800020c                __aeabi_dadd
                0x0000000008000484                __aeabi_ui2d
                0x0000000008000484                __floatunsidf
                0x00000000080004a4                __floatsidf
                0x00000000080004a4                __aeabi_i2d
                0x00000000080004c8                __extendsfdf2
                0x00000000080004c8                __aeabi_f2d
                0x000000000800050c                __aeabi_ul2d
                0x000000000800050c                __floatundidf
                0x000000000800051c                __floatdidf
                0x000000000800051c                __aeabi_l2d
 .text          0x0000000008000578      0x424 /home/valentyn/Programs/SW/plugins/fr.ac6.mcu.externaltools.arm-none.linux64_1.17.0.201812190825/tools/compiler/bin/../lib/gcc/arm-none-eabi/7.3.1/thumb/v7e-m/fpv4-sp/hard/libgcc.a(_arm_muldivdf3.o)
                0x0000000008000578                __aeabi_dmul
                0x0000000008000578                __muldf3
                0x00000000080007cc                __aeabi_ddiv
                0x00000000080007cc                __divdf3
 .text          0x000000000800099c      0x110 /home/valentyn/Programs/SW/plugins/fr.ac6.mcu.externaltools.arm-none.linux64_1.17.0.201812190825/tools/compiler/bin/../lib/gcc/arm-none-eabi/7.3.1/thumb/v7e-m/fpv4-sp/hard/libgcc.a(_arm_cmpdf2.o)
                0x000000000800099c                __gtdf2
                0x000000000800099c                __gedf2
                0x00000000080009a4                __ltdf2
                0x00000000080009a4                __ledf2
                0x00000000080009ac                __cmpdf2
                0x00000000080009ac                __eqdf2
                0x00000000080009ac                __nedf2
                0x0000000008000a28                __aeabi_cdrcmple
                0x0000000008000a38                __aeabi_cdcmple
                0x0000000008000a38                __aeabi_cdcmpeq
                0x0000000008000a48                __aeabi_dcmpeq
                0x0000000008000a5c                __aeabi_dcmplt
                0x0000000008000a70                __aeabi_dcmple
                0x0000000008000a84                __aeabi_dcmpge
                0x0000000008000a98                __aeabi_dcmpgt
 .text          0x0000000008000aac       0x2c /home/valentyn/Programs/SW/plugins/fr.ac6.mcu.externaltools.arm-none.linux64_1.17.0.201812190825/tools/compiler/bin/../lib/gcc/arm-none-eabi/7.3.1/thumb/v7e-m/fpv4-sp/hard/libgcc.a(_arm_unorddf2.o)
                0x0000000008000aac                __aeabi_dcmpun
                0x0000000008000aac                __unorddf2
 .text          0x0000000008000ad8       0x50 /home/valentyn/Programs/SW/plugins/fr.ac6.mcu.externaltools.arm-none.linux64_1.17.0.201812190825/tools/compiler/bin/../lib/gcc/arm-none-eabi/7.3.1/thumb/v7e-m/fpv4-sp/hard/libgcc.a(_arm_fixdfsi.o)
                0x0000000008000ad8                __fixdfsi
                0x0000000008000ad8                __aeabi_d2iz
 .text          0x0000000008000b28       0xa0 /home/valentyn/Programs/SW/plugins/fr.ac6.mcu.externaltools.arm-none.linux64_1.17.0.201812190825/tools/compiler/bin/../lib/gcc/arm-none-eabi/7.3.1/thumb/v7e-m/fpv4-sp/hard/libgcc.a(_arm_truncdfsf2.o)
                0x0000000008000b28                __aeabi_d2f
                0x0000000008000b28                __truncdfsf2
 .text          0x0000000008000bc8      0x134 /home/valentyn/Programs/SW/plugins/fr.ac6.mcu.externaltools.arm-none.linux64_1.17.0.201812190825/tools/compiler/bin/../lib/gcc/arm-none-eabi/7.3.1/../../../../arm-none-eabi/lib/thumb/v7e-m/fpv4-sp/hard/libc.a(lib_a-memcpy.o)
                0x0000000008000bc8                memcpy
 *fill*         0x0000000008000cfc        0x4 
 .text          0x0000000008000d00       0xdc /home/valentyn/Programs/SW/plugins/fr.ac6.mcu.externaltools.arm-none.linux64_1.17.0.201812190825/tools/compiler/bin/../lib/gcc/arm-none-eabi/7.3.1/../../../../arm-none-eabi/lib/thumb/v7e-m/fpv4-sp/hard/libc.a(lib_a-strlen.o)
                0x0000000008000d00                strlen
 *fill*         0x0000000008000ddc        0x4 
 .text          0x0000000008000de0       0xa0 /home/valentyn/Programs/SW/plugins/fr.ac6.mcu.externaltools.arm-none.linux64_1.17.0.201812190825/tools/compiler/bin/../lib/gcc/arm-none-eabi/7.3.1/../../../../arm-none-eabi/lib/thumb/v7e-m/fpv4-sp/hard/libc.a(lib_a-memchr.o)
                0x0000000008000de0                memchr
 .text          0x0000000008000e80       0x40 /home/valentyn/Programs/SW/plugins/fr.ac6.mcu.externaltools.arm-none.linux64_1.17.0.201812190825/tools/compiler/bin/../lib/gcc/arm-none-eabi/7.3.1/thumb/v7e-m/fpv4-sp/hard/libgcc.a(_arm_fixunsdfsi.o)
                0x0000000008000e80                __fixunsdfsi
                0x0000000008000e80                __aeabi_d2uiz
 *(.text*)
 .text.pvPortMalloc
                0x0000000008000ec0      0x184 RTOS/src/heap_4.o
                0x0000000008000ec0                pvPortMalloc
 .text.vPortFree
                0x0000000008001044       0xb0 RTOS/src/heap_4.o
                0x0000000008001044                vPortFree
 .text.prvHeapInit
                0x00000000080010f4       0xc4 RTOS/src/heap_4.o
 .text.prvInsertBlockIntoFreeList
                0x00000000080011b8       0xb4 RTOS/src/heap_4.o
 .text.vListInitialise
                0x000000000800126c       0x40 RTOS/src/list.o
                0x000000000800126c                vListInitialise
 .text.vListInitialiseItem
                0x00000000080012ac       0x1a RTOS/src/list.o
                0x00000000080012ac                vListInitialiseItem
 .text.vListInsertEnd
                0x00000000080012c6       0x48 RTOS/src/list.o
                0x00000000080012c6                vListInsertEnd
 .text.vListInsert
                0x000000000800130e       0x72 RTOS/src/list.o
                0x000000000800130e                vListInsert
 .text.uxListRemove
                0x0000000008001380       0x54 RTOS/src/list.o
                0x0000000008001380                uxListRemove
 .text.pxPortInitialiseStack
                0x00000000080013d4       0x68 RTOS/src/port.o
                0x00000000080013d4                pxPortInitialiseStack
 .text.prvTaskExitError
                0x000000000800143c       0x3c RTOS/src/port.o
 *fill*         0x0000000008001478        0x8 
 .text.SVC_Handler
                0x0000000008001480       0x28 RTOS/src/port.o
                0x0000000008001480                SVC_Handler
 .text.prvPortStartFirstTask
                0x00000000080014a8       0x20 RTOS/src/port.o
 .text.xPortStartScheduler
                0x00000000080014c8      0x118 RTOS/src/port.o
                0x00000000080014c8                xPortStartScheduler
 .text.vPortEnterCritical
                0x00000000080015e0       0x5c RTOS/src/port.o
                0x00000000080015e0                vPortEnterCritical
 .text.vPortExitCritical
                0x000000000800163c       0x50 RTOS/src/port.o
                0x000000000800163c                vPortExitCritical
 *fill*         0x000000000800168c        0x4 
 .text.PendSV_Handler
                0x0000000008001690       0x68 RTOS/src/port.o
                0x0000000008001690                PendSV_Handler
 .text.SysTick_Handler
                0x00000000080016f8       0x40 RTOS/src/port.o
                0x00000000080016f8                SysTick_Handler
 .text.vPortSetupTimerInterrupt
                0x0000000008001738       0x28 RTOS/src/port.o
                0x0000000008001738                vPortSetupTimerInterrupt
 .text.vPortEnableVFP
                0x0000000008001760       0x14 RTOS/src/port.o
 .text.vPortValidateInterruptPriority
                0x0000000008001774       0x7c RTOS/src/port.o
                0x0000000008001774                vPortValidateInterruptPriority
 .text.xQueueGenericReset
                0x00000000080017f0       0xd0 RTOS/src/queue.o
                0x00000000080017f0                xQueueGenericReset
 .text.xQueueGenericCreate
                0x00000000080018c0       0x72 RTOS/src/queue.o
                0x00000000080018c0                xQueueGenericCreate
 .text.prvInitialiseNewQueue
                0x0000000008001932       0x3e RTOS/src/queue.o
 .text.xQueueGenericSend
                0x0000000008001970      0x1f4 RTOS/src/queue.o
                0x0000000008001970                xQueueGenericSend
 .text.xQueueGenericSendFromISR
                0x0000000008001b64      0x128 RTOS/src/queue.o
                0x0000000008001b64                xQueueGenericSendFromISR
 .text.xQueueGenericReceive
                0x0000000008001c8c      0x224 RTOS/src/queue.o
                0x0000000008001c8c                xQueueGenericReceive
 .text.uxQueueMessagesWaiting
                0x0000000008001eb0       0x3a RTOS/src/queue.o
                0x0000000008001eb0                uxQueueMessagesWaiting
 .text.prvCopyDataToQueue
                0x0000000008001eea       0xd4 RTOS/src/queue.o
 .text.prvCopyDataFromQueue
                0x0000000008001fbe       0x4c RTOS/src/queue.o
 .text.prvUnlockQueue
                0x000000000800200a       0xa4 RTOS/src/queue.o
 .text.prvIsQueueEmpty
                0x00000000080020ae       0x2c RTOS/src/queue.o
 .text.prvIsQueueFull
                0x00000000080020da       0x30 RTOS/src/queue.o
 *fill*         0x000000000800210a        0x2 
 .text.vQueueAddToRegistry
                0x000000000800210c       0x50 RTOS/src/queue.o
                0x000000000800210c                vQueueAddToRegistry
 .text.vQueueWaitForMessageRestricted
                0x000000000800215c       0x68 RTOS/src/queue.o
                0x000000000800215c                vQueueWaitForMessageRestricted
 .text.xTaskCreate
                0x00000000080021c4       0x82 RTOS/src/tasks.o
                0x00000000080021c4                xTaskCreate
 .text.prvInitialiseNewTask
                0x0000000008002246       0xfc RTOS/src/tasks.o
 *fill*         0x0000000008002342        0x2 
 .text.prvAddNewTaskToReadyList
                0x0000000008002344       0xd4 RTOS/src/tasks.o
 .text.vTaskDelete
                0x0000000008002418      0x11c RTOS/src/tasks.o
                0x0000000008002418                vTaskDelete
 .text.vTaskDelay
                0x0000000008002534       0x68 RTOS/src/tasks.o
                0x0000000008002534                vTaskDelay
 .text.vTaskSuspend
                0x000000000800259c      0x110 RTOS/src/tasks.o
                0x000000000800259c                vTaskSuspend
 .text.prvTaskIsTaskSuspended
                0x00000000080026ac       0x74 RTOS/src/tasks.o
 .text.vTaskResume
                0x0000000008002720       0xb8 RTOS/src/tasks.o
                0x0000000008002720                vTaskResume
 .text.vTaskStartScheduler
                0x00000000080027d8       0x98 RTOS/src/tasks.o
                0x00000000080027d8                vTaskStartScheduler
 .text.vTaskSuspendAll
                0x0000000008002870       0x1c RTOS/src/tasks.o
                0x0000000008002870                vTaskSuspendAll
 .text.xTaskResumeAll
                0x000000000800288c      0x138 RTOS/src/tasks.o
                0x000000000800288c                xTaskResumeAll
 .text.xTaskGetTickCount
                0x00000000080029c4       0x20 RTOS/src/tasks.o
                0x00000000080029c4                xTaskGetTickCount
 .text.xTaskIncrementTick
                0x00000000080029e4      0x178 RTOS/src/tasks.o
                0x00000000080029e4                xTaskIncrementTick
 .text.vTaskSwitchContext
                0x0000000008002b5c       0xb4 RTOS/src/tasks.o
                0x0000000008002b5c                vTaskSwitchContext
 .text.vTaskPlaceOnEventList
                0x0000000008002c10       0x48 RTOS/src/tasks.o
                0x0000000008002c10                vTaskPlaceOnEventList
 .text.vTaskPlaceOnEventListRestricted
                0x0000000008002c58       0x54 RTOS/src/tasks.o
                0x0000000008002c58                vTaskPlaceOnEventListRestricted
 .text.xTaskRemoveFromEventList
                0x0000000008002cac       0xc4 RTOS/src/tasks.o
                0x0000000008002cac                xTaskRemoveFromEventList
 .text.vTaskSetTimeOutState
                0x0000000008002d70       0x48 RTOS/src/tasks.o
                0x0000000008002d70                vTaskSetTimeOutState
 .text.xTaskCheckForTimeOut
                0x0000000008002db8       0xbc RTOS/src/tasks.o
                0x0000000008002db8                xTaskCheckForTimeOut
 .text.vTaskMissedYield
                0x0000000008002e74       0x18 RTOS/src/tasks.o
                0x0000000008002e74                vTaskMissedYield
 .text.prvIdleTask
                0x0000000008002e8c       0x30 RTOS/src/tasks.o
 .text.prvInitialiseTaskLists
                0x0000000008002ebc       0x80 RTOS/src/tasks.o
 .text.prvCheckTasksWaitingTermination
                0x0000000008002f3c       0x78 RTOS/src/tasks.o
 .text.prvDeleteTCB
                0x0000000008002fb4       0x20 RTOS/src/tasks.o
 .text.prvResetNextTaskUnblockTime
                0x0000000008002fd4       0x4c RTOS/src/tasks.o
 .text.xTaskGetSchedulerState
                0x0000000008003020       0x3c RTOS/src/tasks.o
                0x0000000008003020                xTaskGetSchedulerState
 .text.vTaskPriorityInherit
                0x000000000800305c       0xec RTOS/src/tasks.o
                0x000000000800305c                vTaskPriorityInherit
 .text.xTaskPriorityDisinherit
                0x0000000008003148      0x108 RTOS/src/tasks.o
                0x0000000008003148                xTaskPriorityDisinherit
 .text.pvTaskIncrementMutexHeldCount
                0x0000000008003250       0x28 RTOS/src/tasks.o
                0x0000000008003250                pvTaskIncrementMutexHeldCount
 .text.prvAddCurrentTaskToDelayedList
                0x0000000008003278       0xcc RTOS/src/tasks.o
 .text.xTimerCreateTimerTask
                0x0000000008003344       0x60 RTOS/src/timers.o
                0x0000000008003344                xTimerCreateTimerTask
 .text.xTimerGenericCommand
                0x00000000080033a4       0x98 RTOS/src/timers.o
                0x00000000080033a4                xTimerGenericCommand
 .text.prvProcessExpiredTimer
                0x000000000800343c       0x80 RTOS/src/timers.o
 .text.prvTimerTask
                0x00000000080034bc       0x24 RTOS/src/timers.o
 .text.prvProcessTimerOrBlockTask
                0x00000000080034e0       0x9c RTOS/src/timers.o
 .text.prvGetNextExpireTime
                0x000000000800357c       0x48 RTOS/src/timers.o
 .text.prvSampleTimeNow
                0x00000000080035c4       0x40 RTOS/src/timers.o
 .text.prvInsertTimerInActiveList
                0x0000000008003604       0x84 RTOS/src/timers.o
 .text.prvProcessReceivedCommands
                0x0000000008003688      0x124 RTOS/src/timers.o
 .text.prvSwitchTimerLists
                0x00000000080037ac       0xc0 RTOS/src/timers.o
 .text.prvCheckForValidListAndQueue
                0x000000000800386c       0x6c RTOS/src/timers.o
 .text.initABl  0x00000000080038d8       0x80 src/ABLine.o
                0x00000000080038d8                initABl
 .text.GetCurrentABLine
                0x0000000008003958     0x1060 src/ABLine.o
                0x0000000008003958                GetCurrentABLine
 .text.module   0x00000000080049b8       0x42 src/ABLine.o
                0x00000000080049b8                module
 .text.moveDollToBegin
                0x00000000080049fa       0x98 src/charQueue.o
                0x00000000080049fa                moveDollToBegin
 .text.push     0x0000000008004a92       0x52 src/charQueue.o
                0x0000000008004a92                push
 .text.pop      0x0000000008004ae4       0x8a src/charQueue.o
                0x0000000008004ae4                pop
 *fill*         0x0000000008004b6e        0x2 
 .text.create   0x0000000008004b70       0x3c src/charQueue.o
                0x0000000008004b70                create
 *fill*         0x0000000008004bac        0x4 
 .text.toRadians
                0x0000000008004bb0       0x38 src/glm.o
                0x0000000008004bb0                toRadians
 .text.toDegrees
                0x0000000008004be8       0x38 src/glm.o
                0x0000000008004be8                toDegrees
 .text.DistanceVec2Vec3
                0x0000000008004c20       0xc8 src/glm.o
                0x0000000008004c20                DistanceVec2Vec3
 .text.DistanceSquared
                0x0000000008004ce8       0x90 src/glm.o
                0x0000000008004ce8                DistanceSquared
 .text.timerini2
                0x0000000008004d78       0x30 src/gpio.o
                0x0000000008004d78                timerini2
 .text.delay_ms
                0x0000000008004da8       0x54 src/gpio.o
                0x0000000008004da8                delay_ms
 .text.GPIO_WritePin
                0x0000000008004dfc       0x30 src/gpio.o
                0x0000000008004dfc                GPIO_WritePin
 .text.LCD_Set_Data
                0x0000000008004e2c       0x30 src/gpio.o
                0x0000000008004e2c                LCD_Set_Data
 .text.LCD_SendCommandOrData
                0x0000000008004e5c       0x50 src/gpio.o
                0x0000000008004e5c                LCD_SendCommandOrData
 .text.LCD_ini  0x0000000008004eac       0x5c src/gpio.o
                0x0000000008004eac                LCD_ini
 .text.LCD_Send_String
                0x0000000008004f08       0x90 src/gpio.o
                0x0000000008004f08                LCD_Send_String
 .text.initLCDstruct
                0x0000000008004f98       0x38 src/gpio.o
                0x0000000008004f98                initLCDstruct
 .text.strToDisplay
                0x0000000008004fd0       0x32 src/gpio.o
                0x0000000008004fd0                strToDisplay
 *fill*         0x0000000008005002        0x6 
 .text.addToQueue_doubleToDisplay
                0x0000000008005008       0xc8 src/gpio.o
                0x0000000008005008                addToQueue_doubleToDisplay
 .text.main     0x00000000080050d0       0x94 src/main.o
                0x00000000080050d0                main
 .text.DMA1_Stream5_IRQHandler
                0x0000000008005164       0x98 src/main.o
                0x0000000008005164                DMA1_Stream5_IRQHandler
 .text.DMA2_Stream7_IRQHandler
                0x00000000080051fc       0x3c src/main.o
                0x00000000080051fc                DMA2_Stream7_IRQHandler
 .text.USART6_IRQHandler
                0x0000000008005238       0x38 src/main.o
                0x0000000008005238                USART6_IRQHandler
 .text.initAllPeriph
                0x0000000008005270       0x3c src/main.o
                0x0000000008005270                initAllPeriph
 .text.checkLatLon
                0x00000000080052ac       0xd4 src/nmea.o
                0x00000000080052ac                checkLatLon
 .text.calcSphere
                0x0000000008005380       0xc8 src/nmea.o
                0x0000000008005380                calcSphere
 .text.createStartNMEA
                0x0000000008005448       0x70 src/nmea.o
                0x0000000008005448                createStartNMEA
 .text.ArcLengthOfMeridian
                0x00000000080054b8      0x474 src/nmea.o
                0x00000000080054b8                ArcLengthOfMeridian
 *fill*         0x000000000800592c        0x4 
 .text.MapLatLonToXY
                0x0000000008005930      0x92c src/nmea.o
                0x0000000008005930                MapLatLonToXY
 *fill*         0x000000000800625c        0x4 
 .text.DecDeg2UTM
                0x0000000008006260      0x1f8 src/nmea.o
                0x0000000008006260                DecDeg2UTM
 .text.UpdateNorthingEasting
                0x0000000008006458      0x1bc src/nmea.o
                0x0000000008006458                UpdateNorthingEasting
 .text.splitString
                0x0000000008006614       0x90 src/nmea.o
                0x0000000008006614                splitString
 *fill*         0x00000000080066a4        0x4 
 .text.NMEAtoDecimal
                0x00000000080066a8      0x114 src/nmea.o
                0x00000000080066a8                NMEAtoDecimal
 .text.ParseGGA
                0x00000000080067bc       0xc4 src/nmea.o
                0x00000000080067bc                ParseGGA
 .text.ParseGLL
                0x0000000008006880       0x50 src/nmea.o
                0x0000000008006880                ParseGLL
 .text.ParseRMC
                0x00000000080068d0       0xd4 src/nmea.o
                0x00000000080068d0                ParseRMC
 *fill*         0x00000000080069a4        0x4 
 .text.ParseVTG
                0x00000000080069a8       0x88 src/nmea.o
                0x00000000080069a8                ParseVTG
 .text.NVIC_EnableIRQ
                0x0000000008006a30       0x34 src/periph.o
 .text.NVIC_SetPriority
                0x0000000008006a64       0x54 src/periph.o
 .text.gpio_ini
                0x0000000008006ab8       0xac src/periph.o
                0x0000000008006ab8                gpio_ini
 .text.RCC_Init
                0x0000000008006b64       0x94 src/periph.o
                0x0000000008006b64                RCC_Init
 .text.USART2_init
                0x0000000008006bf8       0x84 src/periph.o
                0x0000000008006bf8                USART2_init
 .text.USART6_init
                0x0000000008006c7c       0x88 src/periph.o
                0x0000000008006c7c                USART6_init
 .text.dma1ini  0x0000000008006d04       0xc4 src/periph.o
                0x0000000008006d04                dma1ini
 .text.dma2ini  0x0000000008006dc8       0xb0 src/periph.o
                0x0000000008006dc8                dma2ini
 .text.initPosition
                0x0000000008006e78       0xb8 src/position.o
                0x0000000008006e78                initPosition
 .text.InitializeFirstFewGPSPositions
                0x0000000008006f30      0x3c4 src/position.o
                0x0000000008006f30                InitializeFirstFewGPSPositions
 .text.UpdateFixPosition
                0x00000000080072f4        0xc src/position.o
                0x00000000080072f4                UpdateFixPosition
 .text.receiveFromDMA
                0x0000000008007300      0x118 src/stm_tasks.o
                0x0000000008007300                receiveFromDMA
 .text.taskParseNMEA
                0x0000000008007418      0x1bc src/stm_tasks.o
                0x0000000008007418                taskParseNMEA
 .text.keyboardScan
                0x00000000080075d4      0x2a0 src/stm_tasks.o
                0x00000000080075d4                keyboardScan
 .text.taskLCD_Send_String
                0x0000000008007874       0xd8 src/stm_tasks.o
                0x0000000008007874                taskLCD_Send_String
 .text.taskLCD_QueueObserver
                0x000000000800794c       0x48 src/stm_tasks.o
                0x000000000800794c                taskLCD_QueueObserver
 .text.btnAPoint
                0x0000000008007994       0xb8 src/stm_tasks.o
                0x0000000008007994                btnAPoint
 *fill*         0x0000000008007a4c        0x4 
 .text.btnBPoint
                0x0000000008007a50      0x27c src/stm_tasks.o
                0x0000000008007a50                btnBPoint
 .text.SystemInit
                0x0000000008007ccc       0x70 src/system_stm32f4xx.o
                0x0000000008007ccc                SystemInit
 .text.SetSysClock
                0x0000000008007d3c       0xf8 src/system_stm32f4xx.o
 .text.SystemInit_ExtMemCtl
                0x0000000008007e34      0x118 src/system_stm32f4xx.o
 *fill*         0x0000000008007f4c        0x4 
 .text.UpdateGoalPointDistance
                0x0000000008007f50       0xfc src/vehicle.o
                0x0000000008007f50                UpdateGoalPointDistance
 *fill*         0x000000000800804c        0x4 
 .text.initVehicle
                0x0000000008008050       0xe0 src/vehicle.o
                0x0000000008008050                initVehicle
 .text.Reset_Handler
                0x0000000008008130       0x50 startup/startup_stm32.o
                0x0000000008008130                Reset_Handler
 .text.Default_Handler
                0x0000000008008180        0x2 startup/startup_stm32.o
                0x0000000008008180                RTC_Alarm_IRQHandler
                0x0000000008008180                HASH_RNG_IRQHandler
                0x0000000008008180                EXTI2_IRQHandler
                0x0000000008008180                TIM8_CC_IRQHandler
                0x0000000008008180                DebugMon_Handler
                0x0000000008008180                TIM1_CC_IRQHandler
                0x0000000008008180                DMA2_Stream5_IRQHandler
                0x0000000008008180                HardFault_Handler
                0x0000000008008180                PVD_IRQHandler
                0x0000000008008180                SDIO_IRQHandler
                0x0000000008008180                TAMP_STAMP_IRQHandler
                0x0000000008008180                NMI_Handler
                0x0000000008008180                CAN2_RX1_IRQHandler
                0x0000000008008180                EXTI3_IRQHandler
                0x0000000008008180                TIM8_TRG_COM_TIM14_IRQHandler
                0x0000000008008180                TIM1_UP_TIM10_IRQHandler
                0x0000000008008180                TIM8_UP_TIM13_IRQHandler
                0x0000000008008180                I2C3_ER_IRQHandler
                0x0000000008008180                LCD_TFT_IRQHandler
                0x0000000008008180                EXTI0_IRQHandler
                0x0000000008008180                I2C2_EV_IRQHandler
                0x0000000008008180                DMA1_Stream2_IRQHandler
                0x0000000008008180                CAN1_RX0_IRQHandler
                0x0000000008008180                FPU_IRQHandler
                0x0000000008008180                OTG_HS_WKUP_IRQHandler
                0x0000000008008180                UsageFault_Handler
                0x0000000008008180                CAN2_SCE_IRQHandler
                0x0000000008008180                DMA2_Stream2_IRQHandler
                0x0000000008008180                SPI1_IRQHandler
                0x0000000008008180                TIM6_DAC_IRQHandler
                0x0000000008008180                TIM1_BRK_TIM9_IRQHandler
                0x0000000008008180                DCMI_IRQHandler
                0x0000000008008180                CAN2_RX0_IRQHandler
                0x0000000008008180                DMA2_Stream3_IRQHandler
                0x0000000008008180                USART3_IRQHandler
                0x0000000008008180                CRYP_IRQHandler
                0x0000000008008180                CAN1_RX1_IRQHandler
                0x0000000008008180                UART5_IRQHandler
                0x0000000008008180                DMA2_Stream0_IRQHandler
                0x0000000008008180                TIM4_IRQHandler
                0x0000000008008180                I2C1_EV_IRQHandler
                0x0000000008008180                DMA1_Stream6_IRQHandler
                0x0000000008008180                DMA1_Stream1_IRQHandler
                0x0000000008008180                UART4_IRQHandler
                0x0000000008008180                LCD_TFT_1_IRQHandler
                0x0000000008008180                TIM3_IRQHandler
                0x0000000008008180                RCC_IRQHandler
                0x0000000008008180                TIM8_BRK_TIM12_IRQHandler
                0x0000000008008180                Default_Handler
                0x0000000008008180                EXTI15_10_IRQHandler
                0x0000000008008180                ADC_IRQHandler
                0x0000000008008180                DMA1_Stream7_IRQHandler
                0x0000000008008180                TIM7_IRQHandler
                0x0000000008008180                CAN2_TX_IRQHandler
                0x0000000008008180                TIM5_IRQHandler
                0x0000000008008180                I2C3_EV_IRQHandler
                0x0000000008008180                EXTI9_5_IRQHandler
                0x0000000008008180                RTC_WKUP_IRQHandler
                0x0000000008008180                ETH_WKUP_IRQHandler
                0x0000000008008180                SPI2_IRQHandler
                0x0000000008008180                OTG_HS_EP1_IN_IRQHandler
                0x0000000008008180                MemManage_Handler
                0x0000000008008180                DMA1_Stream0_IRQHandler
                0x0000000008008180                CAN1_TX_IRQHandler
                0x0000000008008180                EXTI4_IRQHandler
                0x0000000008008180                FSMC_IRQHandler
                0x0000000008008180                ETH_IRQHandler
                0x0000000008008180                OTG_HS_EP1_OUT_IRQHandler
                0x0000000008008180                WWDG_IRQHandler
                0x0000000008008180                TIM2_IRQHandler
                0x0000000008008180                OTG_FS_WKUP_IRQHandler
                0x0000000008008180                TIM1_TRG_COM_TIM11_IRQHandler
                0x0000000008008180                OTG_HS_IRQHandler
                0x0000000008008180                EXTI1_IRQHandler
                0x0000000008008180                USART2_IRQHandler
                0x0000000008008180                I2C2_ER_IRQHandler
                0x0000000008008180                DMA2_Stream1_IRQHandler
                0x0000000008008180                CAN1_SCE_IRQHandler
                0x0000000008008180                DMA2_Stream4_IRQHandler
                0x0000000008008180                BusFault_Handler
                0x0000000008008180                USART1_IRQHandler
                0x0000000008008180                OTG_FS_IRQHandler
                0x0000000008008180                SPI3_IRQHandler
                0x0000000008008180                DMA1_Stream4_IRQHandler
                0x0000000008008180                I2C1_ER_IRQHandler
                0x0000000008008180                DMA2_Stream6_IRQHandler
                0x0000000008008180                DMA1_Stream3_IRQHandler
 *fill*         0x0000000008008182        0x2 
 .text._sbrk    0x0000000008008184       0x58 startup/sysmem.o
                0x0000000008008184                _sbrk
 *fill*         0x00000000080081dc        0x4 
 .text.atan     0x00000000080081e0      0x358 /home/valentyn/Programs/SW/plugins/fr.ac6.mcu.externaltools.arm-none.linux64_1.17.0.201812190825/tools/compiler/bin/../lib/gcc/arm-none-eabi/7.3.1/../../../../arm-none-eabi/lib/thumb/v7e-m/fpv4-sp/hard/libm.a(lib_a-s_atan.o)
                0x00000000080081e0                atan
 .text.ceil     0x0000000008008538      0x110 /home/valentyn/Programs/SW/plugins/fr.ac6.mcu.externaltools.arm-none.linux64_1.17.0.201812190825/tools/compiler/bin/../lib/gcc/arm-none-eabi/7.3.1/../../../../arm-none-eabi/lib/thumb/v7e-m/fpv4-sp/hard/libm.a(lib_a-s_ceil.o)
                0x0000000008008538                ceil
 .text.cos      0x0000000008008648       0xc0 /home/valentyn/Programs/SW/plugins/fr.ac6.mcu.externaltools.arm-none.linux64_1.17.0.201812190825/tools/compiler/bin/../lib/gcc/arm-none-eabi/7.3.1/../../../../arm-none-eabi/lib/thumb/v7e-m/fpv4-sp/hard/libm.a(lib_a-s_cos.o)
                0x0000000008008648                cos
 .text.fabs     0x0000000008008708       0x14 /home/valentyn/Programs/SW/plugins/fr.ac6.mcu.externaltools.arm-none.linux64_1.17.0.201812190825/tools/compiler/bin/../lib/gcc/arm-none-eabi/7.3.1/../../../../arm-none-eabi/lib/thumb/v7e-m/fpv4-sp/hard/libm.a(lib_a-s_fabs.o)
                0x0000000008008708                fabs
 *fill*         0x000000000800871c        0x4 
 .text.floor    0x0000000008008720      0x110 /home/valentyn/Programs/SW/plugins/fr.ac6.mcu.externaltools.arm-none.linux64_1.17.0.201812190825/tools/compiler/bin/../lib/gcc/arm-none-eabi/7.3.1/../../../../arm-none-eabi/lib/thumb/v7e-m/fpv4-sp/hard/libm.a(lib_a-s_floor.o)
                0x0000000008008720                floor
 .text.round    0x0000000008008830       0xa4 /home/valentyn/Programs/SW/plugins/fr.ac6.mcu.externaltools.arm-none.linux64_1.17.0.201812190825/tools/compiler/bin/../lib/gcc/arm-none-eabi/7.3.1/../../../../arm-none-eabi/lib/thumb/v7e-m/fpv4-sp/hard/libm.a(lib_a-s_round.o)
                0x0000000008008830                round
 *fill*         0x00000000080088d4        0x4 
 .text.sin      0x00000000080088d8       0xc0 /home/valentyn/Programs/SW/plugins/fr.ac6.mcu.externaltools.arm-none.linux64_1.17.0.201812190825/tools/compiler/bin/../lib/gcc/arm-none-eabi/7.3.1/../../../../arm-none-eabi/lib/thumb/v7e-m/fpv4-sp/hard/libm.a(lib_a-s_sin.o)
                0x00000000080088d8                sin
 .text.tan      0x0000000008008998       0x70 /home/valentyn/Programs/SW/plugins/fr.ac6.mcu.externaltools.arm-none.linux64_1.17.0.201812190825/tools/compiler/bin/../lib/gcc/arm-none-eabi/7.3.1/../../../../arm-none-eabi/lib/thumb/v7e-m/fpv4-sp/hard/libm.a(lib_a-s_tan.o)
                0x0000000008008998                tan
 .text.atan2    0x0000000008008a08        0x4 /home/valentyn/Programs/SW/plugins/fr.ac6.mcu.externaltools.arm-none.linux64_1.17.0.201812190825/tools/compiler/bin/../lib/gcc/arm-none-eabi/7.3.1/../../../../arm-none-eabi/lib/thumb/v7e-m/fpv4-sp/hard/libm.a(lib_a-w_atan2.o)
                0x0000000008008a08                atan2
 *fill*         0x0000000008008a0c        0x4 
 .text.pow      0x0000000008008a10      0x338 /home/valentyn/Programs/SW/plugins/fr.ac6.mcu.externaltools.arm-none.linux64_1.17.0.201812190825/tools/compiler/bin/../lib/gcc/arm-none-eabi/7.3.1/../../../../arm-none-eabi/lib/thumb/v7e-m/fpv4-sp/hard/libm.a(lib_a-w_pow.o)
                0x0000000008008a10                pow
 .text.sqrt     0x0000000008008d48       0xb8 /home/valentyn/Programs/SW/plugins/fr.ac6.mcu.externaltools.arm-none.linux64_1.17.0.201812190825/tools/compiler/bin/../lib/gcc/arm-none-eabi/7.3.1/../../../../arm-none-eabi/lib/thumb/v7e-m/fpv4-sp/hard/libm.a(lib_a-w_sqrt.o)
                0x0000000008008d48                sqrt
 .text.powf     0x0000000008008e00      0x324 /home/valentyn/Programs/SW/plugins/fr.ac6.mcu.externaltools.arm-none.linux64_1.17.0.201812190825/tools/compiler/bin/../lib/gcc/arm-none-eabi/7.3.1/../../../../arm-none-eabi/lib/thumb/v7e-m/fpv4-sp/hard/libm.a(lib_a-wf_pow.o)
                0x0000000008008e00                powf
 *fill*         0x0000000008009124        0x4 
 .text.__ieee754_atan2
                0x0000000008009128      0x1c4 /home/valentyn/Programs/SW/plugins/fr.ac6.mcu.externaltools.arm-none.linux64_1.17.0.201812190825/tools/compiler/bin/../lib/gcc/arm-none-eabi/7.3.1/../../../../arm-none-eabi/lib/thumb/v7e-m/fpv4-sp/hard/libm.a(lib_a-e_atan2.o)
                0x0000000008009128                __ieee754_atan2
 *fill*         0x00000000080092ec        0x4 
 .text.__ieee754_pow
                0x00000000080092f0      0xab8 /home/valentyn/Programs/SW/plugins/fr.ac6.mcu.externaltools.arm-none.linux64_1.17.0.201812190825/tools/compiler/bin/../lib/gcc/arm-none-eabi/7.3.1/../../../../arm-none-eabi/lib/thumb/v7e-m/fpv4-sp/hard/libm.a(lib_a-e_pow.o)
                0x00000000080092f0                __ieee754_pow
 .text.__ieee754_rem_pio2
                0x0000000008009da8      0x454 /home/valentyn/Programs/SW/plugins/fr.ac6.mcu.externaltools.arm-none.linux64_1.17.0.201812190825/tools/compiler/bin/../lib/gcc/arm-none-eabi/7.3.1/../../../../arm-none-eabi/lib/thumb/v7e-m/fpv4-sp/hard/libm.a(lib_a-e_rem_pio2.o)
                0x0000000008009da8                __ieee754_rem_pio2
 .text.__ieee754_sqrt
                0x000000000800a1fc      0x194 /home/valentyn/Programs/SW/plugins/fr.ac6.mcu.externaltools.arm-none.linux64_1.17.0.201812190825/tools/compiler/bin/../lib/gcc/arm-none-eabi/7.3.1/../../../../arm-none-eabi/lib/thumb/v7e-m/fpv4-sp/hard/libm.a(lib_a-e_sqrt.o)
                0x000000000800a1fc                __ieee754_sqrt
 .text.__ieee754_powf
                0x000000000800a390      0x5e4 /home/valentyn/Programs/SW/plugins/fr.ac6.mcu.externaltools.arm-none.linux64_1.17.0.201812190825/tools/compiler/bin/../lib/gcc/arm-none-eabi/7.3.1/../../../../arm-none-eabi/lib/thumb/v7e-m/fpv4-sp/hard/libm.a(lib_a-ef_pow.o)
                0x000000000800a390                __ieee754_powf
 .text.__ieee754_sqrtf
                0x000000000800a974        0x8 /home/valentyn/Programs/SW/plugins/fr.ac6.mcu.externaltools.arm-none.linux64_1.17.0.201812190825/tools/compiler/bin/../lib/gcc/arm-none-eabi/7.3.1/../../../../arm-none-eabi/lib/thumb/v7e-m/fpv4-sp/hard/libm.a(lib_a-ef_sqrt.o)
                0x000000000800a974                __ieee754_sqrtf
 *fill*         0x000000000800a97c        0x4 
 .text.__kernel_cos
                0x000000000800a980      0x284 /home/valentyn/Programs/SW/plugins/fr.ac6.mcu.externaltools.arm-none.linux64_1.17.0.201812190825/tools/compiler/bin/../lib/gcc/arm-none-eabi/7.3.1/../../../../arm-none-eabi/lib/thumb/v7e-m/fpv4-sp/hard/libm.a(lib_a-k_cos.o)
                0x000000000800a980                __kernel_cos
 *fill*         0x000000000800ac04        0x4 
 .text.__kernel_rem_pio2
                0x000000000800ac08      0x818 /home/valentyn/Programs/SW/plugins/fr.ac6.mcu.externaltools.arm-none.linux64_1.17.0.201812190825/tools/compiler/bin/../lib/gcc/arm-none-eabi/7.3.1/../../../../arm-none-eabi/lib/thumb/v7e-m/fpv4-sp/hard/libm.a(lib_a-k_rem_pio2.o)
                0x000000000800ac08                __kernel_rem_pio2
 .text.__kernel_sin
                0x000000000800b420      0x194 /home/valentyn/Programs/SW/plugins/fr.ac6.mcu.externaltools.arm-none.linux64_1.17.0.201812190825/tools/compiler/bin/../lib/gcc/arm-none-eabi/7.3.1/../../../../arm-none-eabi/lib/thumb/v7e-m/fpv4-sp/hard/libm.a(lib_a-k_sin.o)
                0x000000000800b420                __kernel_sin
 *fill*         0x000000000800b5b4        0x4 
 .text.__kernel_tan
                0x000000000800b5b8      0x3c4 /home/valentyn/Programs/SW/plugins/fr.ac6.mcu.externaltools.arm-none.linux64_1.17.0.201812190825/tools/compiler/bin/../lib/gcc/arm-none-eabi/7.3.1/../../../../arm-none-eabi/lib/thumb/v7e-m/fpv4-sp/hard/libm.a(lib_a-k_tan.o)
                0x000000000800b5b8                __kernel_tan
 .text.finite   0x000000000800b97c       0x10 /home/valentyn/Programs/SW/plugins/fr.ac6.mcu.externaltools.arm-none.linux64_1.17.0.201812190825/tools/compiler/bin/../lib/gcc/arm-none-eabi/7.3.1/../../../../arm-none-eabi/lib/thumb/v7e-m/fpv4-sp/hard/libm.a(lib_a-s_finite.o)
                0x000000000800b97c                finite
 .text.matherr  0x000000000800b98c        0x4 /home/valentyn/Programs/SW/plugins/fr.ac6.mcu.externaltools.arm-none.linux64_1.17.0.201812190825/tools/compiler/bin/../lib/gcc/arm-none-eabi/7.3.1/../../../../arm-none-eabi/lib/thumb/v7e-m/fpv4-sp/hard/libm.a(lib_a-s_matherr.o)
                0x000000000800b98c                matherr
 .text.nan      0x000000000800b990       0x10 /home/valentyn/Programs/SW/plugins/fr.ac6.mcu.externaltools.arm-none.linux64_1.17.0.201812190825/tools/compiler/bin/../lib/gcc/arm-none-eabi/7.3.1/../../../../arm-none-eabi/lib/thumb/v7e-m/fpv4-sp/hard/libm.a(lib_a-s_nan.o)
                0x000000000800b990                nan
 .text.rint     0x000000000800b9a0      0x110 /home/valentyn/Programs/SW/plugins/fr.ac6.mcu.externaltools.arm-none.linux64_1.17.0.201812190825/tools/compiler/bin/../lib/gcc/arm-none-eabi/7.3.1/../../../../arm-none-eabi/lib/thumb/v7e-m/fpv4-sp/hard/libm.a(lib_a-s_rint.o)
                0x000000000800b9a0                rint
 .text.scalbn   0x000000000800bab0      0x114 /home/valentyn/Programs/SW/plugins/fr.ac6.mcu.externaltools.arm-none.linux64_1.17.0.201812190825/tools/compiler/bin/../lib/gcc/arm-none-eabi/7.3.1/../../../../arm-none-eabi/lib/thumb/v7e-m/fpv4-sp/hard/libm.a(lib_a-s_scalbn.o)
                0x000000000800bab0                scalbn
 .text.fabsf    0x000000000800bbc4       0x10 /home/valentyn/Programs/SW/plugins/fr.ac6.mcu.externaltools.arm-none.linux64_1.17.0.201812190825/tools/compiler/bin/../lib/gcc/arm-none-eabi/7.3.1/../../../../arm-none-eabi/lib/thumb/v7e-m/fpv4-sp/hard/libm.a(lib_a-sf_fabs.o)
                0x000000000800bbc4                fabsf
 .text.finitef  0x000000000800bbd4       0x14 /home/valentyn/Programs/SW/plugins/fr.ac6.mcu.externaltools.arm-none.linux64_1.17.0.201812190825/tools/compiler/bin/../lib/gcc/arm-none-eabi/7.3.1/../../../../arm-none-eabi/lib/thumb/v7e-m/fpv4-sp/hard/libm.a(lib_a-sf_finite.o)
                0x000000000800bbd4                finitef
 .text.nanf     0x000000000800bbe8        0xc /home/valentyn/Programs/SW/plugins/fr.ac6.mcu.externaltools.arm-none.linux64_1.17.0.201812190825/tools/compiler/bin/../lib/gcc/arm-none-eabi/7.3.1/../../../../arm-none-eabi/lib/thumb/v7e-m/fpv4-sp/hard/libm.a(lib_a-sf_nan.o)
                0x000000000800bbe8                nanf
 .text.rintf    0x000000000800bbf4       0xc0 /home/valentyn/Programs/SW/plugins/fr.ac6.mcu.externaltools.arm-none.linux64_1.17.0.201812190825/tools/compiler/bin/../lib/gcc/arm-none-eabi/7.3.1/../../../../arm-none-eabi/lib/thumb/v7e-m/fpv4-sp/hard/libm.a(lib_a-sf_rint.o)
                0x000000000800bbf4                rintf
 .text.scalbnf  0x000000000800bcb4       0xd0 /home/valentyn/Programs/SW/plugins/fr.ac6.mcu.externaltools.arm-none.linux64_1.17.0.201812190825/tools/compiler/bin/../lib/gcc/arm-none-eabi/7.3.1/../../../../arm-none-eabi/lib/thumb/v7e-m/fpv4-sp/hard/libm.a(lib_a-sf_scalbn.o)
                0x000000000800bcb4                scalbnf
 .text.copysign
                0x000000000800bd84       0x1c /home/valentyn/Programs/SW/plugins/fr.ac6.mcu.externaltools.arm-none.linux64_1.17.0.201812190825/tools/compiler/bin/../lib/gcc/arm-none-eabi/7.3.1/../../../../arm-none-eabi/lib/thumb/v7e-m/fpv4-sp/hard/libm.a(lib_a-s_copysign.o)
                0x000000000800bd84                copysign
 .text.copysignf
                0x000000000800bda0       0x18 /home/valentyn/Programs/SW/plugins/fr.ac6.mcu.externaltools.arm-none.linux64_1.17.0.201812190825/tools/compiler/bin/../lib/gcc/arm-none-eabi/7.3.1/../../../../arm-none-eabi/lib/thumb/v7e-m/fpv4-sp/hard/libm.a(lib_a-sf_copysign.o)
                0x000000000800bda0                copysignf
 .text.atof     0x000000000800bdb8        0x8 /home/valentyn/Programs/SW/plugins/fr.ac6.mcu.externaltools.arm-none.linux64_1.17.0.201812190825/tools/compiler/bin/../lib/gcc/arm-none-eabi/7.3.1/../../../../arm-none-eabi/lib/thumb/v7e-m/fpv4-sp/hard/libc.a(lib_a-atof.o)
                0x000000000800bdb8                atof
 .text.atoi     0x000000000800bdc0        0x8 /home/valentyn/Programs/SW/plugins/fr.ac6.mcu.externaltools.arm-none.linux64_1.17.0.201812190825/tools/compiler/bin/../lib/gcc/arm-none-eabi/7.3.1/../../../../arm-none-eabi/lib/thumb/v7e-m/fpv4-sp/hard/libc.a(lib_a-atoi.o)
                0x000000000800bdc0                atoi
 .text.__errno  0x000000000800bdc8        0xc /home/valentyn/Programs/SW/plugins/fr.ac6.mcu.externaltools.arm-none.linux64_1.17.0.201812190825/tools/compiler/bin/../lib/gcc/arm-none-eabi/7.3.1/../../../../arm-none-eabi/lib/thumb/v7e-m/fpv4-sp/hard/libc.a(lib_a-errno.o)
                0x000000000800bdc8                __errno
 .text.__libc_init_array
                0x000000000800bdd4       0x48 /home/valentyn/Programs/SW/plugins/fr.ac6.mcu.externaltools.arm-none.linux64_1.17.0.201812190825/tools/compiler/bin/../lib/gcc/arm-none-eabi/7.3.1/../../../../arm-none-eabi/lib/thumb/v7e-m/fpv4-sp/hard/libc.a(lib_a-init.o)
                0x000000000800bdd4                __libc_init_array
 .text.__itoa   0x000000000800be1c       0x38 /home/valentyn/Programs/SW/plugins/fr.ac6.mcu.externaltools.arm-none.linux64_1.17.0.201812190825/tools/compiler/bin/../lib/gcc/arm-none-eabi/7.3.1/../../../../arm-none-eabi/lib/thumb/v7e-m/fpv4-sp/hard/libc.a(lib_a-itoa.o)
                0x000000000800be1c                __itoa
 .text.itoa     0x000000000800be54        0x4 /home/valentyn/Programs/SW/plugins/fr.ac6.mcu.externaltools.arm-none.linux64_1.17.0.201812190825/tools/compiler/bin/../lib/gcc/arm-none-eabi/7.3.1/../../../../arm-none-eabi/lib/thumb/v7e-m/fpv4-sp/hard/libc.a(lib_a-itoa.o)
                0x000000000800be54                itoa
 .text.memset   0x000000000800be58       0x94 /home/valentyn/Programs/SW/plugins/fr.ac6.mcu.externaltools.arm-none.linux64_1.17.0.201812190825/tools/compiler/bin/../lib/gcc/arm-none-eabi/7.3.1/../../../../arm-none-eabi/lib/thumb/v7e-m/fpv4-sp/hard/libc.a(lib_a-memset.o)
                0x000000000800be58                memset
 .text.strchr   0x000000000800beec       0xe8 /home/valentyn/Programs/SW/plugins/fr.ac6.mcu.externaltools.arm-none.linux64_1.17.0.201812190825/tools/compiler/bin/../lib/gcc/arm-none-eabi/7.3.1/../../../../arm-none-eabi/lib/thumb/v7e-m/fpv4-sp/hard/libc.a(lib_a-strchr.o)
                0x000000000800beec                strchr
 .text.strcpy   0x000000000800bfd4       0xbc /home/valentyn/Programs/SW/plugins/fr.ac6.mcu.externaltools.arm-none.linux64_1.17.0.201812190825/tools/compiler/bin/../lib/gcc/arm-none-eabi/7.3.1/../../../../arm-none-eabi/lib/thumb/v7e-m/fpv4-sp/hard/libc.a(lib_a-strcpy.o)
                0x000000000800bfd4                strcpy
 .text.strncpy  0x000000000800c090       0x64 /home/valentyn/Programs/SW/plugins/fr.ac6.mcu.externaltools.arm-none.linux64_1.17.0.201812190825/tools/compiler/bin/../lib/gcc/arm-none-eabi/7.3.1/../../../../arm-none-eabi/lib/thumb/v7e-m/fpv4-sp/hard/libc.a(lib_a-strncpy.o)
                0x000000000800c090                strncpy
 .text.critical_factorization
                0x000000000800c0f4       0xb4 /home/valentyn/Programs/SW/plugins/fr.ac6.mcu.externaltools.arm-none.linux64_1.17.0.201812190825/tools/compiler/bin/../lib/gcc/arm-none-eabi/7.3.1/../../../../arm-none-eabi/lib/thumb/v7e-m/fpv4-sp/hard/libc.a(lib_a-strstr.o)
 .text.two_way_long_needle
                0x000000000800c1a8      0x1f8 /home/valentyn/Programs/SW/plugins/fr.ac6.mcu.externaltools.arm-none.linux64_1.17.0.201812190825/tools/compiler/bin/../lib/gcc/arm-none-eabi/7.3.1/../../../../arm-none-eabi/lib/thumb/v7e-m/fpv4-sp/hard/libc.a(lib_a-strstr.o)
 .text.strstr   0x000000000800c3a0      0x1f8 /home/valentyn/Programs/SW/plugins/fr.ac6.mcu.externaltools.arm-none.linux64_1.17.0.201812190825/tools/compiler/bin/../lib/gcc/arm-none-eabi/7.3.1/../../../../arm-none-eabi/lib/thumb/v7e-m/fpv4-sp/hard/libc.a(lib_a-strstr.o)
                0x000000000800c3a0                strstr
 .text.unlikely.sulp
                0x000000000800c598       0x38 /home/valentyn/Programs/SW/plugins/fr.ac6.mcu.externaltools.arm-none.linux64_1.17.0.201812190825/tools/compiler/bin/../lib/gcc/arm-none-eabi/7.3.1/../../../../arm-none-eabi/lib/thumb/v7e-m/fpv4-sp/hard/libc.a(lib_a-strtod.o)
 .text._strtod_l
                0x000000000800c5d0      0xf1c /home/valentyn/Programs/SW/plugins/fr.ac6.mcu.externaltools.arm-none.linux64_1.17.0.201812190825/tools/compiler/bin/../lib/gcc/arm-none-eabi/7.3.1/../../../../arm-none-eabi/lib/thumb/v7e-m/fpv4-sp/hard/libc.a(lib_a-strtod.o)
                0x000000000800c5d0                _strtod_l
 .text.strtod   0x000000000800d4ec       0x24 /home/valentyn/Programs/SW/plugins/fr.ac6.mcu.externaltools.arm-none.linux64_1.17.0.201812190825/tools/compiler/bin/../lib/gcc/arm-none-eabi/7.3.1/../../../../arm-none-eabi/lib/thumb/v7e-m/fpv4-sp/hard/libc.a(lib_a-strtod.o)
                0x000000000800d4ec                strtod
 .text.strtok   0x000000000800d510       0x10 /home/valentyn/Programs/SW/plugins/fr.ac6.mcu.externaltools.arm-none.linux64_1.17.0.201812190825/tools/compiler/bin/../lib/gcc/arm-none-eabi/7.3.1/../../../../arm-none-eabi/lib/thumb/v7e-m/fpv4-sp/hard/libc.a(lib_a-strtok.o)
                0x000000000800d510                strtok
 .text.__strtok_r
                0x000000000800d520       0x64 /home/valentyn/Programs/SW/plugins/fr.ac6.mcu.externaltools.arm-none.linux64_1.17.0.201812190825/tools/compiler/bin/../lib/gcc/arm-none-eabi/7.3.1/../../../../arm-none-eabi/lib/thumb/v7e-m/fpv4-sp/hard/libc.a(lib_a-strtok_r.o)
                0x000000000800d520                __strtok_r
 .text._strtol_l.isra.0
                0x000000000800d584      0x124 /home/valentyn/Programs/SW/plugins/fr.ac6.mcu.externaltools.arm-none.linux64_1.17.0.201812190825/tools/compiler/bin/../lib/gcc/arm-none-eabi/7.3.1/../../../../arm-none-eabi/lib/thumb/v7e-m/fpv4-sp/hard/libc.a(lib_a-strtol.o)
 .text.strtol   0x000000000800d6a8       0x2c /home/valentyn/Programs/SW/plugins/fr.ac6.mcu.externaltools.arm-none.linux64_1.17.0.201812190825/tools/compiler/bin/../lib/gcc/arm-none-eabi/7.3.1/../../../../arm-none-eabi/lib/thumb/v7e-m/fpv4-sp/hard/libc.a(lib_a-strtol.o)
                0x000000000800d6a8                strtol
 .text.__utoa   0x000000000800d6d4       0x80 /home/valentyn/Programs/SW/plugins/fr.ac6.mcu.externaltools.arm-none.linux64_1.17.0.201812190825/tools/compiler/bin/../lib/gcc/arm-none-eabi/7.3.1/../../../../arm-none-eabi/lib/thumb/v7e-m/fpv4-sp/hard/libc.a(lib_a-utoa.o)
                0x000000000800d6d4                __utoa
 .text.startup.register_fini
                0x000000000800d754       0x14 /home/valentyn/Programs/SW/plugins/fr.ac6.mcu.externaltools.arm-none.linux64_1.17.0.201812190825/tools/compiler/bin/../lib/gcc/arm-none-eabi/7.3.1/../../../../arm-none-eabi/lib/thumb/v7e-m/fpv4-sp/hard/libc.a(lib_a-__call_atexit.o)
 .text.atexit   0x000000000800d768        0xc /home/valentyn/Programs/SW/plugins/fr.ac6.mcu.externaltools.arm-none.linux64_1.17.0.201812190825/tools/compiler/bin/../lib/gcc/arm-none-eabi/7.3.1/../../../../arm-none-eabi/lib/thumb/v7e-m/fpv4-sp/hard/libc.a(lib_a-atexit.o)
                0x000000000800d768                atexit
 .text.__libc_fini_array
                0x000000000800d774       0x34 /home/valentyn/Programs/SW/plugins/fr.ac6.mcu.externaltools.arm-none.linux64_1.17.0.201812190825/tools/compiler/bin/../lib/gcc/arm-none-eabi/7.3.1/../../../../arm-none-eabi/lib/thumb/v7e-m/fpv4-sp/hard/libc.a(lib_a-fini.o)
                0x000000000800d774                __libc_fini_array
 .text.rshift   0x000000000800d7a8       0xb0 /home/valentyn/Programs/SW/plugins/fr.ac6.mcu.externaltools.arm-none.linux64_1.17.0.201812190825/tools/compiler/bin/../lib/gcc/arm-none-eabi/7.3.1/../../../../arm-none-eabi/lib/thumb/v7e-m/fpv4-sp/hard/libc.a(lib_a-gdtoa-gethex.o)
 .text.__gethex
                0x000000000800d858      0x520 /home/valentyn/Programs/SW/plugins/fr.ac6.mcu.externaltools.arm-none.linux64_1.17.0.201812190825/tools/compiler/bin/../lib/gcc/arm-none-eabi/7.3.1/../../../../arm-none-eabi/lib/thumb/v7e-m/fpv4-sp/hard/libc.a(lib_a-gdtoa-gethex.o)
                0x000000000800d858                __gethex
 .text.__match  0x000000000800dd78       0x30 /home/valentyn/Programs/SW/plugins/fr.ac6.mcu.externaltools.arm-none.linux64_1.17.0.201812190825/tools/compiler/bin/../lib/gcc/arm-none-eabi/7.3.1/../../../../arm-none-eabi/lib/thumb/v7e-m/fpv4-sp/hard/libc.a(lib_a-gdtoa-hexnan.o)
                0x000000000800dd78                __match
 .text.__hexnan
                0x000000000800dda8      0x1a0 /home/valentyn/Programs/SW/plugins/fr.ac6.mcu.externaltools.arm-none.linux64_1.17.0.201812190825/tools/compiler/bin/../lib/gcc/arm-none-eabi/7.3.1/../../../../arm-none-eabi/lib/thumb/v7e-m/fpv4-sp/hard/libc.a(lib_a-gdtoa-hexnan.o)
                0x000000000800dda8                __hexnan
 .text.__locale_ctype_ptr_l
                0x000000000800df48        0x8 /home/valentyn/Programs/SW/plugins/fr.ac6.mcu.externaltools.arm-none.linux64_1.17.0.201812190825/tools/compiler/bin/../lib/gcc/arm-none-eabi/7.3.1/../../../../arm-none-eabi/lib/thumb/v7e-m/fpv4-sp/hard/libc.a(lib_a-locale.o)
                0x000000000800df48                __locale_ctype_ptr_l
 .text.__localeconv_l
                0x000000000800df50        0x4 /home/valentyn/Programs/SW/plugins/fr.ac6.mcu.externaltools.arm-none.linux64_1.17.0.201812190825/tools/compiler/bin/../lib/gcc/arm-none-eabi/7.3.1/../../../../arm-none-eabi/lib/thumb/v7e-m/fpv4-sp/hard/libc.a(lib_a-localeconv.o)
                0x000000000800df50                __localeconv_l
 .text.__retarget_lock_acquire_recursive
                0x000000000800df54        0x4 /home/valentyn/Programs/SW/plugins/fr.ac6.mcu.externaltools.arm-none.linux64_1.17.0.201812190825/tools/compiler/bin/../lib/gcc/arm-none-eabi/7.3.1/../../../../arm-none-eabi/lib/thumb/v7e-m/fpv4-sp/hard/libc.a(lib_a-lock.o)
                0x000000000800df54                __retarget_lock_acquire_recursive
 .text.__retarget_lock_release_recursive
                0x000000000800df58        0x4 /home/valentyn/Programs/SW/plugins/fr.ac6.mcu.externaltools.arm-none.linux64_1.17.0.201812190825/tools/compiler/bin/../lib/gcc/arm-none-eabi/7.3.1/../../../../arm-none-eabi/lib/thumb/v7e-m/fpv4-sp/hard/libc.a(lib_a-lock.o)
                0x000000000800df58                __retarget_lock_release_recursive
 .text.__ascii_mbtowc
                0x000000000800df5c       0x2c /home/valentyn/Programs/SW/plugins/fr.ac6.mcu.externaltools.arm-none.linux64_1.17.0.201812190825/tools/compiler/bin/../lib/gcc/arm-none-eabi/7.3.1/../../../../arm-none-eabi/lib/thumb/v7e-m/fpv4-sp/hard/libc.a(lib_a-mbtowc_r.o)
                0x000000000800df5c                __ascii_mbtowc
 .text.memcmp   0x000000000800df88       0x64 /home/valentyn/Programs/SW/plugins/fr.ac6.mcu.externaltools.arm-none.linux64_1.17.0.201812190825/tools/compiler/bin/../lib/gcc/arm-none-eabi/7.3.1/../../../../arm-none-eabi/lib/thumb/v7e-m/fpv4-sp/hard/libc.a(lib_a-memcmp.o)
                0x000000000800df88                memcmp
 .text._Balloc  0x000000000800dfec       0x4c /home/valentyn/Programs/SW/plugins/fr.ac6.mcu.externaltools.arm-none.linux64_1.17.0.201812190825/tools/compiler/bin/../lib/gcc/arm-none-eabi/7.3.1/../../../../arm-none-eabi/lib/thumb/v7e-m/fpv4-sp/hard/libc.a(lib_a-mprec.o)
                0x000000000800dfec                _Balloc
 .text._Bfree   0x000000000800e038       0x14 /home/valentyn/Programs/SW/plugins/fr.ac6.mcu.externaltools.arm-none.linux64_1.17.0.201812190825/tools/compiler/bin/../lib/gcc/arm-none-eabi/7.3.1/../../../../arm-none-eabi/lib/thumb/v7e-m/fpv4-sp/hard/libc.a(lib_a-mprec.o)
                0x000000000800e038                _Bfree
 .text.__multadd
                0x000000000800e04c       0x80 /home/valentyn/Programs/SW/plugins/fr.ac6.mcu.externaltools.arm-none.linux64_1.17.0.201812190825/tools/compiler/bin/../lib/gcc/arm-none-eabi/7.3.1/../../../../arm-none-eabi/lib/thumb/v7e-m/fpv4-sp/hard/libc.a(lib_a-mprec.o)
                0x000000000800e04c                __multadd
 .text.__s2b    0x000000000800e0cc       0x98 /home/valentyn/Programs/SW/plugins/fr.ac6.mcu.externaltools.arm-none.linux64_1.17.0.201812190825/tools/compiler/bin/../lib/gcc/arm-none-eabi/7.3.1/../../../../arm-none-eabi/lib/thumb/v7e-m/fpv4-sp/hard/libc.a(lib_a-mprec.o)
                0x000000000800e0cc                __s2b
 .text.__hi0bits
                0x000000000800e164       0x40 /home/valentyn/Programs/SW/plugins/fr.ac6.mcu.externaltools.arm-none.linux64_1.17.0.201812190825/tools/compiler/bin/../lib/gcc/arm-none-eabi/7.3.1/../../../../arm-none-eabi/lib/thumb/v7e-m/fpv4-sp/hard/libc.a(lib_a-mprec.o)
                0x000000000800e164                __hi0bits
 .text.__lo0bits
                0x000000000800e1a4       0x60 /home/valentyn/Programs/SW/plugins/fr.ac6.mcu.externaltools.arm-none.linux64_1.17.0.201812190825/tools/compiler/bin/../lib/gcc/arm-none-eabi/7.3.1/../../../../arm-none-eabi/lib/thumb/v7e-m/fpv4-sp/hard/libc.a(lib_a-mprec.o)
                0x000000000800e1a4                __lo0bits
 .text.__i2b    0x000000000800e204       0x14 /home/valentyn/Programs/SW/plugins/fr.ac6.mcu.externaltools.arm-none.linux64_1.17.0.201812190825/tools/compiler/bin/../lib/gcc/arm-none-eabi/7.3.1/../../../../arm-none-eabi/lib/thumb/v7e-m/fpv4-sp/hard/libc.a(lib_a-mprec.o)
                0x000000000800e204                __i2b
 .text.__multiply
                0x000000000800e218      0x14c /home/valentyn/Programs/SW/plugins/fr.ac6.mcu.externaltools.arm-none.linux64_1.17.0.201812190825/tools/compiler/bin/../lib/gcc/arm-none-eabi/7.3.1/../../../../arm-none-eabi/lib/thumb/v7e-m/fpv4-sp/hard/libc.a(lib_a-mprec.o)
                0x000000000800e218                __multiply
 .text.__pow5mult
                0x000000000800e364       0xa0 /home/valentyn/Programs/SW/plugins/fr.ac6.mcu.externaltools.arm-none.linux64_1.17.0.201812190825/tools/compiler/bin/../lib/gcc/arm-none-eabi/7.3.1/../../../../arm-none-eabi/lib/thumb/v7e-m/fpv4-sp/hard/libc.a(lib_a-mprec.o)
                0x000000000800e364                __pow5mult
 .text.__lshift
                0x000000000800e404       0xac /home/valentyn/Programs/SW/plugins/fr.ac6.mcu.externaltools.arm-none.linux64_1.17.0.201812190825/tools/compiler/bin/../lib/gcc/arm-none-eabi/7.3.1/../../../../arm-none-eabi/lib/thumb/v7e-m/fpv4-sp/hard/libc.a(lib_a-mprec.o)
                0x000000000800e404                __lshift
 .text.__mcmp   0x000000000800e4b0       0x38 /home/valentyn/Programs/SW/plugins/fr.ac6.mcu.externaltools.arm-none.linux64_1.17.0.201812190825/tools/compiler/bin/../lib/gcc/arm-none-eabi/7.3.1/../../../../arm-none-eabi/lib/thumb/v7e-m/fpv4-sp/hard/libc.a(lib_a-mprec.o)
                0x000000000800e4b0                __mcmp
 .text.__mdiff  0x000000000800e4e8       0xec /home/valentyn/Programs/SW/plugins/fr.ac6.mcu.externaltools.arm-none.linux64_1.17.0.201812190825/tools/compiler/bin/../lib/gcc/arm-none-eabi/7.3.1/../../../../arm-none-eabi/lib/thumb/v7e-m/fpv4-sp/hard/libc.a(lib_a-mprec.o)
                0x000000000800e4e8                __mdiff
 .text.__ulp    0x000000000800e5d4       0x54 /home/valentyn/Programs/SW/plugins/fr.ac6.mcu.externaltools.arm-none.linux64_1.17.0.201812190825/tools/compiler/bin/../lib/gcc/arm-none-eabi/7.3.1/../../../../arm-none-eabi/lib/thumb/v7e-m/fpv4-sp/hard/libc.a(lib_a-mprec.o)
                0x000000000800e5d4                __ulp
 .text.__b2d    0x000000000800e628       0xbc /home/valentyn/Programs/SW/plugins/fr.ac6.mcu.externaltools.arm-none.linux64_1.17.0.201812190825/tools/compiler/bin/../lib/gcc/arm-none-eabi/7.3.1/../../../../arm-none-eabi/lib/thumb/v7e-m/fpv4-sp/hard/libc.a(lib_a-mprec.o)
                0x000000000800e628                __b2d
 .text.__d2b    0x000000000800e6e4       0xc4 /home/valentyn/Programs/SW/plugins/fr.ac6.mcu.externaltools.arm-none.linux64_1.17.0.201812190825/tools/compiler/bin/../lib/gcc/arm-none-eabi/7.3.1/../../../../arm-none-eabi/lib/thumb/v7e-m/fpv4-sp/hard/libc.a(lib_a-mprec.o)
                0x000000000800e6e4                __d2b
 .text.__ratio  0x000000000800e7a8       0x60 /home/valentyn/Programs/SW/plugins/fr.ac6.mcu.externaltools.arm-none.linux64_1.17.0.201812190825/tools/compiler/bin/../lib/gcc/arm-none-eabi/7.3.1/../../../../arm-none-eabi/lib/thumb/v7e-m/fpv4-sp/hard/libc.a(lib_a-mprec.o)
                0x000000000800e7a8                __ratio
 .text.__copybits
                0x000000000800e808       0x48 /home/valentyn/Programs/SW/plugins/fr.ac6.mcu.externaltools.arm-none.linux64_1.17.0.201812190825/tools/compiler/bin/../lib/gcc/arm-none-eabi/7.3.1/../../../../arm-none-eabi/lib/thumb/v7e-m/fpv4-sp/hard/libc.a(lib_a-mprec.o)
                0x000000000800e808                __copybits
 .text.__any_on
                0x000000000800e850       0x58 /home/valentyn/Programs/SW/plugins/fr.ac6.mcu.externaltools.arm-none.linux64_1.17.0.201812190825/tools/compiler/bin/../lib/gcc/arm-none-eabi/7.3.1/../../../../arm-none-eabi/lib/thumb/v7e-m/fpv4-sp/hard/libc.a(lib_a-mprec.o)
                0x000000000800e850                __any_on
 .text.strncmp  0x000000000800e8a8       0x98 /home/valentyn/Programs/SW/plugins/fr.ac6.mcu.externaltools.arm-none.linux64_1.17.0.201812190825/tools/compiler/bin/../lib/gcc/arm-none-eabi/7.3.1/../../../../arm-none-eabi/lib/thumb/v7e-m/fpv4-sp/hard/libc.a(lib_a-strncmp.o)
                0x000000000800e8a8                strncmp
 .text.__ascii_wctomb
                0x000000000800e940       0x1c /home/valentyn/Programs/SW/plugins/fr.ac6.mcu.externaltools.arm-none.linux64_1.17.0.201812190825/tools/compiler/bin/../lib/gcc/arm-none-eabi/7.3.1/../../../../arm-none-eabi/lib/thumb/v7e-m/fpv4-sp/hard/libc.a(lib_a-wctomb_r.o)
                0x000000000800e940                __ascii_wctomb
 .text.__register_exitproc
                0x000000000800e95c       0xc0 /home/valentyn/Programs/SW/plugins/fr.ac6.mcu.externaltools.arm-none.linux64_1.17.0.201812190825/tools/compiler/bin/../lib/gcc/arm-none-eabi/7.3.1/../../../../arm-none-eabi/lib/thumb/v7e-m/fpv4-sp/hard/libc.a(lib_a-__atexit.o)
                0x000000000800e95c                __register_exitproc
 .text._calloc_r
                0x000000000800ea1c       0x68 /home/valentyn/Programs/SW/plugins/fr.ac6.mcu.externaltools.arm-none.linux64_1.17.0.201812190825/tools/compiler/bin/../lib/gcc/arm-none-eabi/7.3.1/../../../../arm-none-eabi/lib/thumb/v7e-m/fpv4-sp/hard/libc.a(lib_a-callocr.o)
                0x000000000800ea1c                _calloc_r
 .text._malloc_r
                0x000000000800ea84      0x548 /home/valentyn/Programs/SW/plugins/fr.ac6.mcu.externaltools.arm-none.linux64_1.17.0.201812190825/tools/compiler/bin/../lib/gcc/arm-none-eabi/7.3.1/../../../../arm-none-eabi/lib/thumb/v7e-m/fpv4-sp/hard/libc.a(lib_a-mallocr.o)
                0x000000000800ea84                _malloc_r
 .text.__malloc_lock
                0x000000000800efcc        0xc /home/valentyn/Programs/SW/plugins/fr.ac6.mcu.externaltools.arm-none.linux64_1.17.0.201812190825/tools/compiler/bin/../lib/gcc/arm-none-eabi/7.3.1/../../../../arm-none-eabi/lib/thumb/v7e-m/fpv4-sp/hard/libc.a(lib_a-mlock.o)
                0x000000000800efcc                __malloc_lock
 .text.__malloc_unlock
                0x000000000800efd8        0xc /home/valentyn/Programs/SW/plugins/fr.ac6.mcu.externaltools.arm-none.linux64_1.17.0.201812190825/tools/compiler/bin/../lib/gcc/arm-none-eabi/7.3.1/../../../../arm-none-eabi/lib/thumb/v7e-m/fpv4-sp/hard/libc.a(lib_a-mlock.o)
                0x000000000800efd8                __malloc_unlock
 .text._sbrk_r  0x000000000800efe4       0x24 /home/valentyn/Programs/SW/plugins/fr.ac6.mcu.externaltools.arm-none.linux64_1.17.0.201812190825/tools/compiler/bin/../lib/gcc/arm-none-eabi/7.3.1/../../../../arm-none-eabi/lib/thumb/v7e-m/fpv4-sp/hard/libc.a(lib_a-sbrkr.o)
                0x000000000800efe4                _sbrk_r
 .text._malloc_trim_r
                0x000000000800f008       0xa0 /home/valentyn/Programs/SW/plugins/fr.ac6.mcu.externaltools.arm-none.linux64_1.17.0.201812190825/tools/compiler/bin/../lib/gcc/arm-none-eabi/7.3.1/../../../../arm-none-eabi/lib/thumb/v7e-m/fpv4-sp/hard/libc.a(lib_a-freer.o)
                0x000000000800f008                _malloc_trim_r
 .text._free_r  0x000000000800f0a8      0x1e8 /home/valentyn/Programs/SW/plugins/fr.ac6.mcu.externaltools.arm-none.linux64_1.17.0.201812190825/tools/compiler/bin/../lib/gcc/arm-none-eabi/7.3.1/../../../../arm-none-eabi/lib/thumb/v7e-m/fpv4-sp/hard/libc.a(lib_a-freer.o)
                0x000000000800f0a8                _free_r
 *(.glue_7)
 .glue_7        0x000000000800f290        0x0 linker stubs
 *(.glue_7t)
 .glue_7t       0x000000000800f290        0x0 linker stubs
 *(.eh_frame)
 .eh_frame      0x000000000800f290        0x0 /home/valentyn/Programs/SW/plugins/fr.ac6.mcu.externaltools.arm-none.linux64_1.17.0.201812190825/tools/compiler/bin/../lib/gcc/arm-none-eabi/7.3.1/thumb/v7e-m/fpv4-sp/hard/crtbegin.o
 *(.init)
 .init          0x000000000800f290        0x4 /home/valentyn/Programs/SW/plugins/fr.ac6.mcu.externaltools.arm-none.linux64_1.17.0.201812190825/tools/compiler/bin/../lib/gcc/arm-none-eabi/7.3.1/thumb/v7e-m/fpv4-sp/hard/crti.o
                0x000000000800f290                _init
 .init          0x000000000800f294        0x8 /home/valentyn/Programs/SW/plugins/fr.ac6.mcu.externaltools.arm-none.linux64_1.17.0.201812190825/tools/compiler/bin/../lib/gcc/arm-none-eabi/7.3.1/thumb/v7e-m/fpv4-sp/hard/crtn.o
 *(.fini)
 .fini          0x000000000800f29c        0x4 /home/valentyn/Programs/SW/plugins/fr.ac6.mcu.externaltools.arm-none.linux64_1.17.0.201812190825/tools/compiler/bin/../lib/gcc/arm-none-eabi/7.3.1/thumb/v7e-m/fpv4-sp/hard/crti.o
                0x000000000800f29c                _fini
 .fini          0x000000000800f2a0        0x8 /home/valentyn/Programs/SW/plugins/fr.ac6.mcu.externaltools.arm-none.linux64_1.17.0.201812190825/tools/compiler/bin/../lib/gcc/arm-none-eabi/7.3.1/thumb/v7e-m/fpv4-sp/hard/crtn.o
                0x000000000800f2a8                . = ALIGN (0x4)
                0x000000000800f2a8                _etext = .

.vfp11_veneer   0x000000000800f2a8        0x0
 .vfp11_veneer  0x000000000800f2a8        0x0 linker stubs

.v4_bx          0x000000000800f2a8        0x0
 .v4_bx         0x000000000800f2a8        0x0 linker stubs

.iplt           0x000000000800f2a8        0x0
 .iplt          0x000000000800f2a8        0x0 /home/valentyn/Programs/SW/plugins/fr.ac6.mcu.externaltools.arm-none.linux64_1.17.0.201812190825/tools/compiler/bin/../lib/gcc/arm-none-eabi/7.3.1/thumb/v7e-m/fpv4-sp/hard/crtbegin.o

.rodata         0x000000000800f2a8      0x7c8
                0x000000000800f2a8                . = ALIGN (0x4)
 *(.rodata)
 .rodata        0x000000000800f2a8        0x5 RTOS/src/tasks.o
 *fill*         0x000000000800f2ad        0x3 
 .rodata        0x000000000800f2b0        0xd RTOS/src/timers.o
 *fill*         0x000000000800f2bd        0x3 
 .rodata        0x000000000800f2c0        0xa src/gpio.o
 *fill*         0x000000000800f2ca        0x2 
 .rodata        0x000000000800f2cc       0x33 src/main.o
 *fill*         0x000000000800f2ff        0x1 
 .rodata        0x000000000800f300       0x2a src/nmea.o
                0x000000000800f308                sm_a
                0x000000000800f310                sm_b
                0x000000000800f318                UTMScaleFactor
                0x000000000800f320                koef
 *fill*         0x000000000800f32a        0x2 
 .rodata        0x000000000800f32c       0x56 src/periph.o
 *fill*         0x000000000800f382        0x2 
 .rodata        0x000000000800f384      0x104 src/stm_tasks.o
 *(.rodata*)
 .rodata.atanhi
                0x000000000800f488       0x20 /home/valentyn/Programs/SW/plugins/fr.ac6.mcu.externaltools.arm-none.linux64_1.17.0.201812190825/tools/compiler/bin/../lib/gcc/arm-none-eabi/7.3.1/../../../../arm-none-eabi/lib/thumb/v7e-m/fpv4-sp/hard/libm.a(lib_a-s_atan.o)
 .rodata.atanlo
                0x000000000800f4a8       0x20 /home/valentyn/Programs/SW/plugins/fr.ac6.mcu.externaltools.arm-none.linux64_1.17.0.201812190825/tools/compiler/bin/../lib/gcc/arm-none-eabi/7.3.1/../../../../arm-none-eabi/lib/thumb/v7e-m/fpv4-sp/hard/libm.a(lib_a-s_atan.o)
 .rodata.pow.str1.4
                0x000000000800f4c8        0x4 /home/valentyn/Programs/SW/plugins/fr.ac6.mcu.externaltools.arm-none.linux64_1.17.0.201812190825/tools/compiler/bin/../lib/gcc/arm-none-eabi/7.3.1/../../../../arm-none-eabi/lib/thumb/v7e-m/fpv4-sp/hard/libm.a(lib_a-w_pow.o)
 .rodata.sqrt.str1.4
                0x000000000800f4cc        0x5 /home/valentyn/Programs/SW/plugins/fr.ac6.mcu.externaltools.arm-none.linux64_1.17.0.201812190825/tools/compiler/bin/../lib/gcc/arm-none-eabi/7.3.1/../../../../arm-none-eabi/lib/thumb/v7e-m/fpv4-sp/hard/libm.a(lib_a-w_sqrt.o)
 *fill*         0x000000000800f4d1        0x3 
 .rodata.powf.str1.4
                0x000000000800f4d4        0x5 /home/valentyn/Programs/SW/plugins/fr.ac6.mcu.externaltools.arm-none.linux64_1.17.0.201812190825/tools/compiler/bin/../lib/gcc/arm-none-eabi/7.3.1/../../../../arm-none-eabi/lib/thumb/v7e-m/fpv4-sp/hard/libm.a(lib_a-wf_pow.o)
 .rodata.__ieee754_pow.str1.4
                0x000000000800f4d9        0x5 /home/valentyn/Programs/SW/plugins/fr.ac6.mcu.externaltools.arm-none.linux64_1.17.0.201812190825/tools/compiler/bin/../lib/gcc/arm-none-eabi/7.3.1/../../../../arm-none-eabi/lib/thumb/v7e-m/fpv4-sp/hard/libm.a(lib_a-e_pow.o)
                                          0x1 (size before relaxing)
 *fill*         0x000000000800f4d9        0x3 
 .rodata.npio2_hw
                0x000000000800f4dc       0x80 /home/valentyn/Programs/SW/plugins/fr.ac6.mcu.externaltools.arm-none.linux64_1.17.0.201812190825/tools/compiler/bin/../lib/gcc/arm-none-eabi/7.3.1/../../../../arm-none-eabi/lib/thumb/v7e-m/fpv4-sp/hard/libm.a(lib_a-e_rem_pio2.o)
 .rodata.two_over_pi
                0x000000000800f55c      0x108 /home/valentyn/Programs/SW/plugins/fr.ac6.mcu.externaltools.arm-none.linux64_1.17.0.201812190825/tools/compiler/bin/../lib/gcc/arm-none-eabi/7.3.1/../../../../arm-none-eabi/lib/thumb/v7e-m/fpv4-sp/hard/libm.a(lib_a-e_rem_pio2.o)
 .rodata.__ieee754_powf.str1.4
                0x000000000800f664        0x1 /home/valentyn/Programs/SW/plugins/fr.ac6.mcu.externaltools.arm-none.linux64_1.17.0.201812190825/tools/compiler/bin/../lib/gcc/arm-none-eabi/7.3.1/../../../../arm-none-eabi/lib/thumb/v7e-m/fpv4-sp/hard/libm.a(lib_a-ef_pow.o)
 *fill*         0x000000000800f664        0x4 
 .rodata.PIo2   0x000000000800f668       0x40 /home/valentyn/Programs/SW/plugins/fr.ac6.mcu.externaltools.arm-none.linux64_1.17.0.201812190825/tools/compiler/bin/../lib/gcc/arm-none-eabi/7.3.1/../../../../arm-none-eabi/lib/thumb/v7e-m/fpv4-sp/hard/libm.a(lib_a-k_rem_pio2.o)
 .rodata.init_jk
                0x000000000800f6a8       0x10 /home/valentyn/Programs/SW/plugins/fr.ac6.mcu.externaltools.arm-none.linux64_1.17.0.201812190825/tools/compiler/bin/../lib/gcc/arm-none-eabi/7.3.1/../../../../arm-none-eabi/lib/thumb/v7e-m/fpv4-sp/hard/libm.a(lib_a-k_rem_pio2.o)
 .rodata.TWO52  0x000000000800f6b8       0x10 /home/valentyn/Programs/SW/plugins/fr.ac6.mcu.externaltools.arm-none.linux64_1.17.0.201812190825/tools/compiler/bin/../lib/gcc/arm-none-eabi/7.3.1/../../../../arm-none-eabi/lib/thumb/v7e-m/fpv4-sp/hard/libm.a(lib_a-s_rint.o)
 .rodata.TWO23  0x000000000800f6c8        0x8 /home/valentyn/Programs/SW/plugins/fr.ac6.mcu.externaltools.arm-none.linux64_1.17.0.201812190825/tools/compiler/bin/../lib/gcc/arm-none-eabi/7.3.1/../../../../arm-none-eabi/lib/thumb/v7e-m/fpv4-sp/hard/libm.a(lib_a-sf_rint.o)
 .rodata._global_impure_ptr
                0x000000000800f6d0        0x4 /home/valentyn/Programs/SW/plugins/fr.ac6.mcu.externaltools.arm-none.linux64_1.17.0.201812190825/tools/compiler/bin/../lib/gcc/arm-none-eabi/7.3.1/../../../../arm-none-eabi/lib/thumb/v7e-m/fpv4-sp/hard/libc.a(lib_a-impure.o)
                0x000000000800f6d0                _global_impure_ptr
 .rodata._strtod_l.str1.4
                0x000000000800f6d4        0xf /home/valentyn/Programs/SW/plugins/fr.ac6.mcu.externaltools.arm-none.linux64_1.17.0.201812190825/tools/compiler/bin/../lib/gcc/arm-none-eabi/7.3.1/../../../../arm-none-eabi/lib/thumb/v7e-m/fpv4-sp/hard/libc.a(lib_a-strtod.o)
 *fill*         0x000000000800f6e3        0x1 
 .rodata.fpi.7447
                0x000000000800f6e4       0x14 /home/valentyn/Programs/SW/plugins/fr.ac6.mcu.externaltools.arm-none.linux64_1.17.0.201812190825/tools/compiler/bin/../lib/gcc/arm-none-eabi/7.3.1/../../../../arm-none-eabi/lib/thumb/v7e-m/fpv4-sp/hard/libc.a(lib_a-strtod.o)
 .rodata.fpinan.7483
                0x000000000800f6f8       0x14 /home/valentyn/Programs/SW/plugins/fr.ac6.mcu.externaltools.arm-none.linux64_1.17.0.201812190825/tools/compiler/bin/../lib/gcc/arm-none-eabi/7.3.1/../../../../arm-none-eabi/lib/thumb/v7e-m/fpv4-sp/hard/libc.a(lib_a-strtod.o)
 *fill*         0x000000000800f70c        0x4 
 .rodata.tinytens
                0x000000000800f710       0x28 /home/valentyn/Programs/SW/plugins/fr.ac6.mcu.externaltools.arm-none.linux64_1.17.0.201812190825/tools/compiler/bin/../lib/gcc/arm-none-eabi/7.3.1/../../../../arm-none-eabi/lib/thumb/v7e-m/fpv4-sp/hard/libc.a(lib_a-strtod.o)
 .rodata.__utoa.str1.4
                0x000000000800f738       0x25 /home/valentyn/Programs/SW/plugins/fr.ac6.mcu.externaltools.arm-none.linux64_1.17.0.201812190825/tools/compiler/bin/../lib/gcc/arm-none-eabi/7.3.1/../../../../arm-none-eabi/lib/thumb/v7e-m/fpv4-sp/hard/libc.a(lib_a-utoa.o)
 *fill*         0x000000000800f75d        0x3 
 .rodata.__hexdig
                0x000000000800f760      0x100 /home/valentyn/Programs/SW/plugins/fr.ac6.mcu.externaltools.arm-none.linux64_1.17.0.201812190825/tools/compiler/bin/../lib/gcc/arm-none-eabi/7.3.1/../../../../arm-none-eabi/lib/thumb/v7e-m/fpv4-sp/hard/libc.a(lib_a-gdtoa-gethex.o)
                0x000000000800f760                __hexdig
 .rodata._setlocale_r.str1.4
                0x000000000800f860        0xa /home/valentyn/Programs/SW/plugins/fr.ac6.mcu.externaltools.arm-none.linux64_1.17.0.201812190825/tools/compiler/bin/../lib/gcc/arm-none-eabi/7.3.1/../../../../arm-none-eabi/lib/thumb/v7e-m/fpv4-sp/hard/libc.a(lib_a-locale.o)
                                          0xd (size before relaxing)
 *fill*         0x000000000800f86a        0x2 
 .rodata.str1.4
                0x000000000800f86c        0x4 /home/valentyn/Programs/SW/plugins/fr.ac6.mcu.externaltools.arm-none.linux64_1.17.0.201812190825/tools/compiler/bin/../lib/gcc/arm-none-eabi/7.3.1/../../../../arm-none-eabi/lib/thumb/v7e-m/fpv4-sp/hard/libc.a(lib_a-locale.o)
                                          0x2 (size before relaxing)
 .rodata.__mprec_bigtens
                0x000000000800f870       0x28 /home/valentyn/Programs/SW/plugins/fr.ac6.mcu.externaltools.arm-none.linux64_1.17.0.201812190825/tools/compiler/bin/../lib/gcc/arm-none-eabi/7.3.1/../../../../arm-none-eabi/lib/thumb/v7e-m/fpv4-sp/hard/libc.a(lib_a-mprec.o)
                0x000000000800f870                __mprec_bigtens
 .rodata.__mprec_tens
                0x000000000800f898       0xc8 /home/valentyn/Programs/SW/plugins/fr.ac6.mcu.externaltools.arm-none.linux64_1.17.0.201812190825/tools/compiler/bin/../lib/gcc/arm-none-eabi/7.3.1/../../../../arm-none-eabi/lib/thumb/v7e-m/fpv4-sp/hard/libc.a(lib_a-mprec.o)
                0x000000000800f898                __mprec_tens
 .rodata.p05.7367
                0x000000000800f960        0xc /home/valentyn/Programs/SW/plugins/fr.ac6.mcu.externaltools.arm-none.linux64_1.17.0.201812190825/tools/compiler/bin/../lib/gcc/arm-none-eabi/7.3.1/../../../../arm-none-eabi/lib/thumb/v7e-m/fpv4-sp/hard/libc.a(lib_a-mprec.o)
 .rodata._ctype_
                0x000000000800f96c      0x101 /home/valentyn/Programs/SW/plugins/fr.ac6.mcu.externaltools.arm-none.linux64_1.17.0.201812190825/tools/compiler/bin/../lib/gcc/arm-none-eabi/7.3.1/../../../../arm-none-eabi/lib/thumb/v7e-m/fpv4-sp/hard/libc.a(lib_a-ctype_.o)
                0x000000000800f96c                _ctype_
                0x000000000800fa70                . = ALIGN (0x4)
 *fill*         0x000000000800fa6d        0x3 

.rel.dyn        0x000000000800fa70        0x0
 .rel.iplt      0x000000000800fa70        0x0 /home/valentyn/Programs/SW/plugins/fr.ac6.mcu.externaltools.arm-none.linux64_1.17.0.201812190825/tools/compiler/bin/../lib/gcc/arm-none-eabi/7.3.1/thumb/v7e-m/fpv4-sp/hard/crtbegin.o

.ARM.extab      0x000000000800fa70        0x0
                0x000000000800fa70                . = ALIGN (0x4)
 *(.ARM.extab* .gnu.linkonce.armextab.*)
                0x000000000800fa70                . = ALIGN (0x4)

.ARM            0x000000000800fa70        0x0
                0x000000000800fa70                . = ALIGN (0x4)
                0x000000000800fa70                __exidx_start = .
 *(.ARM.exidx*)
                0x000000000800fa70                __exidx_end = .
                0x000000000800fa70                . = ALIGN (0x4)

.preinit_array  0x000000000800fa70        0x0
                0x000000000800fa70                . = ALIGN (0x4)
                0x000000000800fa70                PROVIDE (__preinit_array_start = .)
 *(.preinit_array*)
                0x000000000800fa70                PROVIDE (__preinit_array_end = .)
                0x000000000800fa70                . = ALIGN (0x4)

.init_array     0x000000000800fa70        0x8
                0x000000000800fa70                . = ALIGN (0x4)
                0x000000000800fa70                PROVIDE (__init_array_start = .)
 *(SORT_BY_NAME(.init_array.*))
 .init_array.00000
                0x000000000800fa70        0x4 /home/valentyn/Programs/SW/plugins/fr.ac6.mcu.externaltools.arm-none.linux64_1.17.0.201812190825/tools/compiler/bin/../lib/gcc/arm-none-eabi/7.3.1/../../../../arm-none-eabi/lib/thumb/v7e-m/fpv4-sp/hard/libc.a(lib_a-__call_atexit.o)
 *(.init_array*)
 .init_array    0x000000000800fa74        0x4 /home/valentyn/Programs/SW/plugins/fr.ac6.mcu.externaltools.arm-none.linux64_1.17.0.201812190825/tools/compiler/bin/../lib/gcc/arm-none-eabi/7.3.1/thumb/v7e-m/fpv4-sp/hard/crtbegin.o
                0x000000000800fa78                PROVIDE (__init_array_end = .)
                0x000000000800fa78                . = ALIGN (0x4)

.fini_array     0x000000000800fa78        0x4
                0x000000000800fa78                . = ALIGN (0x4)
                0x000000000800fa78                PROVIDE (__fini_array_start = .)
 *(SORT_BY_NAME(.fini_array.*))
 *(.fini_array*)
 .fini_array    0x000000000800fa78        0x4 /home/valentyn/Programs/SW/plugins/fr.ac6.mcu.externaltools.arm-none.linux64_1.17.0.201812190825/tools/compiler/bin/../lib/gcc/arm-none-eabi/7.3.1/thumb/v7e-m/fpv4-sp/hard/crtbegin.o
                0x000000000800fa7c                PROVIDE (__fini_array_end = .)
                0x000000000800fa7c                . = ALIGN (0x4)
                0x000000000800fa7c                _sidata = LOADADDR (.data)

.data           0x0000000020000000      0x9c0 load address 0x000000000800fa7c
                0x0000000020000000                . = ALIGN (0x4)
                0x0000000020000000                _sdata = .
 *(.data)
 .data          0x0000000020000000        0x4 RTOS/src/port.o
 .data          0x0000000020000004        0x8 src/main.o
                0x0000000020000004                rxDMA
 *(.data*)
 .data.__fdlib_version
                0x000000002000000c        0x1 /home/valentyn/Programs/SW/plugins/fr.ac6.mcu.externaltools.arm-none.linux64_1.17.0.201812190825/tools/compiler/bin/../lib/gcc/arm-none-eabi/7.3.1/../../../../arm-none-eabi/lib/thumb/v7e-m/fpv4-sp/hard/libm.a(lib_a-s_lib_ver.o)
                0x000000002000000c                __fdlib_version
 *fill*         0x000000002000000d        0x3 
 .data._impure_ptr
                0x0000000020000010        0x4 /home/valentyn/Programs/SW/plugins/fr.ac6.mcu.externaltools.arm-none.linux64_1.17.0.201812190825/tools/compiler/bin/../lib/gcc/arm-none-eabi/7.3.1/../../../../arm-none-eabi/lib/thumb/v7e-m/fpv4-sp/hard/libc.a(lib_a-impure.o)
                0x0000000020000010                _impure_ptr
 *fill*         0x0000000020000014        0x4 
 .data.impure_data
                0x0000000020000018      0x428 /home/valentyn/Programs/SW/plugins/fr.ac6.mcu.externaltools.arm-none.linux64_1.17.0.201812190825/tools/compiler/bin/../lib/gcc/arm-none-eabi/7.3.1/../../../../arm-none-eabi/lib/thumb/v7e-m/fpv4-sp/hard/libc.a(lib_a-impure.o)
 .data.__atexit_recursive_mutex
                0x0000000020000440        0x4 /home/valentyn/Programs/SW/plugins/fr.ac6.mcu.externaltools.arm-none.linux64_1.17.0.201812190825/tools/compiler/bin/../lib/gcc/arm-none-eabi/7.3.1/../../../../arm-none-eabi/lib/thumb/v7e-m/fpv4-sp/hard/libc.a(lib_a-__call_atexit.o)
                0x0000000020000440                __atexit_recursive_mutex
 .data.__global_locale
                0x0000000020000444      0x16c /home/valentyn/Programs/SW/plugins/fr.ac6.mcu.externaltools.arm-none.linux64_1.17.0.201812190825/tools/compiler/bin/../lib/gcc/arm-none-eabi/7.3.1/../../../../arm-none-eabi/lib/thumb/v7e-m/fpv4-sp/hard/libc.a(lib_a-locale.o)
                0x0000000020000444                __global_locale
 .data.__malloc_av_
                0x00000000200005b0      0x408 /home/valentyn/Programs/SW/plugins/fr.ac6.mcu.externaltools.arm-none.linux64_1.17.0.201812190825/tools/compiler/bin/../lib/gcc/arm-none-eabi/7.3.1/../../../../arm-none-eabi/lib/thumb/v7e-m/fpv4-sp/hard/libc.a(lib_a-mallocr.o)
                0x00000000200005b0                __malloc_av_
 .data.__malloc_sbrk_base
                0x00000000200009b8        0x4 /home/valentyn/Programs/SW/plugins/fr.ac6.mcu.externaltools.arm-none.linux64_1.17.0.201812190825/tools/compiler/bin/../lib/gcc/arm-none-eabi/7.3.1/../../../../arm-none-eabi/lib/thumb/v7e-m/fpv4-sp/hard/libc.a(lib_a-mallocr.o)
                0x00000000200009b8                __malloc_sbrk_base
 .data.__malloc_trim_threshold
                0x00000000200009bc        0x4 /home/valentyn/Programs/SW/plugins/fr.ac6.mcu.externaltools.arm-none.linux64_1.17.0.201812190825/tools/compiler/bin/../lib/gcc/arm-none-eabi/7.3.1/../../../../arm-none-eabi/lib/thumb/v7e-m/fpv4-sp/hard/libc.a(lib_a-mallocr.o)
                0x00000000200009bc                __malloc_trim_threshold
                0x00000000200009c0                . = ALIGN (0x4)
                0x00000000200009c0                _edata = .

.igot.plt       0x00000000200009c0        0x0 load address 0x000000000801043c
 .igot.plt      0x00000000200009c0        0x0 /home/valentyn/Programs/SW/plugins/fr.ac6.mcu.externaltools.arm-none.linux64_1.17.0.201812190825/tools/compiler/bin/../lib/gcc/arm-none-eabi/7.3.1/thumb/v7e-m/fpv4-sp/hard/crtbegin.o
                0x00000000200009c0                . = ALIGN (0x4)

.bss            0x00000000200009c0     0x7fd8 load address 0x000000000801043c
                0x00000000200009c0                _sbss = .
                0x00000000200009c0                __bss_start__ = _sbss
 *(.bss)
 .bss           0x00000000200009c0       0x1c /home/valentyn/Programs/SW/plugins/fr.ac6.mcu.externaltools.arm-none.linux64_1.17.0.201812190825/tools/compiler/bin/../lib/gcc/arm-none-eabi/7.3.1/thumb/v7e-m/fpv4-sp/hard/crtbegin.o
 .bss           0x00000000200009dc     0x7818 RTOS/src/heap_4.o
 .bss           0x00000000200081f4        0x8 RTOS/src/port.o
 .bss           0x00000000200081fc      0x104 RTOS/src/tasks.o
                0x00000000200081fc                pxCurrentTCB
 .bss           0x0000000020008300       0x3c RTOS/src/timers.o
 *fill*         0x000000002000833c        0x4 
 .bss           0x0000000020008340       0x10 src/nmea.o
                0x0000000020008340                xy
 .bss           0x0000000020008350        0x1 src/position.o
 .bss           0x0000000020008351        0x1 src/stm_tasks.o
 *fill*         0x0000000020008352        0x2 
 .bss           0x0000000020008354        0x4 startup/sysmem.o
 *(.bss*)
 .bss.__malloc_current_mallinfo
                0x0000000020008358       0x28 /home/valentyn/Programs/SW/plugins/fr.ac6.mcu.externaltools.arm-none.linux64_1.17.0.201812190825/tools/compiler/bin/../lib/gcc/arm-none-eabi/7.3.1/../../../../arm-none-eabi/lib/thumb/v7e-m/fpv4-sp/hard/libc.a(lib_a-mallocr.o)
                0x0000000020008358                __malloc_current_mallinfo
 .bss.__malloc_max_sbrked_mem
                0x0000000020008380        0x4 /home/valentyn/Programs/SW/plugins/fr.ac6.mcu.externaltools.arm-none.linux64_1.17.0.201812190825/tools/compiler/bin/../lib/gcc/arm-none-eabi/7.3.1/../../../../arm-none-eabi/lib/thumb/v7e-m/fpv4-sp/hard/libc.a(lib_a-mallocr.o)
                0x0000000020008380                __malloc_max_sbrked_mem
 .bss.__malloc_max_total_mem
                0x0000000020008384        0x4 /home/valentyn/Programs/SW/plugins/fr.ac6.mcu.externaltools.arm-none.linux64_1.17.0.201812190825/tools/compiler/bin/../lib/gcc/arm-none-eabi/7.3.1/../../../../arm-none-eabi/lib/thumb/v7e-m/fpv4-sp/hard/libc.a(lib_a-mallocr.o)
                0x0000000020008384                __malloc_max_total_mem
 .bss.__malloc_top_pad
                0x0000000020008388        0x4 /home/valentyn/Programs/SW/plugins/fr.ac6.mcu.externaltools.arm-none.linux64_1.17.0.201812190825/tools/compiler/bin/../lib/gcc/arm-none-eabi/7.3.1/../../../../arm-none-eabi/lib/thumb/v7e-m/fpv4-sp/hard/libc.a(lib_a-mallocr.o)
                0x0000000020008388                __malloc_top_pad
 *(COMMON)
 COMMON         0x000000002000838c       0x40 RTOS/src/queue.o
                0x000000002000838c                xQueueRegistry
 *fill*         0x00000000200083cc        0x4 
 COMMON         0x00000000200083d0       0xe0 src/ABLine.o
                0x00000000200083d0                abline
 COMMON         0x00000000200084b0        0xc src/main.o
                0x00000000200084b0                xHigherPriorityTaskWoken
                0x00000000200084b4                xpQueue
                0x00000000200084b8                lcdQueue
 *fill*         0x00000000200084bc        0x4 
 COMMON         0x00000000200084c0      0x1d1 src/nmea.o
                0x00000000200084c0                nmea
                0x00000000200085b0                words
 *fill*         0x0000000020008691        0x3 
 COMMON         0x0000000020008694      0x118 src/periph.o
                0x0000000020008694                rxDMAbuf1
                0x00000000200086bc                rxDMAbuf0
                0x00000000200086e4                toBlue
 *fill*         0x00000000200087ac        0x4 
 COMMON         0x00000000200087b0      0x148 src/position.o
                0x00000000200087b0                position
 COMMON         0x00000000200088f8        0x4 src/stm_tasks.o
                0x00000000200088f8                receivePointer
 *fill*         0x00000000200088fc        0x4 
 COMMON         0x0000000020008900       0x70 src/vehicle.o
                0x0000000020008900                vehicle
 COMMON         0x0000000020008970       0x21 /home/valentyn/Programs/SW/plugins/fr.ac6.mcu.externaltools.arm-none.linux64_1.17.0.201812190825/tools/compiler/bin/../lib/gcc/arm-none-eabi/7.3.1/../../../../arm-none-eabi/lib/thumb/v7e-m/fpv4-sp/hard/libc.a(lib_a-lock.o)
                0x0000000020008970                __lock___atexit_recursive_mutex
                0x0000000020008974                __lock___arc4random_mutex
                0x0000000020008978                __lock___env_recursive_mutex
                0x000000002000897c                __lock___sinit_recursive_mutex
                0x0000000020008980                __lock___malloc_recursive_mutex
                0x0000000020008984                __lock___at_quick_exit_mutex
                0x0000000020008988                __lock___dd_hash_mutex
                0x000000002000898c                __lock___tz_mutex
                0x0000000020008990                __lock___sfp_recursive_mutex
 *fill*         0x0000000020008991        0x3 
 COMMON         0x0000000020008994        0x4 /home/valentyn/Programs/SW/plugins/fr.ac6.mcu.externaltools.arm-none.linux64_1.17.0.201812190825/tools/compiler/bin/../lib/gcc/arm-none-eabi/7.3.1/../../../../arm-none-eabi/lib/thumb/v7e-m/fpv4-sp/hard/libc.a(lib_a-reent.o)
                0x0000000020008994                errno
                0x0000000020008998                . = ALIGN (0x4)
                0x0000000020008998                _ebss = .
                0x0000000020008998                __bss_end__ = _ebss

._user_heap_stack
                0x0000000020008998      0x400 load address 0x000000000801043c
                0x0000000020008998                . = ALIGN (0x8)
                0x0000000020008998                PROVIDE (end = .)
                [!provide]                        PROVIDE (_end = .)
                0x0000000020008998                . = (. + _Min_Heap_Size)
                0x0000000020008d98                . = (. + _Min_Stack_Size)
 *fill*         0x0000000020008998      0x400 
                0x0000000020008d98                . = ALIGN (0x8)

/DISCARD/
 libc.a(*)
 libm.a(*)
 libgcc.a(*)

.ARM.attributes
                0x0000000000000000       0x30
 *(.ARM.attributes)
 .ARM.attributes
                0x0000000000000000       0x22 /home/valentyn/Programs/SW/plugins/fr.ac6.mcu.externaltools.arm-none.linux64_1.17.0.201812190825/tools/compiler/bin/../lib/gcc/arm-none-eabi/7.3.1/thumb/v7e-m/fpv4-sp/hard/crti.o
 .ARM.attributes
                0x0000000000000022       0x34 /home/valentyn/Programs/SW/plugins/fr.ac6.mcu.externaltools.arm-none.linux64_1.17.0.201812190825/tools/compiler/bin/../lib/gcc/arm-none-eabi/7.3.1/thumb/v7e-m/fpv4-sp/hard/crtbegin.o
 .ARM.attributes
                0x0000000000000056       0x39 RTOS/src/heap_4.o
 .ARM.attributes
                0x000000000000008f       0x39 RTOS/src/list.o
 .ARM.attributes
                0x00000000000000c8       0x39 RTOS/src/port.o
 .ARM.attributes
                0x0000000000000101       0x39 RTOS/src/queue.o
 .ARM.attributes
                0x000000000000013a       0x39 RTOS/src/tasks.o
 .ARM.attributes
                0x0000000000000173       0x39 RTOS/src/timers.o
 .ARM.attributes
                0x00000000000001ac       0x39 src/ABLine.o
 .ARM.attributes
                0x00000000000001e5       0x39 src/charQueue.o
 .ARM.attributes
                0x000000000000021e       0x39 src/glm.o
 .ARM.attributes
                0x0000000000000257       0x39 src/gpio.o
 .ARM.attributes
                0x0000000000000290       0x39 src/main.o
 .ARM.attributes
                0x00000000000002c9       0x39 src/nmea.o
 .ARM.attributes
                0x0000000000000302       0x39 src/periph.o
 .ARM.attributes
                0x000000000000033b       0x39 src/position.o
 .ARM.attributes
                0x0000000000000374       0x39 src/stm_tasks.o
 .ARM.attributes
                0x00000000000003ad       0x39 src/system_stm32f4xx.o
 .ARM.attributes
                0x00000000000003e6       0x39 src/vehicle.o
 .ARM.attributes
                0x000000000000041f       0x21 startup/startup_stm32.o
 .ARM.attributes
                0x0000000000000440       0x39 startup/sysmem.o
 .ARM.attributes
                0x0000000000000479       0x34 /home/valentyn/Programs/SW/plugins/fr.ac6.mcu.externaltools.arm-none.linux64_1.17.0.201812190825/tools/compiler/bin/../lib/gcc/arm-none-eabi/7.3.1/../../../../arm-none-eabi/lib/thumb/v7e-m/fpv4-sp/hard/libm.a(lib_a-s_atan.o)
 .ARM.attributes
                0x00000000000004ad       0x34 /home/valentyn/Programs/SW/plugins/fr.ac6.mcu.externaltools.arm-none.linux64_1.17.0.201812190825/tools/compiler/bin/../lib/gcc/arm-none-eabi/7.3.1/../../../../arm-none-eabi/lib/thumb/v7e-m/fpv4-sp/hard/libm.a(lib_a-s_ceil.o)
 .ARM.attributes
                0x00000000000004e1       0x34 /home/valentyn/Programs/SW/plugins/fr.ac6.mcu.externaltools.arm-none.linux64_1.17.0.201812190825/tools/compiler/bin/../lib/gcc/arm-none-eabi/7.3.1/../../../../arm-none-eabi/lib/thumb/v7e-m/fpv4-sp/hard/libm.a(lib_a-s_cos.o)
 .ARM.attributes
                0x0000000000000515       0x34 /home/valentyn/Programs/SW/plugins/fr.ac6.mcu.externaltools.arm-none.linux64_1.17.0.201812190825/tools/compiler/bin/../lib/gcc/arm-none-eabi/7.3.1/../../../../arm-none-eabi/lib/thumb/v7e-m/fpv4-sp/hard/libm.a(lib_a-s_fabs.o)
 .ARM.attributes