Archive member included to satisfy reference by file (symbol)

/home/valentyn/Programs/SystemWorkbench/plugins/fr.ac6.mcu.externaltools.arm-none.linux64_1.17.0.201812190825/tools/compiler/bin/../lib/gcc/arm-none-eabi/7.3.1/../../../../arm-none-eabi/lib/thumb/v7e-m/fpv4-sp/hard/libm.a(lib_a-s_atan.o)
                              src/ABLine.o (atan)
/home/valentyn/Programs/SystemWorkbench/plugins/fr.ac6.mcu.externaltools.arm-none.linux64_1.17.0.201812190825/tools/compiler/bin/../lib/gcc/arm-none-eabi/7.3.1/../../../../arm-none-eabi/lib/thumb/v7e-m/fpv4-sp/hard/libm.a(lib_a-s_ceil.o)
                              src/ABLine.o (ceil)
/home/valentyn/Programs/SystemWorkbench/plugins/fr.ac6.mcu.externaltools.arm-none.linux64_1.17.0.201812190825/tools/compiler/bin/../lib/gcc/arm-none-eabi/7.3.1/../../../../arm-none-eabi/lib/thumb/v7e-m/fpv4-sp/hard/libm.a(lib_a-s_cos.o)
                              src/ABLine.o (cos)
/home/valentyn/Programs/SystemWorkbench/plugins/fr.ac6.mcu.externaltools.arm-none.linux64_1.17.0.201812190825/tools/compiler/bin/../lib/gcc/arm-none-eabi/7.3.1/../../../../arm-none-eabi/lib/thumb/v7e-m/fpv4-sp/hard/libm.a(lib_a-s_fabs.o)
                              /home/valentyn/Programs/SystemWorkbench/plugins/fr.ac6.mcu.externaltools.arm-none.linux64_1.17.0.201812190825/tools/compiler/bin/../lib/gcc/arm-none-eabi/7.3.1/../../../../arm-none-eabi/lib/thumb/v7e-m/fpv4-sp/hard/libm.a(lib_a-s_atan.o) (fabs)
/home/valentyn/Programs/SystemWorkbench/plugins/fr.ac6.mcu.externaltools.arm-none.linux64_1.17.0.201812190825/tools/compiler/bin/../lib/gcc/arm-none-eabi/7.3.1/../../../../arm-none-eabi/lib/thumb/v7e-m/fpv4-sp/hard/libm.a(lib_a-s_floor.o)
                              src/ABLine.o (floor)
/home/valentyn/Programs/SystemWorkbench/plugins/fr.ac6.mcu.externaltools.arm-none.linux64_1.17.0.201812190825/tools/compiler/bin/../lib/gcc/arm-none-eabi/7.3.1/../../../../arm-none-eabi/lib/thumb/v7e-m/fpv4-sp/hard/libm.a(lib_a-s_round.o)
                              src/nmea.o (round)
/home/valentyn/Programs/SystemWorkbench/plugins/fr.ac6.mcu.externaltools.arm-none.linux64_1.17.0.201812190825/tools/compiler/bin/../lib/gcc/arm-none-eabi/7.3.1/../../../../arm-none-eabi/lib/thumb/v7e-m/fpv4-sp/hard/libm.a(lib_a-s_sin.o)
                              src/ABLine.o (sin)
/home/valentyn/Programs/SystemWorkbench/plugins/fr.ac6.mcu.externaltools.arm-none.linux64_1.17.0.201812190825/tools/compiler/bin/../lib/gcc/arm-none-eabi/7.3.1/../../../../arm-none-eabi/lib/thumb/v7e-m/fpv4-sp/hard/libm.a(lib_a-s_tan.o)
                              src/ABLine.o (tan)
/home/valentyn/Programs/SystemWorkbench/plugins/fr.ac6.mcu.externaltools.arm-none.linux64_1.17.0.201812190825/tools/compiler/bin/../lib/gcc/arm-none-eabi/7.3.1/../../../../arm-none-eabi/lib/thumb/v7e-m/fpv4-sp/hard/libm.a(lib_a-w_atan2.o)
                              src/ABLine.o (atan2)
/home/valentyn/Programs/SystemWorkbench/plugins/fr.ac6.mcu.externaltools.arm-none.linux64_1.17.0.201812190825/tools/compiler/bin/../lib/gcc/arm-none-eabi/7.3.1/../../../../arm-none-eabi/lib/thumb/v7e-m/fpv4-sp/hard/libm.a(lib_a-w_pow.o)
                              src/glm.o (pow)
/home/valentyn/Programs/SystemWorkbench/plugins/fr.ac6.mcu.externaltools.arm-none.linux64_1.17.0.201812190825/tools/compiler/bin/../lib/gcc/arm-none-eabi/7.3.1/../../../../arm-none-eabi/lib/thumb/v7e-m/fpv4-sp/hard/libm.a(lib_a-w_sqrt.o)
                              src/ABLine.o (sqrt)
/home/valentyn/Programs/SystemWorkbench/plugins/fr.ac6.mcu.externaltools.arm-none.linux64_1.17.0.201812190825/tools/compiler/bin/../lib/gcc/arm-none-eabi/7.3.1/../../../../arm-none-eabi/lib/thumb/v7e-m/fpv4-sp/hard/libm.a(lib_a-wf_pow.o)
                              src/nmea.o (powf)
/home/valentyn/Programs/SystemWorkbench/plugins/fr.ac6.mcu.externaltools.arm-none.linux64_1.17.0.201812190825/tools/compiler/bin/../lib/gcc/arm-none-eabi/7.3.1/../../../../arm-none-eabi/lib/thumb/v7e-m/fpv4-sp/hard/libm.a(lib_a-e_atan2.o)
                              /home/valentyn/Programs/SystemWorkbench/plugins/fr.ac6.mcu.externaltools.arm-none.linux64_1.17.0.201812190825/tools/compiler/bin/../lib/gcc/arm-none-eabi/7.3.1/../../../../arm-none-eabi/lib/thumb/v7e-m/fpv4-sp/hard/libm.a(lib_a-w_atan2.o) (__ieee754_atan2)
/home/valentyn/Programs/SystemWorkbench/plugins/fr.ac6.mcu.externaltools.arm-none.linux64_1.17.0.201812190825/tools/compiler/bin/../lib/gcc/arm-none-eabi/7.3.1/../../../../arm-none-eabi/lib/thumb/v7e-m/fpv4-sp/hard/libm.a(lib_a-e_pow.o)
                              /home/valentyn/Programs/SystemWorkbench/plugins/fr.ac6.mcu.externaltools.arm-none.linux64_1.17.0.201812190825/tools/compiler/bin/../lib/gcc/arm-none-eabi/7.3.1/../../../../arm-none-eabi/lib/thumb/v7e-m/fpv4-sp/hard/libm.a(lib_a-w_pow.o) (__ieee754_pow)
[...]
Memory Configuration

Name             Origin             Length             Attributes
RAM              0x0000000020000000 0x0000000000020000 xrw
ROM              0x0000000008000000 0x0000000000100000 xr
*default*        0x0000000000000000 0xffffffffffffffff

Linker script and memory map

LOAD /home/valentyn/Programs/SystemWorkbench/plugins/fr.ac6.mcu.externaltools.arm-none.linux64_1.17.0.201812190825/tools/compiler/bin/../lib/gcc/arm-none-eabi/7.3.1/thumb/v7e-m/fpv4-sp/hard/crti.o
LOAD /home/valentyn/Programs/SystemWorkbench/plugins/fr.ac6.mcu.externaltools.arm-none.linux64_1.17.0.201812190825/tools/compiler/bin/../lib/gcc/arm-none-eabi/7.3.1/thumb/v7e-m/fpv4-sp/hard/crtbegin.o
LOAD /home/valentyn/Programs/SystemWorkbench/plugins/fr.ac6.mcu.externaltools.arm-none.linux64_1.17.0.201812190825/tools/compiler/bin/../lib/gcc/arm-none-eabi/7.3.1/../../../../arm-none-eabi/lib/thumb/v7e-m/fpv4-sp/hard/crt0.o
LOAD RTOS/src/croutine.o
LOAD RTOS/src/event_groups.o
LOAD RTOS/src/heap_4.o
LOAD RTOS/src/list.o
LOAD RTOS/src/port.o
LOAD RTOS/src/queue.o
LOAD RTOS/src/tasks.o
LOAD RTOS/src/timers.o
LOAD src/ABLine.o
LOAD src/algorithm.o
LOAD src/charQueue.o
LOAD src/glm.o
LOAD src/gpio.o
LOAD src/main.o
LOAD src/nmea.o
LOAD src/periph.o
LOAD src/position.o
LOAD src/system_stm32f4xx.o
LOAD src/vehicle.o
LOAD startup/startup_stm32.o
LOAD startup/sysmem.o
LOAD /home/valentyn/Programs/SystemWorkbench/plugins/fr.ac6.mcu.externaltools.arm-none.linux64_1.17.0.201812190825/tools/compiler/bin/../lib/gcc/arm-none-eabi/7.3.1/../../../../arm-none-eabi/lib/thumb/v7e-m/fpv4-sp/hard/libm.a
START GROUP
LOAD /home/valentyn/Programs/SystemWorkbench/plugins/fr.ac6.mcu.externaltools.arm-none.linux64_1.17.0.201812190825/tools/compiler/bin/../lib/gcc/arm-none-eabi/7.3.1/thumb/v7e-m/fpv4-sp/hard/libgcc.a
LOAD /home/valentyn/Programs/SystemWorkbench/plugins/fr.ac6.mcu.externaltools.arm-none.linux64_1.17.0.201812190825/tools/compiler/bin/../lib/gcc/arm-none-eabi/7.3.1/../../../../arm-none-eabi/lib/thumb/v7e-m/fpv4-sp/hard/libc.a
END GROUP
LOAD /home/valentyn/Programs/SystemWorkbench/plugins/fr.ac6.mcu.externaltools.arm-none.linux64_1.17.0.201812190825/tools/compiler/bin/../lib/gcc/arm-none-eabi/7.3.1/thumb/v7e-m/fpv4-sp/hard/crtend.o
LOAD /home/valentyn/Programs/SystemWorkbench/plugins/fr.ac6.mcu.externaltools.arm-none.linux64_1.17.0.201812190825/tools/compiler/bin/../lib/gcc/arm-none-eabi/7.3.1/thumb/v7e-m/fpv4-sp/hard/crtn.o
                0x0000000020020000                _estack = 0x20020000
                0x0000000000000000                _Min_Heap_Size = 0x0
                0x0000000000000400                _Min_Stack_Size = 0x400

.isr_vector     0x0000000008000000      0x1a8
                0x0000000008000000                . = ALIGN (0x4)
 *(.isr_vector)
 .isr_vector    0x0000000008000000      0x1a8 startup/startup_stm32.o
                0x0000000008000000                g_pfnVectors
                0x00000000080001a8                . = ALIGN (0x4)

.text           0x00000000080001c0     0xdef0
                0x00000000080001c0                . = ALIGN (0x4)
 *(.text)
 .text          0x00000000080001c0       0x40 /home/valentyn/Programs/SystemWorkbench/plugins/fr.ac6.mcu.externaltools.arm-none.linux64_1.17.0.201812190825/tools/compiler/bin/../lib/gcc/arm-none-eabi/7.3.1/thumb/v7e-m/fpv4-sp/hard/crtbegin.o
 .text          0x0000000008000200      0x378 /home/valentyn/Programs/SystemWorkbench/plugins/fr.ac6.mcu.externaltools.arm-none.linux64_1.17.0.201812190825/tools/compiler/bin/../lib/gcc/arm-none-eabi/7.3.1/thumb/v7e-m/fpv4-sp/hard/libgcc.a(_arm_addsubdf3.o)
                0x0000000008000200                __aeabi_drsub
                0x0000000008000208                __aeabi_dsub
                0x0000000008000208                __subdf3
                0x000000000800020c                __adddf3
                0x000000000800020c                __aeabi_dadd
                0x0000000008000484                __aeabi_ui2d
                0x0000000008000484                __floatunsidf
                0x00000000080004a4                __floatsidf
                0x00000000080004a4                __aeabi_i2d
                0x00000000080004c8                __extendsfdf2
                0x00000000080004c8                __aeabi_f2d
                0x000000000800050c                __aeabi_ul2d
                0x000000000800050c                __floatundidf
                0x000000000800051c                __floatdidf
                0x000000000800051c                __aeabi_l2d
 .text          0x0000000008000578      0x424 /home/valentyn/Programs/SystemWorkbench/plugins/fr.ac6.mcu.externaltools.arm-none.linux64_1.17.0.201812190825/tools/compiler/bin/../lib/gcc/arm-none-eabi/7.3.1/thumb/v7e-m/fpv4-sp/hard/libgcc.a(_arm_muldivdf3.o)
                0x0000000008000578                __aeabi_dmul
                0x0000000008000578                __muldf3
                0x00000000080007cc                __aeabi_ddiv
                0x00000000080007cc                __divdf3
 .text          0x000000000800099c      0x110 /home/valentyn/Programs/SystemWorkbench/plugins/fr.ac6.mcu.externaltools.arm-none.linux64_1.17.0.201812190825/tools/compiler/bin/../lib/gcc/arm-none-eabi/7.3.1/thumb/v7e-m/fpv4-sp/hard/libgcc.a(_arm_cmpdf2.o)
                0x000000000800099c                __gtdf2
                0x000000000800099c                __gedf2
                0x00000000080009a4                __ltdf2
                0x00000000080009a4                __ledf2
                0x00000000080009ac                __cmpdf2
                0x00000000080009ac                __eqdf2
                0x00000000080009ac                __nedf2
                0x0000000008000a28                __aeabi_cdrcmple
                0x0000000008000a38                __aeabi_cdcmple
                0x0000000008000a38                __aeabi_cdcmpeq
                0x0000000008000a48                __aeabi_dcmpeq
                0x0000000008000a5c                __aeabi_dcmplt
                0x0000000008000a70                __aeabi_dcmple
                0x0000000008000a84                __aeabi_dcmpge
                0x0000000008000a98                __aeabi_dcmpgt
 .text          0x0000000008000aac       0x2c /home/valentyn/Programs/SystemWorkbench/plugins/fr.ac6.mcu.externaltools.arm-none.linux64_1.17.0.201812190825/tools/compiler/bin/../lib/gcc/arm-none-eabi/7.3.1/thumb/v7e-m/fpv4-sp/hard/libgcc.a(_arm_unorddf2.o)
                0x0000000008000aac                __aeabi_dcmpun
                0x0000000008000aac                __unorddf2
 .text          0x0000000008000ad8       0x50 /home/valentyn/Programs/SystemWorkbench/plugins/fr.ac6.mcu.externaltools.arm-none.linux64_1.17.0.201812190825/tools/compiler/bin/../lib/gcc/arm-none-eabi/7.3.1/thumb/v7e-m/fpv4-sp/hard/libgcc.a(_arm_fixdfsi.o)
                0x0000000008000ad8                __fixdfsi
                0x0000000008000ad8                __aeabi_d2iz
 .text          0x0000000008000b28       0xa0 /home/valentyn/Programs/SystemWorkbench/plugins/fr.ac6.mcu.externaltools.arm-none.linux64_1.17.0.201812190825/tools/compiler/bin/../lib/gcc/arm-none-eabi/7.3.1/thumb/v7e-m/fpv4-sp/hard/libgcc.a(_arm_truncdfsf2.o)
                0x0000000008000b28                __aeabi_d2f
                0x0000000008000b28                __truncdfsf2
 .text          0x0000000008000bc8      0x134 /home/valentyn/Programs/SystemWorkbench/plugins/fr.ac6.mcu.externaltools.arm-none.linux64_1.17.0.201812190825/tools/compiler/bin/../lib/gcc/arm-none-eabi/7.3.1/../../../../arm-none-eabi/lib/thumb/v7e-m/fpv4-sp/hard/libc.a(lib_a-memcpy.o)
                0x0000000008000bc8                memcpy
 *fill*         0x0000000008000cfc        0x4 
 .text          0x0000000008000d00       0xdc /home/valentyn/Programs/SystemWorkbench/plugins/fr.ac6.mcu.externaltools.arm-none.linux64_1.17.0.201812190825/tools/compiler/bin/../lib/gcc/arm-none-eabi/7.3.1/../../../../arm-none-eabi/lib/thumb/v7e-m/fpv4-sp/hard/libc.a(lib_a-strlen.o)
                0x0000000008000d00                strlen
 *fill*         0x0000000008000ddc        0x4 
 .text          0x0000000008000de0       0xa0 /home/valentyn/Programs/SystemWorkbench/plugins/fr.ac6.mcu.externaltools.arm-none.linux64_1.17.0.201812190825/tools/compiler/bin/../lib/gcc/arm-none-eabi/7.3.1/../../../../arm-none-eabi/lib/thumb/v7e-m/fpv4-sp/hard/libc.a(lib_a-memchr.o)
                0x0000000008000de0                memchr
 .text          0x0000000008000e80       0x40 /home/valentyn/Programs/SystemWorkbench/plugins/fr.ac6.mcu.externaltools.arm-none.linux64_1.17.0.201812190825/tools/compiler/bin/../lib/gcc/arm-none-eabi/7.3.1/thumb/v7e-m/fpv4-sp/hard/libgcc.a(_arm_fixunsdfsi.o)
                0x0000000008000e80                __fixunsdfsi
                0x0000000008000e80                __aeabi_d2uiz
 *(.text*)
 .text.pvPortMalloc
                0x0000000008000ec0      0x184 RTOS/src/heap_4.o
                0x0000000008000ec0                pvPortMalloc
 .text.vPortFree
                0x0000000008001044       0xb0 RTOS/src/heap_4.o
                0x0000000008001044                vPortFree
 .text.prvHeapInit
                0x00000000080010f4       0xc4 RTOS/src/heap_4.o
 .text.prvInsertBlockIntoFreeList
                0x00000000080011b8       0xb4 RTOS/src/heap_4.o
 .text.vListInitialise
                0x000000000800126c       0x40 RTOS/src/list.o
                0x000000000800126c                vListInitialise
 .text.vListInitialiseItem
                0x00000000080012ac       0x1a RTOS/src/list.o
                0x00000000080012ac                vListInitialiseItem
 .text.vListInsertEnd
                0x00000000080012c6       0x48 RTOS/src/list.o
                0x00000000080012c6                vListInsertEnd
 .text.vListInsert
                0x000000000800130e       0x72 RTOS/src/list.o
                0x000000000800130e                vListInsert
 .text.uxListRemove
                0x0000000008001380       0x54 RTOS/src/list.o
                0x0000000008001380                uxListRemove
 .text.pxPortInitialiseStack
                0x00000000080013d4       0x68 RTOS/src/port.o
                0x00000000080013d4                pxPortInitialiseStack
 .text.prvTaskExitError
                0x000000000800143c       0x3c RTOS/src/port.o
 *fill*         0x0000000008001478        0x8 
 .text.SVC_Handler
                0x0000000008001480       0x28 RTOS/src/port.o
                0x0000000008001480                SVC_Handler
 .text.prvPortStartFirstTask
                0x00000000080014a8       0x20 RTOS/src/port.o
 .text.xPortStartScheduler
                0x00000000080014c8      0x118 RTOS/src/port.o
                0x00000000080014c8                xPortStartScheduler
 .text.vPortEnterCritical
                0x00000000080015e0       0x5c RTOS/src/port.o
                0x00000000080015e0                vPortEnterCritical
 .text.vPortExitCritical
                0x000000000800163c       0x50 RTOS/src/port.o
                0x000000000800163c                vPortExitCritical
 *fill*         0x000000000800168c        0x4 
 .text.PendSV_Handler
                0x0000000008001690       0x68 RTOS/src/port.o
                0x0000000008001690                PendSV_Handler
 .text.SysTick_Handler
                0x00000000080016f8       0x40 RTOS/src/port.o
                0x00000000080016f8                SysTick_Handler
 .text.vPortSetupTimerInterrupt
                0x0000000008001738       0x28 RTOS/src/port.o
                0x0000000008001738                vPortSetupTimerInterrupt
 .text.vPortEnableVFP
                0x0000000008001760       0x14 RTOS/src/port.o
 .text.vPortValidateInterruptPriority
                0x0000000008001774       0x7c RTOS/src/port.o
                0x0000000008001774                vPortValidateInterruptPriority
 .text.xQueueGenericReset
                0x00000000080017f0       0xd0 RTOS/src/queue.o
                0x00000000080017f0                xQueueGenericReset
 .text.xQueueGenericCreate
                0x00000000080018c0       0x72 RTOS/src/queue.o
                0x00000000080018c0                xQueueGenericCreate
 .text.prvInitialiseNewQueue
                0x0000000008001932       0x3e RTOS/src/queue.o
 .text.xQueueGenericSend
                0x0000000008001970      0x1f4 RTOS/src/queue.o
                0x0000000008001970                xQueueGenericSend
 .text.xQueueGenericSendFromISR
                0x0000000008001b64      0x128 RTOS/src/queue.o
                0x0000000008001b64                xQueueGenericSendFromISR
 .text.xQueueGenericReceive
                0x0000000008001c8c      0x224 RTOS/src/queue.o
                0x0000000008001c8c                xQueueGenericReceive
 .text.prvCopyDataToQueue
                0x0000000008001eb0       0xd4 RTOS/src/queue.o
 .text.prvCopyDataFromQueue
                0x0000000008001f84       0x4c RTOS/src/queue.o
 .text.prvUnlockQueue
                0x0000000008001fd0       0xa4 RTOS/src/queue.o
 .text.prvIsQueueEmpty
                0x0000000008002074       0x2c RTOS/src/queue.o
 .text.prvIsQueueFull
                0x00000000080020a0       0x30 RTOS/src/queue.o
 .text.vQueueAddToRegistry
                0x00000000080020d0       0x50 RTOS/src/queue.o
                0x00000000080020d0                vQueueAddToRegistry
 .text.vQueueWaitForMessageRestricted
                0x0000000008002120       0x68 RTOS/src/queue.o
                0x0000000008002120                vQueueWaitForMessageRestricted
 .text.xTaskCreate
                0x0000000008002188       0x82 RTOS/src/tasks.o
                0x0000000008002188                xTaskCreate
 .text.prvInitialiseNewTask
                0x000000000800220a       0xfc RTOS/src/tasks.o
 *fill*         0x0000000008002306        0x2 
 .text.prvAddNewTaskToReadyList
                0x0000000008002308       0xd4 RTOS/src/tasks.o
 .text.vTaskDelay
                0x00000000080023dc       0x68 RTOS/src/tasks.o
                0x00000000080023dc                vTaskDelay
 .text.vTaskSuspend
                0x0000000008002444      0x110 RTOS/src/tasks.o
                0x0000000008002444                vTaskSuspend
 .text.prvTaskIsTaskSuspended
                0x0000000008002554       0x74 RTOS/src/tasks.o
 .text.vTaskResume
                0x00000000080025c8       0xb8 RTOS/src/tasks.o
                0x00000000080025c8                vTaskResume
 .text.vTaskStartScheduler
                0x0000000008002680       0x98 RTOS/src/tasks.o
                0x0000000008002680                vTaskStartScheduler
 .text.vTaskSuspendAll
                0x0000000008002718       0x1c RTOS/src/tasks.o
                0x0000000008002718                vTaskSuspendAll
 .text.xTaskResumeAll
                0x0000000008002734      0x138 RTOS/src/tasks.o
                0x0000000008002734                xTaskResumeAll
 .text.xTaskGetTickCount
                0x000000000800286c       0x20 RTOS/src/tasks.o
                0x000000000800286c                xTaskGetTickCount
 .text.xTaskIncrementTick
                0x000000000800288c      0x178 RTOS/src/tasks.o
                0x000000000800288c                xTaskIncrementTick
 .text.vTaskSwitchContext
                0x0000000008002a04       0xb4 RTOS/src/tasks.o
                0x0000000008002a04                vTaskSwitchContext
 .text.vTaskPlaceOnEventList
                0x0000000008002ab8       0x48 RTOS/src/tasks.o
                0x0000000008002ab8                vTaskPlaceOnEventList
 .text.vTaskPlaceOnEventListRestricted
                0x0000000008002b00       0x54 RTOS/src/tasks.o
                0x0000000008002b00                vTaskPlaceOnEventListRestricted
 .text.xTaskRemoveFromEventList
                0x0000000008002b54       0xc4 RTOS/src/tasks.o
                0x0000000008002b54                xTaskRemoveFromEventList
 .text.vTaskSetTimeOutState
                0x0000000008002c18       0x48 RTOS/src/tasks.o
                0x0000000008002c18                vTaskSetTimeOutState
 .text.xTaskCheckForTimeOut
                0x0000000008002c60       0xbc RTOS/src/tasks.o
                0x0000000008002c60                xTaskCheckForTimeOut
 .text.vTaskMissedYield
                0x0000000008002d1c       0x18 RTOS/src/tasks.o
                0x0000000008002d1c                vTaskMissedYield
 .text.prvIdleTask
                0x0000000008002d34       0x30 RTOS/src/tasks.o
 .text.prvInitialiseTaskLists
                0x0000000008002d64       0x80 RTOS/src/tasks.o
 .text.prvCheckTasksWaitingTermination
                0x0000000008002de4       0x78 RTOS/src/tasks.o
 .text.prvDeleteTCB
                0x0000000008002e5c       0x20 RTOS/src/tasks.o
 .text.prvResetNextTaskUnblockTime
                0x0000000008002e7c       0x4c RTOS/src/tasks.o
 .text.xTaskGetSchedulerState
                0x0000000008002ec8       0x3c RTOS/src/tasks.o
                0x0000000008002ec8                xTaskGetSchedulerState
 .text.vTaskPriorityInherit
                0x0000000008002f04       0xec RTOS/src/tasks.o
                0x0000000008002f04                vTaskPriorityInherit
 .text.xTaskPriorityDisinherit
                0x0000000008002ff0      0x108 RTOS/src/tasks.o
                0x0000000008002ff0                xTaskPriorityDisinherit
 .text.pvTaskIncrementMutexHeldCount
                0x00000000080030f8       0x28 RTOS/src/tasks.o
                0x00000000080030f8                pvTaskIncrementMutexHeldCount
 .text.prvAddCurrentTaskToDelayedList
                0x0000000008003120       0xcc RTOS/src/tasks.o
 .text.xTimerCreateTimerTask
                0x00000000080031ec       0x60 RTOS/src/timers.o
                0x00000000080031ec                xTimerCreateTimerTask
 .text.xTimerGenericCommand
                0x000000000800324c       0x98 RTOS/src/timers.o
                0x000000000800324c                xTimerGenericCommand
 .text.prvProcessExpiredTimer
                0x00000000080032e4       0x80 RTOS/src/timers.o
 .text.prvTimerTask
                0x0000000008003364       0x24 RTOS/src/timers.o
 .text.prvProcessTimerOrBlockTask
                0x0000000008003388       0x9c RTOS/src/timers.o
 .text.prvGetNextExpireTime
                0x0000000008003424       0x48 RTOS/src/timers.o
 .text.prvSampleTimeNow
                0x000000000800346c       0x40 RTOS/src/timers.o
 .text.prvInsertTimerInActiveList
                0x00000000080034ac       0x84 RTOS/src/timers.o
 .text.prvProcessReceivedCommands
                0x0000000008003530      0x124 RTOS/src/timers.o
 .text.prvSwitchTimerLists
                0x0000000008003654       0xc0 RTOS/src/timers.o
 .text.prvCheckForValidListAndQueue
                0x0000000008003714       0x6c RTOS/src/timers.o
 .text.initABl  0x0000000008003780       0x6c src/ABLine.o
                0x0000000008003780                initABl
 .text.btnAPoint
                0x00000000080037ec       0x2c src/ABLine.o
                0x00000000080037ec                btnAPoint
 .text.btnBPoint
                0x0000000008003818      0x1fc src/ABLine.o
                0x0000000008003818                btnBPoint
 .text.receiveFromDMA
                0x0000000008003a14      0x104 src/algorithm.o
                0x0000000008003a14                receiveFromDMA
 .text.tempTask2
                0x0000000008003b18       0x24 src/algorithm.o
                0x0000000008003b18                tempTask2
 .text.tempTask
                0x0000000008003b3c       0x20 src/algorithm.o
                0x0000000008003b3c                tempTask
 .text.doubleToDisplay
                0x0000000008003b5c       0x38 src/algorithm.o
                0x0000000008003b5c                doubleToDisplay
 .text.keyboardScan
                0x0000000008003b94      0x2e8 src/algorithm.o
                0x0000000008003b94                keyboardScan
 .text.strAllcpy
                0x0000000008003e7c       0x3e src/charQueue.o
                0x0000000008003e7c                strAllcpy
 .text.findEOS  0x0000000008003eba       0x3e src/charQueue.o
                0x0000000008003eba                findEOS
 .text.push     0x0000000008003ef8       0x5a src/charQueue.o
                0x0000000008003ef8                push
 .text.pop      0x0000000008003f52       0x96 src/charQueue.o
                0x0000000008003f52                pop
 .text.create   0x0000000008003fe8       0x3c src/charQueue.o
                0x0000000008003fe8                create
 *fill*         0x0000000008004024        0x4 
 .text.toRadians
                0x0000000008004028       0x38 src/glm.o
                0x0000000008004028                toRadians
 .text.DistanceVec2Vec3
                0x0000000008004060       0xc8 src/glm.o
                0x0000000008004060                DistanceVec2Vec3
 .text.DistanceVec3Vec3
                0x0000000008004128       0xc8 src/glm.o
                0x0000000008004128                DistanceVec3Vec3
 .text.timerini2
                0x00000000080041f0       0x30 src/gpio.o
                0x00000000080041f0                timerini2
 .text.delay_ms
                0x0000000008004220       0x54 src/gpio.o
                0x0000000008004220                delay_ms
 .text.GPIO_WritePin
                0x0000000008004274       0x30 src/gpio.o
                0x0000000008004274                GPIO_WritePin
 .text.LCD_Set_Data
                0x00000000080042a4      0x134 src/gpio.o
                0x00000000080042a4                LCD_Set_Data
 .text.LCD_SendCommand
                0x00000000080043d8       0x48 src/gpio.o
                0x00000000080043d8                LCD_SendCommand
 .text.LCD_SendData
                0x0000000008004420       0x48 src/gpio.o
                0x0000000008004420                LCD_SendData
 .text.LCD_ini  0x0000000008004468       0x5c src/gpio.o
                0x0000000008004468                LCD_ini
 .text.LCD_Send_String
                0x00000000080044c4       0x80 src/gpio.o
                0x00000000080044c4                LCD_Send_String
 .text.main     0x0000000008004544       0xec src/main.o
                0x0000000008004544                main
 .text.DMA1_Stream5_IRQHandler
                0x0000000008004630       0xa4 src/main.o
                0x0000000008004630                DMA1_Stream5_IRQHandler
 .text.DMA2_Stream7_IRQHandler
                0x00000000080046d4       0x3c src/main.o
                0x00000000080046d4                DMA2_Stream7_IRQHandler
 .text.USART6_IRQHandler
                0x0000000008004710       0x38 src/main.o
                0x0000000008004710                USART6_IRQHandler
 .text.createStartNMEA
                0x0000000008004748       0x70 src/nmea.o
                0x0000000008004748                createStartNMEA
 .text.ArcLengthOfMeridian
                0x00000000080047b8      0x474 src/nmea.o
                0x00000000080047b8                ArcLengthOfMeridian
 *fill*         0x0000000008004c2c        0x4 
 .text.MapLatLonToXY
                0x0000000008004c30      0x92c src/nmea.o
                0x0000000008004c30                MapLatLonToXY
 *fill*         0x000000000800555c        0x4 
 .text.DecDeg2UTM
                0x0000000008005560      0x1c0 src/nmea.o
                0x0000000008005560                DecDeg2UTM
 .text.UpdateNorthingEasting
                0x0000000008005720      0x1ac src/nmea.o
                0x0000000008005720                UpdateNorthingEasting
 .text.splitString
                0x00000000080058cc       0x8c src/nmea.o
                0x00000000080058cc                splitString
 .text.ParseNMEA
                0x0000000008005958       0xc4 src/nmea.o
                0x0000000008005958                ParseNMEA
 *fill*         0x0000000008005a1c        0x4 
 .text.NMEAtoDecimal
                0x0000000008005a20      0x114 src/nmea.o
                0x0000000008005a20                NMEAtoDecimal
 .text.ParseGGA
                0x0000000008005b34      0x1b4 src/nmea.o
                0x0000000008005b34                ParseGGA
 .text.ParseGLL
                0x0000000008005ce8      0x144 src/nmea.o
                0x0000000008005ce8                ParseGLL
 *fill*         0x0000000008005e2c        0x4 
 .text.ParseRMC
                0x0000000008005e30      0x1c4 src/nmea.o
                0x0000000008005e30                ParseRMC
 *fill*         0x0000000008005ff4        0x4 
 .text.ParseVTG
                0x0000000008005ff8       0x94 src/nmea.o
                0x0000000008005ff8                ParseVTG
 .text.NVIC_EnableIRQ
                0x000000000800608c       0x34 src/periph.o
 .text.NVIC_SetPriority
                0x00000000080060c0       0x54 src/periph.o
 .text.gpio_ini
                0x0000000008006114       0xac src/periph.o
                0x0000000008006114                gpio_ini
 .text.RCC_Init
                0x00000000080061c0       0x94 src/periph.o
                0x00000000080061c0                RCC_Init
 .text.USART2_init
                0x0000000008006254       0x80 src/periph.o
                0x0000000008006254                USART2_init
 .text.dma1ini  0x00000000080062d4       0xb8 src/periph.o
                0x00000000080062d4                dma1ini
 .text.initPosition
                0x000000000800638c       0xbc src/position.o
                0x000000000800638c                initPosition
 .text.CalculatePositionHeading
                0x0000000008006448       0xc4 src/position.o
                0x0000000008006448                CalculatePositionHeading
 *fill*         0x000000000800650c        0x4 
 .text.InitializeFirstFewGPSPositions
                0x0000000008006510      0x3c8 src/position.o
                0x0000000008006510                InitializeFirstFewGPSPositions
 .text.UpdateFixPosition
                0x00000000080068d8      0x408 src/position.o
                0x00000000080068d8                UpdateFixPosition
 .text.SystemInit
                0x0000000008006ce0       0x70 src/system_stm32f4xx.o
                0x0000000008006ce0                SystemInit
 .text.SetSysClock
                0x0000000008006d50       0xf8 src/system_stm32f4xx.o
 .text.SystemInit_ExtMemCtl
                0x0000000008006e48      0x118 src/system_stm32f4xx.o
 .text.initVehicle
                0x0000000008006f60       0xe8 src/vehicle.o
                0x0000000008006f60                initVehicle
 .text.Reset_Handler
                0x0000000008007048       0x50 startup/startup_stm32.o
                0x0000000008007048                Reset_Handler
 .text.Default_Handler
                0x0000000008007098        0x2 startup/startup_stm32.o
                0x0000000008007098                RTC_Alarm_IRQHandler
                0x0000000008007098                HASH_RNG_IRQHandler
                0x0000000008007098                EXTI2_IRQHandler
                0x0000000008007098                TIM8_CC_IRQHandler
                0x0000000008007098                DebugMon_Handler
                0x0000000008007098                TIM1_CC_IRQHandler
                0x0000000008007098                DMA2_Stream5_IRQHandler
                0x0000000008007098                HardFault_Handler
                0x0000000008007098                PVD_IRQHandler
                0x0000000008007098                SDIO_IRQHandler
                0x0000000008007098                TAMP_STAMP_IRQHandler
                0x0000000008007098                NMI_Handler
                0x0000000008007098                CAN2_RX1_IRQHandler
                0x0000000008007098                EXTI3_IRQHandler
                0x0000000008007098                TIM8_TRG_COM_TIM14_IRQHandler
                0x0000000008007098                TIM1_UP_TIM10_IRQHandler
                0x0000000008007098                TIM8_UP_TIM13_IRQHandler
                0x0000000008007098                I2C3_ER_IRQHandler
                0x0000000008007098                LCD_TFT_IRQHandler
                0x0000000008007098                EXTI0_IRQHandler
                0x0000000008007098                I2C2_EV_IRQHandler
                0x0000000008007098                DMA1_Stream2_IRQHandler
                0x0000000008007098                CAN1_RX0_IRQHandler
                0x0000000008007098                FPU_IRQHandler
                0x0000000008007098                OTG_HS_WKUP_IRQHandler
                0x0000000008007098                UsageFault_Handler
                0x0000000008007098                CAN2_SCE_IRQHandler
                0x0000000008007098                DMA2_Stream2_IRQHandler
                0x0000000008007098                SPI1_IRQHandler
                0x0000000008007098                TIM6_DAC_IRQHandler
                0x0000000008007098                TIM1_BRK_TIM9_IRQHandler
                0x0000000008007098                DCMI_IRQHandler
                0x0000000008007098                CAN2_RX0_IRQHandler
                0x0000000008007098                DMA2_Stream3_IRQHandler
                0x0000000008007098                USART3_IRQHandler
                0x0000000008007098                CRYP_IRQHandler
                0x0000000008007098                CAN1_RX1_IRQHandler
                0x0000000008007098                UART5_IRQHandler
                0x0000000008007098                DMA2_Stream0_IRQHandler
                0x0000000008007098                TIM4_IRQHandler
                0x0000000008007098                I2C1_EV_IRQHandler
                0x0000000008007098                DMA1_Stream6_IRQHandler
                0x0000000008007098                DMA1_Stream1_IRQHandler
                0x0000000008007098                UART4_IRQHandler
                0x0000000008007098                LCD_TFT_1_IRQHandler
                0x0000000008007098                TIM3_IRQHandler
                0x0000000008007098                RCC_IRQHandler
                0x0000000008007098                TIM8_BRK_TIM12_IRQHandler
                0x0000000008007098                Default_Handler
                0x0000000008007098                EXTI15_10_IRQHandler
                0x0000000008007098                ADC_IRQHandler
                0x0000000008007098                DMA1_Stream7_IRQHandler
                0x0000000008007098                TIM7_IRQHandler
                0x0000000008007098                CAN2_TX_IRQHandler
                0x0000000008007098                TIM5_IRQHandler
                0x0000000008007098                I2C3_EV_IRQHandler
                0x0000000008007098                EXTI9_5_IRQHandler
                0x0000000008007098                RTC_WKUP_IRQHandler
                0x0000000008007098                ETH_WKUP_IRQHandler
                0x0000000008007098                SPI2_IRQHandler
                0x0000000008007098                OTG_HS_EP1_IN_IRQHandler
                0x0000000008007098                MemManage_Handler
                0x0000000008007098                DMA1_Stream0_IRQHandler
                0x0000000008007098                CAN1_TX_IRQHandler
                0x0000000008007098                EXTI4_IRQHandler
                0x0000000008007098                FSMC_IRQHandler
                0x0000000008007098                ETH_IRQHandler
                0x0000000008007098                OTG_HS_EP1_OUT_IRQHandler
                0x0000000008007098                WWDG_IRQHandler
                0x0000000008007098                TIM2_IRQHandler
                0x0000000008007098                OTG_FS_WKUP_IRQHandler
                0x0000000008007098                TIM1_TRG_COM_TIM11_IRQHandler
                0x0000000008007098                OTG_HS_IRQHandler
                0x0000000008007098                EXTI1_IRQHandler
                0x0000000008007098                USART2_IRQHandler
                0x0000000008007098                I2C2_ER_IRQHandler
                0x0000000008007098                DMA2_Stream1_IRQHandler
                0x0000000008007098                CAN1_SCE_IRQHandler
                0x0000000008007098                DMA2_Stream4_IRQHandler
                0x0000000008007098                BusFault_Handler
                0x0000000008007098                USART1_IRQHandler
                0x0000000008007098                OTG_FS_IRQHandler
                0x0000000008007098                SPI3_IRQHandler
                0x0000000008007098                DMA1_Stream4_IRQHandler
                0x0000000008007098                I2C1_ER_IRQHandler
                0x0000000008007098                DMA2_Stream6_IRQHandler
                0x0000000008007098                DMA1_Stream3_IRQHandler
 *fill*         0x000000000800709a        0x2 
 .text._sbrk    0x000000000800709c       0x58 startup/sysmem.o
                0x000000000800709c                _sbrk
 *fill*         0x00000000080070f4        0x4 
 .text.atan     0x00000000080070f8      0x358 /home/valentyn/Programs/SystemWorkbench/plugins/fr.ac6.mcu.externaltools.arm-none.linux64_1.17.0.201812190825/tools/compiler/bin/../lib/gcc/arm-none-eabi/7.3.1/../../../../arm-none-eabi/lib/thumb/v7e-m/fpv4-sp/hard/libm.a(lib_a-s_atan.o)
                0x00000000080070f8                atan
 .text.cos      0x0000000008007450       0xc0 /home/valentyn/Programs/SystemWorkbench/plugins/fr.ac6.mcu.externaltools.arm-none.linux64_1.17.0.201812190825/tools/compiler/bin/../lib/gcc/arm-none-eabi/7.3.1/../../../../arm-none-eabi/lib/thumb/v7e-m/fpv4-sp/hard/libm.a(lib_a-s_cos.o)
                0x0000000008007450                cos
 .text.fabs     0x0000000008007510       0x14 /home/valentyn/Programs/SystemWorkbench/plugins/fr.ac6.mcu.externaltools.arm-none.linux64_1.17.0.201812190825/tools/compiler/bin/../lib/gcc/arm-none-eabi/7.3.1/../../../../arm-none-eabi/lib/thumb/v7e-m/fpv4-sp/hard/libm.a(lib_a-s_fabs.o)
                0x0000000008007510                fabs
 *fill*         0x0000000008007524        0x4 
 .text.floor    0x0000000008007528      0x110 /home/valentyn/Programs/SystemWorkbench/plugins/fr.ac6.mcu.externaltools.arm-none.linux64_1.17.0.201812190825/tools/compiler/bin/../lib/gcc/arm-none-eabi/7.3.1/../../../../arm-none-eabi/lib/thumb/v7e-m/fpv4-sp/hard/libm.a(lib_a-s_floor.o)
                0x0000000008007528                floor
 .text.round    0x0000000008007638       0xa4 /home/valentyn/Programs/SystemWorkbench/plugins/fr.ac6.mcu.externaltools.arm-none.linux64_1.17.0.201812190825/tools/compiler/bin/../lib/gcc/arm-none-eabi/7.3.1/../../../../arm-none-eabi/lib/thumb/v7e-m/fpv4-sp/hard/libm.a(lib_a-s_round.o)
                0x0000000008007638                round
 *fill*         0x00000000080076dc        0x4 
 .text.sin      0x00000000080076e0       0xc0 /home/valentyn/Programs/SystemWorkbench/plugins/fr.ac6.mcu.externaltools.arm-none.linux64_1.17.0.201812190825/tools/compiler/bin/../lib/gcc/arm-none-eabi/7.3.1/../../../../arm-none-eabi/lib/thumb/v7e-m/fpv4-sp/hard/libm.a(lib_a-s_sin.o)
                0x00000000080076e0                sin
 .text.tan      0x00000000080077a0       0x70 /home/valentyn/Programs/SystemWorkbench/plugins/fr.ac6.mcu.externaltools.arm-none.linux64_1.17.0.201812190825/tools/compiler/bin/../lib/gcc/arm-none-eabi/7.3.1/../../../../arm-none-eabi/lib/thumb/v7e-m/fpv4-sp/hard/libm.a(lib_a-s_tan.o)
                0x00000000080077a0                tan
 .text.atan2    0x0000000008007810        0x4 /home/valentyn/Programs/SystemWorkbench/plugins/fr.ac6.mcu.externaltools.arm-none.linux64_1.17.0.201812190825/tools/compiler/bin/../lib/gcc/arm-none-eabi/7.3.1/../../../../arm-none-eabi/lib/thumb/v7e-m/fpv4-sp/hard/libm.a(lib_a-w_atan2.o)
                0x0000000008007810                atan2
 *fill*         0x0000000008007814        0x4 
 .text.pow      0x0000000008007818      0x338 /home/valentyn/Programs/SystemWorkbench/plugins/fr.ac6.mcu.externaltools.arm-none.linux64_1.17.0.201812190825/tools/compiler/bin/../lib/gcc/arm-none-eabi/7.3.1/../../../../arm-none-eabi/lib/thumb/v7e-m/fpv4-sp/hard/libm.a(lib_a-w_pow.o)
                0x0000000008007818                pow
 .text.sqrt     0x0000000008007b50       0xb8 /home/valentyn/Programs/SystemWorkbench/plugins/fr.ac6.mcu.externaltools.arm-none.linux64_1.17.0.201812190825/tools/compiler/bin/../lib/gcc/arm-none-eabi/7.3.1/../../../../arm-none-eabi/lib/thumb/v7e-m/fpv4-sp/hard/libm.a(lib_a-w_sqrt.o)
                0x0000000008007b50                sqrt
 .text.powf     0x0000000008007c08      0x324 /home/valentyn/Programs/SystemWorkbench/plugins/fr.ac6.mcu.externaltools.arm-none.linux64_1.17.0.201812190825/tools/compiler/bin/../lib/gcc/arm-none-eabi/7.3.1/../../../../arm-none-eabi/lib/thumb/v7e-m/fpv4-sp/hard/libm.a(lib_a-wf_pow.o)
                0x0000000008007c08                powf
 *fill*         0x0000000008007f2c        0x4 
 .text.__ieee754_atan2
                0x0000000008007f30      0x1c4 /home/valentyn/Programs/SystemWorkbench/plugins/fr.ac6.mcu.externaltools.arm-none.linux64_1.17.0.201812190825/tools/compiler/bin/../lib/gcc/arm-none-eabi/7.3.1/../../../../arm-none-eabi/lib/thumb/v7e-m/fpv4-sp/hard/libm.a(lib_a-e_atan2.o)
                0x0000000008007f30                __ieee754_atan2
 *fill*         0x00000000080080f4        0x4 
 .text.__ieee754_pow
                0x00000000080080f8      0xab8 /home/valentyn/Programs/SystemWorkbench/plugins/fr.ac6.mcu.externaltools.arm-none.linux64_1.17.0.201812190825/tools/compiler/bin/../lib/gcc/arm-none-eabi/7.3.1/../../../../arm-none-eabi/lib/thumb/v7e-m/fpv4-sp/hard/libm.a(lib_a-e_pow.o)
                0x00000000080080f8                __ieee754_pow
 .text.__ieee754_rem_pio2
                0x0000000008008bb0      0x454 /home/valentyn/Programs/SystemWorkbench/plugins/fr.ac6.mcu.externaltools.arm-none.linux64_1.17.0.201812190825/tools/compiler/bin/../lib/gcc/arm-none-eabi/7.3.1/../../../../arm-none-eabi/lib/thumb/v7e-m/fpv4-sp/hard/libm.a(lib_a-e_rem_pio2.o)
                0x0000000008008bb0                __ieee754_rem_pio2
 .text.__ieee754_sqrt
                0x0000000008009004      0x194 /home/valentyn/Programs/SystemWorkbench/plugins/fr.ac6.mcu.externaltools.arm-none.linux64_1.17.0.201812190825/tools/compiler/bin/../lib/gcc/arm-none-eabi/7.3.1/../../../../arm-none-eabi/lib/thumb/v7e-m/fpv4-sp/hard/libm.a(lib_a-e_sqrt.o)
                0x0000000008009004                __ieee754_sqrt
 .text.__ieee754_powf
                0x0000000008009198      0x5e4 /home/valentyn/Programs/SystemWorkbench/plugins/fr.ac6.mcu.externaltools.arm-none.linux64_1.17.0.201812190825/tools/compiler/bin/../lib/gcc/arm-none-eabi/7.3.1/../../../../arm-none-eabi/lib/thumb/v7e-m/fpv4-sp/hard/libm.a(lib_a-ef_pow.o)
                0x0000000008009198                __ieee754_powf
 .text.__ieee754_sqrtf
                0x000000000800977c        0x8 /home/valentyn/Programs/SystemWorkbench/plugins/fr.ac6.mcu.externaltools.arm-none.linux64_1.17.0.201812190825/tools/compiler/bin/../lib/gcc/arm-none-eabi/7.3.1/../../../../arm-none-eabi/lib/thumb/v7e-m/fpv4-sp/hard/libm.a(lib_a-ef_sqrt.o)
                0x000000000800977c                __ieee754_sqrtf
 *fill*         0x0000000008009784        0x4 
 .text.__kernel_cos
                0x0000000008009788      0x284 /home/valentyn/Programs/SystemWorkbench/plugins/fr.ac6.mcu.externaltools.arm-none.linux64_1.17.0.201812190825/tools/compiler/bin/../lib/gcc/arm-none-eabi/7.3.1/../../../../arm-none-eabi/lib/thumb/v7e-m/fpv4-sp/hard/libm.a(lib_a-k_cos.o)
                0x0000000008009788                __kernel_cos
 *fill*         0x0000000008009a0c        0x4 
 .text.__kernel_rem_pio2
                0x0000000008009a10      0x818 /home/valentyn/Programs/SystemWorkbench/plugins/fr.ac6.mcu.externaltools.arm-none.linux64_1.17.0.201812190825/tools/compiler/bin/../lib/gcc/arm-none-eabi/7.3.1/../../../../arm-none-eabi/lib/thumb/v7e-m/fpv4-sp/hard/libm.a(lib_a-k_rem_pio2.o)
                0x0000000008009a10                __kernel_rem_pio2
 .text.__kernel_sin
                0x000000000800a228      0x194 /home/valentyn/Programs/SystemWorkbench/plugins/fr.ac6.mcu.externaltools.arm-none.linux64_1.17.0.201812190825/tools/compiler/bin/../lib/gcc/arm-none-eabi/7.3.1/../../../../arm-none-eabi/lib/thumb/v7e-m/fpv4-sp/hard/libm.a(lib_a-k_sin.o)
                0x000000000800a228                __kernel_sin
 *fill*         0x000000000800a3bc        0x4 
 .text.__kernel_tan
                0x000000000800a3c0      0x3c4 /home/valentyn/Programs/SystemWorkbench/plugins/fr.ac6.mcu.externaltools.arm-none.linux64_1.17.0.201812190825/tools/compiler/bin/../lib/gcc/arm-none-eabi/7.3.1/../../../../arm-none-eabi/lib/thumb/v7e-m/fpv4-sp/hard/libm.a(lib_a-k_tan.o)
                0x000000000800a3c0                __kernel_tan
 .text.finite   0x000000000800a784       0x10 /home/valentyn/Programs/SystemWorkbench/plugins/fr.ac6.mcu.externaltools.arm-none.linux64_1.17.0.201812190825/tools/compiler/bin/../lib/gcc/arm-none-eabi/7.3.1/../../../../arm-none-eabi/lib/thumb/v7e-m/fpv4-sp/hard/libm.a(lib_a-s_finite.o)
                0x000000000800a784                finite
 .text.matherr  0x000000000800a794        0x4 /home/valentyn/Programs/SystemWorkbench/plugins/fr.ac6.mcu.externaltools.arm-none.linux64_1.17.0.201812190825/tools/compiler/bin/../lib/gcc/arm-none-eabi/7.3.1/../../../../arm-none-eabi/lib/thumb/v7e-m/fpv4-sp/hard/libm.a(lib_a-s_matherr.o)
                0x000000000800a794                matherr
 .text.nan      0x000000000800a798       0x10 /home/valentyn/Programs/SystemWorkbench/plugins/fr.ac6.mcu.externaltools.arm-none.linux64_1.17.0.201812190825/tools/compiler/bin/../lib/gcc/arm-none-eabi/7.3.1/../../../../arm-none-eabi/lib/thumb/v7e-m/fpv4-sp/hard/libm.a(lib_a-s_nan.o)
                0x000000000800a798                nan
 .text.rint     0x000000000800a7a8      0x110 /home/valentyn/Programs/SystemWorkbench/plugins/fr.ac6.mcu.externaltools.arm-none.linux64_1.17.0.201812190825/tools/compiler/bin/../lib/gcc/arm-none-eabi/7.3.1/../../../../arm-none-eabi/lib/thumb/v7e-m/fpv4-sp/hard/libm.a(lib_a-s_rint.o)
                0x000000000800a7a8                rint
 .text.scalbn   0x000000000800a8b8      0x114 /home/valentyn/Programs/SystemWorkbench/plugins/fr.ac6.mcu.externaltools.arm-none.linux64_1.17.0.201812190825/tools/compiler/bin/../lib/gcc/arm-none-eabi/7.3.1/../../../../arm-none-eabi/lib/thumb/v7e-m/fpv4-sp/hard/libm.a(lib_a-s_scalbn.o)
                0x000000000800a8b8                scalbn
 .text.fabsf    0x000000000800a9cc       0x10 /home/valentyn/Programs/SystemWorkbench/plugins/fr.ac6.mcu.externaltools.arm-none.linux64_1.17.0.201812190825/tools/compiler/bin/../lib/gcc/arm-none-eabi/7.3.1/../../../../arm-none-eabi/lib/thumb/v7e-m/fpv4-sp/hard/libm.a(lib_a-sf_fabs.o)
                0x000000000800a9cc                fabsf
 .text.finitef  0x000000000800a9dc       0x14 /home/valentyn/Programs/SystemWorkbench/plugins/fr.ac6.mcu.externaltools.arm-none.linux64_1.17.0.201812190825/tools/compiler/bin/../lib/gcc/arm-none-eabi/7.3.1/../../../../arm-none-eabi/lib/thumb/v7e-m/fpv4-sp/hard/libm.a(lib_a-sf_finite.o)
                0x000000000800a9dc                finitef
 .text.nanf     0x000000000800a9f0        0xc /home/valentyn/Programs/SystemWorkbench/plugins/fr.ac6.mcu.externaltools.arm-none.linux64_1.17.0.201812190825/tools/compiler/bin/../lib/gcc/arm-none-eabi/7.3.1/../../../../arm-none-eabi/lib/thumb/v7e-m/fpv4-sp/hard/libm.a(lib_a-sf_nan.o)
                0x000000000800a9f0                nanf
 .text.rintf    0x000000000800a9fc       0xc0 /home/valentyn/Programs/SystemWorkbench/plugins/fr.ac6.mcu.externaltools.arm-none.linux64_1.17.0.201812190825/tools/compiler/bin/../lib/gcc/arm-none-eabi/7.3.1/../../../../arm-none-eabi/lib/thumb/v7e-m/fpv4-sp/hard/libm.a(lib_a-sf_rint.o)
                0x000000000800a9fc                rintf
 .text.scalbnf  0x000000000800aabc       0xd0 /home/valentyn/Programs/SystemWorkbench/plugins/fr.ac6.mcu.externaltools.arm-none.linux64_1.17.0.201812190825/tools/compiler/bin/../lib/gcc/arm-none-eabi/7.3.1/../../../../arm-none-eabi/lib/thumb/v7e-m/fpv4-sp/hard/libm.a(lib_a-sf_scalbn.o)
                0x000000000800aabc                scalbnf
 .text.copysign
                0x000000000800ab8c       0x1c /home/valentyn/Programs/SystemWorkbench/plugins/fr.ac6.mcu.externaltools.arm-none.linux64_1.17.0.201812190825/tools/compiler/bin/../lib/gcc/arm-none-eabi/7.3.1/../../../../arm-none-eabi/lib/thumb/v7e-m/fpv4-sp/hard/libm.a(lib_a-s_copysign.o)
                0x000000000800ab8c                copysign
 .text.copysignf
                0x000000000800aba8       0x18 /home/valentyn/Programs/SystemWorkbench/plugins/fr.ac6.mcu.externaltools.arm-none.linux64_1.17.0.201812190825/tools/compiler/bin/../lib/gcc/arm-none-eabi/7.3.1/../../../../arm-none-eabi/lib/thumb/v7e-m/fpv4-sp/hard/libm.a(lib_a-sf_copysign.o)
                0x000000000800aba8                copysignf
 .text.atof     0x000000000800abc0        0x8 /home/valentyn/Programs/SystemWorkbench/plugins/fr.ac6.mcu.externaltools.arm-none.linux64_1.17.0.201812190825/tools/compiler/bin/../lib/gcc/arm-none-eabi/7.3.1/../../../../arm-none-eabi/lib/thumb/v7e-m/fpv4-sp/hard/libc.a(lib_a-atof.o)
                0x000000000800abc0                atof
 .text.atoi     0x000000000800abc8        0x8 /home/valentyn/Programs/SystemWorkbench/plugins/fr.ac6.mcu.externaltools.arm-none.linux64_1.17.0.201812190825/tools/compiler/bin/../lib/gcc/arm-none-eabi/7.3.1/../../../../arm-none-eabi/lib/thumb/v7e-m/fpv4-sp/hard/libc.a(lib_a-atoi.o)
                0x000000000800abc8                atoi
 .text.__errno  0x000000000800abd0        0xc /home/valentyn/Programs/SystemWorkbench/plugins/fr.ac6.mcu.externaltools.arm-none.linux64_1.17.0.201812190825/tools/compiler/bin/../lib/gcc/arm-none-eabi/7.3.1/../../../../arm-none-eabi/lib/thumb/v7e-m/fpv4-sp/hard/libc.a(lib_a-errno.o)
                0x000000000800abd0                __errno
 .text.__libc_init_array
                0x000000000800abdc       0x48 /home/valentyn/Programs/SystemWorkbench/plugins/fr.ac6.mcu.externaltools.arm-none.linux64_1.17.0.201812190825/tools/compiler/bin/../lib/gcc/arm-none-eabi/7.3.1/../../../../arm-none-eabi/lib/thumb/v7e-m/fpv4-sp/hard/libc.a(lib_a-init.o)
                0x000000000800abdc                __libc_init_array
 .text.__itoa   0x000000000800ac24       0x38 /home/valentyn/Programs/SystemWorkbench/plugins/fr.ac6.mcu.externaltools.arm-none.linux64_1.17.0.201812190825/tools/compiler/bin/../lib/gcc/arm-none-eabi/7.3.1/../../../../arm-none-eabi/lib/thumb/v7e-m/fpv4-sp/hard/libc.a(lib_a-itoa.o)
                0x000000000800ac24                __itoa
 .text.itoa     0x000000000800ac5c        0x4 /home/valentyn/Programs/SystemWorkbench/plugins/fr.ac6.mcu.externaltools.arm-none.linux64_1.17.0.201812190825/tools/compiler/bin/../lib/gcc/arm-none-eabi/7.3.1/../../../../arm-none-eabi/lib/thumb/v7e-m/fpv4-sp/hard/libc.a(lib_a-itoa.o)
                0x000000000800ac5c                itoa
 .text.memset   0x000000000800ac60       0x94 /home/valentyn/Programs/SystemWorkbench/plugins/fr.ac6.mcu.externaltools.arm-none.linux64_1.17.0.201812190825/tools/compiler/bin/../lib/gcc/arm-none-eabi/7.3.1/../../../../arm-none-eabi/lib/thumb/v7e-m/fpv4-sp/hard/libc.a(lib_a-memset.o)
                0x000000000800ac60                memset
 .text.strchr   0x000000000800acf4       0xe8 /home/valentyn/Programs/SystemWorkbench/plugins/fr.ac6.mcu.externaltools.arm-none.linux64_1.17.0.201812190825/tools/compiler/bin/../lib/gcc/arm-none-eabi/7.3.1/../../../../arm-none-eabi/lib/thumb/v7e-m/fpv4-sp/hard/libc.a(lib_a-strchr.o)
                0x000000000800acf4                strchr
 .text.strcpy   0x000000000800addc       0xbc /home/valentyn/Programs/SystemWorkbench/plugins/fr.ac6.mcu.externaltools.arm-none.linux64_1.17.0.201812190825/tools/compiler/bin/../lib/gcc/arm-none-eabi/7.3.1/../../../../arm-none-eabi/lib/thumb/v7e-m/fpv4-sp/hard/libc.a(lib_a-strcpy.o)
                0x000000000800addc                strcpy
 .text.strncpy  0x000000000800ae98       0x64 /home/valentyn/Programs/SystemWorkbench/plugins/fr.ac6.mcu.externaltools.arm-none.linux64_1.17.0.201812190825/tools/compiler/bin/../lib/gcc/arm-none-eabi/7.3.1/../../../../arm-none-eabi/lib/thumb/v7e-m/fpv4-sp/hard/libc.a(lib_a-strncpy.o)
                0x000000000800ae98                strncpy
 .text.critical_factorization
                0x000000000800aefc       0xb4 /home/valentyn/Programs/SystemWorkbench/plugins/fr.ac6.mcu.externaltools.arm-none.linux64_1.17.0.201812190825/tools/compiler/bin/../lib/gcc/arm-none-eabi/7.3.1/../../../../arm-none-eabi/lib/thumb/v7e-m/fpv4-sp/hard/libc.a(lib_a-strstr.o)
 .text.two_way_long_needle
                0x000000000800afb0      0x1f8 /home/valentyn/Programs/SystemWorkbench/plugins/fr.ac6.mcu.externaltools.arm-none.linux64_1.17.0.201812190825/tools/compiler/bin/../lib/gcc/arm-none-eabi/7.3.1/../../../../arm-none-eabi/lib/thumb/v7e-m/fpv4-sp/hard/libc.a(lib_a-strstr.o)
 .text.strstr   0x000000000800b1a8      0x1f8 /home/valentyn/Programs/SystemWorkbench/plugins/fr.ac6.mcu.externaltools.arm-none.linux64_1.17.0.201812190825/tools/compiler/bin/../lib/gcc/arm-none-eabi/7.3.1/../../../../arm-none-eabi/lib/thumb/v7e-m/fpv4-sp/hard/libc.a(lib_a-strstr.o)
                0x000000000800b1a8                strstr
 .text.unlikely.sulp
                0x000000000800b3a0       0x38 /home/valentyn/Programs/SystemWorkbench/plugins/fr.ac6.mcu.externaltools.arm-none.linux64_1.17.0.201812190825/tools/compiler/bin/../lib/gcc/arm-none-eabi/7.3.1/../../../../arm-none-eabi/lib/thumb/v7e-m/fpv4-sp/hard/libc.a(lib_a-strtod.o)
 .text._strtod_l
                0x000000000800b3d8      0xf1c /home/valentyn/Programs/SystemWorkbench/plugins/fr.ac6.mcu.externaltools.arm-none.linux64_1.17.0.201812190825/tools/compiler/bin/../lib/gcc/arm-none-eabi/7.3.1/../../../../arm-none-eabi/lib/thumb/v7e-m/fpv4-sp/hard/libc.a(lib_a-strtod.o)
                0x000000000800b3d8                _strtod_l
 .text.strtod   0x000000000800c2f4       0x24 /home/valentyn/Programs/SystemWorkbench/plugins/fr.ac6.mcu.externaltools.arm-none.linux64_1.17.0.201812190825/tools/compiler/bin/../lib/gcc/arm-none-eabi/7.3.1/../../../../arm-none-eabi/lib/thumb/v7e-m/fpv4-sp/hard/libc.a(lib_a-strtod.o)
                0x000000000800c2f4                strtod
 .text.strtok   0x000000000800c318       0x10 /home/valentyn/Programs/SystemWorkbench/plugins/fr.ac6.mcu.externaltools.arm-none.linux64_1.17.0.201812190825/tools/compiler/bin/../lib/gcc/arm-none-eabi/7.3.1/../../../../arm-none-eabi/lib/thumb/v7e-m/fpv4-sp/hard/libc.a(lib_a-strtok.o)
                0x000000000800c318                strtok
 .text.__strtok_r
                0x000000000800c328       0x64 /home/valentyn/Programs/SystemWorkbench/plugins/fr.ac6.mcu.externaltools.arm-none.linux64_1.17.0.201812190825/tools/compiler/bin/../lib/gcc/arm-none-eabi/7.3.1/../../../../arm-none-eabi/lib/thumb/v7e-m/fpv4-sp/hard/libc.a(lib_a-strtok_r.o)
                0x000000000800c328                __strtok_r
 .text._strtol_l.isra.0
                0x000000000800c38c      0x124 /home/valentyn/Programs/SystemWorkbench/plugins/fr.ac6.mcu.externaltools.arm-none.linux64_1.17.0.201812190825/tools/compiler/bin/../lib/gcc/arm-none-eabi/7.3.1/../../../../arm-none-eabi/lib/thumb/v7e-m/fpv4-sp/hard/libc.a(lib_a-strtol.o)
 .text.strtol   0x000000000800c4b0       0x2c /home/valentyn/Programs/SystemWorkbench/plugins/fr.ac6.mcu.externaltools.arm-none.linux64_1.17.0.201812190825/tools/compiler/bin/../lib/gcc/arm-none-eabi/7.3.1/../../../../arm-none-eabi/lib/thumb/v7e-m/fpv4-sp/hard/libc.a(lib_a-strtol.o)
                0x000000000800c4b0                strtol
 .text.__utoa   0x000000000800c4dc       0x80 /home/valentyn/Programs/SystemWorkbench/plugins/fr.ac6.mcu.externaltools.arm-none.linux64_1.17.0.201812190825/tools/compiler/bin/../lib/gcc/arm-none-eabi/7.3.1/../../../../arm-none-eabi/lib/thumb/v7e-m/fpv4-sp/hard/libc.a(lib_a-utoa.o)
                0x000000000800c4dc                __utoa
 .text.startup.register_fini
                0x000000000800c55c       0x14 /home/valentyn/Programs/SystemWorkbench/plugins/fr.ac6.mcu.externaltools.arm-none.linux64_1.17.0.201812190825/tools/compiler/bin/../lib/gcc/arm-none-eabi/7.3.1/../../../../arm-none-eabi/lib/thumb/v7e-m/fpv4-sp/hard/libc.a(lib_a-__call_atexit.o)
 .text.atexit   0x000000000800c570        0xc /home/valentyn/Programs/SystemWorkbench/plugins/fr.ac6.mcu.externaltools.arm-none.linux64_1.17.0.201812190825/tools/compiler/bin/../lib/gcc/arm-none-eabi/7.3.1/../../../../arm-none-eabi/lib/thumb/v7e-m/fpv4-sp/hard/libc.a(lib_a-atexit.o)
                0x000000000800c570                atexit
 .text.__libc_fini_array
                0x000000000800c57c       0x34 /home/valentyn/Programs/SystemWorkbench/plugins/fr.ac6.mcu.externaltools.arm-none.linux64_1.17.0.201812190825/tools/compiler/bin/../lib/gcc/arm-none-eabi/7.3.1/../../../../arm-none-eabi/lib/thumb/v7e-m/fpv4-sp/hard/libc.a(lib_a-fini.o)
                0x000000000800c57c                __libc_fini_array
 .text.rshift   0x000000000800c5b0       0xb0 /home/valentyn/Programs/SystemWorkbench/plugins/fr.ac6.mcu.externaltools.arm-none.linux64_1.17.0.201812190825/tools/compiler/bin/../lib/gcc/arm-none-eabi/7.3.1/../../../../arm-none-eabi/lib/thumb/v7e-m/fpv4-sp/hard/libc.a(lib_a-gdtoa-gethex.o)
 .text.__gethex
                0x000000000800c660      0x520 /home/valentyn/Programs/SystemWorkbench/plugins/fr.ac6.mcu.externaltools.arm-none.linux64_1.17.0.201812190825/tools/compiler/bin/../lib/gcc/arm-none-eabi/7.3.1/../../../../arm-none-eabi/lib/thumb/v7e-m/fpv4-sp/hard/libc.a(lib_a-gdtoa-gethex.o)
                0x000000000800c660                __gethex
 .text.__match  0x000000000800cb80       0x30 /home/valentyn/Programs/SystemWorkbench/plugins/fr.ac6.mcu.externaltools.arm-none.linux64_1.17.0.201812190825/tools/compiler/bin/../lib/gcc/arm-none-eabi/7.3.1/../../../../arm-none-eabi/lib/thumb/v7e-m/fpv4-sp/hard/libc.a(lib_a-gdtoa-hexnan.o)
                0x000000000800cb80                __match
 .text.__hexnan
                0x000000000800cbb0      0x1a0 /home/valentyn/Programs/SystemWorkbench/plugins/fr.ac6.mcu.externaltools.arm-none.linux64_1.17.0.201812190825/tools/compiler/bin/../lib/gcc/arm-none-eabi/7.3.1/../../../../arm-none-eabi/lib/thumb/v7e-m/fpv4-sp/hard/libc.a(lib_a-gdtoa-hexnan.o)
                0x000000000800cbb0                __hexnan
 .text.__locale_ctype_ptr_l
                0x000000000800cd50        0x8 /home/valentyn/Programs/SystemWorkbench/plugins/fr.ac6.mcu.externaltools.arm-none.linux64_1.17.0.201812190825/tools/compiler/bin/../lib/gcc/arm-none-eabi/7.3.1/../../../../arm-none-eabi/lib/thumb/v7e-m/fpv4-sp/hard/libc.a(lib_a-locale.o)
                0x000000000800cd50                __locale_ctype_ptr_l
 .text.__localeconv_l
                0x000000000800cd58        0x4 /home/valentyn/Programs/SystemWorkbench/plugins/fr.ac6.mcu.externaltools.arm-none.linux64_1.17.0.201812190825/tools/compiler/bin/../lib/gcc/arm-none-eabi/7.3.1/../../../../arm-none-eabi/lib/thumb/v7e-m/fpv4-sp/hard/libc.a(lib_a-localeconv.o)
                0x000000000800cd58                __localeconv_l
 .text.__retarget_lock_acquire_recursive
                0x000000000800cd5c        0x4 /home/valentyn/Programs/SystemWorkbench/plugins/fr.ac6.mcu.externaltools.arm-none.linux64_1.17.0.201812190825/tools/compiler/bin/../lib/gcc/arm-none-eabi/7.3.1/../../../../arm-none-eabi/lib/thumb/v7e-m/fpv4-sp/hard/libc.a(lib_a-lock.o)
                0x000000000800cd5c                __retarget_lock_acquire_recursive
 .text.__retarget_lock_release_recursive
                0x000000000800cd60        0x4 /home/valentyn/Programs/SystemWorkbench/plugins/fr.ac6.mcu.externaltools.arm-none.linux64_1.17.0.201812190825/tools/compiler/bin/../lib/gcc/arm-none-eabi/7.3.1/../../../../arm-none-eabi/lib/thumb/v7e-m/fpv4-sp/hard/libc.a(lib_a-lock.o)
                0x000000000800cd60                __retarget_lock_release_recursive
 .text.__ascii_mbtowc
                0x000000000800cd64       0x2c /home/valentyn/Programs/SystemWorkbench/plugins/fr.ac6.mcu.externaltools.arm-none.linux64_1.17.0.201812190825/tools/compiler/bin/../lib/gcc/arm-none-eabi/7.3.1/../../../../arm-none-eabi/lib/thumb/v7e-m/fpv4-sp/hard/libc.a(lib_a-mbtowc_r.o)
                0x000000000800cd64                __ascii_mbtowc
 .text.memcmp   0x000000000800cd90       0x64 /home/valentyn/Programs/SystemWorkbench/plugins/fr.ac6.mcu.externaltools.arm-none.linux64_1.17.0.201812190825/tools/compiler/bin/../lib/gcc/arm-none-eabi/7.3.1/../../../../arm-none-eabi/lib/thumb/v7e-m/fpv4-sp/hard/libc.a(lib_a-memcmp.o)
                0x000000000800cd90                memcmp
 .text._Balloc  0x000000000800cdf4       0x4c /home/valentyn/Programs/SystemWorkbench/plugins/fr.ac6.mcu.externaltools.arm-none.linux64_1.17.0.201812190825/tools/compiler/bin/../lib/gcc/arm-none-eabi/7.3.1/../../../../arm-none-eabi/lib/thumb/v7e-m/fpv4-sp/hard/libc.a(lib_a-mprec.o)
                0x000000000800cdf4                _Balloc
 .text._Bfree   0x000000000800ce40       0x14 /home/valentyn/Programs/SystemWorkbench/plugins/fr.ac6.mcu.externaltools.arm-none.linux64_1.17.0.201812190825/tools/compiler/bin/../lib/gcc/arm-none-eabi/7.3.1/../../../../arm-none-eabi/lib/thumb/v7e-m/fpv4-sp/hard/libc.a(lib_a-mprec.o)
                0x000000000800ce40                _Bfree
 .text.__multadd
                0x000000000800ce54       0x80 /home/valentyn/Programs/SystemWorkbench/plugins/fr.ac6.mcu.externaltools.arm-none.linux64_1.17.0.201812190825/tools/compiler/bin/../lib/gcc/arm-none-eabi/7.3.1/../../../../arm-none-eabi/lib/thumb/v7e-m/fpv4-sp/hard/libc.a(lib_a-mprec.o)
                0x000000000800ce54                __multadd
 .text.__s2b    0x000000000800ced4       0x98 /home/valentyn/Programs/SystemWorkbench/plugins/fr.ac6.mcu.externaltools.arm-none.linux64_1.17.0.201812190825/tools/compiler/bin/../lib/gcc/arm-none-eabi/7.3.1/../../../../arm-none-eabi/lib/thumb/v7e-m/fpv4-sp/hard/libc.a(lib_a-mprec.o)
                0x000000000800ced4                __s2b
 .text.__hi0bits
                0x000000000800cf6c       0x40 /home/valentyn/Programs/SystemWorkbench/plugins/fr.ac6.mcu.externaltools.arm-none.linux64_1.17.0.201812190825/tools/compiler/bin/../lib/gcc/arm-none-eabi/7.3.1/../../../../arm-none-eabi/lib/thumb/v7e-m/fpv4-sp/hard/libc.a(lib_a-mprec.o)
                0x000000000800cf6c                __hi0bits
 .text.__lo0bits
                0x000000000800cfac       0x60 /home/valentyn/Programs/SystemWorkbench/plugins/fr.ac6.mcu.externaltools.arm-none.linux64_1.17.0.201812190825/tools/compiler/bin/../lib/gcc/arm-none-eabi/7.3.1/../../../../arm-none-eabi/lib/thumb/v7e-m/fpv4-sp/hard/libc.a(lib_a-mprec.o)
                0x000000000800cfac                __lo0bits
 .text.__i2b    0x000000000800d00c       0x14 /home/valentyn/Programs/SystemWorkbench/plugins/fr.ac6.mcu.externaltools.arm-none.linux64_1.17.0.201812190825/tools/compiler/bin/../lib/gcc/arm-none-eabi/7.3.1/../../../../arm-none-eabi/lib/thumb/v7e-m/fpv4-sp/hard/libc.a(lib_a-mprec.o)
                0x000000000800d00c                __i2b
 .text.__multiply
                0x000000000800d020      0x14c /home/valentyn/Programs/SystemWorkbench/plugins/fr.ac6.mcu.externaltools.arm-none.linux64_1.17.0.201812190825/tools/compiler/bin/../lib/gcc/arm-none-eabi/7.3.1/../../../../arm-none-eabi/lib/thumb/v7e-m/fpv4-sp/hard/libc.a(lib_a-mprec.o)
                0x000000000800d020                __multiply
 .text.__pow5mult
                0x000000000800d16c       0xa0 /home/valentyn/Programs/SystemWorkbench/plugins/fr.ac6.mcu.externaltools.arm-none.linux64_1.17.0.201812190825/tools/compiler/bin/../lib/gcc/arm-none-eabi/7.3.1/../../../../arm-none-eabi/lib/thumb/v7e-m/fpv4-sp/hard/libc.a(lib_a-mprec.o)
                0x000000000800d16c                __pow5mult
 .text.__lshift
                0x000000000800d20c       0xac /home/valentyn/Programs/SystemWorkbench/plugins/fr.ac6.mcu.externaltools.arm-none.linux64_1.17.0.201812190825/tools/compiler/bin/../lib/gcc/arm-none-eabi/7.3.1/../../../../arm-none-eabi/lib/thumb/v7e-m/fpv4-sp/hard/libc.a(lib_a-mprec.o)
                0x000000000800d20c                __lshift
 .text.__mcmp   0x000000000800d2b8       0x38 /home/valentyn/Programs/SystemWorkbench/plugins/fr.ac6.mcu.externaltools.arm-none.linux64_1.17.0.201812190825/tools/compiler/bin/../lib/gcc/arm-none-eabi/7.3.1/../../../../arm-none-eabi/lib/thumb/v7e-m/fpv4-sp/hard/libc.a(lib_a-mprec.o)
                0x000000000800d2b8                __mcmp
 .text.__mdiff  0x000000000800d2f0       0xec /home/valentyn/Programs/SystemWorkbench/plugins/fr.ac6.mcu.externaltools.arm-none.linux64_1.17.0.201812190825/tools/compiler/bin/../lib/gcc/arm-none-eabi/7.3.1/../../../../arm-none-eabi/lib/thumb/v7e-m/fpv4-sp/hard/libc.a(lib_a-mprec.o)
                0x000000000800d2f0                __mdiff
 .text.__ulp    0x000000000800d3dc       0x54 /home/valentyn/Programs/SystemWorkbench/plugins/fr.ac6.mcu.externaltools.arm-none.linux64_1.17.0.201812190825/tools/compiler/bin/../lib/gcc/arm-none-eabi/7.3.1/../../../../arm-none-eabi/lib/thumb/v7e-m/fpv4-sp/hard/libc.a(lib_a-mprec.o)
                0x000000000800d3dc                __ulp
 .text.__b2d    0x000000000800d430       0xbc /home/valentyn/Programs/SystemWorkbench/plugins/fr.ac6.mcu.externaltools.arm-none.linux64_1.17.0.201812190825/tools/compiler/bin/../lib/gcc/arm-none-eabi/7.3.1/../../../../arm-none-eabi/lib/thumb/v7e-m/fpv4-sp/hard/libc.a(lib_a-mprec.o)
                0x000000000800d430                __b2d
 .text.__d2b    0x000000000800d4ec       0xc4 /home/valentyn/Programs/SystemWorkbench/plugins/fr.ac6.mcu.externaltools.arm-none.linux64_1.17.0.201812190825/tools/compiler/bin/../lib/gcc/arm-none-eabi/7.3.1/../../../../arm-none-eabi/lib/thumb/v7e-m/fpv4-sp/hard/libc.a(lib_a-mprec.o)
                0x000000000800d4ec                __d2b
 .text.__ratio  0x000000000800d5b0       0x60 /home/valentyn/Programs/SystemWorkbench/plugins/fr.ac6.mcu.externaltools.arm-none.linux64_1.17.0.201812190825/tools/compiler/bin/../lib/gcc/arm-none-eabi/7.3.1/../../../../arm-none-eabi/lib/thumb/v7e-m/fpv4-sp/hard/libc.a(lib_a-mprec.o)
                0x000000000800d5b0                __ratio
 .text.__copybits
                0x000000000800d610       0x48 /home/valentyn/Programs/SystemWorkbench/plugins/fr.ac6.mcu.externaltools.arm-none.linux64_1.17.0.201812190825/tools/compiler/bin/../lib/gcc/arm-none-eabi/7.3.1/../../../../arm-none-eabi/lib/thumb/v7e-m/fpv4-sp/hard/libc.a(lib_a-mprec.o)
                0x000000000800d610                __copybits
 .text.__any_on
                0x000000000800d658       0x58 /home/valentyn/Programs/SystemWorkbench/plugins/fr.ac6.mcu.externaltools.arm-none.linux64_1.17.0.201812190825/tools/compiler/bin/../lib/gcc/arm-none-eabi/7.3.1/../../../../arm-none-eabi/lib/thumb/v7e-m/fpv4-sp/hard/libc.a(lib_a-mprec.o)
                0x000000000800d658                __any_on
 .text.strncmp  0x000000000800d6b0       0x98 /home/valentyn/Programs/SystemWorkbench/plugins/fr.ac6.mcu.externaltools.arm-none.linux64_1.17.0.201812190825/tools/compiler/bin/../lib/gcc/arm-none-eabi/7.3.1/../../../../arm-none-eabi/lib/thumb/v7e-m/fpv4-sp/hard/libc.a(lib_a-strncmp.o)
                0x000000000800d6b0                strncmp
 .text.__ascii_wctomb
                0x000000000800d748       0x1c /home/valentyn/Programs/SystemWorkbench/plugins/fr.ac6.mcu.externaltools.arm-none.linux64_1.17.0.201812190825/tools/compiler/bin/../lib/gcc/arm-none-eabi/7.3.1/../../../../arm-none-eabi/lib/thumb/v7e-m/fpv4-sp/hard/libc.a(lib_a-wctomb_r.o)
                0x000000000800d748                __ascii_wctomb
 .text.__register_exitproc
                0x000000000800d764       0xc0 /home/valentyn/Programs/SystemWorkbench/plugins/fr.ac6.mcu.externaltools.arm-none.linux64_1.17.0.201812190825/tools/compiler/bin/../lib/gcc/arm-none-eabi/7.3.1/../../../../arm-none-eabi/lib/thumb/v7e-m/fpv4-sp/hard/libc.a(lib_a-__atexit.o)
                0x000000000800d764                __register_exitproc
 .text._calloc_r
                0x000000000800d824       0x68 /home/valentyn/Programs/SystemWorkbench/plugins/fr.ac6.mcu.externaltools.arm-none.linux64_1.17.0.201812190825/tools/compiler/bin/../lib/gcc/arm-none-eabi/7.3.1/../../../../arm-none-eabi/lib/thumb/v7e-m/fpv4-sp/hard/libc.a(lib_a-callocr.o)
                0x000000000800d824                _calloc_r
 .text._malloc_r
                0x000000000800d88c      0x548 /home/valentyn/Programs/SystemWorkbench/plugins/fr.ac6.mcu.externaltools.arm-none.linux64_1.17.0.201812190825/tools/compiler/bin/../lib/gcc/arm-none-eabi/7.3.1/../../../../arm-none-eabi/lib/thumb/v7e-m/fpv4-sp/hard/libc.a(lib_a-mallocr.o)
                0x000000000800d88c                _malloc_r
 .text.__malloc_lock
                0x000000000800ddd4        0xc /home/valentyn/Programs/SystemWorkbench/plugins/fr.ac6.mcu.externaltools.arm-none.linux64_1.17.0.201812190825/tools/compiler/bin/../lib/gcc/arm-none-eabi/7.3.1/../../../../arm-none-eabi/lib/thumb/v7e-m/fpv4-sp/hard/libc.a(lib_a-mlock.o)
                0x000000000800ddd4                __malloc_lock
 .text.__malloc_unlock
                0x000000000800dde0        0xc /home/valentyn/Programs/SystemWorkbench/plugins/fr.ac6.mcu.externaltools.arm-none.linux64_1.17.0.201812190825/tools/compiler/bin/../lib/gcc/arm-none-eabi/7.3.1/../../../../arm-none-eabi/lib/thumb/v7e-m/fpv4-sp/hard/libc.a(lib_a-mlock.o)
                0x000000000800dde0                __malloc_unlock
 .text._sbrk_r  0x000000000800ddec       0x24 /home/valentyn/Programs/SystemWorkbench/plugins/fr.ac6.mcu.externaltools.arm-none.linux64_1.17.0.201812190825/tools/compiler/bin/../lib/gcc/arm-none-eabi/7.3.1/../../../../arm-none-eabi/lib/thumb/v7e-m/fpv4-sp/hard/libc.a(lib_a-sbrkr.o)
                0x000000000800ddec                _sbrk_r
 .text._malloc_trim_r
                0x000000000800de10       0xa0 /home/valentyn/Programs/SystemWorkbench/plugins/fr.ac6.mcu.externaltools.arm-none.linux64_1.17.0.201812190825/tools/compiler/bin/../lib/gcc/arm-none-eabi/7.3.1/../../../../arm-none-eabi/lib/thumb/v7e-m/fpv4-sp/hard/libc.a(lib_a-freer.o)
                0x000000000800de10                _malloc_trim_r
 .text._free_r  0x000000000800deb0      0x1e8 /home/valentyn/Programs/SystemWorkbench/plugins/fr.ac6.mcu.externaltools.arm-none.linux64_1.17.0.201812190825/tools/compiler/bin/../lib/gcc/arm-none-eabi/7.3.1/../../../../arm-none-eabi/lib/thumb/v7e-m/fpv4-sp/hard/libc.a(lib_a-freer.o)
                0x000000000800deb0                _free_r
 *(.glue_7)
 .glue_7        0x000000000800e098        0x0 linker stubs
 *(.glue_7t)
 .glue_7t       0x000000000800e098        0x0 linker stubs
 *(.eh_frame)
 .eh_frame      0x000000000800e098        0x0 /home/valentyn/Programs/SystemWorkbench/plugins/fr.ac6.mcu.externaltools.arm-none.linux64_1.17.0.201812190825/tools/compiler/bin/../lib/gcc/arm-none-eabi/7.3.1/thumb/v7e-m/fpv4-sp/hard/crtbegin.o
 *(.init)
 .init          0x000000000800e098        0x4 /home/valentyn/Programs/SystemWorkbench/plugins/fr.ac6.mcu.externaltools.arm-none.linux64_1.17.0.201812190825/tools/compiler/bin/../lib/gcc/arm-none-eabi/7.3.1/thumb/v7e-m/fpv4-sp/hard/crti.o
                0x000000000800e098                _init
 .init          0x000000000800e09c        0x8 /home/valentyn/Programs/SystemWorkbench/plugins/fr.ac6.mcu.externaltools.arm-none.linux64_1.17.0.201812190825/tools/compiler/bin/../lib/gcc/arm-none-eabi/7.3.1/thumb/v7e-m/fpv4-sp/hard/crtn.o
 *(.fini)
 .fini          0x000000000800e0a4        0x4 /home/valentyn/Programs/SystemWorkbench/plugins/fr.ac6.mcu.externaltools.arm-none.linux64_1.17.0.201812190825/tools/compiler/bin/../lib/gcc/arm-none-eabi/7.3.1/thumb/v7e-m/fpv4-sp/hard/crti.o
                0x000000000800e0a4                _fini
 .fini          0x000000000800e0a8        0x8 /home/valentyn/Programs/SystemWorkbench/plugins/fr.ac6.mcu.externaltools.arm-none.linux64_1.17.0.201812190825/tools/compiler/bin/../lib/gcc/arm-none-eabi/7.3.1/thumb/v7e-m/fpv4-sp/hard/crtn.o
                0x000000000800e0b0                . = ALIGN (0x4)
                0x000000000800e0b0                _etext = .

.vfp11_veneer   0x000000000800e0b0        0x0
 .vfp11_veneer  0x000000000800e0b0        0x0 linker stubs

.v4_bx          0x000000000800e0b0        0x0
 .v4_bx         0x000000000800e0b0        0x0 linker stubs

.iplt           0x000000000800e0b0        0x0
 .iplt          0x000000000800e0b0        0x0 /home/valentyn/Programs/SystemWorkbench/plugins/fr.ac6.mcu.externaltools.arm-none.linux64_1.17.0.201812190825/tools/compiler/bin/../lib/gcc/arm-none-eabi/7.3.1/thumb/v7e-m/fpv4-sp/hard/crtbegin.o

.rodata         0x000000000800e0b0      0x698
                0x000000000800e0b0                . = ALIGN (0x4)
 *(.rodata)
 .rodata        0x000000000800e0b0        0x5 RTOS/src/tasks.o
 *fill*         0x000000000800e0b5        0x3 
 .rodata        0x000000000800e0b8        0xd RTOS/src/timers.o
 *fill*         0x000000000800e0c5        0x3 
 .rodata        0x000000000800e0c8        0xa src/algorithm.o
 *fill*         0x000000000800e0d2        0x2 
 .rodata        0x000000000800e0d4        0xc src/gpio.o
 .rodata        0x000000000800e0e0       0x2e src/main.o
 *fill*         0x000000000800e10e        0x2 
 .rodata        0x000000000800e110       0x4c src/nmea.o
                0x000000000800e110                sm_a
                0x000000000800e118                sm_b
 *(.rodata*)
 *fill*         0x000000000800e15c        0x4 
 .rodata.atanhi
                0x000000000800e160       0x20 /home/valentyn/Programs/SystemWorkbench/plugins/fr.ac6.mcu.externaltools.arm-none.linux64_1.17.0.201812190825/tools/compiler/bin/../lib/gcc/arm-none-eabi/7.3.1/../../../../arm-none-eabi/lib/thumb/v7e-m/fpv4-sp/hard/libm.a(lib_a-s_atan.o)
 .rodata.atanlo
                0x000000000800e180       0x20 /home/valentyn/Programs/SystemWorkbench/plugins/fr.ac6.mcu.externaltools.arm-none.linux64_1.17.0.201812190825/tools/compiler/bin/../lib/gcc/arm-none-eabi/7.3.1/../../../../arm-none-eabi/lib/thumb/v7e-m/fpv4-sp/hard/libm.a(lib_a-s_atan.o)
 .rodata.pow.str1.4
                0x000000000800e1a0        0x4 /home/valentyn/Programs/SystemWorkbench/plugins/fr.ac6.mcu.externaltools.arm-none.linux64_1.17.0.201812190825/tools/compiler/bin/../lib/gcc/arm-none-eabi/7.3.1/../../../../arm-none-eabi/lib/thumb/v7e-m/fpv4-sp/hard/libm.a(lib_a-w_pow.o)
 .rodata.sqrt.str1.4
                0x000000000800e1a4        0x5 /home/valentyn/Programs/SystemWorkbench/plugins/fr.ac6.mcu.externaltools.arm-none.linux64_1.17.0.201812190825/tools/compiler/bin/../lib/gcc/arm-none-eabi/7.3.1/../../../../arm-none-eabi/lib/thumb/v7e-m/fpv4-sp/hard/libm.a(lib_a-w_sqrt.o)
 *fill*         0x000000000800e1a9        0x3 
 .rodata.powf.str1.4
                0x000000000800e1ac        0x5 /home/valentyn/Programs/SystemWorkbench/plugins/fr.ac6.mcu.externaltools.arm-none.linux64_1.17.0.201812190825/tools/compiler/bin/../lib/gcc/arm-none-eabi/7.3.1/../../../../arm-none-eabi/lib/thumb/v7e-m/fpv4-sp/hard/libm.a(lib_a-wf_pow.o)
 .rodata.__ieee754_pow.str1.4
                0x000000000800e1b1        0x5 /home/valentyn/Programs/SystemWorkbench/plugins/fr.ac6.mcu.externaltools.arm-none.linux64_1.17.0.201812190825/tools/compiler/bin/../lib/gcc/arm-none-eabi/7.3.1/../../../../arm-none-eabi/lib/thumb/v7e-m/fpv4-sp/hard/libm.a(lib_a-e_pow.o)
                                          0x1 (size before relaxing)
 *fill*         0x000000000800e1b1        0x3 
 .rodata.npio2_hw
                0x000000000800e1b4       0x80 /home/valentyn/Programs/SystemWorkbench/plugins/fr.ac6.mcu.externaltools.arm-none.linux64_1.17.0.201812190825/tools/compiler/bin/../lib/gcc/arm-none-eabi/7.3.1/../../../../arm-none-eabi/lib/thumb/v7e-m/fpv4-sp/hard/libm.a(lib_a-e_rem_pio2.o)
 .rodata.two_over_pi
                0x000000000800e234      0x108 /home/valentyn/Programs/SystemWorkbench/plugins/fr.ac6.mcu.externaltools.arm-none.linux64_1.17.0.201812190825/tools/compiler/bin/../lib/gcc/arm-none-eabi/7.3.1/../../../../arm-none-eabi/lib/thumb/v7e-m/fpv4-sp/hard/libm.a(lib_a-e_rem_pio2.o)
 .rodata.__ieee754_powf.str1.4
                0x000000000800e33c        0x1 /home/valentyn/Programs/SystemWorkbench/plugins/fr.ac6.mcu.externaltools.arm-none.linux64_1.17.0.201812190825/tools/compiler/bin/../lib/gcc/arm-none-eabi/7.3.1/../../../../arm-none-eabi/lib/thumb/v7e-m/fpv4-sp/hard/libm.a(lib_a-ef_pow.o)
 *fill*         0x000000000800e33c        0x4 
 .rodata.PIo2   0x000000000800e340       0x40 /home/valentyn/Programs/SystemWorkbench/plugins/fr.ac6.mcu.externaltools.arm-none.linux64_1.17.0.201812190825/tools/compiler/bin/../lib/gcc/arm-none-eabi/7.3.1/../../../../arm-none-eabi/lib/thumb/v7e-m/fpv4-sp/hard/libm.a(lib_a-k_rem_pio2.o)
 .rodata.init_jk
                0x000000000800e380       0x10 /home/valentyn/Programs/SystemWorkbench/plugins/fr.ac6.mcu.externaltools.arm-none.linux64_1.17.0.201812190825/tools/compiler/bin/../lib/gcc/arm-none-eabi/7.3.1/../../../../arm-none-eabi/lib/thumb/v7e-m/fpv4-sp/hard/libm.a(lib_a-k_rem_pio2.o)
 .rodata.TWO52  0x000000000800e390       0x10 /home/valentyn/Programs/SystemWorkbench/plugins/fr.ac6.mcu.externaltools.arm-none.linux64_1.17.0.201812190825/tools/compiler/bin/../lib/gcc/arm-none-eabi/7.3.1/../../../../arm-none-eabi/lib/thumb/v7e-m/fpv4-sp/hard/libm.a(lib_a-s_rint.o)
 .rodata.TWO23  0x000000000800e3a0        0x8 /home/valentyn/Programs/SystemWorkbench/plugins/fr.ac6.mcu.externaltools.arm-none.linux64_1.17.0.201812190825/tools/compiler/bin/../lib/gcc/arm-none-eabi/7.3.1/../../../../arm-none-eabi/lib/thumb/v7e-m/fpv4-sp/hard/libm.a(lib_a-sf_rint.o)
 .rodata._global_impure_ptr
                0x000000000800e3a8        0x4 /home/valentyn/Programs/SystemWorkbench/plugins/fr.ac6.mcu.externaltools.arm-none.linux64_1.17.0.201812190825/tools/compiler/bin/../lib/gcc/arm-none-eabi/7.3.1/../../../../arm-none-eabi/lib/thumb/v7e-m/fpv4-sp/hard/libc.a(lib_a-impure.o)
                0x000000000800e3a8                _global_impure_ptr
 .rodata._strtod_l.str1.4
                0x000000000800e3ac        0xf /home/valentyn/Programs/SystemWorkbench/plugins/fr.ac6.mcu.externaltools.arm-none.linux64_1.17.0.201812190825/tools/compiler/bin/../lib/gcc/arm-none-eabi/7.3.1/../../../../arm-none-eabi/lib/thumb/v7e-m/fpv4-sp/hard/libc.a(lib_a-strtod.o)
 *fill*         0x000000000800e3bb        0x1 
 .rodata.fpi.7447
                0x000000000800e3bc       0x14 /home/valentyn/Programs/SystemWorkbench/plugins/fr.ac6.mcu.externaltools.arm-none.linux64_1.17.0.201812190825/tools/compiler/bin/../lib/gcc/arm-none-eabi/7.3.1/../../../../arm-none-eabi/lib/thumb/v7e-m/fpv4-sp/hard/libc.a(lib_a-strtod.o)
 .rodata.fpinan.7483
                0x000000000800e3d0       0x14 /home/valentyn/Programs/SystemWorkbench/plugins/fr.ac6.mcu.externaltools.arm-none.linux64_1.17.0.201812190825/tools/compiler/bin/../lib/gcc/arm-none-eabi/7.3.1/../../../../arm-none-eabi/lib/thumb/v7e-m/fpv4-sp/hard/libc.a(lib_a-strtod.o)
 *fill*         0x000000000800e3e4        0x4 
 .rodata.tinytens
                0x000000000800e3e8       0x28 /home/valentyn/Programs/SystemWorkbench/plugins/fr.ac6.mcu.externaltools.arm-none.linux64_1.17.0.201812190825/tools/compiler/bin/../lib/gcc/arm-none-eabi/7.3.1/../../../../arm-none-eabi/lib/thumb/v7e-m/fpv4-sp/hard/libc.a(lib_a-strtod.o)
 .rodata.__utoa.str1.4
                0x000000000800e410       0x25 /home/valentyn/Programs/SystemWorkbench/plugins/fr.ac6.mcu.externaltools.arm-none.linux64_1.17.0.201812190825/tools/compiler/bin/../lib/gcc/arm-none-eabi/7.3.1/../../../../arm-none-eabi/lib/thumb/v7e-m/fpv4-sp/hard/libc.a(lib_a-utoa.o)
 *fill*         0x000000000800e435        0x3 
 .rodata.__hexdig
                0x000000000800e438      0x100 /home/valentyn/Programs/SystemWorkbench/plugins/fr.ac6.mcu.externaltools.arm-none.linux64_1.17.0.201812190825/tools/compiler/bin/../lib/gcc/arm-none-eabi/7.3.1/../../../../arm-none-eabi/lib/thumb/v7e-m/fpv4-sp/hard/libc.a(lib_a-gdtoa-gethex.o)
                0x000000000800e438                __hexdig
 .rodata._setlocale_r.str1.4
                0x000000000800e538        0xa /home/valentyn/Programs/SystemWorkbench/plugins/fr.ac6.mcu.externaltools.arm-none.linux64_1.17.0.201812190825/tools/compiler/bin/../lib/gcc/arm-none-eabi/7.3.1/../../../../arm-none-eabi/lib/thumb/v7e-m/fpv4-sp/hard/libc.a(lib_a-locale.o)
                                          0xd (size before relaxing)
 *fill*         0x000000000800e542        0x2 
 .rodata.str1.4
                0x000000000800e544        0x4 /home/valentyn/Programs/SystemWorkbench/plugins/fr.ac6.mcu.externaltools.arm-none.linux64_1.17.0.201812190825/tools/compiler/bin/../lib/gcc/arm-none-eabi/7.3.1/../../../../arm-none-eabi/lib/thumb/v7e-m/fpv4-sp/hard/libc.a(lib_a-locale.o)
                                          0x2 (size before relaxing)
 .rodata.__mprec_bigtens
                0x000000000800e548       0x28 /home/valentyn/Programs/SystemWorkbench/plugins/fr.ac6.mcu.externaltools.arm-none.linux64_1.17.0.201812190825/tools/compiler/bin/../lib/gcc/arm-none-eabi/7.3.1/../../../../arm-none-eabi/lib/thumb/v7e-m/fpv4-sp/hard/libc.a(lib_a-mprec.o)
                0x000000000800e548                __mprec_bigtens
 .rodata.__mprec_tens
                0x000000000800e570       0xc8 /home/valentyn/Programs/SystemWorkbench/plugins/fr.ac6.mcu.externaltools.arm-none.linux64_1.17.0.201812190825/tools/compiler/bin/../lib/gcc/arm-none-eabi/7.3.1/../../../../arm-none-eabi/lib/thumb/v7e-m/fpv4-sp/hard/libc.a(lib_a-mprec.o)
                0x000000000800e570                __mprec_tens
 .rodata.p05.7367
                0x000000000800e638        0xc /home/valentyn/Programs/SystemWorkbench/plugins/fr.ac6.mcu.externaltools.arm-none.linux64_1.17.0.201812190825/tools/compiler/bin/../lib/gcc/arm-none-eabi/7.3.1/../../../../arm-none-eabi/lib/thumb/v7e-m/fpv4-sp/hard/libc.a(lib_a-mprec.o)
 .rodata._ctype_
                0x000000000800e644      0x101 /home/valentyn/Programs/SystemWorkbench/plugins/fr.ac6.mcu.externaltools.arm-none.linux64_1.17.0.201812190825/tools/compiler/bin/../lib/gcc/arm-none-eabi/7.3.1/../../../../arm-none-eabi/lib/thumb/v7e-m/fpv4-sp/hard/libc.a(lib_a-ctype_.o)
                0x000000000800e644                _ctype_
                0x000000000800e748                . = ALIGN (0x4)
 *fill*         0x000000000800e745        0x3 

.rel.dyn        0x000000000800e748        0x0
 .rel.iplt      0x000000000800e748        0x0 /home/valentyn/Programs/SystemWorkbench/plugins/fr.ac6.mcu.externaltools.arm-none.linux64_1.17.0.201812190825/tools/compiler/bin/../lib/gcc/arm-none-eabi/7.3.1/thumb/v7e-m/fpv4-sp/hard/crtbegin.o

.ARM.extab      0x000000000800e748        0x0
                0x000000000800e748                . = ALIGN (0x4)
 *(.ARM.extab* .gnu.linkonce.armextab.*)
                0x000000000800e748                . = ALIGN (0x4)

.ARM            0x000000000800e748        0x0
                0x000000000800e748                . = ALIGN (0x4)
                0x000000000800e748                __exidx_start = .
 *(.ARM.exidx*)
                0x000000000800e748                __exidx_end = .
                0x000000000800e748                . = ALIGN (0x4)

.preinit_array  0x000000000800e748        0x0
                0x000000000800e748                . = ALIGN (0x4)
                0x000000000800e748                PROVIDE (__preinit_array_start = .)
 *(.preinit_array*)
                0x000000000800e748                PROVIDE (__preinit_array_end = .)
                0x000000000800e748                . = ALIGN (0x4)

.init_array     0x000000000800e748        0x8
                0x000000000800e748                . = ALIGN (0x4)
                0x000000000800e748                PROVIDE (__init_array_start = .)
 *(SORT_BY_NAME(.init_array.*))
 .init_array.00000
                0x000000000800e748        0x4 /home/valentyn/Programs/SystemWorkbench/plugins/fr.ac6.mcu.externaltools.arm-none.linux64_1.17.0.201812190825/tools/compiler/bin/../lib/gcc/arm-none-eabi/7.3.1/../../../../arm-none-eabi/lib/thumb/v7e-m/fpv4-sp/hard/libc.a(lib_a-__call_atexit.o)
 *(.init_array*)
 .init_array    0x000000000800e74c        0x4 /home/valentyn/Programs/SystemWorkbench/plugins/fr.ac6.mcu.externaltools.arm-none.linux64_1.17.0.201812190825/tools/compiler/bin/../lib/gcc/arm-none-eabi/7.3.1/thumb/v7e-m/fpv4-sp/hard/crtbegin.o
                0x000000000800e750                PROVIDE (__init_array_end = .)
                0x000000000800e750                . = ALIGN (0x4)

.fini_array     0x000000000800e750        0x4
                0x000000000800e750                . = ALIGN (0x4)
                0x000000000800e750                PROVIDE (__fini_array_start = .)
 *(SORT_BY_NAME(.fini_array.*))
 *(.fini_array*)
 .fini_array    0x000000000800e750        0x4 /home/valentyn/Programs/SystemWorkbench/plugins/fr.ac6.mcu.externaltools.arm-none.linux64_1.17.0.201812190825/tools/compiler/bin/../lib/gcc/arm-none-eabi/7.3.1/thumb/v7e-m/fpv4-sp/hard/crtbegin.o
                0x000000000800e754                PROVIDE (__fini_array_end = .)
                0x000000000800e754                . = ALIGN (0x4)
                0x000000000800e754                _sidata = LOADADDR (.data)

.data           0x0000000020000000      0x9c0 load address 0x000000000800e754
                0x0000000020000000                . = ALIGN (0x4)
                0x0000000020000000                _sdata = .
 *(.data)
 .data          0x0000000020000000        0x4 RTOS/src/port.o
 .data          0x0000000020000004        0x8 src/main.o
                0x0000000020000004                rxDMA
 *(.data*)
 .data.__fdlib_version
                0x000000002000000c        0x1 /home/valentyn/Programs/SystemWorkbench/plugins/fr.ac6.mcu.externaltools.arm-none.linux64_1.17.0.201812190825/tools/compiler/bin/../lib/gcc/arm-none-eabi/7.3.1/../../../../arm-none-eabi/lib/thumb/v7e-m/fpv4-sp/hard/libm.a(lib_a-s_lib_ver.o)
                0x000000002000000c                __fdlib_version
 *fill*         0x000000002000000d        0x3 
 .data._impure_ptr
                0x0000000020000010        0x4 /home/valentyn/Programs/SystemWorkbench/plugins/fr.ac6.mcu.externaltools.arm-none.linux64_1.17.0.201812190825/tools/compiler/bin/../lib/gcc/arm-none-eabi/7.3.1/../../../../arm-none-eabi/lib/thumb/v7e-m/fpv4-sp/hard/libc.a(lib_a-impure.o)
                0x0000000020000010                _impure_ptr
 *fill*         0x0000000020000014        0x4 
 .data.impure_data
                0x0000000020000018      0x428 /home/valentyn/Programs/SystemWorkbench/plugins/fr.ac6.mcu.externaltools.arm-none.linux64_1.17.0.201812190825/tools/compiler/bin/../lib/gcc/arm-none-eabi/7.3.1/../../../../arm-none-eabi/lib/thumb/v7e-m/fpv4-sp/hard/libc.a(lib_a-impure.o)
 .data.__atexit_recursive_mutex
                0x0000000020000440        0x4 /home/valentyn/Programs/SystemWorkbench/plugins/fr.ac6.mcu.externaltools.arm-none.linux64_1.17.0.201812190825/tools/compiler/bin/../lib/gcc/arm-none-eabi/7.3.1/../../../../arm-none-eabi/lib/thumb/v7e-m/fpv4-sp/hard/libc.a(lib_a-__call_atexit.o)
                0x0000000020000440                __atexit_recursive_mutex
 .data.__global_locale
                0x0000000020000444      0x16c /home/valentyn/Programs/SystemWorkbench/plugins/fr.ac6.mcu.externaltools.arm-none.linux64_1.17.0.201812190825/tools/compiler/bin/../lib/gcc/arm-none-eabi/7.3.1/../../../../arm-none-eabi/lib/thumb/v7e-m/fpv4-sp/hard/libc.a(lib_a-locale.o)
                0x0000000020000444                __global_locale
 .data.__malloc_av_
                0x00000000200005b0      0x408 /home/valentyn/Programs/SystemWorkbench/plugins/fr.ac6.mcu.externaltools.arm-none.linux64_1.17.0.201812190825/tools/compiler/bin/../lib/gcc/arm-none-eabi/7.3.1/../../../../arm-none-eabi/lib/thumb/v7e-m/fpv4-sp/hard/libc.a(lib_a-mallocr.o)
                0x00000000200005b0                __malloc_av_
 .data.__malloc_sbrk_base
                0x00000000200009b8        0x4 /home/valentyn/Programs/SystemWorkbench/plugins/fr.ac6.mcu.externaltools.arm-none.linux64_1.17.0.201812190825/tools/compiler/bin/../lib/gcc/arm-none-eabi/7.3.1/../../../../arm-none-eabi/lib/thumb/v7e-m/fpv4-sp/hard/libc.a(lib_a-mallocr.o)
                0x00000000200009b8                __malloc_sbrk_base
 .data.__malloc_trim_threshold
                0x00000000200009bc        0x4 /home/valentyn/Programs/SystemWorkbench/plugins/fr.ac6.mcu.externaltools.arm-none.linux64_1.17.0.201812190825/tools/compiler/bin/../lib/gcc/arm-none-eabi/7.3.1/../../../../arm-none-eabi/lib/thumb/v7e-m/fpv4-sp/hard/libc.a(lib_a-mallocr.o)
                0x00000000200009bc                __malloc_trim_threshold
                0x00000000200009c0                . = ALIGN (0x4)
                0x00000000200009c0                _edata = .

.igot.plt       0x00000000200009c0        0x0 load address 0x000000000800f114
 .igot.plt      0x00000000200009c0        0x0 /home/valentyn/Programs/SystemWorkbench/plugins/fr.ac6.mcu.externaltools.arm-none.linux64_1.17.0.201812190825/tools/compiler/bin/../lib/gcc/arm-none-eabi/7.3.1/thumb/v7e-m/fpv4-sp/hard/crtbegin.o
                0x00000000200009c0                . = ALIGN (0x4)

.bss            0x00000000200009c0     0x8ab8 load address 0x000000000800f114
                0x00000000200009c0                _sbss = .
                0x00000000200009c0                __bss_start__ = _sbss
 *(.bss)
 .bss           0x00000000200009c0       0x1c /home/valentyn/Programs/SystemWorkbench/plugins/fr.ac6.mcu.externaltools.arm-none.linux64_1.17.0.201812190825/tools/compiler/bin/../lib/gcc/arm-none-eabi/7.3.1/thumb/v7e-m/fpv4-sp/hard/crtbegin.o
 .bss           0x00000000200009dc     0x7818 RTOS/src/heap_4.o
 .bss           0x00000000200081f4        0x8 RTOS/src/port.o
 .bss           0x00000000200081fc      0x104 RTOS/src/tasks.o
                0x00000000200081fc                pxCurrentTCB
 .bss           0x0000000020008300       0x3c RTOS/src/timers.o
 .bss           0x000000002000833c       0xd9 src/algorithm.o
 *fill*         0x0000000020008415        0x3 
 .bss           0x0000000020008418       0x10 src/nmea.o
                0x0000000020008418                xy
 .bss           0x0000000020008428        0x4 startup/sysmem.o
 *(.bss*)
 .bss.__malloc_current_mallinfo
                0x000000002000842c       0x28 /home/valentyn/Programs/SystemWorkbench/plugins/fr.ac6.mcu.externaltools.arm-none.linux64_1.17.0.201812190825/tools/compiler/bin/../lib/gcc/arm-none-eabi/7.3.1/../../../../arm-none-eabi/lib/thumb/v7e-m/fpv4-sp/hard/libc.a(lib_a-mallocr.o)
                0x000000002000842c                __malloc_current_mallinfo
 .bss.__malloc_max_sbrked_mem
                0x0000000020008454        0x4 /home/valentyn/Programs/SystemWorkbench/plugins/fr.ac6.mcu.externaltools.arm-none.linux64_1.17.0.201812190825/tools/compiler/bin/../lib/gcc/arm-none-eabi/7.3.1/../../../../arm-none-eabi/lib/thumb/v7e-m/fpv4-sp/hard/libc.a(lib_a-mallocr.o)
                0x0000000020008454                __malloc_max_sbrked_mem
 .bss.__malloc_max_total_mem
                0x0000000020008458        0x4 /home/valentyn/Programs/SystemWorkbench/plugins/fr.ac6.mcu.externaltools.arm-none.linux64_1.17.0.201812190825/tools/compiler/bin/../lib/gcc/arm-none-eabi/7.3.1/../../../../arm-none-eabi/lib/thumb/v7e-m/fpv4-sp/hard/libc.a(lib_a-mallocr.o)
                0x0000000020008458                __malloc_max_total_mem
 .bss.__malloc_top_pad
                0x000000002000845c        0x4 /home/valentyn/Programs/SystemWorkbench/plugins/fr.ac6.mcu.externaltools.arm-none.linux64_1.17.0.201812190825/tools/compiler/bin/../lib/gcc/arm-none-eabi/7.3.1/../../../../arm-none-eabi/lib/thumb/v7e-m/fpv4-sp/hard/libc.a(lib_a-mallocr.o)
                0x000000002000845c                __malloc_top_pad
 *(COMMON)
 COMMON         0x0000000020008460       0x40 RTOS/src/queue.o
                0x0000000020008460                xQueueRegistry
 COMMON         0x00000000200084a0       0xf8 src/ABLine.o
                0x00000000200084a0                AB
 COMMON         0x0000000020008598        0x8 src/algorithm.o
                0x0000000020008598                receivePointer
                0x000000002000859c                xStatus1
 COMMON         0x00000000200085a0      0x174 src/main.o
                0x00000000200085a0                xStatus
                0x00000000200085a4                rxDMAbuf1
                0x00000000200085f4                rxDMAbuf0
                0x0000000020008644                xHigherPriorityTaskWoken
                0x0000000020008648                xpQueue
                0x000000002000864c                toBlue
 *fill*         0x0000000020008714        0x4 
 COMMON         0x0000000020008718      0x680 src/nmea.o
                0x0000000020008718                words
                0x0000000020008800                pn
 COMMON         0x0000000020008d98      0x648 src/position.o
                0x0000000020008d98                pos
 COMMON         0x00000000200093e0       0x70 src/vehicle.o
                0x00000000200093e0                vehicle
 COMMON         0x0000000020009450       0x21 /home/valentyn/Programs/SystemWorkbench/plugins/fr.ac6.mcu.externaltools.arm-none.linux64_1.17.0.201812190825/tools/compiler/bin/../lib/gcc/arm-none-eabi/7.3.1/../../../../arm-none-eabi/lib/thumb/v7e-m/fpv4-sp/hard/libc.a(lib_a-lock.o)
                0x0000000020009450                __lock___atexit_recursive_mutex
                0x0000000020009454                __lock___arc4random_mutex
                0x0000000020009458                __lock___env_recursive_mutex
                0x000000002000945c                __lock___sinit_recursive_mutex
                0x0000000020009460                __lock___malloc_recursive_mutex
                0x0000000020009464                __lock___at_quick_exit_mutex
                0x0000000020009468                __lock___dd_hash_mutex
                0x000000002000946c                __lock___tz_mutex
                0x0000000020009470                __lock___sfp_recursive_mutex
 *fill*         0x0000000020009471        0x3 
 COMMON         0x0000000020009474        0x4 /home/valentyn/Programs/SystemWorkbench/plugins/fr.ac6.mcu.externaltools.arm-none.linux64_1.17.0.201812190825/tools/compiler/bin/../lib/gcc/arm-none-eabi/7.3.1/../../../../arm-none-eabi/lib/thumb/v7e-m/fpv4-sp/hard/libc.a(lib_a-reent.o)
                0x0000000020009474                errno
                0x0000000020009478                . = ALIGN (0x4)
                0x0000000020009478                _ebss = .
                0x0000000020009478                __bss_end__ = _ebss

._user_heap_stack
                0x0000000020009478      0x400 load address 0x000000000800f114
                0x0000000020009478                . = ALIGN (0x8)
                0x0000000020009478                PROVIDE (end = .)
                [!provide]                        PROVIDE (_end = .)
                0x0000000020009478                . = (. + _Min_Heap_Size)
                0x0000000020009878                . = (. + _Min_Stack_Size)
 *fill*         0x0000000020009478      0x400 
                0x0000000020009878                . = ALIGN (0x8)

/DISCARD/
 libc.a(*)
 libm.a(*)
 libgcc.a(*)

.ARM.attributes
                0x0000000000000000       0x30
 *(.ARM.attributes)
 .ARM.attributes
                0x0000000000000000       0x22 /home/valentyn/Programs/SystemWorkbench/plugins/fr.ac6.mcu.externaltools.arm-none.linux64_1.17.0.201812190825/tools/compiler/bin/../lib/gcc/arm-none-eabi/7.3.1/thumb/v7e-m/fpv4-sp/hard/crti.o
 .ARM.attributes
                0x0000000000000022       0x34 /home/valentyn/Programs/SystemWorkbench/plugins/fr.ac6.mcu.externaltools.arm-none.linux64_1.17.0.201812190825/tools/compiler/bin/../lib/gcc/arm-none-eabi/7.3.1/thumb/v7e-m/fpv4-sp/hard/crtbegin.o
 .ARM.attributes
                0x0000000000000056       0x39 RTOS/src/heap_4.o
 .ARM.attributes
                0x000000000000008f       0x39 RTOS/src/list.o
 .ARM.attributes
                0x00000000000000c8       0x39 RTOS/src/port.o
 .ARM.attributes
                0x0000000000000101       0x39 RTOS/src/queue.o
 .ARM.attributes
                0x000000000000013a       0x39 RTOS/src/tasks.o
 .ARM.attributes
                0x0000000000000173       0x39 RTOS/src/timers.o
 .ARM.attributes
                0x00000000000001ac       0x39 src/ABLine.o
 .ARM.attributes
                0x00000000000001e5       0x39 src/algorithm.o
 .ARM.attributes
                0x000000000000021e       0x39 src/charQueue.o
 .ARM.attributes
                0x0000000000000257       0x39 src/glm.o
 .ARM.attributes
                0x0000000000000290       0x39 src/gpio.o
 .ARM.attributes
                0x00000000000002c9       0x39 src/main.o
 .ARM.attributes
                0x0000000000000302       0x39 src/nmea.o
 .ARM.attributes
                0x000000000000033b       0x39 src/periph.o
 .ARM.attributes
                0x0000000000000374       0x39 src/position.o
 .ARM.attributes
                0x00000000000003ad       0x39 src/system_stm32f4xx.o
 .ARM.attributes
                0x00000000000003e6       0x39 src/vehicle.o
 .ARM.attributes
                0x000000000000041f       0x21 startup/startup_stm32.o
 .ARM.attributes
                0x0000000000000440       0x39 startup/sysmem.o
 .ARM.attributes
                0x0000000000000479       0x34 /home/valentyn/Programs/SystemWorkbench/plugins/fr.ac6.mcu.externaltools.arm-none.linux64_1.17.0.201812190825/tools/compiler/bin/../lib/gcc/arm-none-eabi/7.3.1/../../../../arm-none-eabi/lib/thumb/v7e-m/fpv4-sp/hard/libm.a(lib_a-s_atan.o)
 .ARM.attributes
                0x00000000000004ad       0x34 /home/valentyn/Programs/SystemWorkbench/plugins/fr.ac6.mcu.externaltools.arm-none.linux64_1.17.0.201812190825/tools/compiler/bin/../lib/gcc/arm-none-eabi/7.3.1/../../../../arm-none-eabi/lib/thumb/v7e-m/fpv4-sp/hard/libm.a(lib_a-s_cos.o)
 .ARM.attributes
                0x00000000000004e1       0x34 /home/valentyn/Programs/SystemWorkbench/plugins/fr.ac6.mcu.externaltools.arm-none.linux64_1.17.0.201812190825/tools/compiler/bin/../lib/gcc/arm-none-eabi/7.3.1/../../../../arm-none-eabi/lib/thumb/v7e-m/fpv4-sp/hard/libm.a(lib_a-s_fabs.o)
 .ARM.attributes
                0x0000000000000515       0x34 /home/valentyn/Programs/SystemWorkbench/plugins/fr.ac6.mcu.externaltools.arm-none.linux64_1.17.0.201812190825/tools/compiler/bin/../lib/gcc/arm-none-eabi/7.3.1/../../../../arm-none-eabi/lib/thumb/v7e-m/fpv4-sp/hard/libm.a(lib_a-s_floor.o)
 .ARM.attributes
                0x0000000000000549       0x34 /home/valentyn/Programs/SystemWorkbench/plugins/fr.ac6.mcu.externaltools.arm-none.linux64_1.17.0.201812190825/tools/compiler/bin/../lib/gcc/arm-none-eabi/7.3.1/../../../../arm-none-eabi/lib/thumb/v7e-m/fpv4-sp/hard/libm.a(lib_a-s_round.o)
 .ARM.attributes