Archive member included to satisfy reference by file (symbol)

/home/valentyn/Ac6/SystemWorkbench/plugins/fr.ac6.mcu.externaltools.arm-none.linux64_1.16.0.201807130628/tools/compiler/bin/../lib/gcc/arm-none-eabi/7.2.1/../../../../arm-none-eabi/lib/thumb/v7e-m/fpv4-sp/hard/libm.a(lib_a-s_atan.o)
                              src/ABLine.o (atan)
/home/valentyn/Ac6/SystemWorkbench/plugins/fr.ac6.mcu.externaltools.arm-none.linux64_1.16.0.201807130628/tools/compiler/bin/../lib/gcc/arm-none-eabi/7.2.1/../../../../arm-none-eabi/lib/thumb/v7e-m/fpv4-sp/hard/libm.a(lib_a-s_ceil.o)
                              src/ABLine.o (ceil)
/home/valentyn/Ac6/SystemWorkbench/plugins/fr.ac6.mcu.externaltools.arm-none.linux64_1.16.0.201807130628/tools/compiler/bin/../lib/gcc/arm-none-eabi/7.2.1/../../../../arm-none-eabi/lib/thumb/v7e-m/fpv4-sp/hard/libm.a(lib_a-s_cos.o)
                              src/ABLine.o (cos)
/home/valentyn/Ac6/SystemWorkbench/plugins/fr.ac6.mcu.externaltools.arm-none.linux64_1.16.0.201807130628/tools/compiler/bin/../lib/gcc/arm-none-eabi/7.2.1/../../../../arm-none-eabi/lib/thumb/v7e-m/fpv4-sp/hard/libm.a(lib_a-s_fabs.o)
                              /home/valentyn/Ac6/SystemWorkbench/plugins/fr.ac6.mcu.externaltools.arm-none.linux64_1.16.0.201807130628/tools/compiler/bin/../lib/gcc/arm-none-eabi/7.2.1/../../../../arm-none-eabi/lib/thumb/v7e-m/fpv4-sp/hard/libm.a(lib_a-s_atan.o) (fabs)
/home/valentyn/Ac6/SystemWorkbench/plugins/fr.ac6.mcu.externaltools.arm-none.linux64_1.16.0.201807130628/tools/compiler/bin/../lib/gcc/arm-none-eabi/7.2.1/../../../../arm-none-eabi/lib/thumb/v7e-m/fpv4-sp/hard/libm.a(lib_a-s_floor.o)
                              src/ABLine.o (floor)
/home/valentyn/Ac6/SystemWorkbench/plugins/fr.ac6.mcu.externaltools.arm-none.linux64_1.16.0.201807130628/tools/compiler/bin/../lib/gcc/arm-none-eabi/7.2.1/../../../../arm-none-eabi/lib/thumb/v7e-m/fpv4-sp/hard/libm.a(lib_a-s_round.o)
                              src/nmea.o (round)
/home/valentyn/Ac6/SystemWorkbench/plugins/fr.ac6.mcu.externaltools.arm-none.linux64_1.16.0.201807130628/tools/compiler/bin/../lib/gcc/arm-none-eabi/7.2.1/../../../../arm-none-eabi/lib/thumb/v7e-m/fpv4-sp/hard/libm.a(lib_a-s_sin.o)
                              src/ABLine.o (sin)
/home/valentyn/Ac6/SystemWorkbench/plugins/fr.ac6.mcu.externaltools.arm-none.linux64_1.16.0.201807130628/tools/compiler/bin/../lib/gcc/arm-none-eabi/7.2.1/../../../../arm-none-eabi/lib/thumb/v7e-m/fpv4-sp/hard/libm.a(lib_a-s_tan.o)
                              src/ABLine.o (tan)
/home/valentyn/Ac6/SystemWorkbench/plugins/fr.ac6.mcu.externaltools.arm-none.linux64_1.16.0.201807130628/tools/compiler/bin/../lib/gcc/arm-none-eabi/7.2.1/../../../../arm-none-eabi/lib/thumb/v7e-m/fpv4-sp/hard/libm.a(lib_a-sf_pow.o)
                              src/nmea.o (powf)
/home/valentyn/Ac6/SystemWorkbench/plugins/fr.ac6.mcu.externaltools.arm-none.linux64_1.16.0.201807130628/tools/compiler/bin/../lib/gcc/arm-none-eabi/7.2.1/../../../../arm-none-eabi/lib/thumb/v7e-m/fpv4-sp/hard/libm.a(lib_a-sf_pow_log2_data.o)
                              /home/valentyn/Ac6/SystemWorkbench/plugins/fr.ac6.mcu.externaltools.arm-none.linux64_1.16.0.201807130628/tools/compiler/bin/../lib/gcc/arm-none-eabi/7.2.1/../../../../arm-none-eabi/lib/thumb/v7e-m/fpv4-sp/hard/libm.a(lib_a-sf_pow.o) (__powf_log2_data)
/home/valentyn/Ac6/SystemWorkbench/plugins/fr.ac6.mcu.externaltools.arm-none.linux64_1.16.0.201807130628/tools/compiler/bin/../lib/gcc/arm-none-eabi/7.2.1/../../../../arm-none-eabi/lib/thumb/v7e-m/fpv4-sp/hard/libm.a(lib_a-w_atan2.o)
                              src/ABLine.o (atan2)
/home/valentyn/Ac6/SystemWorkbench/plugins/fr.ac6.mcu.externaltools.arm-none.linux64_1.16.0.201807130628/tools/compiler/bin/../lib/gcc/arm-none-eabi/7.2.1/../../../../arm-none-eabi/lib/thumb/v7e-m/fpv4-sp/hard/libm.a(lib_a-w_pow.o)
                              src/glm.o (pow)
/home/valentyn/Ac6/SystemWorkbench/plugins/fr.ac6.mcu.externaltools.arm-none.linux64_1.16.0.201807130628/tools/compiler/bin/../lib/gcc/arm-none-eabi/7.2.1/../../../../arm-none-eabi/lib/thumb/v7e-m/fpv4-sp/hard/libm.a(lib_a-w_sqrt.o)
                              src/ABLine.o (sqrt)
/home/valentyn/Ac6/SystemWorkbench/plugins/fr.ac6.mcu.externaltools.arm-none.linux64_1.16.0.201807130628/tools/compiler/bin/../lib/gcc/arm-none-eabi/7.2.1/../../../../arm-none-eabi/lib/thumb/v7e-m/fpv4-sp/hard/libm.a(lib_a-e_atan2.o)
                              /home/valentyn/Ac6/SystemWorkbench/plugins/fr.ac6.mcu.externaltools.arm-none.linux64_1.16.0.201807130628/tools/compiler/bin/../lib/gcc/arm-none-eabi/7.2.1/../../../../arm-none-eabi/lib/thumb/v7e-m/fpv4-sp/hard/libm.a(lib_a-w_atan2.o) (__ieee754_atan2)
/home/valentyn/Ac6/SystemWorkbench/plugins/fr.ac6.mcu.externaltools.arm-none.linux64_1.16.0.201807130628/tools/compiler/bin/../lib/gcc/arm-none-eabi/7.2.1/../../../../arm-none-eabi/lib/thumb/v7e-m/fpv4-sp/hard/libm.a(lib_a-e_pow.o)
[...]
Memory Configuration

Name             Origin             Length             Attributes
RAM              0x0000000020000000 0x0000000000020000 xrw
ROM              0x0000000008000000 0x0000000000100000 xr
*default*        0x0000000000000000 0xffffffffffffffff

Linker script and memory map

LOAD /home/valentyn/Ac6/SystemWorkbench/plugins/fr.ac6.mcu.externaltools.arm-none.linux64_1.16.0.201807130628/tools/compiler/bin/../lib/gcc/arm-none-eabi/7.2.1/thumb/v7e-m/fpv4-sp/hard/crti.o
LOAD /home/valentyn/Ac6/SystemWorkbench/plugins/fr.ac6.mcu.externaltools.arm-none.linux64_1.16.0.201807130628/tools/compiler/bin/../lib/gcc/arm-none-eabi/7.2.1/thumb/v7e-m/fpv4-sp/hard/crtbegin.o
LOAD /home/valentyn/Ac6/SystemWorkbench/plugins/fr.ac6.mcu.externaltools.arm-none.linux64_1.16.0.201807130628/tools/compiler/bin/../lib/gcc/arm-none-eabi/7.2.1/../../../../arm-none-eabi/lib/thumb/v7e-m/fpv4-sp/hard/crt0.o
LOAD RTOS/src/croutine.o
LOAD RTOS/src/event_groups.o
LOAD RTOS/src/heap_4.o
LOAD RTOS/src/list.o
LOAD RTOS/src/port.o
LOAD RTOS/src/queue.o
LOAD RTOS/src/tasks.o
LOAD RTOS/src/timers.o
LOAD src/ABLine.o
LOAD src/algorithm.o
LOAD src/charQueue.o
LOAD src/glm.o
LOAD src/gpio.o
LOAD src/main.o
LOAD src/nmea.o
LOAD src/periph.o
LOAD src/position.o
LOAD src/system_stm32f4xx.o
LOAD src/vehicle.o
LOAD startup/startup_stm32.o
LOAD startup/sysmem.o
LOAD /home/valentyn/Ac6/SystemWorkbench/plugins/fr.ac6.mcu.externaltools.arm-none.linux64_1.16.0.201807130628/tools/compiler/bin/../lib/gcc/arm-none-eabi/7.2.1/../../../../arm-none-eabi/lib/thumb/v7e-m/fpv4-sp/hard/libm.a
START GROUP
LOAD /home/valentyn/Ac6/SystemWorkbench/plugins/fr.ac6.mcu.externaltools.arm-none.linux64_1.16.0.201807130628/tools/compiler/bin/../lib/gcc/arm-none-eabi/7.2.1/thumb/v7e-m/fpv4-sp/hard/libgcc.a
LOAD /home/valentyn/Ac6/SystemWorkbench/plugins/fr.ac6.mcu.externaltools.arm-none.linux64_1.16.0.201807130628/tools/compiler/bin/../lib/gcc/arm-none-eabi/7.2.1/../../../../arm-none-eabi/lib/thumb/v7e-m/fpv4-sp/hard/libc.a
END GROUP
LOAD /home/valentyn/Ac6/SystemWorkbench/plugins/fr.ac6.mcu.externaltools.arm-none.linux64_1.16.0.201807130628/tools/compiler/bin/../lib/gcc/arm-none-eabi/7.2.1/thumb/v7e-m/fpv4-sp/hard/crtend.o
LOAD /home/valentyn/Ac6/SystemWorkbench/plugins/fr.ac6.mcu.externaltools.arm-none.linux64_1.16.0.201807130628/tools/compiler/bin/../lib/gcc/arm-none-eabi/7.2.1/thumb/v7e-m/fpv4-sp/hard/crtn.o
                0x0000000020020000                _estack = 0x20020000
                0x0000000000000000                _Min_Heap_Size = 0x0
                0x0000000000000400                _Min_Stack_Size = 0x400

.isr_vector     0x0000000008000000      0x1a8
                0x0000000008000000                . = ALIGN (0x4)
 *(.isr_vector)
 .isr_vector    0x0000000008000000      0x1a8 startup/startup_stm32.o
                0x0000000008000000                g_pfnVectors
                0x00000000080001a8                . = ALIGN (0x4)

.text           0x00000000080001c0     0xd448
                0x00000000080001c0                . = ALIGN (0x4)
 *(.text)
 .text          0x00000000080001c0       0x40 /home/valentyn/Ac6/SystemWorkbench/plugins/fr.ac6.mcu.externaltools.arm-none.linux64_1.16.0.201807130628/tools/compiler/bin/../lib/gcc/arm-none-eabi/7.2.1/thumb/v7e-m/fpv4-sp/hard/crtbegin.o
 .text          0x0000000008000200      0x378 /home/valentyn/Ac6/SystemWorkbench/plugins/fr.ac6.mcu.externaltools.arm-none.linux64_1.16.0.201807130628/tools/compiler/bin/../lib/gcc/arm-none-eabi/7.2.1/thumb/v7e-m/fpv4-sp/hard/libgcc.a(_arm_addsubdf3.o)
                0x0000000008000200                __aeabi_drsub
                0x0000000008000208                __aeabi_dsub
                0x0000000008000208                __subdf3
                0x000000000800020c                __adddf3
                0x000000000800020c                __aeabi_dadd
                0x0000000008000484                __aeabi_ui2d
                0x0000000008000484                __floatunsidf
                0x00000000080004a4                __floatsidf
                0x00000000080004a4                __aeabi_i2d
                0x00000000080004c8                __extendsfdf2
                0x00000000080004c8                __aeabi_f2d
                0x000000000800050c                __aeabi_ul2d
                0x000000000800050c                __floatundidf
                0x000000000800051c                __floatdidf
                0x000000000800051c                __aeabi_l2d
 .text          0x0000000008000578      0x424 /home/valentyn/Ac6/SystemWorkbench/plugins/fr.ac6.mcu.externaltools.arm-none.linux64_1.16.0.201807130628/tools/compiler/bin/../lib/gcc/arm-none-eabi/7.2.1/thumb/v7e-m/fpv4-sp/hard/libgcc.a(_arm_muldivdf3.o)
                0x0000000008000578                __aeabi_dmul
                0x0000000008000578                __muldf3
                0x00000000080007cc                __aeabi_ddiv
                0x00000000080007cc                __divdf3
 .text          0x000000000800099c      0x110 /home/valentyn/Ac6/SystemWorkbench/plugins/fr.ac6.mcu.externaltools.arm-none.linux64_1.16.0.201807130628/tools/compiler/bin/../lib/gcc/arm-none-eabi/7.2.1/thumb/v7e-m/fpv4-sp/hard/libgcc.a(_arm_cmpdf2.o)
                0x000000000800099c                __gtdf2
                0x000000000800099c                __gedf2
                0x00000000080009a4                __ltdf2
                0x00000000080009a4                __ledf2
                0x00000000080009ac                __cmpdf2
                0x00000000080009ac                __eqdf2
                0x00000000080009ac                __nedf2
                0x0000000008000a28                __aeabi_cdrcmple
                0x0000000008000a38                __aeabi_cdcmple
                0x0000000008000a38                __aeabi_cdcmpeq
                0x0000000008000a48                __aeabi_dcmpeq
                0x0000000008000a5c                __aeabi_dcmplt
                0x0000000008000a70                __aeabi_dcmple
                0x0000000008000a84                __aeabi_dcmpge
                0x0000000008000a98                __aeabi_dcmpgt
 .text          0x0000000008000aac       0x2c /home/valentyn/Ac6/SystemWorkbench/plugins/fr.ac6.mcu.externaltools.arm-none.linux64_1.16.0.201807130628/tools/compiler/bin/../lib/gcc/arm-none-eabi/7.2.1/thumb/v7e-m/fpv4-sp/hard/libgcc.a(_arm_unorddf2.o)
                0x0000000008000aac                __aeabi_dcmpun
                0x0000000008000aac                __unorddf2
 .text          0x0000000008000ad8       0x50 /home/valentyn/Ac6/SystemWorkbench/plugins/fr.ac6.mcu.externaltools.arm-none.linux64_1.16.0.201807130628/tools/compiler/bin/../lib/gcc/arm-none-eabi/7.2.1/thumb/v7e-m/fpv4-sp/hard/libgcc.a(_arm_fixdfsi.o)
                0x0000000008000ad8                __fixdfsi
                0x0000000008000ad8                __aeabi_d2iz
 .text          0x0000000008000b28       0xa0 /home/valentyn/Ac6/SystemWorkbench/plugins/fr.ac6.mcu.externaltools.arm-none.linux64_1.16.0.201807130628/tools/compiler/bin/../lib/gcc/arm-none-eabi/7.2.1/thumb/v7e-m/fpv4-sp/hard/libgcc.a(_arm_truncdfsf2.o)
                0x0000000008000b28                __aeabi_d2f
                0x0000000008000b28                __truncdfsf2
 .text          0x0000000008000bc8      0x134 /home/valentyn/Ac6/SystemWorkbench/plugins/fr.ac6.mcu.externaltools.arm-none.linux64_1.16.0.201807130628/tools/compiler/bin/../lib/gcc/arm-none-eabi/7.2.1/../../../../arm-none-eabi/lib/thumb/v7e-m/fpv4-sp/hard/libc.a(lib_a-memcpy.o)
                0x0000000008000bc8                memcpy
 *fill*         0x0000000008000cfc        0x4 
 .text          0x0000000008000d00       0xa0 /home/valentyn/Ac6/SystemWorkbench/plugins/fr.ac6.mcu.externaltools.arm-none.linux64_1.16.0.201807130628/tools/compiler/bin/../lib/gcc/arm-none-eabi/7.2.1/../../../../arm-none-eabi/lib/thumb/v7e-m/fpv4-sp/hard/libc.a(lib_a-memchr.o)
                0x0000000008000d00                memchr
 *fill*         0x0000000008000da0       0x20 
 .text          0x0000000008000dc0       0xdc /home/valentyn/Ac6/SystemWorkbench/plugins/fr.ac6.mcu.externaltools.arm-none.linux64_1.16.0.201807130628/tools/compiler/bin/../lib/gcc/arm-none-eabi/7.2.1/../../../../arm-none-eabi/lib/thumb/v7e-m/fpv4-sp/hard/libc.a(lib_a-strlen.o)
                0x0000000008000dc0                strlen
 .text          0x0000000008000e9c       0x40 /home/valentyn/Ac6/SystemWorkbench/plugins/fr.ac6.mcu.externaltools.arm-none.linux64_1.16.0.201807130628/tools/compiler/bin/../lib/gcc/arm-none-eabi/7.2.1/thumb/v7e-m/fpv4-sp/hard/libgcc.a(_arm_fixunsdfsi.o)
                0x0000000008000e9c                __fixunsdfsi
                0x0000000008000e9c                __aeabi_d2uiz
 *(.text*)
 .text.pvPortMalloc
                0x0000000008000edc      0x184 RTOS/src/heap_4.o
                0x0000000008000edc                pvPortMalloc
 .text.vPortFree
                0x0000000008001060       0xb0 RTOS/src/heap_4.o
                0x0000000008001060                vPortFree
 .text.prvHeapInit
                0x0000000008001110       0xc4 RTOS/src/heap_4.o
 .text.prvInsertBlockIntoFreeList
                0x00000000080011d4       0xb4 RTOS/src/heap_4.o
 .text.vListInitialise
                0x0000000008001288       0x40 RTOS/src/list.o
                0x0000000008001288                vListInitialise
 .text.vListInitialiseItem
                0x00000000080012c8       0x1a RTOS/src/list.o
                0x00000000080012c8                vListInitialiseItem
 .text.vListInsertEnd
                0x00000000080012e2       0x48 RTOS/src/list.o
                0x00000000080012e2                vListInsertEnd
 .text.vListInsert
                0x000000000800132a       0x72 RTOS/src/list.o
                0x000000000800132a                vListInsert
 .text.uxListRemove
                0x000000000800139c       0x54 RTOS/src/list.o
                0x000000000800139c                uxListRemove
 .text.pxPortInitialiseStack
                0x00000000080013f0       0x68 RTOS/src/port.o
                0x00000000080013f0                pxPortInitialiseStack
 .text.prvTaskExitError
                0x0000000008001458       0x3c RTOS/src/port.o
 *fill*         0x0000000008001494        0xc 
 .text.SVC_Handler
                0x00000000080014a0       0x28 RTOS/src/port.o
                0x00000000080014a0                SVC_Handler
 .text.prvPortStartFirstTask
                0x00000000080014c8       0x20 RTOS/src/port.o
 .text.xPortStartScheduler
                0x00000000080014e8      0x118 RTOS/src/port.o
                0x00000000080014e8                xPortStartScheduler
 .text.vPortEnterCritical
                0x0000000008001600       0x5c RTOS/src/port.o
                0x0000000008001600                vPortEnterCritical
 .text.vPortExitCritical
                0x000000000800165c       0x50 RTOS/src/port.o
                0x000000000800165c                vPortExitCritical
 *fill*         0x00000000080016ac        0x4 
 .text.PendSV_Handler
                0x00000000080016b0       0x68 RTOS/src/port.o
                0x00000000080016b0                PendSV_Handler
 .text.SysTick_Handler
                0x0000000008001718       0x40 RTOS/src/port.o
                0x0000000008001718                SysTick_Handler
 .text.vPortSetupTimerInterrupt
                0x0000000008001758       0x28 RTOS/src/port.o
                0x0000000008001758                vPortSetupTimerInterrupt
 .text.vPortEnableVFP
                0x0000000008001780       0x14 RTOS/src/port.o
 .text.vPortValidateInterruptPriority
                0x0000000008001794       0x7c RTOS/src/port.o
                0x0000000008001794                vPortValidateInterruptPriority
 .text.xQueueGenericReset
                0x0000000008001810       0xd0 RTOS/src/queue.o
                0x0000000008001810                xQueueGenericReset
 .text.xQueueGenericCreate
                0x00000000080018e0       0x72 RTOS/src/queue.o
                0x00000000080018e0                xQueueGenericCreate
 .text.prvInitialiseNewQueue
                0x0000000008001952       0x3e RTOS/src/queue.o
 .text.xQueueGenericSend
                0x0000000008001990      0x1f4 RTOS/src/queue.o
                0x0000000008001990                xQueueGenericSend
 .text.xQueueGenericSendFromISR
                0x0000000008001b84      0x128 RTOS/src/queue.o
                0x0000000008001b84                xQueueGenericSendFromISR
 .text.xQueueGenericReceive
                0x0000000008001cac      0x224 RTOS/src/queue.o
                0x0000000008001cac                xQueueGenericReceive
 .text.prvCopyDataToQueue
                0x0000000008001ed0       0xd4 RTOS/src/queue.o
 .text.prvCopyDataFromQueue
                0x0000000008001fa4       0x4c RTOS/src/queue.o
 .text.prvUnlockQueue
                0x0000000008001ff0       0xa4 RTOS/src/queue.o
 .text.prvIsQueueEmpty
                0x0000000008002094       0x2c RTOS/src/queue.o
 .text.prvIsQueueFull
                0x00000000080020c0       0x30 RTOS/src/queue.o
 .text.vQueueAddToRegistry
                0x00000000080020f0       0x50 RTOS/src/queue.o
                0x00000000080020f0                vQueueAddToRegistry
 .text.vQueueWaitForMessageRestricted
                0x0000000008002140       0x68 RTOS/src/queue.o
                0x0000000008002140                vQueueWaitForMessageRestricted
 .text.xTaskCreate
                0x00000000080021a8       0x82 RTOS/src/tasks.o
                0x00000000080021a8                xTaskCreate
 .text.prvInitialiseNewTask
                0x000000000800222a       0xfc RTOS/src/tasks.o
 *fill*         0x0000000008002326        0x2 
 .text.prvAddNewTaskToReadyList
                0x0000000008002328       0xd4 RTOS/src/tasks.o
 .text.vTaskDelay
                0x00000000080023fc       0x68 RTOS/src/tasks.o
                0x00000000080023fc                vTaskDelay
 .text.vTaskSuspend
                0x0000000008002464      0x110 RTOS/src/tasks.o
                0x0000000008002464                vTaskSuspend
 .text.prvTaskIsTaskSuspended
                0x0000000008002574       0x74 RTOS/src/tasks.o
 .text.vTaskResume
                0x00000000080025e8       0xb8 RTOS/src/tasks.o
                0x00000000080025e8                vTaskResume
 .text.vTaskStartScheduler
                0x00000000080026a0       0x98 RTOS/src/tasks.o
                0x00000000080026a0                vTaskStartScheduler
 .text.vTaskSuspendAll
                0x0000000008002738       0x1c RTOS/src/tasks.o
                0x0000000008002738                vTaskSuspendAll
 .text.xTaskResumeAll
                0x0000000008002754      0x138 RTOS/src/tasks.o
                0x0000000008002754                xTaskResumeAll
 .text.xTaskGetTickCount
                0x000000000800288c       0x20 RTOS/src/tasks.o
                0x000000000800288c                xTaskGetTickCount
 .text.xTaskIncrementTick
                0x00000000080028ac      0x178 RTOS/src/tasks.o
                0x00000000080028ac                xTaskIncrementTick
 .text.vTaskSwitchContext
                0x0000000008002a24       0xb4 RTOS/src/tasks.o
                0x0000000008002a24                vTaskSwitchContext
 .text.vTaskPlaceOnEventList
                0x0000000008002ad8       0x48 RTOS/src/tasks.o
                0x0000000008002ad8                vTaskPlaceOnEventList
 .text.vTaskPlaceOnEventListRestricted
                0x0000000008002b20       0x54 RTOS/src/tasks.o
                0x0000000008002b20                vTaskPlaceOnEventListRestricted
 .text.xTaskRemoveFromEventList
                0x0000000008002b74       0xc4 RTOS/src/tasks.o
                0x0000000008002b74                xTaskRemoveFromEventList
 .text.vTaskSetTimeOutState
                0x0000000008002c38       0x48 RTOS/src/tasks.o
                0x0000000008002c38                vTaskSetTimeOutState
 .text.xTaskCheckForTimeOut
                0x0000000008002c80       0xbc RTOS/src/tasks.o
                0x0000000008002c80                xTaskCheckForTimeOut
 .text.vTaskMissedYield
                0x0000000008002d3c       0x18 RTOS/src/tasks.o
                0x0000000008002d3c                vTaskMissedYield
 .text.prvIdleTask
                0x0000000008002d54       0x30 RTOS/src/tasks.o
 .text.prvInitialiseTaskLists
                0x0000000008002d84       0x80 RTOS/src/tasks.o
 .text.prvCheckTasksWaitingTermination
                0x0000000008002e04       0x78 RTOS/src/tasks.o
 .text.prvDeleteTCB
                0x0000000008002e7c       0x20 RTOS/src/tasks.o
 .text.prvResetNextTaskUnblockTime
                0x0000000008002e9c       0x4c RTOS/src/tasks.o
 .text.xTaskGetSchedulerState
                0x0000000008002ee8       0x3c RTOS/src/tasks.o
                0x0000000008002ee8                xTaskGetSchedulerState
 .text.vTaskPriorityInherit
                0x0000000008002f24       0xec RTOS/src/tasks.o
                0x0000000008002f24                vTaskPriorityInherit
 .text.xTaskPriorityDisinherit
                0x0000000008003010      0x108 RTOS/src/tasks.o
                0x0000000008003010                xTaskPriorityDisinherit
 .text.pvTaskIncrementMutexHeldCount
                0x0000000008003118       0x28 RTOS/src/tasks.o
                0x0000000008003118                pvTaskIncrementMutexHeldCount
 .text.prvAddCurrentTaskToDelayedList
                0x0000000008003140       0xcc RTOS/src/tasks.o
 .text.xTimerCreateTimerTask
                0x000000000800320c       0x60 RTOS/src/timers.o
                0x000000000800320c                xTimerCreateTimerTask
 .text.xTimerGenericCommand
                0x000000000800326c       0x98 RTOS/src/timers.o
                0x000000000800326c                xTimerGenericCommand
 .text.prvProcessExpiredTimer
                0x0000000008003304       0x80 RTOS/src/timers.o
 .text.prvTimerTask
                0x0000000008003384       0x24 RTOS/src/timers.o
 .text.prvProcessTimerOrBlockTask
                0x00000000080033a8       0x9c RTOS/src/timers.o
 .text.prvGetNextExpireTime
                0x0000000008003444       0x48 RTOS/src/timers.o
 .text.prvSampleTimeNow
                0x000000000800348c       0x40 RTOS/src/timers.o
 .text.prvInsertTimerInActiveList
                0x00000000080034cc       0x84 RTOS/src/timers.o
 .text.prvProcessReceivedCommands
                0x0000000008003550      0x124 RTOS/src/timers.o
 .text.prvSwitchTimerLists
                0x0000000008003674       0xc0 RTOS/src/timers.o
 .text.prvCheckForValidListAndQueue
                0x0000000008003734       0x6c RTOS/src/timers.o
 .text.initABl  0x00000000080037a0       0x50 src/ABLine.o
                0x00000000080037a0                initABl
 .text.receiveFromDMA
                0x00000000080037f0       0xd8 src/algorithm.o
                0x00000000080037f0                receiveFromDMA
 .text.tempTask2
                0x00000000080038c8       0x24 src/algorithm.o
                0x00000000080038c8                tempTask2
 .text.tempTask
                0x00000000080038ec       0x20 src/algorithm.o
                0x00000000080038ec                tempTask
 .text.keyboardScan
                0x000000000800390c      0x2fc src/algorithm.o
                0x000000000800390c                keyboardScan
 .text.strAllcpy
                0x0000000008003c08       0x3e src/charQueue.o
                0x0000000008003c08                strAllcpy
 .text.findEOS  0x0000000008003c46       0x3e src/charQueue.o
                0x0000000008003c46                findEOS
 .text.push     0x0000000008003c84       0x5a src/charQueue.o
                0x0000000008003c84                push
 .text.pop      0x0000000008003cde       0x94 src/charQueue.o
                0x0000000008003cde                pop
 *fill*         0x0000000008003d72        0x2 
 .text.create   0x0000000008003d74       0x3c src/charQueue.o
                0x0000000008003d74                create
 .text.toRadians
                0x0000000008003db0       0x38 src/glm.o
                0x0000000008003db0                toRadians
 .text.DistanceVec2Vec3
                0x0000000008003de8       0xc8 src/glm.o
                0x0000000008003de8                DistanceVec2Vec3
 .text.DistanceVec3Vec3
                0x0000000008003eb0       0xc8 src/glm.o
                0x0000000008003eb0                DistanceVec3Vec3
 .text.timerini2
                0x0000000008003f78       0x30 src/gpio.o
                0x0000000008003f78                timerini2
 .text.delay_ms
                0x0000000008003fa8       0x54 src/gpio.o
                0x0000000008003fa8                delay_ms
 .text.GPIO_WritePin
                0x0000000008003ffc       0x30 src/gpio.o
                0x0000000008003ffc                GPIO_WritePin
 .text.LCD_Set_Data
                0x000000000800402c      0x134 src/gpio.o
                0x000000000800402c                LCD_Set_Data
 .text.LCD_SendCommand
                0x0000000008004160       0x48 src/gpio.o
                0x0000000008004160                LCD_SendCommand
 .text.LCD_SendData
                0x00000000080041a8       0x48 src/gpio.o
                0x00000000080041a8                LCD_SendData
 .text.LCD_ini  0x00000000080041f0       0x60 src/gpio.o
                0x00000000080041f0                LCD_ini
 .text.LCD_Send_String
                0x0000000008004250       0xc8 src/gpio.o
                0x0000000008004250                LCD_Send_String
 .text.main     0x0000000008004318       0xc0 src/main.o
                0x0000000008004318                main
 .text.DMA1_Stream5_IRQHandler
                0x00000000080043d8       0xa8 src/main.o
                0x00000000080043d8                DMA1_Stream5_IRQHandler
 .text.DMA2_Stream7_IRQHandler
                0x0000000008004480       0x3c src/main.o
                0x0000000008004480                DMA2_Stream7_IRQHandler
 .text.USART6_IRQHandler
                0x00000000080044bc       0x38 src/main.o
                0x00000000080044bc                USART6_IRQHandler
 .text.createStartNMEA
                0x00000000080044f4       0x58 src/nmea.o
                0x00000000080044f4                createStartNMEA
 *fill*         0x000000000800454c        0x4 
 .text.ArcLengthOfMeridian
                0x0000000008004550      0x474 src/nmea.o
                0x0000000008004550                ArcLengthOfMeridian
 *fill*         0x00000000080049c4        0x4 
 .text.MapLatLonToXY
                0x00000000080049c8      0x92c src/nmea.o
                0x00000000080049c8                MapLatLonToXY
 *fill*         0x00000000080052f4        0x4 
 .text.DecDeg2UTM
                0x00000000080052f8      0x1c8 src/nmea.o
                0x00000000080052f8                DecDeg2UTM
 .text.UpdateNorthingEasting
                0x00000000080054c0      0x1ac src/nmea.o
                0x00000000080054c0                UpdateNorthingEasting
 .text.splitString
                0x000000000800566c       0x58 src/nmea.o
                0x000000000800566c                splitString
 .text.ParseNMEA
                0x00000000080056c4       0x78 src/nmea.o
                0x00000000080056c4                ParseNMEA
 *fill*         0x000000000800573c        0x4 
 .text.NMEAtoDecimal
                0x0000000008005740      0x114 src/nmea.o
                0x0000000008005740                NMEAtoDecimal
 .text.ParseGGA
                0x0000000008005854      0x138 src/nmea.o
                0x0000000008005854                ParseGGA
 .text.ParseGLL
                0x000000000800598c       0xc4 src/nmea.o
                0x000000000800598c                ParseGLL
 .text.ParseRMC
                0x0000000008005a50      0x124 src/nmea.o
                0x0000000008005a50                ParseRMC
 *fill*         0x0000000008005b74        0x4 
 .text.ParseVTG
                0x0000000008005b78       0x94 src/nmea.o
                0x0000000008005b78                ParseVTG
 .text.NVIC_EnableIRQ
                0x0000000008005c0c       0x34 src/periph.o
 .text.NVIC_SetPriority
                0x0000000008005c40       0x54 src/periph.o
 .text.gpio_ini
                0x0000000008005c94       0xac src/periph.o
                0x0000000008005c94                gpio_ini
 .text.RCC_Init
                0x0000000008005d40       0x94 src/periph.o
                0x0000000008005d40                RCC_Init
 .text.USART2_init
                0x0000000008005dd4       0x7c src/periph.o
                0x0000000008005dd4                USART2_init
 .text.USART6_init
                0x0000000008005e50       0x80 src/periph.o
                0x0000000008005e50                USART6_init
 .text.dma1ini  0x0000000008005ed0       0xb8 src/periph.o
                0x0000000008005ed0                dma1ini
 .text.dma2ini  0x0000000008005f88       0xa4 src/periph.o
                0x0000000008005f88                dma2ini
 .text.initPosition
                0x000000000800602c       0xbc src/position.o
                0x000000000800602c                initPosition
 .text.CalculatePositionHeading
                0x00000000080060e8       0xc4 src/position.o
                0x00000000080060e8                CalculatePositionHeading
 *fill*         0x00000000080061ac        0x4 
 .text.InitializeFirstFewGPSPositions
                0x00000000080061b0      0x3d0 src/position.o
                0x00000000080061b0                InitializeFirstFewGPSPositions
 .text.UpdateFixPosition
                0x0000000008006580      0x40c src/position.o
                0x0000000008006580                UpdateFixPosition
 .text.SystemInit
                0x000000000800698c       0x70 src/system_stm32f4xx.o
                0x000000000800698c                SystemInit
 .text.SetSysClock
                0x00000000080069fc       0xf8 src/system_stm32f4xx.o
 .text.SystemInit_ExtMemCtl
                0x0000000008006af4      0x118 src/system_stm32f4xx.o
 *fill*         0x0000000008006c0c        0x4 
 .text.initVehicle
                0x0000000008006c10       0xe8 src/vehicle.o
                0x0000000008006c10                initVehicle
 .text.Reset_Handler
                0x0000000008006cf8       0x50 startup/startup_stm32.o
                0x0000000008006cf8                Reset_Handler
 .text.Default_Handler
                0x0000000008006d48        0x2 startup/startup_stm32.o
                0x0000000008006d48                RTC_Alarm_IRQHandler
                0x0000000008006d48                HASH_RNG_IRQHandler
                0x0000000008006d48                EXTI2_IRQHandler
                0x0000000008006d48                TIM8_CC_IRQHandler
                0x0000000008006d48                DebugMon_Handler
                0x0000000008006d48                TIM1_CC_IRQHandler
                0x0000000008006d48                DMA2_Stream5_IRQHandler
                0x0000000008006d48                HardFault_Handler
                0x0000000008006d48                PVD_IRQHandler
                0x0000000008006d48                SDIO_IRQHandler
                0x0000000008006d48                TAMP_STAMP_IRQHandler
                0x0000000008006d48                NMI_Handler
                0x0000000008006d48                CAN2_RX1_IRQHandler
                0x0000000008006d48                EXTI3_IRQHandler
                0x0000000008006d48                TIM8_TRG_COM_TIM14_IRQHandler
                0x0000000008006d48                TIM1_UP_TIM10_IRQHandler
                0x0000000008006d48                TIM8_UP_TIM13_IRQHandler
                0x0000000008006d48                I2C3_ER_IRQHandler
                0x0000000008006d48                LCD_TFT_IRQHandler
                0x0000000008006d48                EXTI0_IRQHandler
                0x0000000008006d48                I2C2_EV_IRQHandler
                0x0000000008006d48                DMA1_Stream2_IRQHandler
                0x0000000008006d48                CAN1_RX0_IRQHandler
                0x0000000008006d48                FPU_IRQHandler
                0x0000000008006d48                OTG_HS_WKUP_IRQHandler
                0x0000000008006d48                UsageFault_Handler
                0x0000000008006d48                CAN2_SCE_IRQHandler
                0x0000000008006d48                DMA2_Stream2_IRQHandler
                0x0000000008006d48                SPI1_IRQHandler
                0x0000000008006d48                TIM6_DAC_IRQHandler
                0x0000000008006d48                TIM1_BRK_TIM9_IRQHandler
                0x0000000008006d48                DCMI_IRQHandler
                0x0000000008006d48                CAN2_RX0_IRQHandler
                0x0000000008006d48                DMA2_Stream3_IRQHandler
                0x0000000008006d48                USART3_IRQHandler
                0x0000000008006d48                CRYP_IRQHandler
                0x0000000008006d48                CAN1_RX1_IRQHandler
                0x0000000008006d48                UART5_IRQHandler
                0x0000000008006d48                DMA2_Stream0_IRQHandler
                0x0000000008006d48                TIM4_IRQHandler
                0x0000000008006d48                I2C1_EV_IRQHandler
                0x0000000008006d48                DMA1_Stream6_IRQHandler
                0x0000000008006d48                DMA1_Stream1_IRQHandler
                0x0000000008006d48                UART4_IRQHandler
                0x0000000008006d48                LCD_TFT_1_IRQHandler
                0x0000000008006d48                TIM3_IRQHandler
                0x0000000008006d48                RCC_IRQHandler
                0x0000000008006d48                TIM8_BRK_TIM12_IRQHandler
                0x0000000008006d48                Default_Handler
                0x0000000008006d48                EXTI15_10_IRQHandler
                0x0000000008006d48                ADC_IRQHandler
                0x0000000008006d48                DMA1_Stream7_IRQHandler
                0x0000000008006d48                TIM7_IRQHandler
                0x0000000008006d48                CAN2_TX_IRQHandler
                0x0000000008006d48                TIM5_IRQHandler
                0x0000000008006d48                I2C3_EV_IRQHandler
                0x0000000008006d48                EXTI9_5_IRQHandler
                0x0000000008006d48                RTC_WKUP_IRQHandler
                0x0000000008006d48                ETH_WKUP_IRQHandler
                0x0000000008006d48                SPI2_IRQHandler
                0x0000000008006d48                OTG_HS_EP1_IN_IRQHandler
                0x0000000008006d48                MemManage_Handler
                0x0000000008006d48                DMA1_Stream0_IRQHandler
                0x0000000008006d48                CAN1_TX_IRQHandler
                0x0000000008006d48                EXTI4_IRQHandler
                0x0000000008006d48                FSMC_IRQHandler
                0x0000000008006d48                ETH_IRQHandler
                0x0000000008006d48                OTG_HS_EP1_OUT_IRQHandler
                0x0000000008006d48                WWDG_IRQHandler
                0x0000000008006d48                TIM2_IRQHandler
                0x0000000008006d48                OTG_FS_WKUP_IRQHandler
                0x0000000008006d48                TIM1_TRG_COM_TIM11_IRQHandler
                0x0000000008006d48                OTG_HS_IRQHandler
                0x0000000008006d48                EXTI1_IRQHandler
                0x0000000008006d48                USART2_IRQHandler
                0x0000000008006d48                I2C2_ER_IRQHandler
                0x0000000008006d48                DMA2_Stream1_IRQHandler
                0x0000000008006d48                CAN1_SCE_IRQHandler
                0x0000000008006d48                DMA2_Stream4_IRQHandler
                0x0000000008006d48                BusFault_Handler
                0x0000000008006d48                USART1_IRQHandler
                0x0000000008006d48                OTG_FS_IRQHandler
                0x0000000008006d48                SPI3_IRQHandler
                0x0000000008006d48                DMA1_Stream4_IRQHandler
                0x0000000008006d48                I2C1_ER_IRQHandler
                0x0000000008006d48                DMA2_Stream6_IRQHandler
                0x0000000008006d48                DMA1_Stream3_IRQHandler
 *fill*         0x0000000008006d4a        0x2 
 .text._sbrk    0x0000000008006d4c       0x58 startup/sysmem.o
                0x0000000008006d4c                _sbrk
 *fill*         0x0000000008006da4        0x4 
 .text.atan     0x0000000008006da8      0x358 /home/valentyn/Ac6/SystemWorkbench/plugins/fr.ac6.mcu.externaltools.arm-none.linux64_1.16.0.201807130628/tools/compiler/bin/../lib/gcc/arm-none-eabi/7.2.1/../../../../arm-none-eabi/lib/thumb/v7e-m/fpv4-sp/hard/libm.a(lib_a-s_atan.o)
                0x0000000008006da8                atan
 .text.cos      0x0000000008007100       0xc0 /home/valentyn/Ac6/SystemWorkbench/plugins/fr.ac6.mcu.externaltools.arm-none.linux64_1.16.0.201807130628/tools/compiler/bin/../lib/gcc/arm-none-eabi/7.2.1/../../../../arm-none-eabi/lib/thumb/v7e-m/fpv4-sp/hard/libm.a(lib_a-s_cos.o)
                0x0000000008007100                cos
 .text.fabs     0x00000000080071c0       0x14 /home/valentyn/Ac6/SystemWorkbench/plugins/fr.ac6.mcu.externaltools.arm-none.linux64_1.16.0.201807130628/tools/compiler/bin/../lib/gcc/arm-none-eabi/7.2.1/../../../../arm-none-eabi/lib/thumb/v7e-m/fpv4-sp/hard/libm.a(lib_a-s_fabs.o)
                0x00000000080071c0                fabs
 *fill*         0x00000000080071d4        0x4 
 .text.floor    0x00000000080071d8      0x110 /home/valentyn/Ac6/SystemWorkbench/plugins/fr.ac6.mcu.externaltools.arm-none.linux64_1.16.0.201807130628/tools/compiler/bin/../lib/gcc/arm-none-eabi/7.2.1/../../../../arm-none-eabi/lib/thumb/v7e-m/fpv4-sp/hard/libm.a(lib_a-s_floor.o)
                0x00000000080071d8                floor
 .text.round    0x00000000080072e8       0xa4 /home/valentyn/Ac6/SystemWorkbench/plugins/fr.ac6.mcu.externaltools.arm-none.linux64_1.16.0.201807130628/tools/compiler/bin/../lib/gcc/arm-none-eabi/7.2.1/../../../../arm-none-eabi/lib/thumb/v7e-m/fpv4-sp/hard/libm.a(lib_a-s_round.o)
                0x00000000080072e8                round
 *fill*         0x000000000800738c        0x4 
 .text.sin      0x0000000008007390       0xc0 /home/valentyn/Ac6/SystemWorkbench/plugins/fr.ac6.mcu.externaltools.arm-none.linux64_1.16.0.201807130628/tools/compiler/bin/../lib/gcc/arm-none-eabi/7.2.1/../../../../arm-none-eabi/lib/thumb/v7e-m/fpv4-sp/hard/libm.a(lib_a-s_sin.o)
                0x0000000008007390                sin
 .text.tan      0x0000000008007450       0x70 /home/valentyn/Ac6/SystemWorkbench/plugins/fr.ac6.mcu.externaltools.arm-none.linux64_1.16.0.201807130628/tools/compiler/bin/../lib/gcc/arm-none-eabi/7.2.1/../../../../arm-none-eabi/lib/thumb/v7e-m/fpv4-sp/hard/libm.a(lib_a-s_tan.o)
                0x0000000008007450                tan
 .text.powf     0x00000000080074c0      0x3a8 /home/valentyn/Ac6/SystemWorkbench/plugins/fr.ac6.mcu.externaltools.arm-none.linux64_1.16.0.201807130628/tools/compiler/bin/../lib/gcc/arm-none-eabi/7.2.1/../../../../arm-none-eabi/lib/thumb/v7e-m/fpv4-sp/hard/libm.a(lib_a-sf_pow.o)
                0x00000000080074c0                powf
 .text.atan2    0x0000000008007868        0x4 /home/valentyn/Ac6/SystemWorkbench/plugins/fr.ac6.mcu.externaltools.arm-none.linux64_1.16.0.201807130628/tools/compiler/bin/../lib/gcc/arm-none-eabi/7.2.1/../../../../arm-none-eabi/lib/thumb/v7e-m/fpv4-sp/hard/libm.a(lib_a-w_atan2.o)
                0x0000000008007868                atan2
 *fill*         0x000000000800786c        0x4 
 .text.pow      0x0000000008007870      0x338 /home/valentyn/Ac6/SystemWorkbench/plugins/fr.ac6.mcu.externaltools.arm-none.linux64_1.16.0.201807130628/tools/compiler/bin/../lib/gcc/arm-none-eabi/7.2.1/../../../../arm-none-eabi/lib/thumb/v7e-m/fpv4-sp/hard/libm.a(lib_a-w_pow.o)
                0x0000000008007870                pow
 .text.sqrt     0x0000000008007ba8       0xb8 /home/valentyn/Ac6/SystemWorkbench/plugins/fr.ac6.mcu.externaltools.arm-none.linux64_1.16.0.201807130628/tools/compiler/bin/../lib/gcc/arm-none-eabi/7.2.1/../../../../arm-none-eabi/lib/thumb/v7e-m/fpv4-sp/hard/libm.a(lib_a-w_sqrt.o)
                0x0000000008007ba8                sqrt
 .text.__ieee754_atan2
                0x0000000008007c60      0x1c4 /home/valentyn/Ac6/SystemWorkbench/plugins/fr.ac6.mcu.externaltools.arm-none.linux64_1.16.0.201807130628/tools/compiler/bin/../lib/gcc/arm-none-eabi/7.2.1/../../../../arm-none-eabi/lib/thumb/v7e-m/fpv4-sp/hard/libm.a(lib_a-e_atan2.o)
                0x0000000008007c60                __ieee754_atan2
 *fill*         0x0000000008007e24        0x4 
 .text.__ieee754_pow
                0x0000000008007e28      0xab8 /home/valentyn/Ac6/SystemWorkbench/plugins/fr.ac6.mcu.externaltools.arm-none.linux64_1.16.0.201807130628/tools/compiler/bin/../lib/gcc/arm-none-eabi/7.2.1/../../../../arm-none-eabi/lib/thumb/v7e-m/fpv4-sp/hard/libm.a(lib_a-e_pow.o)
                0x0000000008007e28                __ieee754_pow
 .text.__ieee754_rem_pio2
                0x00000000080088e0      0x454 /home/valentyn/Ac6/SystemWorkbench/plugins/fr.ac6.mcu.externaltools.arm-none.linux64_1.16.0.201807130628/tools/compiler/bin/../lib/gcc/arm-none-eabi/7.2.1/../../../../arm-none-eabi/lib/thumb/v7e-m/fpv4-sp/hard/libm.a(lib_a-e_rem_pio2.o)
                0x00000000080088e0                __ieee754_rem_pio2
 .text.__ieee754_sqrt
                0x0000000008008d34      0x194 /home/valentyn/Ac6/SystemWorkbench/plugins/fr.ac6.mcu.externaltools.arm-none.linux64_1.16.0.201807130628/tools/compiler/bin/../lib/gcc/arm-none-eabi/7.2.1/../../../../arm-none-eabi/lib/thumb/v7e-m/fpv4-sp/hard/libm.a(lib_a-e_sqrt.o)
                0x0000000008008d34                __ieee754_sqrt
 .text.__kernel_cos
                0x0000000008008ec8      0x284 /home/valentyn/Ac6/SystemWorkbench/plugins/fr.ac6.mcu.externaltools.arm-none.linux64_1.16.0.201807130628/tools/compiler/bin/../lib/gcc/arm-none-eabi/7.2.1/../../../../arm-none-eabi/lib/thumb/v7e-m/fpv4-sp/hard/libm.a(lib_a-k_cos.o)
                0x0000000008008ec8                __kernel_cos
 *fill*         0x000000000800914c        0x4 
 .text.__kernel_rem_pio2
                0x0000000008009150      0x818 /home/valentyn/Ac6/SystemWorkbench/plugins/fr.ac6.mcu.externaltools.arm-none.linux64_1.16.0.201807130628/tools/compiler/bin/../lib/gcc/arm-none-eabi/7.2.1/../../../../arm-none-eabi/lib/thumb/v7e-m/fpv4-sp/hard/libm.a(lib_a-k_rem_pio2.o)
                0x0000000008009150                __kernel_rem_pio2
 .text.__kernel_sin
                0x0000000008009968      0x194 /home/valentyn/Ac6/SystemWorkbench/plugins/fr.ac6.mcu.externaltools.arm-none.linux64_1.16.0.201807130628/tools/compiler/bin/../lib/gcc/arm-none-eabi/7.2.1/../../../../arm-none-eabi/lib/thumb/v7e-m/fpv4-sp/hard/libm.a(lib_a-k_sin.o)
                0x0000000008009968                __kernel_sin
 *fill*         0x0000000008009afc        0x4 
 .text.__kernel_tan
                0x0000000008009b00      0x3c4 /home/valentyn/Ac6/SystemWorkbench/plugins/fr.ac6.mcu.externaltools.arm-none.linux64_1.16.0.201807130628/tools/compiler/bin/../lib/gcc/arm-none-eabi/7.2.1/../../../../arm-none-eabi/lib/thumb/v7e-m/fpv4-sp/hard/libm.a(lib_a-k_tan.o)
                0x0000000008009b00                __kernel_tan
 .text.with_errnof
                0x0000000008009ec4       0x1c /home/valentyn/Ac6/SystemWorkbench/plugins/fr.ac6.mcu.externaltools.arm-none.linux64_1.16.0.201807130628/tools/compiler/bin/../lib/gcc/arm-none-eabi/7.2.1/../../../../arm-none-eabi/lib/thumb/v7e-m/fpv4-sp/hard/libm.a(lib_a-math_errf.o)
 .text.xflowf   0x0000000008009ee0       0x20 /home/valentyn/Ac6/SystemWorkbench/plugins/fr.ac6.mcu.externaltools.arm-none.linux64_1.16.0.201807130628/tools/compiler/bin/../lib/gcc/arm-none-eabi/7.2.1/../../../../arm-none-eabi/lib/thumb/v7e-m/fpv4-sp/hard/libm.a(lib_a-math_errf.o)
 .text.__math_uflowf
                0x0000000008009f00        0xc /home/valentyn/Ac6/SystemWorkbench/plugins/fr.ac6.mcu.externaltools.arm-none.linux64_1.16.0.201807130628/tools/compiler/bin/../lib/gcc/arm-none-eabi/7.2.1/../../../../arm-none-eabi/lib/thumb/v7e-m/fpv4-sp/hard/libm.a(lib_a-math_errf.o)
                0x0000000008009f00                __math_uflowf
 .text.__math_may_uflowf
                0x0000000008009f0c        0xc /home/valentyn/Ac6/SystemWorkbench/plugins/fr.ac6.mcu.externaltools.arm-none.linux64_1.16.0.201807130628/tools/compiler/bin/../lib/gcc/arm-none-eabi/7.2.1/../../../../arm-none-eabi/lib/thumb/v7e-m/fpv4-sp/hard/libm.a(lib_a-math_errf.o)
                0x0000000008009f0c                __math_may_uflowf
 .text.__math_oflowf
                0x0000000008009f18        0xc /home/valentyn/Ac6/SystemWorkbench/plugins/fr.ac6.mcu.externaltools.arm-none.linux64_1.16.0.201807130628/tools/compiler/bin/../lib/gcc/arm-none-eabi/7.2.1/../../../../arm-none-eabi/lib/thumb/v7e-m/fpv4-sp/hard/libm.a(lib_a-math_errf.o)
                0x0000000008009f18                __math_oflowf
 .text.__math_divzerof
                0x0000000008009f24       0x24 /home/valentyn/Ac6/SystemWorkbench/plugins/fr.ac6.mcu.externaltools.arm-none.linux64_1.16.0.201807130628/tools/compiler/bin/../lib/gcc/arm-none-eabi/7.2.1/../../../../arm-none-eabi/lib/thumb/v7e-m/fpv4-sp/hard/libm.a(lib_a-math_errf.o)
                0x0000000008009f24                __math_divzerof
 .text.__math_invalidf
                0x0000000008009f48       0x20 /home/valentyn/Ac6/SystemWorkbench/plugins/fr.ac6.mcu.externaltools.arm-none.linux64_1.16.0.201807130628/tools/compiler/bin/../lib/gcc/arm-none-eabi/7.2.1/../../../../arm-none-eabi/lib/thumb/v7e-m/fpv4-sp/hard/libm.a(lib_a-math_errf.o)
                0x0000000008009f48                __math_invalidf
 .text.finite   0x0000000008009f68       0x10 /home/valentyn/Ac6/SystemWorkbench/plugins/fr.ac6.mcu.externaltools.arm-none.linux64_1.16.0.201807130628/tools/compiler/bin/../lib/gcc/arm-none-eabi/7.2.1/../../../../arm-none-eabi/lib/thumb/v7e-m/fpv4-sp/hard/libm.a(lib_a-s_finite.o)
                0x0000000008009f68                finite
 .text.matherr  0x0000000008009f78        0x4 /home/valentyn/Ac6/SystemWorkbench/plugins/fr.ac6.mcu.externaltools.arm-none.linux64_1.16.0.201807130628/tools/compiler/bin/../lib/gcc/arm-none-eabi/7.2.1/../../../../arm-none-eabi/lib/thumb/v7e-m/fpv4-sp/hard/libm.a(lib_a-s_matherr.o)
                0x0000000008009f78                matherr
 *fill*         0x0000000008009f7c        0x4 
 .text.nan      0x0000000008009f80       0x10 /home/valentyn/Ac6/SystemWorkbench/plugins/fr.ac6.mcu.externaltools.arm-none.linux64_1.16.0.201807130628/tools/compiler/bin/../lib/gcc/arm-none-eabi/7.2.1/../../../../arm-none-eabi/lib/thumb/v7e-m/fpv4-sp/hard/libm.a(lib_a-s_nan.o)
                0x0000000008009f80                nan
 .text.rint     0x0000000008009f90      0x110 /home/valentyn/Ac6/SystemWorkbench/plugins/fr.ac6.mcu.externaltools.arm-none.linux64_1.16.0.201807130628/tools/compiler/bin/../lib/gcc/arm-none-eabi/7.2.1/../../../../arm-none-eabi/lib/thumb/v7e-m/fpv4-sp/hard/libm.a(lib_a-s_rint.o)
                0x0000000008009f90                rint
 .text.scalbn   0x000000000800a0a0      0x114 /home/valentyn/Ac6/SystemWorkbench/plugins/fr.ac6.mcu.externaltools.arm-none.linux64_1.16.0.201807130628/tools/compiler/bin/../lib/gcc/arm-none-eabi/7.2.1/../../../../arm-none-eabi/lib/thumb/v7e-m/fpv4-sp/hard/libm.a(lib_a-s_scalbn.o)
                0x000000000800a0a0                scalbn
 .text.copysign
                0x000000000800a1b4       0x1c /home/valentyn/Ac6/SystemWorkbench/plugins/fr.ac6.mcu.externaltools.arm-none.linux64_1.16.0.201807130628/tools/compiler/bin/../lib/gcc/arm-none-eabi/7.2.1/../../../../arm-none-eabi/lib/thumb/v7e-m/fpv4-sp/hard/libm.a(lib_a-s_copysign.o)
                0x000000000800a1b4                copysign
 .text.atof     0x000000000800a1d0        0x8 /home/valentyn/Ac6/SystemWorkbench/plugins/fr.ac6.mcu.externaltools.arm-none.linux64_1.16.0.201807130628/tools/compiler/bin/../lib/gcc/arm-none-eabi/7.2.1/../../../../arm-none-eabi/lib/thumb/v7e-m/fpv4-sp/hard/libc.a(lib_a-atof.o)
                0x000000000800a1d0                atof
 .text.atoi     0x000000000800a1d8        0x8 /home/valentyn/Ac6/SystemWorkbench/plugins/fr.ac6.mcu.externaltools.arm-none.linux64_1.16.0.201807130628/tools/compiler/bin/../lib/gcc/arm-none-eabi/7.2.1/../../../../arm-none-eabi/lib/thumb/v7e-m/fpv4-sp/hard/libc.a(lib_a-atoi.o)
                0x000000000800a1d8                atoi
 .text.__errno  0x000000000800a1e0        0xc /home/valentyn/Ac6/SystemWorkbench/plugins/fr.ac6.mcu.externaltools.arm-none.linux64_1.16.0.201807130628/tools/compiler/bin/../lib/gcc/arm-none-eabi/7.2.1/../../../../arm-none-eabi/lib/thumb/v7e-m/fpv4-sp/hard/libc.a(lib_a-errno.o)
                0x000000000800a1e0                __errno
 .text.__libc_init_array
                0x000000000800a1ec       0x48 /home/valentyn/Ac6/SystemWorkbench/plugins/fr.ac6.mcu.externaltools.arm-none.linux64_1.16.0.201807130628/tools/compiler/bin/../lib/gcc/arm-none-eabi/7.2.1/../../../../arm-none-eabi/lib/thumb/v7e-m/fpv4-sp/hard/libc.a(lib_a-init.o)
                0x000000000800a1ec                __libc_init_array
 .text.memset   0x000000000800a234       0x94 /home/valentyn/Ac6/SystemWorkbench/plugins/fr.ac6.mcu.externaltools.arm-none.linux64_1.16.0.201807130628/tools/compiler/bin/../lib/gcc/arm-none-eabi/7.2.1/../../../../arm-none-eabi/lib/thumb/v7e-m/fpv4-sp/hard/libc.a(lib_a-memset.o)
                0x000000000800a234                memset
 .text.strcpy   0x000000000800a2c8       0xbc /home/valentyn/Ac6/SystemWorkbench/plugins/fr.ac6.mcu.externaltools.arm-none.linux64_1.16.0.201807130628/tools/compiler/bin/../lib/gcc/arm-none-eabi/7.2.1/../../../../arm-none-eabi/lib/thumb/v7e-m/fpv4-sp/hard/libc.a(lib_a-strcpy.o)
                0x000000000800a2c8                strcpy
 .text.strncpy  0x000000000800a384       0x64 /home/valentyn/Ac6/SystemWorkbench/plugins/fr.ac6.mcu.externaltools.arm-none.linux64_1.16.0.201807130628/tools/compiler/bin/../lib/gcc/arm-none-eabi/7.2.1/../../../../arm-none-eabi/lib/thumb/v7e-m/fpv4-sp/hard/libc.a(lib_a-strncpy.o)
                0x000000000800a384                strncpy
 .text.critical_factorization
                0x000000000800a3e8       0xb4 /home/valentyn/Ac6/SystemWorkbench/plugins/fr.ac6.mcu.externaltools.arm-none.linux64_1.16.0.201807130628/tools/compiler/bin/../lib/gcc/arm-none-eabi/7.2.1/../../../../arm-none-eabi/lib/thumb/v7e-m/fpv4-sp/hard/libc.a(lib_a-strstr.o)
 .text.two_way_long_needle
                0x000000000800a49c      0x1f8 /home/valentyn/Ac6/SystemWorkbench/plugins/fr.ac6.mcu.externaltools.arm-none.linux64_1.16.0.201807130628/tools/compiler/bin/../lib/gcc/arm-none-eabi/7.2.1/../../../../arm-none-eabi/lib/thumb/v7e-m/fpv4-sp/hard/libc.a(lib_a-strstr.o)
 .text.strstr   0x000000000800a694      0x1f8 /home/valentyn/Ac6/SystemWorkbench/plugins/fr.ac6.mcu.externaltools.arm-none.linux64_1.16.0.201807130628/tools/compiler/bin/../lib/gcc/arm-none-eabi/7.2.1/../../../../arm-none-eabi/lib/thumb/v7e-m/fpv4-sp/hard/libc.a(lib_a-strstr.o)
                0x000000000800a694                strstr
 .text.unlikely.sulp
                0x000000000800a88c       0x38 /home/valentyn/Ac6/SystemWorkbench/plugins/fr.ac6.mcu.externaltools.arm-none.linux64_1.16.0.201807130628/tools/compiler/bin/../lib/gcc/arm-none-eabi/7.2.1/../../../../arm-none-eabi/lib/thumb/v7e-m/fpv4-sp/hard/libc.a(lib_a-strtod.o)
 *fill*         0x000000000800a8c4        0x4 
 .text._strtod_l
                0x000000000800a8c8      0xf1c /home/valentyn/Ac6/SystemWorkbench/plugins/fr.ac6.mcu.externaltools.arm-none.linux64_1.16.0.201807130628/tools/compiler/bin/../lib/gcc/arm-none-eabi/7.2.1/../../../../arm-none-eabi/lib/thumb/v7e-m/fpv4-sp/hard/libc.a(lib_a-strtod.o)
                0x000000000800a8c8                _strtod_l
 .text.strtod   0x000000000800b7e4       0x24 /home/valentyn/Ac6/SystemWorkbench/plugins/fr.ac6.mcu.externaltools.arm-none.linux64_1.16.0.201807130628/tools/compiler/bin/../lib/gcc/arm-none-eabi/7.2.1/../../../../arm-none-eabi/lib/thumb/v7e-m/fpv4-sp/hard/libc.a(lib_a-strtod.o)
                0x000000000800b7e4                strtod
 .text.strtok   0x000000000800b808       0x10 /home/valentyn/Ac6/SystemWorkbench/plugins/fr.ac6.mcu.externaltools.arm-none.linux64_1.16.0.201807130628/tools/compiler/bin/../lib/gcc/arm-none-eabi/7.2.1/../../../../arm-none-eabi/lib/thumb/v7e-m/fpv4-sp/hard/libc.a(lib_a-strtok.o)
                0x000000000800b808                strtok
 .text.__strtok_r
                0x000000000800b818       0x64 /home/valentyn/Ac6/SystemWorkbench/plugins/fr.ac6.mcu.externaltools.arm-none.linux64_1.16.0.201807130628/tools/compiler/bin/../lib/gcc/arm-none-eabi/7.2.1/../../../../arm-none-eabi/lib/thumb/v7e-m/fpv4-sp/hard/libc.a(lib_a-strtok_r.o)
                0x000000000800b818                __strtok_r
 .text._strtol_l.isra.0
                0x000000000800b87c      0x124 /home/valentyn/Ac6/SystemWorkbench/plugins/fr.ac6.mcu.externaltools.arm-none.linux64_1.16.0.201807130628/tools/compiler/bin/../lib/gcc/arm-none-eabi/7.2.1/../../../../arm-none-eabi/lib/thumb/v7e-m/fpv4-sp/hard/libc.a(lib_a-strtol.o)
 .text.strtol   0x000000000800b9a0       0x2c /home/valentyn/Ac6/SystemWorkbench/plugins/fr.ac6.mcu.externaltools.arm-none.linux64_1.16.0.201807130628/tools/compiler/bin/../lib/gcc/arm-none-eabi/7.2.1/../../../../arm-none-eabi/lib/thumb/v7e-m/fpv4-sp/hard/libc.a(lib_a-strtol.o)
                0x000000000800b9a0                strtol
 .text.startup.register_fini
                0x000000000800b9cc       0x14 /home/valentyn/Ac6/SystemWorkbench/plugins/fr.ac6.mcu.externaltools.arm-none.linux64_1.16.0.201807130628/tools/compiler/bin/../lib/gcc/arm-none-eabi/7.2.1/../../../../arm-none-eabi/lib/thumb/v7e-m/fpv4-sp/hard/libc.a(lib_a-__call_atexit.o)
 .text.atexit   0x000000000800b9e0        0xc /home/valentyn/Ac6/SystemWorkbench/plugins/fr.ac6.mcu.externaltools.arm-none.linux64_1.16.0.201807130628/tools/compiler/bin/../lib/gcc/arm-none-eabi/7.2.1/../../../../arm-none-eabi/lib/thumb/v7e-m/fpv4-sp/hard/libc.a(lib_a-atexit.o)
                0x000000000800b9e0                atexit
 .text.__libc_fini_array
                0x000000000800b9ec       0x34 /home/valentyn/Ac6/SystemWorkbench/plugins/fr.ac6.mcu.externaltools.arm-none.linux64_1.16.0.201807130628/tools/compiler/bin/../lib/gcc/arm-none-eabi/7.2.1/../../../../arm-none-eabi/lib/thumb/v7e-m/fpv4-sp/hard/libc.a(lib_a-fini.o)
                0x000000000800b9ec                __libc_fini_array
 .text.rshift   0x000000000800ba20       0xb0 /home/valentyn/Ac6/SystemWorkbench/plugins/fr.ac6.mcu.externaltools.arm-none.linux64_1.16.0.201807130628/tools/compiler/bin/../lib/gcc/arm-none-eabi/7.2.1/../../../../arm-none-eabi/lib/thumb/v7e-m/fpv4-sp/hard/libc.a(lib_a-gdtoa-gethex.o)
 .text.__gethex
                0x000000000800bad0      0x520 /home/valentyn/Ac6/SystemWorkbench/plugins/fr.ac6.mcu.externaltools.arm-none.linux64_1.16.0.201807130628/tools/compiler/bin/../lib/gcc/arm-none-eabi/7.2.1/../../../../arm-none-eabi/lib/thumb/v7e-m/fpv4-sp/hard/libc.a(lib_a-gdtoa-gethex.o)
                0x000000000800bad0                __gethex
 .text.__match  0x000000000800bff0       0x30 /home/valentyn/Ac6/SystemWorkbench/plugins/fr.ac6.mcu.externaltools.arm-none.linux64_1.16.0.201807130628/tools/compiler/bin/../lib/gcc/arm-none-eabi/7.2.1/../../../../arm-none-eabi/lib/thumb/v7e-m/fpv4-sp/hard/libc.a(lib_a-gdtoa-hexnan.o)
                0x000000000800bff0                __match
 .text.__hexnan
                0x000000000800c020      0x1a0 /home/valentyn/Ac6/SystemWorkbench/plugins/fr.ac6.mcu.externaltools.arm-none.linux64_1.16.0.201807130628/tools/compiler/bin/../lib/gcc/arm-none-eabi/7.2.1/../../../../arm-none-eabi/lib/thumb/v7e-m/fpv4-sp/hard/libc.a(lib_a-gdtoa-hexnan.o)
                0x000000000800c020                __hexnan
 .text.__locale_ctype_ptr_l
                0x000000000800c1c0        0x8 /home/valentyn/Ac6/SystemWorkbench/plugins/fr.ac6.mcu.externaltools.arm-none.linux64_1.16.0.201807130628/tools/compiler/bin/../lib/gcc/arm-none-eabi/7.2.1/../../../../arm-none-eabi/lib/thumb/v7e-m/fpv4-sp/hard/libc.a(lib_a-locale.o)
                0x000000000800c1c0                __locale_ctype_ptr_l
 .text.__localeconv_l
                0x000000000800c1c8        0x4 /home/valentyn/Ac6/SystemWorkbench/plugins/fr.ac6.mcu.externaltools.arm-none.linux64_1.16.0.201807130628/tools/compiler/bin/../lib/gcc/arm-none-eabi/7.2.1/../../../../arm-none-eabi/lib/thumb/v7e-m/fpv4-sp/hard/libc.a(lib_a-localeconv.o)
                0x000000000800c1c8                __localeconv_l
 .text.__retarget_lock_acquire_recursive
                0x000000000800c1cc        0x4 /home/valentyn/Ac6/SystemWorkbench/plugins/fr.ac6.mcu.externaltools.arm-none.linux64_1.16.0.201807130628/tools/compiler/bin/../lib/gcc/arm-none-eabi/7.2.1/../../../../arm-none-eabi/lib/thumb/v7e-m/fpv4-sp/hard/libc.a(lib_a-lock.o)
                0x000000000800c1cc                __retarget_lock_acquire_recursive
 .text.__retarget_lock_release_recursive
                0x000000000800c1d0        0x4 /home/valentyn/Ac6/SystemWorkbench/plugins/fr.ac6.mcu.externaltools.arm-none.linux64_1.16.0.201807130628/tools/compiler/bin/../lib/gcc/arm-none-eabi/7.2.1/../../../../arm-none-eabi/lib/thumb/v7e-m/fpv4-sp/hard/libc.a(lib_a-lock.o)
                0x000000000800c1d0                __retarget_lock_release_recursive
 .text.__ascii_mbtowc
                0x000000000800c1d4       0x2c /home/valentyn/Ac6/SystemWorkbench/plugins/fr.ac6.mcu.externaltools.arm-none.linux64_1.16.0.201807130628/tools/compiler/bin/../lib/gcc/arm-none-eabi/7.2.1/../../../../arm-none-eabi/lib/thumb/v7e-m/fpv4-sp/hard/libc.a(lib_a-mbtowc_r.o)
                0x000000000800c1d4                __ascii_mbtowc
 .text.memcmp   0x000000000800c200       0x64 /home/valentyn/Ac6/SystemWorkbench/plugins/fr.ac6.mcu.externaltools.arm-none.linux64_1.16.0.201807130628/tools/compiler/bin/../lib/gcc/arm-none-eabi/7.2.1/../../../../arm-none-eabi/lib/thumb/v7e-m/fpv4-sp/hard/libc.a(lib_a-memcmp.o)
                0x000000000800c200                memcmp
 .text._Balloc  0x000000000800c264       0x4c /home/valentyn/Ac6/SystemWorkbench/plugins/fr.ac6.mcu.externaltools.arm-none.linux64_1.16.0.201807130628/tools/compiler/bin/../lib/gcc/arm-none-eabi/7.2.1/../../../../arm-none-eabi/lib/thumb/v7e-m/fpv4-sp/hard/libc.a(lib_a-mprec.o)
                0x000000000800c264                _Balloc
 .text._Bfree   0x000000000800c2b0       0x14 /home/valentyn/Ac6/SystemWorkbench/plugins/fr.ac6.mcu.externaltools.arm-none.linux64_1.16.0.201807130628/tools/compiler/bin/../lib/gcc/arm-none-eabi/7.2.1/../../../../arm-none-eabi/lib/thumb/v7e-m/fpv4-sp/hard/libc.a(lib_a-mprec.o)
                0x000000000800c2b0                _Bfree
 .text.__multadd
                0x000000000800c2c4       0x80 /home/valentyn/Ac6/SystemWorkbench/plugins/fr.ac6.mcu.externaltools.arm-none.linux64_1.16.0.201807130628/tools/compiler/bin/../lib/gcc/arm-none-eabi/7.2.1/../../../../arm-none-eabi/lib/thumb/v7e-m/fpv4-sp/hard/libc.a(lib_a-mprec.o)
                0x000000000800c2c4                __multadd
 .text.__s2b    0x000000000800c344       0x98 /home/valentyn/Ac6/SystemWorkbench/plugins/fr.ac6.mcu.externaltools.arm-none.linux64_1.16.0.201807130628/tools/compiler/bin/../lib/gcc/arm-none-eabi/7.2.1/../../../../arm-none-eabi/lib/thumb/v7e-m/fpv4-sp/hard/libc.a(lib_a-mprec.o)
                0x000000000800c344                __s2b
 .text.__hi0bits
                0x000000000800c3dc       0x40 /home/valentyn/Ac6/SystemWorkbench/plugins/fr.ac6.mcu.externaltools.arm-none.linux64_1.16.0.201807130628/tools/compiler/bin/../lib/gcc/arm-none-eabi/7.2.1/../../../../arm-none-eabi/lib/thumb/v7e-m/fpv4-sp/hard/libc.a(lib_a-mprec.o)
                0x000000000800c3dc                __hi0bits
 .text.__lo0bits
                0x000000000800c41c       0x60 /home/valentyn/Ac6/SystemWorkbench/plugins/fr.ac6.mcu.externaltools.arm-none.linux64_1.16.0.201807130628/tools/compiler/bin/../lib/gcc/arm-none-eabi/7.2.1/../../../../arm-none-eabi/lib/thumb/v7e-m/fpv4-sp/hard/libc.a(lib_a-mprec.o)
                0x000000000800c41c                __lo0bits
 .text.__i2b    0x000000000800c47c       0x14 /home/valentyn/Ac6/SystemWorkbench/plugins/fr.ac6.mcu.externaltools.arm-none.linux64_1.16.0.201807130628/tools/compiler/bin/../lib/gcc/arm-none-eabi/7.2.1/../../../../arm-none-eabi/lib/thumb/v7e-m/fpv4-sp/hard/libc.a(lib_a-mprec.o)
                0x000000000800c47c                __i2b
 .text.__multiply
                0x000000000800c490      0x14c /home/valentyn/Ac6/SystemWorkbench/plugins/fr.ac6.mcu.externaltools.arm-none.linux64_1.16.0.201807130628/tools/compiler/bin/../lib/gcc/arm-none-eabi/7.2.1/../../../../arm-none-eabi/lib/thumb/v7e-m/fpv4-sp/hard/libc.a(lib_a-mprec.o)
                0x000000000800c490                __multiply
 .text.__pow5mult
                0x000000000800c5dc       0xa0 /home/valentyn/Ac6/SystemWorkbench/plugins/fr.ac6.mcu.externaltools.arm-none.linux64_1.16.0.201807130628/tools/compiler/bin/../lib/gcc/arm-none-eabi/7.2.1/../../../../arm-none-eabi/lib/thumb/v7e-m/fpv4-sp/hard/libc.a(lib_a-mprec.o)
                0x000000000800c5dc                __pow5mult
 .text.__lshift
                0x000000000800c67c       0xac /home/valentyn/Ac6/SystemWorkbench/plugins/fr.ac6.mcu.externaltools.arm-none.linux64_1.16.0.201807130628/tools/compiler/bin/../lib/gcc/arm-none-eabi/7.2.1/../../../../arm-none-eabi/lib/thumb/v7e-m/fpv4-sp/hard/libc.a(lib_a-mprec.o)
                0x000000000800c67c                __lshift
 .text.__mcmp   0x000000000800c728       0x38 /home/valentyn/Ac6/SystemWorkbench/plugins/fr.ac6.mcu.externaltools.arm-none.linux64_1.16.0.201807130628/tools/compiler/bin/../lib/gcc/arm-none-eabi/7.2.1/../../../../arm-none-eabi/lib/thumb/v7e-m/fpv4-sp/hard/libc.a(lib_a-mprec.o)
                0x000000000800c728                __mcmp
 .text.__mdiff  0x000000000800c760       0xec /home/valentyn/Ac6/SystemWorkbench/plugins/fr.ac6.mcu.externaltools.arm-none.linux64_1.16.0.201807130628/tools/compiler/bin/../lib/gcc/arm-none-eabi/7.2.1/../../../../arm-none-eabi/lib/thumb/v7e-m/fpv4-sp/hard/libc.a(lib_a-mprec.o)
                0x000000000800c760                __mdiff
 .text.__ulp    0x000000000800c84c       0x54 /home/valentyn/Ac6/SystemWorkbench/plugins/fr.ac6.mcu.externaltools.arm-none.linux64_1.16.0.201807130628/tools/compiler/bin/../lib/gcc/arm-none-eabi/7.2.1/../../../../arm-none-eabi/lib/thumb/v7e-m/fpv4-sp/hard/libc.a(lib_a-mprec.o)
                0x000000000800c84c                __ulp
 .text.__b2d    0x000000000800c8a0       0xbc /home/valentyn/Ac6/SystemWorkbench/plugins/fr.ac6.mcu.externaltools.arm-none.linux64_1.16.0.201807130628/tools/compiler/bin/../lib/gcc/arm-none-eabi/7.2.1/../../../../arm-none-eabi/lib/thumb/v7e-m/fpv4-sp/hard/libc.a(lib_a-mprec.o)
                0x000000000800c8a0                __b2d
 .text.__d2b    0x000000000800c95c       0xc4 /home/valentyn/Ac6/SystemWorkbench/plugins/fr.ac6.mcu.externaltools.arm-none.linux64_1.16.0.201807130628/tools/compiler/bin/../lib/gcc/arm-none-eabi/7.2.1/../../../../arm-none-eabi/lib/thumb/v7e-m/fpv4-sp/hard/libc.a(lib_a-mprec.o)
                0x000000000800c95c                __d2b
 .text.__ratio  0x000000000800ca20       0x60 /home/valentyn/Ac6/SystemWorkbench/plugins/fr.ac6.mcu.externaltools.arm-none.linux64_1.16.0.201807130628/tools/compiler/bin/../lib/gcc/arm-none-eabi/7.2.1/../../../../arm-none-eabi/lib/thumb/v7e-m/fpv4-sp/hard/libc.a(lib_a-mprec.o)
                0x000000000800ca20                __ratio
 .text.__copybits
                0x000000000800ca80       0x48 /home/valentyn/Ac6/SystemWorkbench/plugins/fr.ac6.mcu.externaltools.arm-none.linux64_1.16.0.201807130628/tools/compiler/bin/../lib/gcc/arm-none-eabi/7.2.1/../../../../arm-none-eabi/lib/thumb/v7e-m/fpv4-sp/hard/libc.a(lib_a-mprec.o)
                0x000000000800ca80                __copybits
 .text.__any_on
                0x000000000800cac8       0x58 /home/valentyn/Ac6/SystemWorkbench/plugins/fr.ac6.mcu.externaltools.arm-none.linux64_1.16.0.201807130628/tools/compiler/bin/../lib/gcc/arm-none-eabi/7.2.1/../../../../arm-none-eabi/lib/thumb/v7e-m/fpv4-sp/hard/libc.a(lib_a-mprec.o)
                0x000000000800cac8                __any_on
 .text.strchr   0x000000000800cb20       0xe8 /home/valentyn/Ac6/SystemWorkbench/plugins/fr.ac6.mcu.externaltools.arm-none.linux64_1.16.0.201807130628/tools/compiler/bin/../lib/gcc/arm-none-eabi/7.2.1/../../../../arm-none-eabi/lib/thumb/v7e-m/fpv4-sp/hard/libc.a(lib_a-strchr.o)
                0x000000000800cb20                strchr
 .text.strncmp  0x000000000800cc08       0x98 /home/valentyn/Ac6/SystemWorkbench/plugins/fr.ac6.mcu.externaltools.arm-none.linux64_1.16.0.201807130628/tools/compiler/bin/../lib/gcc/arm-none-eabi/7.2.1/../../../../arm-none-eabi/lib/thumb/v7e-m/fpv4-sp/hard/libc.a(lib_a-strncmp.o)
                0x000000000800cc08                strncmp
 .text.__ascii_wctomb
                0x000000000800cca0       0x1c /home/valentyn/Ac6/SystemWorkbench/plugins/fr.ac6.mcu.externaltools.arm-none.linux64_1.16.0.201807130628/tools/compiler/bin/../lib/gcc/arm-none-eabi/7.2.1/../../../../arm-none-eabi/lib/thumb/v7e-m/fpv4-sp/hard/libc.a(lib_a-wctomb_r.o)
                0x000000000800cca0                __ascii_wctomb
 .text.__register_exitproc
                0x000000000800ccbc       0xc0 /home/valentyn/Ac6/SystemWorkbench/plugins/fr.ac6.mcu.externaltools.arm-none.linux64_1.16.0.201807130628/tools/compiler/bin/../lib/gcc/arm-none-eabi/7.2.1/../../../../arm-none-eabi/lib/thumb/v7e-m/fpv4-sp/hard/libc.a(lib_a-__atexit.o)
                0x000000000800ccbc                __register_exitproc
 .text._calloc_r
                0x000000000800cd7c       0x68 /home/valentyn/Ac6/SystemWorkbench/plugins/fr.ac6.mcu.externaltools.arm-none.linux64_1.16.0.201807130628/tools/compiler/bin/../lib/gcc/arm-none-eabi/7.2.1/../../../../arm-none-eabi/lib/thumb/v7e-m/fpv4-sp/hard/libc.a(lib_a-callocr.o)
                0x000000000800cd7c                _calloc_r
 .text._malloc_r
                0x000000000800cde4      0x548 /home/valentyn/Ac6/SystemWorkbench/plugins/fr.ac6.mcu.externaltools.arm-none.linux64_1.16.0.201807130628/tools/compiler/bin/../lib/gcc/arm-none-eabi/7.2.1/../../../../arm-none-eabi/lib/thumb/v7e-m/fpv4-sp/hard/libc.a(lib_a-mallocr.o)
                0x000000000800cde4                _malloc_r
 .text.__malloc_lock
                0x000000000800d32c        0xc /home/valentyn/Ac6/SystemWorkbench/plugins/fr.ac6.mcu.externaltools.arm-none.linux64_1.16.0.201807130628/tools/compiler/bin/../lib/gcc/arm-none-eabi/7.2.1/../../../../arm-none-eabi/lib/thumb/v7e-m/fpv4-sp/hard/libc.a(lib_a-mlock.o)
                0x000000000800d32c                __malloc_lock
 .text.__malloc_unlock
                0x000000000800d338        0xc /home/valentyn/Ac6/SystemWorkbench/plugins/fr.ac6.mcu.externaltools.arm-none.linux64_1.16.0.201807130628/tools/compiler/bin/../lib/gcc/arm-none-eabi/7.2.1/../../../../arm-none-eabi/lib/thumb/v7e-m/fpv4-sp/hard/libc.a(lib_a-mlock.o)
                0x000000000800d338                __malloc_unlock
 .text._sbrk_r  0x000000000800d344       0x24 /home/valentyn/Ac6/SystemWorkbench/plugins/fr.ac6.mcu.externaltools.arm-none.linux64_1.16.0.201807130628/tools/compiler/bin/../lib/gcc/arm-none-eabi/7.2.1/../../../../arm-none-eabi/lib/thumb/v7e-m/fpv4-sp/hard/libc.a(lib_a-sbrkr.o)
                0x000000000800d344                _sbrk_r
 .text._malloc_trim_r
                0x000000000800d368       0xa0 /home/valentyn/Ac6/SystemWorkbench/plugins/fr.ac6.mcu.externaltools.arm-none.linux64_1.16.0.201807130628/tools/compiler/bin/../lib/gcc/arm-none-eabi/7.2.1/../../../../arm-none-eabi/lib/thumb/v7e-m/fpv4-sp/hard/libc.a(lib_a-freer.o)
                0x000000000800d368                _malloc_trim_r
 .text._free_r  0x000000000800d408      0x1e8 /home/valentyn/Ac6/SystemWorkbench/plugins/fr.ac6.mcu.externaltools.arm-none.linux64_1.16.0.201807130628/tools/compiler/bin/../lib/gcc/arm-none-eabi/7.2.1/../../../../arm-none-eabi/lib/thumb/v7e-m/fpv4-sp/hard/libc.a(lib_a-freer.o)
                0x000000000800d408                _free_r
 *(.glue_7)
 .glue_7        0x000000000800d5f0        0x0 linker stubs
 *(.glue_7t)
 .glue_7t       0x000000000800d5f0        0x0 linker stubs
 *(.eh_frame)
 .eh_frame      0x000000000800d5f0        0x0 /home/valentyn/Ac6/SystemWorkbench/plugins/fr.ac6.mcu.externaltools.arm-none.linux64_1.16.0.201807130628/tools/compiler/bin/../lib/gcc/arm-none-eabi/7.2.1/thumb/v7e-m/fpv4-sp/hard/crtbegin.o
 *(.init)
 .init          0x000000000800d5f0        0x4 /home/valentyn/Ac6/SystemWorkbench/plugins/fr.ac6.mcu.externaltools.arm-none.linux64_1.16.0.201807130628/tools/compiler/bin/../lib/gcc/arm-none-eabi/7.2.1/thumb/v7e-m/fpv4-sp/hard/crti.o
                0x000000000800d5f0                _init
 .init          0x000000000800d5f4        0x8 /home/valentyn/Ac6/SystemWorkbench/plugins/fr.ac6.mcu.externaltools.arm-none.linux64_1.16.0.201807130628/tools/compiler/bin/../lib/gcc/arm-none-eabi/7.2.1/thumb/v7e-m/fpv4-sp/hard/crtn.o
 *(.fini)
 .fini          0x000000000800d5fc        0x4 /home/valentyn/Ac6/SystemWorkbench/plugins/fr.ac6.mcu.externaltools.arm-none.linux64_1.16.0.201807130628/tools/compiler/bin/../lib/gcc/arm-none-eabi/7.2.1/thumb/v7e-m/fpv4-sp/hard/crti.o
                0x000000000800d5fc                _fini
 .fini          0x000000000800d600        0x8 /home/valentyn/Ac6/SystemWorkbench/plugins/fr.ac6.mcu.externaltools.arm-none.linux64_1.16.0.201807130628/tools/compiler/bin/../lib/gcc/arm-none-eabi/7.2.1/thumb/v7e-m/fpv4-sp/hard/crtn.o
                0x000000000800d608                . = ALIGN (0x4)
                0x000000000800d608                _etext = .

.vfp11_veneer   0x000000000800d608        0x0
 .vfp11_veneer  0x000000000800d608        0x0 linker stubs

.v4_bx          0x000000000800d608        0x0
 .v4_bx         0x000000000800d608        0x0 linker stubs

.iplt           0x000000000800d608        0x0
 .iplt          0x000000000800d608        0x0 /home/valentyn/Ac6/SystemWorkbench/plugins/fr.ac6.mcu.externaltools.arm-none.linux64_1.16.0.201807130628/tools/compiler/bin/../lib/gcc/arm-none-eabi/7.2.1/thumb/v7e-m/fpv4-sp/hard/crtbegin.o

.rodata         0x000000000800d608      0x8c8
                0x000000000800d608                . = ALIGN (0x4)
 *(.rodata)
 .rodata        0x000000000800d608        0x5 RTOS/src/tasks.o
 *fill*         0x000000000800d60d        0x3 
 .rodata        0x000000000800d610        0xd RTOS/src/timers.o
 *fill*         0x000000000800d61d        0x3 
 .rodata        0x000000000800d620        0xa src/algorithm.o
 *fill*         0x000000000800d62a        0x2 
 .rodata        0x000000000800d62c        0x4 src/gpio.o
 .rodata        0x000000000800d630       0x22 src/main.o
 *fill*         0x000000000800d652        0x6 
 .rodata        0x000000000800d658       0x54 src/nmea.o
                0x000000000800d658                sm_a
                0x000000000800d660                sm_b
                0x000000000800d668                UTMScaleFactor
 *(.rodata*)
 *fill*         0x000000000800d6ac        0x4 
 .rodata.atanhi
                0x000000000800d6b0       0x20 /home/valentyn/Ac6/SystemWorkbench/plugins/fr.ac6.mcu.externaltools.arm-none.linux64_1.16.0.201807130628/tools/compiler/bin/../lib/gcc/arm-none-eabi/7.2.1/../../../../arm-none-eabi/lib/thumb/v7e-m/fpv4-sp/hard/libm.a(lib_a-s_atan.o)
 .rodata.atanlo
                0x000000000800d6d0       0x20 /home/valentyn/Ac6/SystemWorkbench/plugins/fr.ac6.mcu.externaltools.arm-none.linux64_1.16.0.201807130628/tools/compiler/bin/../lib/gcc/arm-none-eabi/7.2.1/../../../../arm-none-eabi/lib/thumb/v7e-m/fpv4-sp/hard/libm.a(lib_a-s_atan.o)
 .rodata.__powf_log2_data
                0x000000000800d6f0      0x128 /home/valentyn/Ac6/SystemWorkbench/plugins/fr.ac6.mcu.externaltools.arm-none.linux64_1.16.0.201807130628/tools/compiler/bin/../lib/gcc/arm-none-eabi/7.2.1/../../../../arm-none-eabi/lib/thumb/v7e-m/fpv4-sp/hard/libm.a(lib_a-sf_pow_log2_data.o)
                0x000000000800d6f0                __powf_log2_data
 .rodata.pow.str1.4
                0x000000000800d818        0x4 /home/valentyn/Ac6/SystemWorkbench/plugins/fr.ac6.mcu.externaltools.arm-none.linux64_1.16.0.201807130628/tools/compiler/bin/../lib/gcc/arm-none-eabi/7.2.1/../../../../arm-none-eabi/lib/thumb/v7e-m/fpv4-sp/hard/libm.a(lib_a-w_pow.o)
 .rodata.sqrt.str1.4
                0x000000000800d81c        0x5 /home/valentyn/Ac6/SystemWorkbench/plugins/fr.ac6.mcu.externaltools.arm-none.linux64_1.16.0.201807130628/tools/compiler/bin/../lib/gcc/arm-none-eabi/7.2.1/../../../../arm-none-eabi/lib/thumb/v7e-m/fpv4-sp/hard/libm.a(lib_a-w_sqrt.o)
 .rodata.__ieee754_pow.str1.4
                0x000000000800d821        0x5 /home/valentyn/Ac6/SystemWorkbench/plugins/fr.ac6.mcu.externaltools.arm-none.linux64_1.16.0.201807130628/tools/compiler/bin/../lib/gcc/arm-none-eabi/7.2.1/../../../../arm-none-eabi/lib/thumb/v7e-m/fpv4-sp/hard/libm.a(lib_a-e_pow.o)
                                          0x1 (size before relaxing)
 *fill*         0x000000000800d821        0x3 
 .rodata.npio2_hw
                0x000000000800d824       0x80 /home/valentyn/Ac6/SystemWorkbench/plugins/fr.ac6.mcu.externaltools.arm-none.linux64_1.16.0.201807130628/tools/compiler/bin/../lib/gcc/arm-none-eabi/7.2.1/../../../../arm-none-eabi/lib/thumb/v7e-m/fpv4-sp/hard/libm.a(lib_a-e_rem_pio2.o)
 .rodata.two_over_pi
                0x000000000800d8a4      0x108 /home/valentyn/Ac6/SystemWorkbench/plugins/fr.ac6.mcu.externaltools.arm-none.linux64_1.16.0.201807130628/tools/compiler/bin/../lib/gcc/arm-none-eabi/7.2.1/../../../../arm-none-eabi/lib/thumb/v7e-m/fpv4-sp/hard/libm.a(lib_a-e_rem_pio2.o)
 *fill*         0x000000000800d9ac        0x4 
 .rodata.PIo2   0x000000000800d9b0       0x40 /home/valentyn/Ac6/SystemWorkbench/plugins/fr.ac6.mcu.externaltools.arm-none.linux64_1.16.0.201807130628/tools/compiler/bin/../lib/gcc/arm-none-eabi/7.2.1/../../../../arm-none-eabi/lib/thumb/v7e-m/fpv4-sp/hard/libm.a(lib_a-k_rem_pio2.o)
 .rodata.init_jk
                0x000000000800d9f0       0x10 /home/valentyn/Ac6/SystemWorkbench/plugins/fr.ac6.mcu.externaltools.arm-none.linux64_1.16.0.201807130628/tools/compiler/bin/../lib/gcc/arm-none-eabi/7.2.1/../../../../arm-none-eabi/lib/thumb/v7e-m/fpv4-sp/hard/libm.a(lib_a-k_rem_pio2.o)
 .rodata.TWO52  0x000000000800da00       0x10 /home/valentyn/Ac6/SystemWorkbench/plugins/fr.ac6.mcu.externaltools.arm-none.linux64_1.16.0.201807130628/tools/compiler/bin/../lib/gcc/arm-none-eabi/7.2.1/../../../../arm-none-eabi/lib/thumb/v7e-m/fpv4-sp/hard/libm.a(lib_a-s_rint.o)
 .rodata.__exp2f_data
                0x000000000800da10      0x148 /home/valentyn/Ac6/SystemWorkbench/plugins/fr.ac6.mcu.externaltools.arm-none.linux64_1.16.0.201807130628/tools/compiler/bin/../lib/gcc/arm-none-eabi/7.2.1/../../../../arm-none-eabi/lib/thumb/v7e-m/fpv4-sp/hard/libm.a(lib_a-sf_exp2_data.o)
                0x000000000800da10                __exp2f_data
 .rodata._global_impure_ptr
                0x000000000800db58        0x4 /home/valentyn/Ac6/SystemWorkbench/plugins/fr.ac6.mcu.externaltools.arm-none.linux64_1.16.0.201807130628/tools/compiler/bin/../lib/gcc/arm-none-eabi/7.2.1/../../../../arm-none-eabi/lib/thumb/v7e-m/fpv4-sp/hard/libc.a(lib_a-impure.o)
                0x000000000800db58                _global_impure_ptr
 .rodata._strtod_l.str1.4
                0x000000000800db5c        0xf /home/valentyn/Ac6/SystemWorkbench/plugins/fr.ac6.mcu.externaltools.arm-none.linux64_1.16.0.201807130628/tools/compiler/bin/../lib/gcc/arm-none-eabi/7.2.1/../../../../arm-none-eabi/lib/thumb/v7e-m/fpv4-sp/hard/libc.a(lib_a-strtod.o)
 *fill*         0x000000000800db6b        0x1 
 .rodata.fpi.7443
                0x000000000800db6c       0x14 /home/valentyn/Ac6/SystemWorkbench/plugins/fr.ac6.mcu.externaltools.arm-none.linux64_1.16.0.201807130628/tools/compiler/bin/../lib/gcc/arm-none-eabi/7.2.1/../../../../arm-none-eabi/lib/thumb/v7e-m/fpv4-sp/hard/libc.a(lib_a-strtod.o)
 .rodata.fpinan.7479
                0x000000000800db80       0x14 /home/valentyn/Ac6/SystemWorkbench/plugins/fr.ac6.mcu.externaltools.arm-none.linux64_1.16.0.201807130628/tools/compiler/bin/../lib/gcc/arm-none-eabi/7.2.1/../../../../arm-none-eabi/lib/thumb/v7e-m/fpv4-sp/hard/libc.a(lib_a-strtod.o)
 *fill*         0x000000000800db94        0x4 
 .rodata.tinytens
                0x000000000800db98       0x28 /home/valentyn/Ac6/SystemWorkbench/plugins/fr.ac6.mcu.externaltools.arm-none.linux64_1.16.0.201807130628/tools/compiler/bin/../lib/gcc/arm-none-eabi/7.2.1/../../../../arm-none-eabi/lib/thumb/v7e-m/fpv4-sp/hard/libc.a(lib_a-strtod.o)
 .rodata.__hexdig
                0x000000000800dbc0      0x100 /home/valentyn/Ac6/SystemWorkbench/plugins/fr.ac6.mcu.externaltools.arm-none.linux64_1.16.0.201807130628/tools/compiler/bin/../lib/gcc/arm-none-eabi/7.2.1/../../../../arm-none-eabi/lib/thumb/v7e-m/fpv4-sp/hard/libc.a(lib_a-gdtoa-gethex.o)
                0x000000000800dbc0                __hexdig
 .rodata._setlocale_r.str1.4
                0x000000000800dcc0        0xa /home/valentyn/Ac6/SystemWorkbench/plugins/fr.ac6.mcu.externaltools.arm-none.linux64_1.16.0.201807130628/tools/compiler/bin/../lib/gcc/arm-none-eabi/7.2.1/../../../../arm-none-eabi/lib/thumb/v7e-m/fpv4-sp/hard/libc.a(lib_a-locale.o)
                                          0xd (size before relaxing)
 *fill*         0x000000000800dcca        0x2 
 .rodata.str1.4
                0x000000000800dccc        0x4 /home/valentyn/Ac6/SystemWorkbench/plugins/fr.ac6.mcu.externaltools.arm-none.linux64_1.16.0.201807130628/tools/compiler/bin/../lib/gcc/arm-none-eabi/7.2.1/../../../../arm-none-eabi/lib/thumb/v7e-m/fpv4-sp/hard/libc.a(lib_a-locale.o)
                                          0x2 (size before relaxing)
 .rodata.__mprec_bigtens
                0x000000000800dcd0       0x28 /home/valentyn/Ac6/SystemWorkbench/plugins/fr.ac6.mcu.externaltools.arm-none.linux64_1.16.0.201807130628/tools/compiler/bin/../lib/gcc/arm-none-eabi/7.2.1/../../../../arm-none-eabi/lib/thumb/v7e-m/fpv4-sp/hard/libc.a(lib_a-mprec.o)
                0x000000000800dcd0                __mprec_bigtens
 .rodata.__mprec_tens
                0x000000000800dcf8       0xc8 /home/valentyn/Ac6/SystemWorkbench/plugins/fr.ac6.mcu.externaltools.arm-none.linux64_1.16.0.201807130628/tools/compiler/bin/../lib/gcc/arm-none-eabi/7.2.1/../../../../arm-none-eabi/lib/thumb/v7e-m/fpv4-sp/hard/libc.a(lib_a-mprec.o)
                0x000000000800dcf8                __mprec_tens
 .rodata.p05.7367
                0x000000000800ddc0        0xc /home/valentyn/Ac6/SystemWorkbench/plugins/fr.ac6.mcu.externaltools.arm-none.linux64_1.16.0.201807130628/tools/compiler/bin/../lib/gcc/arm-none-eabi/7.2.1/../../../../arm-none-eabi/lib/thumb/v7e-m/fpv4-sp/hard/libc.a(lib_a-mprec.o)
 .rodata._ctype_
                0x000000000800ddcc      0x101 /home/valentyn/Ac6/SystemWorkbench/plugins/fr.ac6.mcu.externaltools.arm-none.linux64_1.16.0.201807130628/tools/compiler/bin/../lib/gcc/arm-none-eabi/7.2.1/../../../../arm-none-eabi/lib/thumb/v7e-m/fpv4-sp/hard/libc.a(lib_a-ctype_.o)
                0x000000000800ddcc                _ctype_
                0x000000000800ded0                . = ALIGN (0x4)
 *fill*         0x000000000800decd        0x3 

.rel.dyn        0x000000000800ded0        0x0
 .rel.iplt      0x000000000800ded0        0x0 /home/valentyn/Ac6/SystemWorkbench/plugins/fr.ac6.mcu.externaltools.arm-none.linux64_1.16.0.201807130628/tools/compiler/bin/../lib/gcc/arm-none-eabi/7.2.1/thumb/v7e-m/fpv4-sp/hard/crtbegin.o

.ARM.extab      0x000000000800ded0        0x0
                0x000000000800ded0                . = ALIGN (0x4)
 *(.ARM.extab* .gnu.linkonce.armextab.*)
                0x000000000800ded0                . = ALIGN (0x4)

.ARM            0x000000000800ded0        0x0
                0x000000000800ded0                . = ALIGN (0x4)
                0x000000000800ded0                __exidx_start = .
 *(.ARM.exidx*)
                0x000000000800ded0                __exidx_end = .
                0x000000000800ded0                . = ALIGN (0x4)

.preinit_array  0x000000000800ded0        0x0
                0x000000000800ded0                . = ALIGN (0x4)
                0x000000000800ded0                PROVIDE (__preinit_array_start, .)
 *(.preinit_array*)
                0x000000000800ded0                PROVIDE (__preinit_array_end, .)
                0x000000000800ded0                . = ALIGN (0x4)

.init_array     0x000000000800ded0        0x8
                0x000000000800ded0                . = ALIGN (0x4)
                0x000000000800ded0                PROVIDE (__init_array_start, .)
 *(SORT_BY_NAME(.init_array.*))
 .init_array.00000
                0x000000000800ded0        0x4 /home/valentyn/Ac6/SystemWorkbench/plugins/fr.ac6.mcu.externaltools.arm-none.linux64_1.16.0.201807130628/tools/compiler/bin/../lib/gcc/arm-none-eabi/7.2.1/../../../../arm-none-eabi/lib/thumb/v7e-m/fpv4-sp/hard/libc.a(lib_a-__call_atexit.o)
 *(.init_array*)
 .init_array    0x000000000800ded4        0x4 /home/valentyn/Ac6/SystemWorkbench/plugins/fr.ac6.mcu.externaltools.arm-none.linux64_1.16.0.201807130628/tools/compiler/bin/../lib/gcc/arm-none-eabi/7.2.1/thumb/v7e-m/fpv4-sp/hard/crtbegin.o
                0x000000000800ded8                PROVIDE (__init_array_end, .)
                0x000000000800ded8                . = ALIGN (0x4)

.fini_array     0x000000000800ded8        0x4
                0x000000000800ded8                . = ALIGN (0x4)
                0x000000000800ded8                PROVIDE (__fini_array_start, .)
 *(SORT_BY_NAME(.fini_array.*))
 *(.fini_array*)
 .fini_array    0x000000000800ded8        0x4 /home/valentyn/Ac6/SystemWorkbench/plugins/fr.ac6.mcu.externaltools.arm-none.linux64_1.16.0.201807130628/tools/compiler/bin/../lib/gcc/arm-none-eabi/7.2.1/thumb/v7e-m/fpv4-sp/hard/crtbegin.o
                0x000000000800dedc                PROVIDE (__fini_array_end, .)
                0x000000000800dedc                . = ALIGN (0x4)
                0x000000000800dedc                _sidata = LOADADDR (.data)

.data           0x0000000020000000      0x9c0 load address 0x000000000800dedc
                0x0000000020000000                . = ALIGN (0x4)
                0x0000000020000000                _sdata = .
 *(.data)
 .data          0x0000000020000000        0x4 RTOS/src/port.o
 .data          0x0000000020000004        0x8 src/main.o
                0x0000000020000004                arStr
 *(.data*)
 .data.__fdlib_version
                0x000000002000000c        0x1 /home/valentyn/Ac6/SystemWorkbench/plugins/fr.ac6.mcu.externaltools.arm-none.linux64_1.16.0.201807130628/tools/compiler/bin/../lib/gcc/arm-none-eabi/7.2.1/../../../../arm-none-eabi/lib/thumb/v7e-m/fpv4-sp/hard/libm.a(lib_a-s_lib_ver.o)
                0x000000002000000c                __fdlib_version
 *fill*         0x000000002000000d        0x3 
 .data._impure_ptr
                0x0000000020000010        0x4 /home/valentyn/Ac6/SystemWorkbench/plugins/fr.ac6.mcu.externaltools.arm-none.linux64_1.16.0.201807130628/tools/compiler/bin/../lib/gcc/arm-none-eabi/7.2.1/../../../../arm-none-eabi/lib/thumb/v7e-m/fpv4-sp/hard/libc.a(lib_a-impure.o)
                0x0000000020000010                _impure_ptr
 *fill*         0x0000000020000014        0x4 
 .data.impure_data
                0x0000000020000018      0x428 /home/valentyn/Ac6/SystemWorkbench/plugins/fr.ac6.mcu.externaltools.arm-none.linux64_1.16.0.201807130628/tools/compiler/bin/../lib/gcc/arm-none-eabi/7.2.1/../../../../arm-none-eabi/lib/thumb/v7e-m/fpv4-sp/hard/libc.a(lib_a-impure.o)
 .data.__atexit_recursive_mutex
                0x0000000020000440        0x4 /home/valentyn/Ac6/SystemWorkbench/plugins/fr.ac6.mcu.externaltools.arm-none.linux64_1.16.0.201807130628/tools/compiler/bin/../lib/gcc/arm-none-eabi/7.2.1/../../../../arm-none-eabi/lib/thumb/v7e-m/fpv4-sp/hard/libc.a(lib_a-__call_atexit.o)
                0x0000000020000440                __atexit_recursive_mutex
 .data.__global_locale
                0x0000000020000444      0x16c /home/valentyn/Ac6/SystemWorkbench/plugins/fr.ac6.mcu.externaltools.arm-none.linux64_1.16.0.201807130628/tools/compiler/bin/../lib/gcc/arm-none-eabi/7.2.1/../../../../arm-none-eabi/lib/thumb/v7e-m/fpv4-sp/hard/libc.a(lib_a-locale.o)
                0x0000000020000444                __global_locale
 .data.__malloc_av_
                0x00000000200005b0      0x408 /home/valentyn/Ac6/SystemWorkbench/plugins/fr.ac6.mcu.externaltools.arm-none.linux64_1.16.0.201807130628/tools/compiler/bin/../lib/gcc/arm-none-eabi/7.2.1/../../../../arm-none-eabi/lib/thumb/v7e-m/fpv4-sp/hard/libc.a(lib_a-mallocr.o)
                0x00000000200005b0                __malloc_av_
 .data.__malloc_sbrk_base
                0x00000000200009b8        0x4 /home/valentyn/Ac6/SystemWorkbench/plugins/fr.ac6.mcu.externaltools.arm-none.linux64_1.16.0.201807130628/tools/compiler/bin/../lib/gcc/arm-none-eabi/7.2.1/../../../../arm-none-eabi/lib/thumb/v7e-m/fpv4-sp/hard/libc.a(lib_a-mallocr.o)
                0x00000000200009b8                __malloc_sbrk_base
 .data.__malloc_trim_threshold
                0x00000000200009bc        0x4 /home/valentyn/Ac6/SystemWorkbench/plugins/fr.ac6.mcu.externaltools.arm-none.linux64_1.16.0.201807130628/tools/compiler/bin/../lib/gcc/arm-none-eabi/7.2.1/../../../../arm-none-eabi/lib/thumb/v7e-m/fpv4-sp/hard/libc.a(lib_a-mallocr.o)
                0x00000000200009bc                __malloc_trim_threshold
                0x00000000200009c0                . = ALIGN (0x4)
                0x00000000200009c0                _edata = .

.igot.plt       0x00000000200009c0        0x0 load address 0x000000000800e89c
 .igot.plt      0x00000000200009c0        0x0 /home/valentyn/Ac6/SystemWorkbench/plugins/fr.ac6.mcu.externaltools.arm-none.linux64_1.16.0.201807130628/tools/compiler/bin/../lib/gcc/arm-none-eabi/7.2.1/thumb/v7e-m/fpv4-sp/hard/crtbegin.o
                0x00000000200009c0                . = ALIGN (0x4)

.bss            0x00000000200009c0     0x8ac8 load address 0x000000000800e89c
                0x00000000200009c0                _sbss = .
                0x00000000200009c0                __bss_start__ = _sbss
 *(.bss)
 .bss           0x00000000200009c0       0x1c /home/valentyn/Ac6/SystemWorkbench/plugins/fr.ac6.mcu.externaltools.arm-none.linux64_1.16.0.201807130628/tools/compiler/bin/../lib/gcc/arm-none-eabi/7.2.1/thumb/v7e-m/fpv4-sp/hard/crtbegin.o
 .bss           0x00000000200009dc     0x7818 RTOS/src/heap_4.o
 .bss           0x00000000200081f4        0x8 RTOS/src/port.o
 .bss           0x00000000200081fc      0x104 RTOS/src/tasks.o
                0x00000000200081fc                pxCurrentTCB
 .bss           0x0000000020008300       0x3c RTOS/src/timers.o
 .bss           0x000000002000833c       0xd9 src/algorithm.o
 *fill*         0x0000000020008415        0x3 
 .bss           0x0000000020008418       0x10 src/nmea.o
                0x0000000020008418                xy
 .bss           0x0000000020008428        0x4 startup/sysmem.o
 *(.bss*)
 .bss.__malloc_current_mallinfo
                0x000000002000842c       0x28 /home/valentyn/Ac6/SystemWorkbench/plugins/fr.ac6.mcu.externaltools.arm-none.linux64_1.16.0.201807130628/tools/compiler/bin/../lib/gcc/arm-none-eabi/7.2.1/../../../../arm-none-eabi/lib/thumb/v7e-m/fpv4-sp/hard/libc.a(lib_a-mallocr.o)
                0x000000002000842c                __malloc_current_mallinfo
 .bss.__malloc_max_sbrked_mem
                0x0000000020008454        0x4 /home/valentyn/Ac6/SystemWorkbench/plugins/fr.ac6.mcu.externaltools.arm-none.linux64_1.16.0.201807130628/tools/compiler/bin/../lib/gcc/arm-none-eabi/7.2.1/../../../../arm-none-eabi/lib/thumb/v7e-m/fpv4-sp/hard/libc.a(lib_a-mallocr.o)
                0x0000000020008454                __malloc_max_sbrked_mem
 .bss.__malloc_max_total_mem
                0x0000000020008458        0x4 /home/valentyn/Ac6/SystemWorkbench/plugins/fr.ac6.mcu.externaltools.arm-none.linux64_1.16.0.201807130628/tools/compiler/bin/../lib/gcc/arm-none-eabi/7.2.1/../../../../arm-none-eabi/lib/thumb/v7e-m/fpv4-sp/hard/libc.a(lib_a-mallocr.o)
                0x0000000020008458                __malloc_max_total_mem
 .bss.__malloc_top_pad
                0x000000002000845c        0x4 /home/valentyn/Ac6/SystemWorkbench/plugins/fr.ac6.mcu.externaltools.arm-none.linux64_1.16.0.201807130628/tools/compiler/bin/../lib/gcc/arm-none-eabi/7.2.1/../../../../arm-none-eabi/lib/thumb/v7e-m/fpv4-sp/hard/libc.a(lib_a-mallocr.o)
                0x000000002000845c                __malloc_top_pad
 *(COMMON)
 COMMON         0x0000000020008460       0x40 RTOS/src/queue.o
                0x0000000020008460                xQueueRegistry
 COMMON         0x00000000200084a0       0xf8 src/ABLine.o
                0x00000000200084a0                AB
 COMMON         0x0000000020008598        0x8 src/algorithm.o
                0x0000000020008598                receivePointer
                0x000000002000859c                xStatus1
 COMMON         0x00000000200085a0      0x174 src/main.o
                0x00000000200085a0                xStatus
                0x00000000200085a4                recString1
                0x00000000200085f4                xHigherPriorityTaskWoken
                0x00000000200085f8                xpQueue
                0x00000000200085fc                recString0
                0x000000002000864c                toBlue
 *fill*         0x0000000020008714        0x4 
 COMMON         0x0000000020008718      0x688 src/nmea.o
                0x0000000020008718                words
                0x0000000020008800                pn
 COMMON         0x0000000020008da0      0x650 src/position.o
                0x0000000020008da0                pos
 COMMON         0x00000000200093f0       0x70 src/vehicle.o
                0x00000000200093f0                vehicle
 COMMON         0x0000000020009460       0x21 /home/valentyn/Ac6/SystemWorkbench/plugins/fr.ac6.mcu.externaltools.arm-none.linux64_1.16.0.201807130628/tools/compiler/bin/../lib/gcc/arm-none-eabi/7.2.1/../../../../arm-none-eabi/lib/thumb/v7e-m/fpv4-sp/hard/libc.a(lib_a-lock.o)
                0x0000000020009460                __lock___atexit_recursive_mutex
                0x0000000020009464                __lock___arc4random_mutex
                0x0000000020009468                __lock___env_recursive_mutex
                0x000000002000946c                __lock___sinit_recursive_mutex
                0x0000000020009470                __lock___malloc_recursive_mutex
                0x0000000020009474                __lock___at_quick_exit_mutex
                0x0000000020009478                __lock___dd_hash_mutex
                0x000000002000947c                __lock___tz_mutex
                0x0000000020009480                __lock___sfp_recursive_mutex
 *fill*         0x0000000020009481        0x3 
 COMMON         0x0000000020009484        0x4 /home/valentyn/Ac6/SystemWorkbench/plugins/fr.ac6.mcu.externaltools.arm-none.linux64_1.16.0.201807130628/tools/compiler/bin/../lib/gcc/arm-none-eabi/7.2.1/../../../../arm-none-eabi/lib/thumb/v7e-m/fpv4-sp/hard/libc.a(lib_a-reent.o)
                0x0000000020009484                errno
                0x0000000020009488                . = ALIGN (0x4)
                0x0000000020009488                _ebss = .
                0x0000000020009488                __bss_end__ = _ebss

._user_heap_stack
                0x0000000020009488      0x400 load address 0x000000000800e89c
                0x0000000020009488                . = ALIGN (0x8)
                0x0000000020009488                PROVIDE (end, .)
                [!provide]                        PROVIDE (_end, .)
                0x0000000020009488                . = (. + _Min_Heap_Size)
                0x0000000020009888                . = (. + _Min_Stack_Size)
 *fill*         0x0000000020009488      0x400 
                0x0000000020009888                . = ALIGN (0x8)

/DISCARD/
 libc.a(*)
 libm.a(*)
 libgcc.a(*)

.ARM.attributes
                0x0000000000000000       0x30
 *(.ARM.attributes)
 .ARM.attributes
                0x0000000000000000       0x22 /home/valentyn/Ac6/SystemWorkbench/plugins/fr.ac6.mcu.externaltools.arm-none.linux64_1.16.0.201807130628/tools/compiler/bin/../lib/gcc/arm-none-eabi/7.2.1/thumb/v7e-m/fpv4-sp/hard/crti.o
 .ARM.attributes
                0x0000000000000022       0x34 /home/valentyn/Ac6/SystemWorkbench/plugins/fr.ac6.mcu.externaltools.arm-none.linux64_1.16.0.201807130628/tools/compiler/bin/../lib/gcc/arm-none-eabi/7.2.1/thumb/v7e-m/fpv4-sp/hard/crtbegin.o
 .ARM.attributes
                0x0000000000000056       0x39 RTOS/src/heap_4.o
 .ARM.attributes
                0x000000000000008f       0x39 RTOS/src/list.o
 .ARM.attributes
                0x00000000000000c8       0x39 RTOS/src/port.o
 .ARM.attributes
                0x0000000000000101       0x39 RTOS/src/queue.o
 .ARM.attributes
                0x000000000000013a       0x39 RTOS/src/tasks.o
 .ARM.attributes
                0x0000000000000173       0x39 RTOS/src/timers.o
 .ARM.attributes
                0x00000000000001ac       0x39 src/ABLine.o
 .ARM.attributes
                0x00000000000001e5       0x39 src/algorithm.o
 .ARM.attributes
                0x000000000000021e       0x39 src/charQueue.o
 .ARM.attributes
                0x0000000000000257       0x39 src/glm.o
 .ARM.attributes
                0x0000000000000290       0x39 src/gpio.o
 .ARM.attributes
                0x00000000000002c9       0x39 src/main.o
 .ARM.attributes
                0x0000000000000302       0x39 src/nmea.o
 .ARM.attributes
                0x000000000000033b       0x39 src/periph.o
 .ARM.attributes
                0x0000000000000374       0x39 src/position.o
 .ARM.attributes
                0x00000000000003ad       0x39 src/system_stm32f4xx.o
 .ARM.attributes
                0x00000000000003e6       0x39 src/vehicle.o
 .ARM.attributes
                0x000000000000041f       0x21 startup/startup_stm32.o
 .ARM.attributes
                0x0000000000000440       0x39 startup/sysmem.o
 .ARM.attributes
                0x0000000000000479       0x34 /home/valentyn/Ac6/SystemWorkbench/plugins/fr.ac6.mcu.externaltools.arm-none.linux64_1.16.0.201807130628/tools/compiler/bin/../lib/gcc/arm-none-eabi/7.2.1/../../../../arm-none-eabi/lib/thumb/v7e-m/fpv4-sp/hard/libm.a(lib_a-s_atan.o)
 .ARM.attributes
                0x00000000000004ad       0x34 /home/valentyn/Ac6/SystemWorkbench/plugins/fr.ac6.mcu.externaltools.arm-none.linux64_1.16.0.201807130628/tools/compiler/bin/../lib/gcc/arm-none-eabi/7.2.1/../../../../arm-none-eabi/lib/thumb/v7e-m/fpv4-sp/hard/libm.a(lib_a-s_cos.o)
 .ARM.attributes
                0x00000000000004e1       0x34 /home/valentyn/Ac6/SystemWorkbench/plugins/fr.ac6.mcu.externaltools.arm-none.linux64_1.16.0.201807130628/tools/compiler/bin/../lib/gcc/arm-none-eabi/7.2.1/../../../../arm-none-eabi/lib/thumb/v7e-m/fpv4-sp/hard/libm.a(lib_a-s_fabs.o)
 .ARM.attributes
                0x0000000000000515       0x34 /home/valentyn/Ac6/SystemWorkbench/plugins/fr.ac6.mcu.externaltools.arm-none.linux64_1.16.0.201807130628/tools/compiler/bin/../lib/gcc/arm-none-eabi/7.2.1/../../../../arm-none-eabi/lib/thumb/v7e-m/fpv4-sp/hard/libm.a(lib_a-s_floor.o)
 .ARM.attributes
                0x0000000000000549       0x34 /home/valentyn/Ac6/SystemWorkbench/plugins/fr.ac6.mcu.externaltools.arm-none.linux64_1.16.0.201807130628/tools/compiler/bin/../lib/gcc/arm-none-eabi/7.2.1/../../../../arm-none-eabi/lib/thumb/v7e-m/fpv4-sp/hard/libm.a(lib_a-s_round.o)
 .ARM.attributes
                0x000000000000057d       0x34 /home/valentyn/Ac6/SystemWorkbench/plugins/fr.ac6.mcu.externaltools.arm-none.linux64_1.16.0.201807130628/tools/compiler/bin/../lib/gcc/arm-none-eabi/7.2.1/../../../../arm-none-eabi/lib/thumb/v7e-m/fpv4-sp/hard/libm.a(lib_a-s_sin.o)
 .ARM.attributes
                0x00000000000005b1       0x34 /home/valentyn/Ac6/SystemWorkbench/plugins/fr.ac6.mcu.externaltools.arm-none.linux64_1.16.0.201807130628/tools/compiler/bin/../lib/gcc/arm-none-eabi/7.2.1/../../../../arm-none-eabi/lib/thumb/v7e-m/fpv4-sp/hard/libm.a(lib_a-s_tan.o)
 .ARM.attributes
                0x00000000000005e5       0x34 /home/valentyn/Ac6/SystemWorkbench/plugins/fr.ac6.mcu.externaltools.arm-none.linux64_1.16.0.201807130628/tools/compiler/bin/../lib/gcc/arm-none-eabi/7.2.1/../../../../arm-none-eabi/lib/thumb/v7e-m/fpv4-sp/hard/libm.a(lib_a-sf_pow.o)
 .ARM.attributes
                0x0000000000000619       0x34 /home/valentyn/Ac6/SystemWorkbench/plugins/fr.ac6.mcu.externaltools.arm-none.linux64_1.16.0.201807130628/tools/compiler/bin/../lib/gcc/arm-none-eabi/7.2.1/../../../../arm-none-eabi/lib/thumb/v7e-m/fpv4-sp/hard/libm.a(lib_a-sf_pow_log2_data.o)
 .ARM.attributes
                0x000000000000064d       0x34 /home/valentyn/Ac6/SystemWorkbench/plugins/fr.ac6.mcu.externaltools.arm-none.linux64_1.16.0.201807130628/tools/compiler/bin/../lib/gcc/arm-none-eabi/7.2.1/../../../../arm-none-eabi/lib/thumb/v7e-m/fpv4-sp/hard/libm.a(lib_a-w_atan2.o)
 .ARM.attributes
                0x0000000000000681       0x34 /home/valentyn/Ac6/SystemWorkbench/plugins/fr.ac6.mcu.externaltools.arm-none.linux64_1.16.0.201807130628/tools/compiler/bin/../lib/gcc/arm-none-eabi/7.2.1/../../../../arm-none-eabi/lib/thumb/v7e-m/fpv4-sp/hard/libm.a(lib_a-w_pow.o)
 .ARM.attributes
                0x00000000000006b5       0x34 /home/valentyn/Ac6/SystemWorkbench/plugins/fr.ac6.mcu.externaltools.arm-none.linux64_1.16.0.201807130628/tools/compiler/bin/../lib/gcc/arm-none-eabi/7.2.1/../../../../arm-none-eabi/lib/thumb/v7e-m/fpv4-sp/hard/libm.a(lib_a-w_sqrt.o)
 .ARM.attributes
                0x00000000000006e9       0x34 /home/valentyn/Ac6/SystemWorkbench/plugins/fr.ac6.mcu.externaltools.arm-none.linux64_1.16.0.201807130628/tools/compiler/bin/../lib/gcc/arm-none-eabi/7.2.1/../../../../arm-none-eabi/lib/thumb/v7e-m/fpv4-sp/hard/libm.a(lib_a-e_atan2.o)
 .ARM.attributes
                0x000000000000071d       0x34 /home/valentyn/Ac6/SystemWorkbench/plugins/fr.ac6.mcu.externaltools.arm-none.linux64_1.16.0.201807130628/tools/compiler/bin/../lib/gcc/arm-none-eabi/7.2.1/../../../../arm-none-eabi/lib/thumb/v7e-m/fpv4-sp/hard/libm.a(lib_a-e_pow.o)
 .ARM.attributes