Archive member included to satisfy reference by file (symbol)

/home/valentyn/Programs/SW/plugins/fr.ac6.mcu.externaltools.arm-none.linux64_1.17.0.201812190825/tools/compiler/bin/../lib/gcc/arm-none-eabi/7.3.1/../../../../arm-none-eabi/lib/thumb/v7e-m/fpv4-sp/hard/libm.a(lib_a-s_atan.o)
                              src/ABLine.o (atan)
/home/valentyn/Programs/SW/plugins/fr.ac6.mcu.externaltools.arm-none.linux64_1.17.0.201812190825/tools/compiler/bin/../lib/gcc/arm-none-eabi/7.3.1/../../../../arm-none-eabi/lib/thumb/v7e-m/fpv4-sp/hard/libm.a(lib_a-s_ceil.o)
                              src/ABLine.o (ceil)
/home/valentyn/Programs/SW/plugins/fr.ac6.mcu.externaltools.arm-none.linux64_1.17.0.201812190825/tools/compiler/bin/../lib/gcc/arm-none-eabi/7.3.1/../../../../arm-none-eabi/lib/thumb/v7e-m/fpv4-sp/hard/libm.a(lib_a-s_cos.o)
                              src/ABLine.o (cos)
/home/valentyn/Programs/SW/plugins/fr.ac6.mcu.externaltools.arm-none.linux64_1.17.0.201812190825/tools/compiler/bin/../lib/gcc/arm-none-eabi/7.3.1/../../../../arm-none-eabi/lib/thumb/v7e-m/fpv4-sp/hard/libm.a(lib_a-s_fabs.o)
                              /home/valentyn/Programs/SW/plugins/fr.ac6.mcu.externaltools.arm-none.linux64_1.17.0.201812190825/tools/compiler/bin/../lib/gcc/arm-none-eabi/7.3.1/../../../../arm-none-eabi/lib/thumb/v7e-m/fpv4-sp/hard/libm.a(lib_a-s_atan.o) (fabs)
/home/valentyn/Programs/SW/plugins/fr.ac6.mcu.externaltools.arm-none.linux64_1.17.0.201812190825/tools/compiler/bin/../lib/gcc/arm-none-eabi/7.3.1/../../../../arm-none-eabi/lib/thumb/v7e-m/fpv4-sp/hard/libm.a(lib_a-s_floor.o)
                              src/ABLine.o (floor)
/home/valentyn/Programs/SW/plugins/fr.ac6.mcu.externaltools.arm-none.linux64_1.17.0.201812190825/tools/compiler/bin/../lib/gcc/arm-none-eabi/7.3.1/../../../../arm-none-eabi/lib/thumb/v7e-m/fpv4-sp/hard/libm.a(lib_a-s_round.o)
                              src/nmea.o (round)
/home/valentyn/Programs/SW/plugins/fr.ac6.mcu.externaltools.arm-none.linux64_1.17.0.201812190825/tools/compiler/bin/../lib/gcc/arm-none-eabi/7.3.1/../../../../arm-none-eabi/lib/thumb/v7e-m/fpv4-sp/hard/libm.a(lib_a-s_sin.o)
                              src/ABLine.o (sin)
/home/valentyn/Programs/SW/plugins/fr.ac6.mcu.externaltools.arm-none.linux64_1.17.0.201812190825/tools/compiler/bin/../lib/gcc/arm-none-eabi/7.3.1/../../../../arm-none-eabi/lib/thumb/v7e-m/fpv4-sp/hard/libm.a(lib_a-s_tan.o)
                              src/ABLine.o (tan)
/home/valentyn/Programs/SW/plugins/fr.ac6.mcu.externaltools.arm-none.linux64_1.17.0.201812190825/tools/compiler/bin/../lib/gcc/arm-none-eabi/7.3.1/../../../../arm-none-eabi/lib/thumb/v7e-m/fpv4-sp/hard/libm.a(lib_a-w_atan2.o)
                              src/ABLine.o (atan2)
/home/valentyn/Programs/SW/plugins/fr.ac6.mcu.externaltools.arm-none.linux64_1.17.0.201812190825/tools/compiler/bin/../lib/gcc/arm-none-eabi/7.3.1/../../../../arm-none-eabi/lib/thumb/v7e-m/fpv4-sp/hard/libm.a(lib_a-w_pow.o)
                              src/glm.o (pow)
/home/valentyn/Programs/SW/plugins/fr.ac6.mcu.externaltools.arm-none.linux64_1.17.0.201812190825/tools/compiler/bin/../lib/gcc/arm-none-eabi/7.3.1/../../../../arm-none-eabi/lib/thumb/v7e-m/fpv4-sp/hard/libm.a(lib_a-w_sqrt.o)
                              src/ABLine.o (sqrt)
/home/valentyn/Programs/SW/plugins/fr.ac6.mcu.externaltools.arm-none.linux64_1.17.0.201812190825/tools/compiler/bin/../lib/gcc/arm-none-eabi/7.3.1/../../../../arm-none-eabi/lib/thumb/v7e-m/fpv4-sp/hard/libm.a(lib_a-wf_pow.o)
                              src/nmea.o (powf)
/home/valentyn/Programs/SW/plugins/fr.ac6.mcu.externaltools.arm-none.linux64_1.17.0.201812190825/tools/compiler/bin/../lib/gcc/arm-none-eabi/7.3.1/../../../../arm-none-eabi/lib/thumb/v7e-m/fpv4-sp/hard/libm.a(lib_a-e_atan2.o)
                              /home/valentyn/Programs/SW/plugins/fr.ac6.mcu.externaltools.arm-none.linux64_1.17.0.201812190825/tools/compiler/bin/../lib/gcc/arm-none-eabi/7.3.1/../../../../arm-none-eabi/lib/thumb/v7e-m/fpv4-sp/hard/libm.a(lib_a-w_atan2.o) (__ieee754_atan2)
/home/valentyn/Programs/SW/plugins/fr.ac6.mcu.externaltools.arm-none.linux64_1.17.0.201812190825/tools/compiler/bin/../lib/gcc/arm-none-eabi/7.3.1/../../../../arm-none-eabi/lib/thumb/v7e-m/fpv4-sp/hard/libm.a(lib_a-e_pow.o)
                              /home/valentyn/Programs/SW/plugins/fr.ac6.mcu.externaltools.arm-none.linux64_1.17.0.201812190825/tools/compiler/bin/../lib/gcc/arm-none-eabi/7.3.1/../../../../arm-none-eabi/lib/thumb/v7e-m/fpv4-sp/hard/libm.a(lib_a-w_pow.o) (__ieee754_pow)
/home/valentyn/Programs/SW/plugins/fr.ac6.mcu.externaltools.arm-none.linux64_1.17.0.201812190825/tools/compiler/bin/../lib/gcc/arm-none-eabi/7.3.1/../../../../arm-none-eabi/lib/thumb/v7e-m/fpv4-sp/hard/libm.a(lib_a-e_rem_pio2.o)
[...]
Memory Configuration

Name             Origin             Length             Attributes
RAM              0x0000000020000000 0x0000000000020000 xrw
ROM              0x0000000008000000 0x0000000000100000 xr
*default*        0x0000000000000000 0xffffffffffffffff

Linker script and memory map

LOAD /home/valentyn/Programs/SW/plugins/fr.ac6.mcu.externaltools.arm-none.linux64_1.17.0.201812190825/tools/compiler/bin/../lib/gcc/arm-none-eabi/7.3.1/thumb/v7e-m/fpv4-sp/hard/crti.o
LOAD /home/valentyn/Programs/SW/plugins/fr.ac6.mcu.externaltools.arm-none.linux64_1.17.0.201812190825/tools/compiler/bin/../lib/gcc/arm-none-eabi/7.3.1/thumb/v7e-m/fpv4-sp/hard/crtbegin.o
LOAD /home/valentyn/Programs/SW/plugins/fr.ac6.mcu.externaltools.arm-none.linux64_1.17.0.201812190825/tools/compiler/bin/../lib/gcc/arm-none-eabi/7.3.1/../../../../arm-none-eabi/lib/thumb/v7e-m/fpv4-sp/hard/crt0.o
LOAD RTOS/src/croutine.o
LOAD RTOS/src/event_groups.o
LOAD RTOS/src/heap_4.o
LOAD RTOS/src/list.o
LOAD RTOS/src/port.o
LOAD RTOS/src/queue.o
LOAD RTOS/src/tasks.o
LOAD RTOS/src/timers.o
LOAD src/ABLine.o
LOAD src/charQueue.o
LOAD src/glm.o
LOAD src/gpio.o
LOAD src/main.o
LOAD src/nmea.o
LOAD src/periph.o
LOAD src/position.o
LOAD src/stm_tasks.o
LOAD src/system_stm32f4xx.o
LOAD src/vehicle.o
LOAD startup/startup_stm32.o
LOAD startup/sysmem.o
LOAD /home/valentyn/Programs/SW/plugins/fr.ac6.mcu.externaltools.arm-none.linux64_1.17.0.201812190825/tools/compiler/bin/../lib/gcc/arm-none-eabi/7.3.1/../../../../arm-none-eabi/lib/thumb/v7e-m/fpv4-sp/hard/libm.a
START GROUP
LOAD /home/valentyn/Programs/SW/plugins/fr.ac6.mcu.externaltools.arm-none.linux64_1.17.0.201812190825/tools/compiler/bin/../lib/gcc/arm-none-eabi/7.3.1/thumb/v7e-m/fpv4-sp/hard/libgcc.a
LOAD /home/valentyn/Programs/SW/plugins/fr.ac6.mcu.externaltools.arm-none.linux64_1.17.0.201812190825/tools/compiler/bin/../lib/gcc/arm-none-eabi/7.3.1/../../../../arm-none-eabi/lib/thumb/v7e-m/fpv4-sp/hard/libc.a
END GROUP
LOAD /home/valentyn/Programs/SW/plugins/fr.ac6.mcu.externaltools.arm-none.linux64_1.17.0.201812190825/tools/compiler/bin/../lib/gcc/arm-none-eabi/7.3.1/thumb/v7e-m/fpv4-sp/hard/crtend.o
LOAD /home/valentyn/Programs/SW/plugins/fr.ac6.mcu.externaltools.arm-none.linux64_1.17.0.201812190825/tools/compiler/bin/../lib/gcc/arm-none-eabi/7.3.1/thumb/v7e-m/fpv4-sp/hard/crtn.o
                0x0000000020020000                _estack = 0x20020000
                0x0000000000000000                _Min_Heap_Size = 0x0
                0x0000000000000400                _Min_Stack_Size = 0x400

.isr_vector     0x0000000008000000      0x1a8
                0x0000000008000000                . = ALIGN (0x4)
 *(.isr_vector)
 .isr_vector    0x0000000008000000      0x1a8 startup/startup_stm32.o
                0x0000000008000000                g_pfnVectors
                0x00000000080001a8                . = ALIGN (0x4)

.text           0x00000000080001c0     0xf020
                0x00000000080001c0                . = ALIGN (0x4)
 *(.text)
 .text          0x00000000080001c0       0x40 /home/valentyn/Programs/SW/plugins/fr.ac6.mcu.externaltools.arm-none.linux64_1.17.0.201812190825/tools/compiler/bin/../lib/gcc/arm-none-eabi/7.3.1/thumb/v7e-m/fpv4-sp/hard/crtbegin.o
 .text          0x0000000008000200      0x378 /home/valentyn/Programs/SW/plugins/fr.ac6.mcu.externaltools.arm-none.linux64_1.17.0.201812190825/tools/compiler/bin/../lib/gcc/arm-none-eabi/7.3.1/thumb/v7e-m/fpv4-sp/hard/libgcc.a(_arm_addsubdf3.o)
                0x0000000008000200                __aeabi_drsub
                0x0000000008000208                __aeabi_dsub
                0x0000000008000208                __subdf3
                0x000000000800020c                __adddf3
                0x000000000800020c                __aeabi_dadd
                0x0000000008000484                __aeabi_ui2d
                0x0000000008000484                __floatunsidf
                0x00000000080004a4                __floatsidf
                0x00000000080004a4                __aeabi_i2d
                0x00000000080004c8                __extendsfdf2
                0x00000000080004c8                __aeabi_f2d
                0x000000000800050c                __aeabi_ul2d
                0x000000000800050c                __floatundidf
                0x000000000800051c                __floatdidf
                0x000000000800051c                __aeabi_l2d
 .text          0x0000000008000578      0x424 /home/valentyn/Programs/SW/plugins/fr.ac6.mcu.externaltools.arm-none.linux64_1.17.0.201812190825/tools/compiler/bin/../lib/gcc/arm-none-eabi/7.3.1/thumb/v7e-m/fpv4-sp/hard/libgcc.a(_arm_muldivdf3.o)
                0x0000000008000578                __aeabi_dmul
                0x0000000008000578                __muldf3
                0x00000000080007cc                __aeabi_ddiv
                0x00000000080007cc                __divdf3
 .text          0x000000000800099c      0x110 /home/valentyn/Programs/SW/plugins/fr.ac6.mcu.externaltools.arm-none.linux64_1.17.0.201812190825/tools/compiler/bin/../lib/gcc/arm-none-eabi/7.3.1/thumb/v7e-m/fpv4-sp/hard/libgcc.a(_arm_cmpdf2.o)
                0x000000000800099c                __gtdf2
                0x000000000800099c                __gedf2
                0x00000000080009a4                __ltdf2
                0x00000000080009a4                __ledf2
                0x00000000080009ac                __cmpdf2
                0x00000000080009ac                __eqdf2
                0x00000000080009ac                __nedf2
                0x0000000008000a28                __aeabi_cdrcmple
                0x0000000008000a38                __aeabi_cdcmple
                0x0000000008000a38                __aeabi_cdcmpeq
                0x0000000008000a48                __aeabi_dcmpeq
                0x0000000008000a5c                __aeabi_dcmplt
                0x0000000008000a70                __aeabi_dcmple
                0x0000000008000a84                __aeabi_dcmpge
                0x0000000008000a98                __aeabi_dcmpgt
 .text          0x0000000008000aac       0x2c /home/valentyn/Programs/SW/plugins/fr.ac6.mcu.externaltools.arm-none.linux64_1.17.0.201812190825/tools/compiler/bin/../lib/gcc/arm-none-eabi/7.3.1/thumb/v7e-m/fpv4-sp/hard/libgcc.a(_arm_unorddf2.o)
                0x0000000008000aac                __aeabi_dcmpun
                0x0000000008000aac                __unorddf2
 .text          0x0000000008000ad8       0x50 /home/valentyn/Programs/SW/plugins/fr.ac6.mcu.externaltools.arm-none.linux64_1.17.0.201812190825/tools/compiler/bin/../lib/gcc/arm-none-eabi/7.3.1/thumb/v7e-m/fpv4-sp/hard/libgcc.a(_arm_fixdfsi.o)
                0x0000000008000ad8                __fixdfsi
                0x0000000008000ad8                __aeabi_d2iz
 .text          0x0000000008000b28       0xa0 /home/valentyn/Programs/SW/plugins/fr.ac6.mcu.externaltools.arm-none.linux64_1.17.0.201812190825/tools/compiler/bin/../lib/gcc/arm-none-eabi/7.3.1/thumb/v7e-m/fpv4-sp/hard/libgcc.a(_arm_truncdfsf2.o)
                0x0000000008000b28                __aeabi_d2f
                0x0000000008000b28                __truncdfsf2
 .text          0x0000000008000bc8      0x134 /home/valentyn/Programs/SW/plugins/fr.ac6.mcu.externaltools.arm-none.linux64_1.17.0.201812190825/tools/compiler/bin/../lib/gcc/arm-none-eabi/7.3.1/../../../../arm-none-eabi/lib/thumb/v7e-m/fpv4-sp/hard/libc.a(lib_a-memcpy.o)
                0x0000000008000bc8                memcpy
 *fill*         0x0000000008000cfc        0x4 
 .text          0x0000000008000d00       0xdc /home/valentyn/Programs/SW/plugins/fr.ac6.mcu.externaltools.arm-none.linux64_1.17.0.201812190825/tools/compiler/bin/../lib/gcc/arm-none-eabi/7.3.1/../../../../arm-none-eabi/lib/thumb/v7e-m/fpv4-sp/hard/libc.a(lib_a-strlen.o)
                0x0000000008000d00                strlen
 *fill*         0x0000000008000ddc        0x4 
 .text          0x0000000008000de0       0xa0 /home/valentyn/Programs/SW/plugins/fr.ac6.mcu.externaltools.arm-none.linux64_1.17.0.201812190825/tools/compiler/bin/../lib/gcc/arm-none-eabi/7.3.1/../../../../arm-none-eabi/lib/thumb/v7e-m/fpv4-sp/hard/libc.a(lib_a-memchr.o)
                0x0000000008000de0                memchr
 .text          0x0000000008000e80       0x40 /home/valentyn/Programs/SW/plugins/fr.ac6.mcu.externaltools.arm-none.linux64_1.17.0.201812190825/tools/compiler/bin/../lib/gcc/arm-none-eabi/7.3.1/thumb/v7e-m/fpv4-sp/hard/libgcc.a(_arm_fixunsdfsi.o)
                0x0000000008000e80                __fixunsdfsi
                0x0000000008000e80                __aeabi_d2uiz
 *(.text*)
 .text.pvPortMalloc
                0x0000000008000ec0      0x184 RTOS/src/heap_4.o
                0x0000000008000ec0                pvPortMalloc
 .text.vPortFree
                0x0000000008001044       0xb0 RTOS/src/heap_4.o
                0x0000000008001044                vPortFree
 .text.prvHeapInit
                0x00000000080010f4       0xc4 RTOS/src/heap_4.o
 .text.prvInsertBlockIntoFreeList
                0x00000000080011b8       0xb4 RTOS/src/heap_4.o
 .text.vListInitialise
                0x000000000800126c       0x40 RTOS/src/list.o
                0x000000000800126c                vListInitialise
 .text.vListInitialiseItem
                0x00000000080012ac       0x1a RTOS/src/list.o
                0x00000000080012ac                vListInitialiseItem
 .text.vListInsertEnd
                0x00000000080012c6       0x48 RTOS/src/list.o
                0x00000000080012c6                vListInsertEnd
 .text.vListInsert
                0x000000000800130e       0x72 RTOS/src/list.o
                0x000000000800130e                vListInsert
 .text.uxListRemove
                0x0000000008001380       0x54 RTOS/src/list.o
                0x0000000008001380                uxListRemove
 .text.pxPortInitialiseStack
                0x00000000080013d4       0x68 RTOS/src/port.o
                0x00000000080013d4                pxPortInitialiseStack
 .text.prvTaskExitError
                0x000000000800143c       0x3c RTOS/src/port.o
 *fill*         0x0000000008001478        0x8 
 .text.SVC_Handler
                0x0000000008001480       0x28 RTOS/src/port.o
                0x0000000008001480                SVC_Handler
 .text.prvPortStartFirstTask
                0x00000000080014a8       0x20 RTOS/src/port.o
 .text.xPortStartScheduler
                0x00000000080014c8      0x118 RTOS/src/port.o
                0x00000000080014c8                xPortStartScheduler
 .text.vPortEnterCritical
                0x00000000080015e0       0x5c RTOS/src/port.o
                0x00000000080015e0                vPortEnterCritical
 .text.vPortExitCritical
                0x000000000800163c       0x50 RTOS/src/port.o
                0x000000000800163c                vPortExitCritical
 *fill*         0x000000000800168c        0x4 
 .text.PendSV_Handler
                0x0000000008001690       0x68 RTOS/src/port.o
                0x0000000008001690                PendSV_Handler
 .text.SysTick_Handler
                0x00000000080016f8       0x40 RTOS/src/port.o
                0x00000000080016f8                SysTick_Handler
 .text.vPortSetupTimerInterrupt
                0x0000000008001738       0x28 RTOS/src/port.o
                0x0000000008001738                vPortSetupTimerInterrupt
 .text.vPortEnableVFP
                0x0000000008001760       0x14 RTOS/src/port.o
 .text.vPortValidateInterruptPriority
                0x0000000008001774       0x7c RTOS/src/port.o
                0x0000000008001774                vPortValidateInterruptPriority
 .text.xQueueGenericReset
                0x00000000080017f0       0xd0 RTOS/src/queue.o
                0x00000000080017f0                xQueueGenericReset
 .text.xQueueGenericCreate
                0x00000000080018c0       0x72 RTOS/src/queue.o
                0x00000000080018c0                xQueueGenericCreate
 .text.prvInitialiseNewQueue
                0x0000000008001932       0x3e RTOS/src/queue.o
 .text.xQueueGenericSend
                0x0000000008001970      0x1f4 RTOS/src/queue.o
                0x0000000008001970                xQueueGenericSend
 .text.xQueueGenericSendFromISR
                0x0000000008001b64      0x128 RTOS/src/queue.o
                0x0000000008001b64                xQueueGenericSendFromISR
 .text.xQueueGenericReceive
                0x0000000008001c8c      0x224 RTOS/src/queue.o
                0x0000000008001c8c                xQueueGenericReceive
 .text.uxQueueMessagesWaiting
                0x0000000008001eb0       0x3a RTOS/src/queue.o
                0x0000000008001eb0                uxQueueMessagesWaiting
 .text.prvCopyDataToQueue
                0x0000000008001eea       0xd4 RTOS/src/queue.o
 .text.prvCopyDataFromQueue
                0x0000000008001fbe       0x4c RTOS/src/queue.o
 .text.prvUnlockQueue
                0x000000000800200a       0xa4 RTOS/src/queue.o
 .text.prvIsQueueEmpty
                0x00000000080020ae       0x2c RTOS/src/queue.o
 .text.prvIsQueueFull
                0x00000000080020da       0x30 RTOS/src/queue.o
 *fill*         0x000000000800210a        0x2 
 .text.vQueueAddToRegistry
                0x000000000800210c       0x50 RTOS/src/queue.o
                0x000000000800210c                vQueueAddToRegistry
 .text.vQueueWaitForMessageRestricted
                0x000000000800215c       0x68 RTOS/src/queue.o
                0x000000000800215c                vQueueWaitForMessageRestricted
 .text.xTaskCreate
                0x00000000080021c4       0x82 RTOS/src/tasks.o
                0x00000000080021c4                xTaskCreate
 .text.prvInitialiseNewTask
                0x0000000008002246       0xfc RTOS/src/tasks.o
 *fill*         0x0000000008002342        0x2 
 .text.prvAddNewTaskToReadyList
                0x0000000008002344       0xd4 RTOS/src/tasks.o
 .text.vTaskDelete
                0x0000000008002418      0x11c RTOS/src/tasks.o
                0x0000000008002418                vTaskDelete
 .text.vTaskDelay
                0x0000000008002534       0x68 RTOS/src/tasks.o
                0x0000000008002534                vTaskDelay
 .text.vTaskSuspend
                0x000000000800259c      0x110 RTOS/src/tasks.o
                0x000000000800259c                vTaskSuspend
 .text.prvTaskIsTaskSuspended
                0x00000000080026ac       0x74 RTOS/src/tasks.o
 .text.vTaskResume
                0x0000000008002720       0xb8 RTOS/src/tasks.o
                0x0000000008002720                vTaskResume
 .text.vTaskStartScheduler
                0x00000000080027d8       0x98 RTOS/src/tasks.o
                0x00000000080027d8                vTaskStartScheduler
 .text.vTaskSuspendAll
                0x0000000008002870       0x1c RTOS/src/tasks.o
                0x0000000008002870                vTaskSuspendAll
 .text.xTaskResumeAll
                0x000000000800288c      0x138 RTOS/src/tasks.o
                0x000000000800288c                xTaskResumeAll
 .text.xTaskGetTickCount
                0x00000000080029c4       0x20 RTOS/src/tasks.o
                0x00000000080029c4                xTaskGetTickCount
 .text.xTaskIncrementTick
                0x00000000080029e4      0x178 RTOS/src/tasks.o
                0x00000000080029e4                xTaskIncrementTick
 .text.vTaskSwitchContext
                0x0000000008002b5c       0xb4 RTOS/src/tasks.o
                0x0000000008002b5c                vTaskSwitchContext
 .text.vTaskPlaceOnEventList
                0x0000000008002c10       0x48 RTOS/src/tasks.o
                0x0000000008002c10                vTaskPlaceOnEventList
 .text.vTaskPlaceOnEventListRestricted
                0x0000000008002c58       0x54 RTOS/src/tasks.o
                0x0000000008002c58                vTaskPlaceOnEventListRestricted
 .text.xTaskRemoveFromEventList
                0x0000000008002cac       0xc4 RTOS/src/tasks.o
                0x0000000008002cac                xTaskRemoveFromEventList
 .text.vTaskSetTimeOutState
                0x0000000008002d70       0x48 RTOS/src/tasks.o
                0x0000000008002d70                vTaskSetTimeOutState
 .text.xTaskCheckForTimeOut
                0x0000000008002db8       0xbc RTOS/src/tasks.o
                0x0000000008002db8                xTaskCheckForTimeOut
 .text.vTaskMissedYield
                0x0000000008002e74       0x18 RTOS/src/tasks.o
                0x0000000008002e74                vTaskMissedYield
 .text.prvIdleTask
                0x0000000008002e8c       0x30 RTOS/src/tasks.o
 .text.prvInitialiseTaskLists
                0x0000000008002ebc       0x80 RTOS/src/tasks.o
 .text.prvCheckTasksWaitingTermination
                0x0000000008002f3c       0x78 RTOS/src/tasks.o
 .text.prvDeleteTCB
                0x0000000008002fb4       0x20 RTOS/src/tasks.o
 .text.prvResetNextTaskUnblockTime
                0x0000000008002fd4       0x4c RTOS/src/tasks.o
 .text.xTaskGetSchedulerState
                0x0000000008003020       0x3c RTOS/src/tasks.o
                0x0000000008003020                xTaskGetSchedulerState
 .text.vTaskPriorityInherit
                0x000000000800305c       0xec RTOS/src/tasks.o
                0x000000000800305c                vTaskPriorityInherit
 .text.xTaskPriorityDisinherit
                0x0000000008003148      0x108 RTOS/src/tasks.o
                0x0000000008003148                xTaskPriorityDisinherit
 .text.pvTaskIncrementMutexHeldCount
                0x0000000008003250       0x28 RTOS/src/tasks.o
                0x0000000008003250                pvTaskIncrementMutexHeldCount
 .text.prvAddCurrentTaskToDelayedList
                0x0000000008003278       0xcc RTOS/src/tasks.o
 .text.xTimerCreateTimerTask
                0x0000000008003344       0x60 RTOS/src/timers.o
                0x0000000008003344                xTimerCreateTimerTask
 .text.xTimerGenericCommand
                0x00000000080033a4       0x98 RTOS/src/timers.o
                0x00000000080033a4                xTimerGenericCommand
 .text.prvProcessExpiredTimer
                0x000000000800343c       0x80 RTOS/src/timers.o
 .text.prvTimerTask
                0x00000000080034bc       0x24 RTOS/src/timers.o
 .text.prvProcessTimerOrBlockTask
                0x00000000080034e0       0x9c RTOS/src/timers.o
 .text.prvGetNextExpireTime
                0x000000000800357c       0x48 RTOS/src/timers.o
 .text.prvSampleTimeNow
                0x00000000080035c4       0x40 RTOS/src/timers.o
 .text.prvInsertTimerInActiveList
                0x0000000008003604       0x84 RTOS/src/timers.o
 .text.prvProcessReceivedCommands
                0x0000000008003688      0x124 RTOS/src/timers.o
 .text.prvSwitchTimerLists
                0x00000000080037ac       0xc0 RTOS/src/timers.o
 .text.prvCheckForValidListAndQueue
                0x000000000800386c       0x6c RTOS/src/timers.o
 .text.initABl  0x00000000080038d8       0x80 src/ABLine.o
                0x00000000080038d8                initABl
 .text.btnAPoint
                0x0000000008003958       0xa8 src/ABLine.o
                0x0000000008003958                btnAPoint
 .text.btnBPoint
                0x0000000008003a00      0x26c src/ABLine.o
                0x0000000008003a00                btnBPoint
 *fill*         0x0000000008003c6c        0x4 
 .text.GetCurrentABLine
                0x0000000008003c70     0x1078 src/ABLine.o
                0x0000000008003c70                GetCurrentABLine
 .text.strAllcpy
                0x0000000008004ce8       0x3e src/charQueue.o
                0x0000000008004ce8                strAllcpy
 .text.findEOS  0x0000000008004d26       0x3e src/charQueue.o
                0x0000000008004d26                findEOS
 .text.push     0x0000000008004d64       0x5a src/charQueue.o
                0x0000000008004d64                push
 .text.pop      0x0000000008004dbe       0x96 src/charQueue.o
                0x0000000008004dbe                pop
 .text.create   0x0000000008004e54       0x3c src/charQueue.o
                0x0000000008004e54                create
 .text.toRadians
                0x0000000008004e90       0x38 src/glm.o
                0x0000000008004e90                toRadians
 .text.toDegrees
                0x0000000008004ec8       0x38 src/glm.o
                0x0000000008004ec8                toDegrees
 .text.DistanceVec2Vec3
                0x0000000008004f00       0xc8 src/glm.o
                0x0000000008004f00                DistanceVec2Vec3
 .text.DistanceSquared
                0x0000000008004fc8       0x90 src/glm.o
                0x0000000008004fc8                DistanceSquared
 .text.timerini2
                0x0000000008005058       0x30 src/gpio.o
                0x0000000008005058                timerini2
 .text.delay_ms
                0x0000000008005088       0x54 src/gpio.o
                0x0000000008005088                delay_ms
 .text.GPIO_WritePin
                0x00000000080050dc       0x30 src/gpio.o
                0x00000000080050dc                GPIO_WritePin
 .text.LCD_Set_Data
                0x000000000800510c       0x30 src/gpio.o
                0x000000000800510c                LCD_Set_Data
 .text.LCD_SendCommandOrData
                0x000000000800513c       0x50 src/gpio.o
                0x000000000800513c                LCD_SendCommandOrData
 .text.LCD_ini  0x000000000800518c       0x5c src/gpio.o
                0x000000000800518c                LCD_ini
 .text.LCD_Send_String
                0x00000000080051e8       0x90 src/gpio.o
                0x00000000080051e8                LCD_Send_String
 .text.initLCDstruct
                0x0000000008005278       0x38 src/gpio.o
                0x0000000008005278                initLCDstruct
 .text.strToDisplay
                0x00000000080052b0       0x32 src/gpio.o
                0x00000000080052b0                strToDisplay
 *fill*         0x00000000080052e2        0x6 
 .text.addToQueue_doubleToDisplay
                0x00000000080052e8       0xc8 src/gpio.o
                0x00000000080052e8                addToQueue_doubleToDisplay
 .text.main     0x00000000080053b0       0x98 src/main.o
                0x00000000080053b0                main
 .text.DMA1_Stream5_IRQHandler
                0x0000000008005448       0x88 src/main.o
                0x0000000008005448                DMA1_Stream5_IRQHandler
 .text.DMA2_Stream7_IRQHandler
                0x00000000080054d0       0x3c src/main.o
                0x00000000080054d0                DMA2_Stream7_IRQHandler
 .text.USART6_IRQHandler
                0x000000000800550c       0x38 src/main.o
                0x000000000800550c                USART6_IRQHandler
 .text.initAllPeriph
                0x0000000008005544       0x3c src/main.o
                0x0000000008005544                initAllPeriph
 .text.checkLatLon
                0x0000000008005580       0xa8 src/nmea.o
                0x0000000008005580                checkLatLon
 .text.createStartNMEA
                0x0000000008005628       0x70 src/nmea.o
                0x0000000008005628                createStartNMEA
 .text.ArcLengthOfMeridian
                0x0000000008005698      0x474 src/nmea.o
                0x0000000008005698                ArcLengthOfMeridian
 *fill*         0x0000000008005b0c        0x4 
 .text.MapLatLonToXY
                0x0000000008005b10      0x92c src/nmea.o
                0x0000000008005b10                MapLatLonToXY
 *fill*         0x000000000800643c        0x4 
 .text.DecDeg2UTM
                0x0000000008006440      0x1f8 src/nmea.o
                0x0000000008006440                DecDeg2UTM
 .text.UpdateNorthingEasting
                0x0000000008006638      0x1ac src/nmea.o
                0x0000000008006638                UpdateNorthingEasting
 .text.splitString
                0x00000000080067e4       0x90 src/nmea.o
                0x00000000080067e4                splitString
 .text.calcSphere
                0x0000000008006874       0x68 src/nmea.o
                0x0000000008006874                calcSphere
 *fill*         0x00000000080068dc        0x4 
 .text.NMEAtoDecimal
                0x00000000080068e0      0x114 src/nmea.o
                0x00000000080068e0                NMEAtoDecimal
 .text.ParseGGA
                0x00000000080069f4       0xe8 src/nmea.o
                0x00000000080069f4                ParseGGA
 .text.ParseGLL
                0x0000000008006adc       0x78 src/nmea.o
                0x0000000008006adc                ParseGLL
 *fill*         0x0000000008006b54        0x4 
 .text.ParseRMC
                0x0000000008006b58       0xf8 src/nmea.o
                0x0000000008006b58                ParseRMC
 .text.ParseVTG
                0x0000000008006c50       0x88 src/nmea.o
                0x0000000008006c50                ParseVTG
 .text.NVIC_EnableIRQ
                0x0000000008006cd8       0x34 src/periph.o
 .text.NVIC_SetPriority
                0x0000000008006d0c       0x54 src/periph.o
 .text.gpio_ini
                0x0000000008006d60       0xac src/periph.o
                0x0000000008006d60                gpio_ini
 .text.RCC_Init
                0x0000000008006e0c       0x94 src/periph.o
                0x0000000008006e0c                RCC_Init
 .text.USART2_init
                0x0000000008006ea0       0x84 src/periph.o
                0x0000000008006ea0                USART2_init
 .text.USART6_init
                0x0000000008006f24       0x88 src/periph.o
                0x0000000008006f24                USART6_init
 .text.dma1ini  0x0000000008006fac       0xc4 src/periph.o
                0x0000000008006fac                dma1ini
 .text.dma2ini  0x0000000008007070       0xb0 src/periph.o
                0x0000000008007070                dma2ini
 .text.initPosition
                0x0000000008007120       0xb8 src/position.o
                0x0000000008007120                initPosition
 .text.InitializeFirstFewGPSPositions
                0x00000000080071d8      0x3c4 src/position.o
                0x00000000080071d8                InitializeFirstFewGPSPositions
 .text.UpdateFixPosition
                0x000000000800759c        0xc src/position.o
                0x000000000800759c                UpdateFixPosition
 .text.receiveFromDMA
                0x00000000080075a8      0x10c src/stm_tasks.o
                0x00000000080075a8                receiveFromDMA
 .text.taskParseNMEA
                0x00000000080076b4      0x1bc src/stm_tasks.o
                0x00000000080076b4                taskParseNMEA
 .text.keyboardScan
                0x0000000008007870      0x274 src/stm_tasks.o
                0x0000000008007870                keyboardScan
 .text.taskLCD_Send_String
                0x0000000008007ae4       0xd8 src/stm_tasks.o
                0x0000000008007ae4                taskLCD_Send_String
 .text.taskLCD_QueueObserver
                0x0000000008007bbc       0x48 src/stm_tasks.o
                0x0000000008007bbc                taskLCD_QueueObserver
 .text.SystemInit
                0x0000000008007c04       0x70 src/system_stm32f4xx.o
                0x0000000008007c04                SystemInit
 .text.SetSysClock
                0x0000000008007c74       0xf8 src/system_stm32f4xx.o
 .text.SystemInit_ExtMemCtl
                0x0000000008007d6c      0x118 src/system_stm32f4xx.o
 *fill*         0x0000000008007e84        0x4 
 .text.UpdateGoalPointDistance
                0x0000000008007e88       0xfc src/vehicle.o
                0x0000000008007e88                UpdateGoalPointDistance
 *fill*         0x0000000008007f84        0x4 
 .text.initVehicle
                0x0000000008007f88       0xe0 src/vehicle.o
                0x0000000008007f88                initVehicle
 .text.Reset_Handler
                0x0000000008008068       0x50 startup/startup_stm32.o
                0x0000000008008068                Reset_Handler
 .text.Default_Handler
                0x00000000080080b8        0x2 startup/startup_stm32.o
                0x00000000080080b8                RTC_Alarm_IRQHandler
                0x00000000080080b8                HASH_RNG_IRQHandler
                0x00000000080080b8                EXTI2_IRQHandler
                0x00000000080080b8                TIM8_CC_IRQHandler
                0x00000000080080b8                DebugMon_Handler
                0x00000000080080b8                TIM1_CC_IRQHandler
                0x00000000080080b8                DMA2_Stream5_IRQHandler
                0x00000000080080b8                HardFault_Handler
                0x00000000080080b8                PVD_IRQHandler
                0x00000000080080b8                SDIO_IRQHandler
                0x00000000080080b8                TAMP_STAMP_IRQHandler
                0x00000000080080b8                NMI_Handler
                0x00000000080080b8                CAN2_RX1_IRQHandler
                0x00000000080080b8                EXTI3_IRQHandler
                0x00000000080080b8                TIM8_TRG_COM_TIM14_IRQHandler
                0x00000000080080b8                TIM1_UP_TIM10_IRQHandler
                0x00000000080080b8                TIM8_UP_TIM13_IRQHandler
                0x00000000080080b8                I2C3_ER_IRQHandler
                0x00000000080080b8                LCD_TFT_IRQHandler
                0x00000000080080b8                EXTI0_IRQHandler
                0x00000000080080b8                I2C2_EV_IRQHandler
                0x00000000080080b8                DMA1_Stream2_IRQHandler
                0x00000000080080b8                CAN1_RX0_IRQHandler
                0x00000000080080b8                FPU_IRQHandler
                0x00000000080080b8                OTG_HS_WKUP_IRQHandler
                0x00000000080080b8                UsageFault_Handler
                0x00000000080080b8                CAN2_SCE_IRQHandler
                0x00000000080080b8                DMA2_Stream2_IRQHandler
                0x00000000080080b8                SPI1_IRQHandler
                0x00000000080080b8                TIM6_DAC_IRQHandler
                0x00000000080080b8                TIM1_BRK_TIM9_IRQHandler
                0x00000000080080b8                DCMI_IRQHandler
                0x00000000080080b8                CAN2_RX0_IRQHandler
                0x00000000080080b8                DMA2_Stream3_IRQHandler
                0x00000000080080b8                USART3_IRQHandler
                0x00000000080080b8                CRYP_IRQHandler
                0x00000000080080b8                CAN1_RX1_IRQHandler
                0x00000000080080b8                UART5_IRQHandler
                0x00000000080080b8                DMA2_Stream0_IRQHandler
                0x00000000080080b8                TIM4_IRQHandler
                0x00000000080080b8                I2C1_EV_IRQHandler
                0x00000000080080b8                DMA1_Stream6_IRQHandler
                0x00000000080080b8                DMA1_Stream1_IRQHandler
                0x00000000080080b8                UART4_IRQHandler
                0x00000000080080b8                LCD_TFT_1_IRQHandler
                0x00000000080080b8                TIM3_IRQHandler
                0x00000000080080b8                RCC_IRQHandler
                0x00000000080080b8                TIM8_BRK_TIM12_IRQHandler
                0x00000000080080b8                Default_Handler
                0x00000000080080b8                EXTI15_10_IRQHandler
                0x00000000080080b8                ADC_IRQHandler
                0x00000000080080b8                DMA1_Stream7_IRQHandler
                0x00000000080080b8                TIM7_IRQHandler
                0x00000000080080b8                CAN2_TX_IRQHandler
                0x00000000080080b8                TIM5_IRQHandler
                0x00000000080080b8                I2C3_EV_IRQHandler
                0x00000000080080b8                EXTI9_5_IRQHandler
                0x00000000080080b8                RTC_WKUP_IRQHandler
                0x00000000080080b8                ETH_WKUP_IRQHandler
                0x00000000080080b8                SPI2_IRQHandler
                0x00000000080080b8                OTG_HS_EP1_IN_IRQHandler
                0x00000000080080b8                MemManage_Handler
                0x00000000080080b8                DMA1_Stream0_IRQHandler
                0x00000000080080b8                CAN1_TX_IRQHandler
                0x00000000080080b8                EXTI4_IRQHandler
                0x00000000080080b8                FSMC_IRQHandler
                0x00000000080080b8                ETH_IRQHandler
                0x00000000080080b8                OTG_HS_EP1_OUT_IRQHandler
                0x00000000080080b8                WWDG_IRQHandler
                0x00000000080080b8                TIM2_IRQHandler
                0x00000000080080b8                OTG_FS_WKUP_IRQHandler
                0x00000000080080b8                TIM1_TRG_COM_TIM11_IRQHandler
                0x00000000080080b8                OTG_HS_IRQHandler
                0x00000000080080b8                EXTI1_IRQHandler
                0x00000000080080b8                USART2_IRQHandler
                0x00000000080080b8                I2C2_ER_IRQHandler
                0x00000000080080b8                DMA2_Stream1_IRQHandler
                0x00000000080080b8                CAN1_SCE_IRQHandler
                0x00000000080080b8                DMA2_Stream4_IRQHandler
                0x00000000080080b8                BusFault_Handler
                0x00000000080080b8                USART1_IRQHandler
                0x00000000080080b8                OTG_FS_IRQHandler
                0x00000000080080b8                SPI3_IRQHandler
                0x00000000080080b8                DMA1_Stream4_IRQHandler
                0x00000000080080b8                I2C1_ER_IRQHandler
                0x00000000080080b8                DMA2_Stream6_IRQHandler
                0x00000000080080b8                DMA1_Stream3_IRQHandler
 *fill*         0x00000000080080ba        0x2 
 .text._sbrk    0x00000000080080bc       0x58 startup/sysmem.o
                0x00000000080080bc                _sbrk
 *fill*         0x0000000008008114        0x4 
 .text.atan     0x0000000008008118      0x358 /home/valentyn/Programs/SW/plugins/fr.ac6.mcu.externaltools.arm-none.linux64_1.17.0.201812190825/tools/compiler/bin/../lib/gcc/arm-none-eabi/7.3.1/../../../../arm-none-eabi/lib/thumb/v7e-m/fpv4-sp/hard/libm.a(lib_a-s_atan.o)
                0x0000000008008118                atan
 .text.ceil     0x0000000008008470      0x110 /home/valentyn/Programs/SW/plugins/fr.ac6.mcu.externaltools.arm-none.linux64_1.17.0.201812190825/tools/compiler/bin/../lib/gcc/arm-none-eabi/7.3.1/../../../../arm-none-eabi/lib/thumb/v7e-m/fpv4-sp/hard/libm.a(lib_a-s_ceil.o)
                0x0000000008008470                ceil
 .text.cos      0x0000000008008580       0xc0 /home/valentyn/Programs/SW/plugins/fr.ac6.mcu.externaltools.arm-none.linux64_1.17.0.201812190825/tools/compiler/bin/../lib/gcc/arm-none-eabi/7.3.1/../../../../arm-none-eabi/lib/thumb/v7e-m/fpv4-sp/hard/libm.a(lib_a-s_cos.o)
                0x0000000008008580                cos
 .text.fabs     0x0000000008008640       0x14 /home/valentyn/Programs/SW/plugins/fr.ac6.mcu.externaltools.arm-none.linux64_1.17.0.201812190825/tools/compiler/bin/../lib/gcc/arm-none-eabi/7.3.1/../../../../arm-none-eabi/lib/thumb/v7e-m/fpv4-sp/hard/libm.a(lib_a-s_fabs.o)
                0x0000000008008640                fabs
 *fill*         0x0000000008008654        0x4 
 .text.floor    0x0000000008008658      0x110 /home/valentyn/Programs/SW/plugins/fr.ac6.mcu.externaltools.arm-none.linux64_1.17.0.201812190825/tools/compiler/bin/../lib/gcc/arm-none-eabi/7.3.1/../../../../arm-none-eabi/lib/thumb/v7e-m/fpv4-sp/hard/libm.a(lib_a-s_floor.o)
                0x0000000008008658                floor
 .text.round    0x0000000008008768       0xa4 /home/valentyn/Programs/SW/plugins/fr.ac6.mcu.externaltools.arm-none.linux64_1.17.0.201812190825/tools/compiler/bin/../lib/gcc/arm-none-eabi/7.3.1/../../../../arm-none-eabi/lib/thumb/v7e-m/fpv4-sp/hard/libm.a(lib_a-s_round.o)
                0x0000000008008768                round
 *fill*         0x000000000800880c        0x4 
 .text.sin      0x0000000008008810       0xc0 /home/valentyn/Programs/SW/plugins/fr.ac6.mcu.externaltools.arm-none.linux64_1.17.0.201812190825/tools/compiler/bin/../lib/gcc/arm-none-eabi/7.3.1/../../../../arm-none-eabi/lib/thumb/v7e-m/fpv4-sp/hard/libm.a(lib_a-s_sin.o)
                0x0000000008008810                sin
 .text.tan      0x00000000080088d0       0x70 /home/valentyn/Programs/SW/plugins/fr.ac6.mcu.externaltools.arm-none.linux64_1.17.0.201812190825/tools/compiler/bin/../lib/gcc/arm-none-eabi/7.3.1/../../../../arm-none-eabi/lib/thumb/v7e-m/fpv4-sp/hard/libm.a(lib_a-s_tan.o)
                0x00000000080088d0                tan
 .text.atan2    0x0000000008008940        0x4 /home/valentyn/Programs/SW/plugins/fr.ac6.mcu.externaltools.arm-none.linux64_1.17.0.201812190825/tools/compiler/bin/../lib/gcc/arm-none-eabi/7.3.1/../../../../arm-none-eabi/lib/thumb/v7e-m/fpv4-sp/hard/libm.a(lib_a-w_atan2.o)
                0x0000000008008940                atan2
 *fill*         0x0000000008008944        0x4 
 .text.pow      0x0000000008008948      0x338 /home/valentyn/Programs/SW/plugins/fr.ac6.mcu.externaltools.arm-none.linux64_1.17.0.201812190825/tools/compiler/bin/../lib/gcc/arm-none-eabi/7.3.1/../../../../arm-none-eabi/lib/thumb/v7e-m/fpv4-sp/hard/libm.a(lib_a-w_pow.o)
                0x0000000008008948                pow
 .text.sqrt     0x0000000008008c80       0xb8 /home/valentyn/Programs/SW/plugins/fr.ac6.mcu.externaltools.arm-none.linux64_1.17.0.201812190825/tools/compiler/bin/../lib/gcc/arm-none-eabi/7.3.1/../../../../arm-none-eabi/lib/thumb/v7e-m/fpv4-sp/hard/libm.a(lib_a-w_sqrt.o)
                0x0000000008008c80                sqrt
 .text.powf     0x0000000008008d38      0x324 /home/valentyn/Programs/SW/plugins/fr.ac6.mcu.externaltools.arm-none.linux64_1.17.0.201812190825/tools/compiler/bin/../lib/gcc/arm-none-eabi/7.3.1/../../../../arm-none-eabi/lib/thumb/v7e-m/fpv4-sp/hard/libm.a(lib_a-wf_pow.o)
                0x0000000008008d38                powf
 *fill*         0x000000000800905c        0x4 
 .text.__ieee754_atan2
                0x0000000008009060      0x1c4 /home/valentyn/Programs/SW/plugins/fr.ac6.mcu.externaltools.arm-none.linux64_1.17.0.201812190825/tools/compiler/bin/../lib/gcc/arm-none-eabi/7.3.1/../../../../arm-none-eabi/lib/thumb/v7e-m/fpv4-sp/hard/libm.a(lib_a-e_atan2.o)
                0x0000000008009060                __ieee754_atan2
 *fill*         0x0000000008009224        0x4 
 .text.__ieee754_pow
                0x0000000008009228      0xab8 /home/valentyn/Programs/SW/plugins/fr.ac6.mcu.externaltools.arm-none.linux64_1.17.0.201812190825/tools/compiler/bin/../lib/gcc/arm-none-eabi/7.3.1/../../../../arm-none-eabi/lib/thumb/v7e-m/fpv4-sp/hard/libm.a(lib_a-e_pow.o)
                0x0000000008009228                __ieee754_pow
 .text.__ieee754_rem_pio2
                0x0000000008009ce0      0x454 /home/valentyn/Programs/SW/plugins/fr.ac6.mcu.externaltools.arm-none.linux64_1.17.0.201812190825/tools/compiler/bin/../lib/gcc/arm-none-eabi/7.3.1/../../../../arm-none-eabi/lib/thumb/v7e-m/fpv4-sp/hard/libm.a(lib_a-e_rem_pio2.o)
                0x0000000008009ce0                __ieee754_rem_pio2
 .text.__ieee754_sqrt
                0x000000000800a134      0x194 /home/valentyn/Programs/SW/plugins/fr.ac6.mcu.externaltools.arm-none.linux64_1.17.0.201812190825/tools/compiler/bin/../lib/gcc/arm-none-eabi/7.3.1/../../../../arm-none-eabi/lib/thumb/v7e-m/fpv4-sp/hard/libm.a(lib_a-e_sqrt.o)
                0x000000000800a134                __ieee754_sqrt
 .text.__ieee754_powf
                0x000000000800a2c8      0x5e4 /home/valentyn/Programs/SW/plugins/fr.ac6.mcu.externaltools.arm-none.linux64_1.17.0.201812190825/tools/compiler/bin/../lib/gcc/arm-none-eabi/7.3.1/../../../../arm-none-eabi/lib/thumb/v7e-m/fpv4-sp/hard/libm.a(lib_a-ef_pow.o)
                0x000000000800a2c8                __ieee754_powf
 .text.__ieee754_sqrtf
                0x000000000800a8ac        0x8 /home/valentyn/Programs/SW/plugins/fr.ac6.mcu.externaltools.arm-none.linux64_1.17.0.201812190825/tools/compiler/bin/../lib/gcc/arm-none-eabi/7.3.1/../../../../arm-none-eabi/lib/thumb/v7e-m/fpv4-sp/hard/libm.a(lib_a-ef_sqrt.o)
                0x000000000800a8ac                __ieee754_sqrtf
 *fill*         0x000000000800a8b4        0x4 
 .text.__kernel_cos
                0x000000000800a8b8      0x284 /home/valentyn/Programs/SW/plugins/fr.ac6.mcu.externaltools.arm-none.linux64_1.17.0.201812190825/tools/compiler/bin/../lib/gcc/arm-none-eabi/7.3.1/../../../../arm-none-eabi/lib/thumb/v7e-m/fpv4-sp/hard/libm.a(lib_a-k_cos.o)
                0x000000000800a8b8                __kernel_cos
 *fill*         0x000000000800ab3c        0x4 
 .text.__kernel_rem_pio2
                0x000000000800ab40      0x818 /home/valentyn/Programs/SW/plugins/fr.ac6.mcu.externaltools.arm-none.linux64_1.17.0.201812190825/tools/compiler/bin/../lib/gcc/arm-none-eabi/7.3.1/../../../../arm-none-eabi/lib/thumb/v7e-m/fpv4-sp/hard/libm.a(lib_a-k_rem_pio2.o)
                0x000000000800ab40                __kernel_rem_pio2
 .text.__kernel_sin
                0x000000000800b358      0x194 /home/valentyn/Programs/SW/plugins/fr.ac6.mcu.externaltools.arm-none.linux64_1.17.0.201812190825/tools/compiler/bin/../lib/gcc/arm-none-eabi/7.3.1/../../../../arm-none-eabi/lib/thumb/v7e-m/fpv4-sp/hard/libm.a(lib_a-k_sin.o)
                0x000000000800b358                __kernel_sin
 *fill*         0x000000000800b4ec        0x4 
 .text.__kernel_tan
                0x000000000800b4f0      0x3c4 /home/valentyn/Programs/SW/plugins/fr.ac6.mcu.externaltools.arm-none.linux64_1.17.0.201812190825/tools/compiler/bin/../lib/gcc/arm-none-eabi/7.3.1/../../../../arm-none-eabi/lib/thumb/v7e-m/fpv4-sp/hard/libm.a(lib_a-k_tan.o)
                0x000000000800b4f0                __kernel_tan
 .text.finite   0x000000000800b8b4       0x10 /home/valentyn/Programs/SW/plugins/fr.ac6.mcu.externaltools.arm-none.linux64_1.17.0.201812190825/tools/compiler/bin/../lib/gcc/arm-none-eabi/7.3.1/../../../../arm-none-eabi/lib/thumb/v7e-m/fpv4-sp/hard/libm.a(lib_a-s_finite.o)
                0x000000000800b8b4                finite
 .text.matherr  0x000000000800b8c4        0x4 /home/valentyn/Programs/SW/plugins/fr.ac6.mcu.externaltools.arm-none.linux64_1.17.0.201812190825/tools/compiler/bin/../lib/gcc/arm-none-eabi/7.3.1/../../../../arm-none-eabi/lib/thumb/v7e-m/fpv4-sp/hard/libm.a(lib_a-s_matherr.o)
                0x000000000800b8c4                matherr
 .text.nan      0x000000000800b8c8       0x10 /home/valentyn/Programs/SW/plugins/fr.ac6.mcu.externaltools.arm-none.linux64_1.17.0.201812190825/tools/compiler/bin/../lib/gcc/arm-none-eabi/7.3.1/../../../../arm-none-eabi/lib/thumb/v7e-m/fpv4-sp/hard/libm.a(lib_a-s_nan.o)
                0x000000000800b8c8                nan
 .text.rint     0x000000000800b8d8      0x110 /home/valentyn/Programs/SW/plugins/fr.ac6.mcu.externaltools.arm-none.linux64_1.17.0.201812190825/tools/compiler/bin/../lib/gcc/arm-none-eabi/7.3.1/../../../../arm-none-eabi/lib/thumb/v7e-m/fpv4-sp/hard/libm.a(lib_a-s_rint.o)
                0x000000000800b8d8                rint
 .text.scalbn   0x000000000800b9e8      0x114 /home/valentyn/Programs/SW/plugins/fr.ac6.mcu.externaltools.arm-none.linux64_1.17.0.201812190825/tools/compiler/bin/../lib/gcc/arm-none-eabi/7.3.1/../../../../arm-none-eabi/lib/thumb/v7e-m/fpv4-sp/hard/libm.a(lib_a-s_scalbn.o)
                0x000000000800b9e8                scalbn
 .text.fabsf    0x000000000800bafc       0x10 /home/valentyn/Programs/SW/plugins/fr.ac6.mcu.externaltools.arm-none.linux64_1.17.0.201812190825/tools/compiler/bin/../lib/gcc/arm-none-eabi/7.3.1/../../../../arm-none-eabi/lib/thumb/v7e-m/fpv4-sp/hard/libm.a(lib_a-sf_fabs.o)
                0x000000000800bafc                fabsf
 .text.finitef  0x000000000800bb0c       0x14 /home/valentyn/Programs/SW/plugins/fr.ac6.mcu.externaltools.arm-none.linux64_1.17.0.201812190825/tools/compiler/bin/../lib/gcc/arm-none-eabi/7.3.1/../../../../arm-none-eabi/lib/thumb/v7e-m/fpv4-sp/hard/libm.a(lib_a-sf_finite.o)
                0x000000000800bb0c                finitef
 .text.nanf     0x000000000800bb20        0xc /home/valentyn/Programs/SW/plugins/fr.ac6.mcu.externaltools.arm-none.linux64_1.17.0.201812190825/tools/compiler/bin/../lib/gcc/arm-none-eabi/7.3.1/../../../../arm-none-eabi/lib/thumb/v7e-m/fpv4-sp/hard/libm.a(lib_a-sf_nan.o)
                0x000000000800bb20                nanf
 .text.rintf    0x000000000800bb2c       0xc0 /home/valentyn/Programs/SW/plugins/fr.ac6.mcu.externaltools.arm-none.linux64_1.17.0.201812190825/tools/compiler/bin/../lib/gcc/arm-none-eabi/7.3.1/../../../../arm-none-eabi/lib/thumb/v7e-m/fpv4-sp/hard/libm.a(lib_a-sf_rint.o)
                0x000000000800bb2c                rintf
 .text.scalbnf  0x000000000800bbec       0xd0 /home/valentyn/Programs/SW/plugins/fr.ac6.mcu.externaltools.arm-none.linux64_1.17.0.201812190825/tools/compiler/bin/../lib/gcc/arm-none-eabi/7.3.1/../../../../arm-none-eabi/lib/thumb/v7e-m/fpv4-sp/hard/libm.a(lib_a-sf_scalbn.o)
                0x000000000800bbec                scalbnf
 .text.copysign
                0x000000000800bcbc       0x1c /home/valentyn/Programs/SW/plugins/fr.ac6.mcu.externaltools.arm-none.linux64_1.17.0.201812190825/tools/compiler/bin/../lib/gcc/arm-none-eabi/7.3.1/../../../../arm-none-eabi/lib/thumb/v7e-m/fpv4-sp/hard/libm.a(lib_a-s_copysign.o)
                0x000000000800bcbc                copysign
 .text.copysignf
                0x000000000800bcd8       0x18 /home/valentyn/Programs/SW/plugins/fr.ac6.mcu.externaltools.arm-none.linux64_1.17.0.201812190825/tools/compiler/bin/../lib/gcc/arm-none-eabi/7.3.1/../../../../arm-none-eabi/lib/thumb/v7e-m/fpv4-sp/hard/libm.a(lib_a-sf_copysign.o)
                0x000000000800bcd8                copysignf
 .text.atof     0x000000000800bcf0        0x8 /home/valentyn/Programs/SW/plugins/fr.ac6.mcu.externaltools.arm-none.linux64_1.17.0.201812190825/tools/compiler/bin/../lib/gcc/arm-none-eabi/7.3.1/../../../../arm-none-eabi/lib/thumb/v7e-m/fpv4-sp/hard/libc.a(lib_a-atof.o)
                0x000000000800bcf0                atof
 .text.atoi     0x000000000800bcf8        0x8 /home/valentyn/Programs/SW/plugins/fr.ac6.mcu.externaltools.arm-none.linux64_1.17.0.201812190825/tools/compiler/bin/../lib/gcc/arm-none-eabi/7.3.1/../../../../arm-none-eabi/lib/thumb/v7e-m/fpv4-sp/hard/libc.a(lib_a-atoi.o)
                0x000000000800bcf8                atoi
 .text.__errno  0x000000000800bd00        0xc /home/valentyn/Programs/SW/plugins/fr.ac6.mcu.externaltools.arm-none.linux64_1.17.0.201812190825/tools/compiler/bin/../lib/gcc/arm-none-eabi/7.3.1/../../../../arm-none-eabi/lib/thumb/v7e-m/fpv4-sp/hard/libc.a(lib_a-errno.o)
                0x000000000800bd00                __errno
 .text.__libc_init_array
                0x000000000800bd0c       0x48 /home/valentyn/Programs/SW/plugins/fr.ac6.mcu.externaltools.arm-none.linux64_1.17.0.201812190825/tools/compiler/bin/../lib/gcc/arm-none-eabi/7.3.1/../../../../arm-none-eabi/lib/thumb/v7e-m/fpv4-sp/hard/libc.a(lib_a-init.o)
                0x000000000800bd0c                __libc_init_array
 .text.__itoa   0x000000000800bd54       0x38 /home/valentyn/Programs/SW/plugins/fr.ac6.mcu.externaltools.arm-none.linux64_1.17.0.201812190825/tools/compiler/bin/../lib/gcc/arm-none-eabi/7.3.1/../../../../arm-none-eabi/lib/thumb/v7e-m/fpv4-sp/hard/libc.a(lib_a-itoa.o)
                0x000000000800bd54                __itoa
 .text.itoa     0x000000000800bd8c        0x4 /home/valentyn/Programs/SW/plugins/fr.ac6.mcu.externaltools.arm-none.linux64_1.17.0.201812190825/tools/compiler/bin/../lib/gcc/arm-none-eabi/7.3.1/../../../../arm-none-eabi/lib/thumb/v7e-m/fpv4-sp/hard/libc.a(lib_a-itoa.o)
                0x000000000800bd8c                itoa
 .text.memset   0x000000000800bd90       0x94 /home/valentyn/Programs/SW/plugins/fr.ac6.mcu.externaltools.arm-none.linux64_1.17.0.201812190825/tools/compiler/bin/../lib/gcc/arm-none-eabi/7.3.1/../../../../arm-none-eabi/lib/thumb/v7e-m/fpv4-sp/hard/libc.a(lib_a-memset.o)
                0x000000000800bd90                memset
 .text.strchr   0x000000000800be24       0xe8 /home/valentyn/Programs/SW/plugins/fr.ac6.mcu.externaltools.arm-none.linux64_1.17.0.201812190825/tools/compiler/bin/../lib/gcc/arm-none-eabi/7.3.1/../../../../arm-none-eabi/lib/thumb/v7e-m/fpv4-sp/hard/libc.a(lib_a-strchr.o)
                0x000000000800be24                strchr
 .text.strcpy   0x000000000800bf0c       0xbc /home/valentyn/Programs/SW/plugins/fr.ac6.mcu.externaltools.arm-none.linux64_1.17.0.201812190825/tools/compiler/bin/../lib/gcc/arm-none-eabi/7.3.1/../../../../arm-none-eabi/lib/thumb/v7e-m/fpv4-sp/hard/libc.a(lib_a-strcpy.o)
                0x000000000800bf0c                strcpy
 .text.strncpy  0x000000000800bfc8       0x64 /home/valentyn/Programs/SW/plugins/fr.ac6.mcu.externaltools.arm-none.linux64_1.17.0.201812190825/tools/compiler/bin/../lib/gcc/arm-none-eabi/7.3.1/../../../../arm-none-eabi/lib/thumb/v7e-m/fpv4-sp/hard/libc.a(lib_a-strncpy.o)
                0x000000000800bfc8                strncpy
 .text.critical_factorization
                0x000000000800c02c       0xb4 /home/valentyn/Programs/SW/plugins/fr.ac6.mcu.externaltools.arm-none.linux64_1.17.0.201812190825/tools/compiler/bin/../lib/gcc/arm-none-eabi/7.3.1/../../../../arm-none-eabi/lib/thumb/v7e-m/fpv4-sp/hard/libc.a(lib_a-strstr.o)
 .text.two_way_long_needle
                0x000000000800c0e0      0x1f8 /home/valentyn/Programs/SW/plugins/fr.ac6.mcu.externaltools.arm-none.linux64_1.17.0.201812190825/tools/compiler/bin/../lib/gcc/arm-none-eabi/7.3.1/../../../../arm-none-eabi/lib/thumb/v7e-m/fpv4-sp/hard/libc.a(lib_a-strstr.o)
 .text.strstr   0x000000000800c2d8      0x1f8 /home/valentyn/Programs/SW/plugins/fr.ac6.mcu.externaltools.arm-none.linux64_1.17.0.201812190825/tools/compiler/bin/../lib/gcc/arm-none-eabi/7.3.1/../../../../arm-none-eabi/lib/thumb/v7e-m/fpv4-sp/hard/libc.a(lib_a-strstr.o)
                0x000000000800c2d8                strstr
 .text.unlikely.sulp
                0x000000000800c4d0       0x38 /home/valentyn/Programs/SW/plugins/fr.ac6.mcu.externaltools.arm-none.linux64_1.17.0.201812190825/tools/compiler/bin/../lib/gcc/arm-none-eabi/7.3.1/../../../../arm-none-eabi/lib/thumb/v7e-m/fpv4-sp/hard/libc.a(lib_a-strtod.o)
 .text._strtod_l
                0x000000000800c508      0xf1c /home/valentyn/Programs/SW/plugins/fr.ac6.mcu.externaltools.arm-none.linux64_1.17.0.201812190825/tools/compiler/bin/../lib/gcc/arm-none-eabi/7.3.1/../../../../arm-none-eabi/lib/thumb/v7e-m/fpv4-sp/hard/libc.a(lib_a-strtod.o)
                0x000000000800c508                _strtod_l
 .text.strtod   0x000000000800d424       0x24 /home/valentyn/Programs/SW/plugins/fr.ac6.mcu.externaltools.arm-none.linux64_1.17.0.201812190825/tools/compiler/bin/../lib/gcc/arm-none-eabi/7.3.1/../../../../arm-none-eabi/lib/thumb/v7e-m/fpv4-sp/hard/libc.a(lib_a-strtod.o)
                0x000000000800d424                strtod
 .text.strtok   0x000000000800d448       0x10 /home/valentyn/Programs/SW/plugins/fr.ac6.mcu.externaltools.arm-none.linux64_1.17.0.201812190825/tools/compiler/bin/../lib/gcc/arm-none-eabi/7.3.1/../../../../arm-none-eabi/lib/thumb/v7e-m/fpv4-sp/hard/libc.a(lib_a-strtok.o)
                0x000000000800d448                strtok
 .text.__strtok_r
                0x000000000800d458       0x64 /home/valentyn/Programs/SW/plugins/fr.ac6.mcu.externaltools.arm-none.linux64_1.17.0.201812190825/tools/compiler/bin/../lib/gcc/arm-none-eabi/7.3.1/../../../../arm-none-eabi/lib/thumb/v7e-m/fpv4-sp/hard/libc.a(lib_a-strtok_r.o)
                0x000000000800d458                __strtok_r
 .text._strtol_l.isra.0
                0x000000000800d4bc      0x124 /home/valentyn/Programs/SW/plugins/fr.ac6.mcu.externaltools.arm-none.linux64_1.17.0.201812190825/tools/compiler/bin/../lib/gcc/arm-none-eabi/7.3.1/../../../../arm-none-eabi/lib/thumb/v7e-m/fpv4-sp/hard/libc.a(lib_a-strtol.o)
 .text.strtol   0x000000000800d5e0       0x2c /home/valentyn/Programs/SW/plugins/fr.ac6.mcu.externaltools.arm-none.linux64_1.17.0.201812190825/tools/compiler/bin/../lib/gcc/arm-none-eabi/7.3.1/../../../../arm-none-eabi/lib/thumb/v7e-m/fpv4-sp/hard/libc.a(lib_a-strtol.o)
                0x000000000800d5e0                strtol
 .text.__utoa   0x000000000800d60c       0x80 /home/valentyn/Programs/SW/plugins/fr.ac6.mcu.externaltools.arm-none.linux64_1.17.0.201812190825/tools/compiler/bin/../lib/gcc/arm-none-eabi/7.3.1/../../../../arm-none-eabi/lib/thumb/v7e-m/fpv4-sp/hard/libc.a(lib_a-utoa.o)
                0x000000000800d60c                __utoa
 .text.startup.register_fini
                0x000000000800d68c       0x14 /home/valentyn/Programs/SW/plugins/fr.ac6.mcu.externaltools.arm-none.linux64_1.17.0.201812190825/tools/compiler/bin/../lib/gcc/arm-none-eabi/7.3.1/../../../../arm-none-eabi/lib/thumb/v7e-m/fpv4-sp/hard/libc.a(lib_a-__call_atexit.o)
 .text.atexit   0x000000000800d6a0        0xc /home/valentyn/Programs/SW/plugins/fr.ac6.mcu.externaltools.arm-none.linux64_1.17.0.201812190825/tools/compiler/bin/../lib/gcc/arm-none-eabi/7.3.1/../../../../arm-none-eabi/lib/thumb/v7e-m/fpv4-sp/hard/libc.a(lib_a-atexit.o)
                0x000000000800d6a0                atexit
 .text.__libc_fini_array
                0x000000000800d6ac       0x34 /home/valentyn/Programs/SW/plugins/fr.ac6.mcu.externaltools.arm-none.linux64_1.17.0.201812190825/tools/compiler/bin/../lib/gcc/arm-none-eabi/7.3.1/../../../../arm-none-eabi/lib/thumb/v7e-m/fpv4-sp/hard/libc.a(lib_a-fini.o)
                0x000000000800d6ac                __libc_fini_array
 .text.rshift   0x000000000800d6e0       0xb0 /home/valentyn/Programs/SW/plugins/fr.ac6.mcu.externaltools.arm-none.linux64_1.17.0.201812190825/tools/compiler/bin/../lib/gcc/arm-none-eabi/7.3.1/../../../../arm-none-eabi/lib/thumb/v7e-m/fpv4-sp/hard/libc.a(lib_a-gdtoa-gethex.o)
 .text.__gethex
                0x000000000800d790      0x520 /home/valentyn/Programs/SW/plugins/fr.ac6.mcu.externaltools.arm-none.linux64_1.17.0.201812190825/tools/compiler/bin/../lib/gcc/arm-none-eabi/7.3.1/../../../../arm-none-eabi/lib/thumb/v7e-m/fpv4-sp/hard/libc.a(lib_a-gdtoa-gethex.o)
                0x000000000800d790                __gethex
 .text.__match  0x000000000800dcb0       0x30 /home/valentyn/Programs/SW/plugins/fr.ac6.mcu.externaltools.arm-none.linux64_1.17.0.201812190825/tools/compiler/bin/../lib/gcc/arm-none-eabi/7.3.1/../../../../arm-none-eabi/lib/thumb/v7e-m/fpv4-sp/hard/libc.a(lib_a-gdtoa-hexnan.o)
                0x000000000800dcb0                __match
 .text.__hexnan
                0x000000000800dce0      0x1a0 /home/valentyn/Programs/SW/plugins/fr.ac6.mcu.externaltools.arm-none.linux64_1.17.0.201812190825/tools/compiler/bin/../lib/gcc/arm-none-eabi/7.3.1/../../../../arm-none-eabi/lib/thumb/v7e-m/fpv4-sp/hard/libc.a(lib_a-gdtoa-hexnan.o)
                0x000000000800dce0                __hexnan
 .text.__locale_ctype_ptr_l
                0x000000000800de80        0x8 /home/valentyn/Programs/SW/plugins/fr.ac6.mcu.externaltools.arm-none.linux64_1.17.0.201812190825/tools/compiler/bin/../lib/gcc/arm-none-eabi/7.3.1/../../../../arm-none-eabi/lib/thumb/v7e-m/fpv4-sp/hard/libc.a(lib_a-locale.o)
                0x000000000800de80                __locale_ctype_ptr_l
 .text.__localeconv_l
                0x000000000800de88        0x4 /home/valentyn/Programs/SW/plugins/fr.ac6.mcu.externaltools.arm-none.linux64_1.17.0.201812190825/tools/compiler/bin/../lib/gcc/arm-none-eabi/7.3.1/../../../../arm-none-eabi/lib/thumb/v7e-m/fpv4-sp/hard/libc.a(lib_a-localeconv.o)
                0x000000000800de88                __localeconv_l
 .text.__retarget_lock_acquire_recursive
                0x000000000800de8c        0x4 /home/valentyn/Programs/SW/plugins/fr.ac6.mcu.externaltools.arm-none.linux64_1.17.0.201812190825/tools/compiler/bin/../lib/gcc/arm-none-eabi/7.3.1/../../../../arm-none-eabi/lib/thumb/v7e-m/fpv4-sp/hard/libc.a(lib_a-lock.o)
                0x000000000800de8c                __retarget_lock_acquire_recursive
 .text.__retarget_lock_release_recursive
                0x000000000800de90        0x4 /home/valentyn/Programs/SW/plugins/fr.ac6.mcu.externaltools.arm-none.linux64_1.17.0.201812190825/tools/compiler/bin/../lib/gcc/arm-none-eabi/7.3.1/../../../../arm-none-eabi/lib/thumb/v7e-m/fpv4-sp/hard/libc.a(lib_a-lock.o)
                0x000000000800de90                __retarget_lock_release_recursive
 .text.__ascii_mbtowc
                0x000000000800de94       0x2c /home/valentyn/Programs/SW/plugins/fr.ac6.mcu.externaltools.arm-none.linux64_1.17.0.201812190825/tools/compiler/bin/../lib/gcc/arm-none-eabi/7.3.1/../../../../arm-none-eabi/lib/thumb/v7e-m/fpv4-sp/hard/libc.a(lib_a-mbtowc_r.o)
                0x000000000800de94                __ascii_mbtowc
 .text.memcmp   0x000000000800dec0       0x64 /home/valentyn/Programs/SW/plugins/fr.ac6.mcu.externaltools.arm-none.linux64_1.17.0.201812190825/tools/compiler/bin/../lib/gcc/arm-none-eabi/7.3.1/../../../../arm-none-eabi/lib/thumb/v7e-m/fpv4-sp/hard/libc.a(lib_a-memcmp.o)
                0x000000000800dec0                memcmp
 .text._Balloc  0x000000000800df24       0x4c /home/valentyn/Programs/SW/plugins/fr.ac6.mcu.externaltools.arm-none.linux64_1.17.0.201812190825/tools/compiler/bin/../lib/gcc/arm-none-eabi/7.3.1/../../../../arm-none-eabi/lib/thumb/v7e-m/fpv4-sp/hard/libc.a(lib_a-mprec.o)
                0x000000000800df24                _Balloc
 .text._Bfree   0x000000000800df70       0x14 /home/valentyn/Programs/SW/plugins/fr.ac6.mcu.externaltools.arm-none.linux64_1.17.0.201812190825/tools/compiler/bin/../lib/gcc/arm-none-eabi/7.3.1/../../../../arm-none-eabi/lib/thumb/v7e-m/fpv4-sp/hard/libc.a(lib_a-mprec.o)
                0x000000000800df70                _Bfree
 .text.__multadd
                0x000000000800df84       0x80 /home/valentyn/Programs/SW/plugins/fr.ac6.mcu.externaltools.arm-none.linux64_1.17.0.201812190825/tools/compiler/bin/../lib/gcc/arm-none-eabi/7.3.1/../../../../arm-none-eabi/lib/thumb/v7e-m/fpv4-sp/hard/libc.a(lib_a-mprec.o)
                0x000000000800df84                __multadd
 .text.__s2b    0x000000000800e004       0x98 /home/valentyn/Programs/SW/plugins/fr.ac6.mcu.externaltools.arm-none.linux64_1.17.0.201812190825/tools/compiler/bin/../lib/gcc/arm-none-eabi/7.3.1/../../../../arm-none-eabi/lib/thumb/v7e-m/fpv4-sp/hard/libc.a(lib_a-mprec.o)
                0x000000000800e004                __s2b
 .text.__hi0bits
                0x000000000800e09c       0x40 /home/valentyn/Programs/SW/plugins/fr.ac6.mcu.externaltools.arm-none.linux64_1.17.0.201812190825/tools/compiler/bin/../lib/gcc/arm-none-eabi/7.3.1/../../../../arm-none-eabi/lib/thumb/v7e-m/fpv4-sp/hard/libc.a(lib_a-mprec.o)
                0x000000000800e09c                __hi0bits
 .text.__lo0bits
                0x000000000800e0dc       0x60 /home/valentyn/Programs/SW/plugins/fr.ac6.mcu.externaltools.arm-none.linux64_1.17.0.201812190825/tools/compiler/bin/../lib/gcc/arm-none-eabi/7.3.1/../../../../arm-none-eabi/lib/thumb/v7e-m/fpv4-sp/hard/libc.a(lib_a-mprec.o)
                0x000000000800e0dc                __lo0bits
 .text.__i2b    0x000000000800e13c       0x14 /home/valentyn/Programs/SW/plugins/fr.ac6.mcu.externaltools.arm-none.linux64_1.17.0.201812190825/tools/compiler/bin/../lib/gcc/arm-none-eabi/7.3.1/../../../../arm-none-eabi/lib/thumb/v7e-m/fpv4-sp/hard/libc.a(lib_a-mprec.o)
                0x000000000800e13c                __i2b
 .text.__multiply
                0x000000000800e150      0x14c /home/valentyn/Programs/SW/plugins/fr.ac6.mcu.externaltools.arm-none.linux64_1.17.0.201812190825/tools/compiler/bin/../lib/gcc/arm-none-eabi/7.3.1/../../../../arm-none-eabi/lib/thumb/v7e-m/fpv4-sp/hard/libc.a(lib_a-mprec.o)
                0x000000000800e150                __multiply
 .text.__pow5mult
                0x000000000800e29c       0xa0 /home/valentyn/Programs/SW/plugins/fr.ac6.mcu.externaltools.arm-none.linux64_1.17.0.201812190825/tools/compiler/bin/../lib/gcc/arm-none-eabi/7.3.1/../../../../arm-none-eabi/lib/thumb/v7e-m/fpv4-sp/hard/libc.a(lib_a-mprec.o)
                0x000000000800e29c                __pow5mult
 .text.__lshift
                0x000000000800e33c       0xac /home/valentyn/Programs/SW/plugins/fr.ac6.mcu.externaltools.arm-none.linux64_1.17.0.201812190825/tools/compiler/bin/../lib/gcc/arm-none-eabi/7.3.1/../../../../arm-none-eabi/lib/thumb/v7e-m/fpv4-sp/hard/libc.a(lib_a-mprec.o)
                0x000000000800e33c                __lshift
 .text.__mcmp   0x000000000800e3e8       0x38 /home/valentyn/Programs/SW/plugins/fr.ac6.mcu.externaltools.arm-none.linux64_1.17.0.201812190825/tools/compiler/bin/../lib/gcc/arm-none-eabi/7.3.1/../../../../arm-none-eabi/lib/thumb/v7e-m/fpv4-sp/hard/libc.a(lib_a-mprec.o)
                0x000000000800e3e8                __mcmp
 .text.__mdiff  0x000000000800e420       0xec /home/valentyn/Programs/SW/plugins/fr.ac6.mcu.externaltools.arm-none.linux64_1.17.0.201812190825/tools/compiler/bin/../lib/gcc/arm-none-eabi/7.3.1/../../../../arm-none-eabi/lib/thumb/v7e-m/fpv4-sp/hard/libc.a(lib_a-mprec.o)
                0x000000000800e420                __mdiff
 .text.__ulp    0x000000000800e50c       0x54 /home/valentyn/Programs/SW/plugins/fr.ac6.mcu.externaltools.arm-none.linux64_1.17.0.201812190825/tools/compiler/bin/../lib/gcc/arm-none-eabi/7.3.1/../../../../arm-none-eabi/lib/thumb/v7e-m/fpv4-sp/hard/libc.a(lib_a-mprec.o)
                0x000000000800e50c                __ulp
 .text.__b2d    0x000000000800e560       0xbc /home/valentyn/Programs/SW/plugins/fr.ac6.mcu.externaltools.arm-none.linux64_1.17.0.201812190825/tools/compiler/bin/../lib/gcc/arm-none-eabi/7.3.1/../../../../arm-none-eabi/lib/thumb/v7e-m/fpv4-sp/hard/libc.a(lib_a-mprec.o)
                0x000000000800e560                __b2d
 .text.__d2b    0x000000000800e61c       0xc4 /home/valentyn/Programs/SW/plugins/fr.ac6.mcu.externaltools.arm-none.linux64_1.17.0.201812190825/tools/compiler/bin/../lib/gcc/arm-none-eabi/7.3.1/../../../../arm-none-eabi/lib/thumb/v7e-m/fpv4-sp/hard/libc.a(lib_a-mprec.o)
                0x000000000800e61c                __d2b
 .text.__ratio  0x000000000800e6e0       0x60 /home/valentyn/Programs/SW/plugins/fr.ac6.mcu.externaltools.arm-none.linux64_1.17.0.201812190825/tools/compiler/bin/../lib/gcc/arm-none-eabi/7.3.1/../../../../arm-none-eabi/lib/thumb/v7e-m/fpv4-sp/hard/libc.a(lib_a-mprec.o)
                0x000000000800e6e0                __ratio
 .text.__copybits
                0x000000000800e740       0x48 /home/valentyn/Programs/SW/plugins/fr.ac6.mcu.externaltools.arm-none.linux64_1.17.0.201812190825/tools/compiler/bin/../lib/gcc/arm-none-eabi/7.3.1/../../../../arm-none-eabi/lib/thumb/v7e-m/fpv4-sp/hard/libc.a(lib_a-mprec.o)
                0x000000000800e740                __copybits
 .text.__any_on
                0x000000000800e788       0x58 /home/valentyn/Programs/SW/plugins/fr.ac6.mcu.externaltools.arm-none.linux64_1.17.0.201812190825/tools/compiler/bin/../lib/gcc/arm-none-eabi/7.3.1/../../../../arm-none-eabi/lib/thumb/v7e-m/fpv4-sp/hard/libc.a(lib_a-mprec.o)
                0x000000000800e788                __any_on
 .text.strncmp  0x000000000800e7e0       0x98 /home/valentyn/Programs/SW/plugins/fr.ac6.mcu.externaltools.arm-none.linux64_1.17.0.201812190825/tools/compiler/bin/../lib/gcc/arm-none-eabi/7.3.1/../../../../arm-none-eabi/lib/thumb/v7e-m/fpv4-sp/hard/libc.a(lib_a-strncmp.o)
                0x000000000800e7e0                strncmp
 .text.__ascii_wctomb
                0x000000000800e878       0x1c /home/valentyn/Programs/SW/plugins/fr.ac6.mcu.externaltools.arm-none.linux64_1.17.0.201812190825/tools/compiler/bin/../lib/gcc/arm-none-eabi/7.3.1/../../../../arm-none-eabi/lib/thumb/v7e-m/fpv4-sp/hard/libc.a(lib_a-wctomb_r.o)
                0x000000000800e878                __ascii_wctomb
 .text.__register_exitproc
                0x000000000800e894       0xc0 /home/valentyn/Programs/SW/plugins/fr.ac6.mcu.externaltools.arm-none.linux64_1.17.0.201812190825/tools/compiler/bin/../lib/gcc/arm-none-eabi/7.3.1/../../../../arm-none-eabi/lib/thumb/v7e-m/fpv4-sp/hard/libc.a(lib_a-__atexit.o)
                0x000000000800e894                __register_exitproc
 .text._calloc_r
                0x000000000800e954       0x68 /home/valentyn/Programs/SW/plugins/fr.ac6.mcu.externaltools.arm-none.linux64_1.17.0.201812190825/tools/compiler/bin/../lib/gcc/arm-none-eabi/7.3.1/../../../../arm-none-eabi/lib/thumb/v7e-m/fpv4-sp/hard/libc.a(lib_a-callocr.o)
                0x000000000800e954                _calloc_r
 .text._malloc_r
                0x000000000800e9bc      0x548 /home/valentyn/Programs/SW/plugins/fr.ac6.mcu.externaltools.arm-none.linux64_1.17.0.201812190825/tools/compiler/bin/../lib/gcc/arm-none-eabi/7.3.1/../../../../arm-none-eabi/lib/thumb/v7e-m/fpv4-sp/hard/libc.a(lib_a-mallocr.o)
                0x000000000800e9bc                _malloc_r
 .text.__malloc_lock
                0x000000000800ef04        0xc /home/valentyn/Programs/SW/plugins/fr.ac6.mcu.externaltools.arm-none.linux64_1.17.0.201812190825/tools/compiler/bin/../lib/gcc/arm-none-eabi/7.3.1/../../../../arm-none-eabi/lib/thumb/v7e-m/fpv4-sp/hard/libc.a(lib_a-mlock.o)
                0x000000000800ef04                __malloc_lock
 .text.__malloc_unlock
                0x000000000800ef10        0xc /home/valentyn/Programs/SW/plugins/fr.ac6.mcu.externaltools.arm-none.linux64_1.17.0.201812190825/tools/compiler/bin/../lib/gcc/arm-none-eabi/7.3.1/../../../../arm-none-eabi/lib/thumb/v7e-m/fpv4-sp/hard/libc.a(lib_a-mlock.o)
                0x000000000800ef10                __malloc_unlock
 .text._sbrk_r  0x000000000800ef1c       0x24 /home/valentyn/Programs/SW/plugins/fr.ac6.mcu.externaltools.arm-none.linux64_1.17.0.201812190825/tools/compiler/bin/../lib/gcc/arm-none-eabi/7.3.1/../../../../arm-none-eabi/lib/thumb/v7e-m/fpv4-sp/hard/libc.a(lib_a-sbrkr.o)
                0x000000000800ef1c                _sbrk_r
 .text._malloc_trim_r
                0x000000000800ef40       0xa0 /home/valentyn/Programs/SW/plugins/fr.ac6.mcu.externaltools.arm-none.linux64_1.17.0.201812190825/tools/compiler/bin/../lib/gcc/arm-none-eabi/7.3.1/../../../../arm-none-eabi/lib/thumb/v7e-m/fpv4-sp/hard/libc.a(lib_a-freer.o)
                0x000000000800ef40                _malloc_trim_r
 .text._free_r  0x000000000800efe0      0x1e8 /home/valentyn/Programs/SW/plugins/fr.ac6.mcu.externaltools.arm-none.linux64_1.17.0.201812190825/tools/compiler/bin/../lib/gcc/arm-none-eabi/7.3.1/../../../../arm-none-eabi/lib/thumb/v7e-m/fpv4-sp/hard/libc.a(lib_a-freer.o)
                0x000000000800efe0                _free_r
 *(.glue_7)
 .glue_7        0x000000000800f1c8        0x0 linker stubs
 *(.glue_7t)
 .glue_7t       0x000000000800f1c8        0x0 linker stubs
 *(.eh_frame)
 .eh_frame      0x000000000800f1c8        0x0 /home/valentyn/Programs/SW/plugins/fr.ac6.mcu.externaltools.arm-none.linux64_1.17.0.201812190825/tools/compiler/bin/../lib/gcc/arm-none-eabi/7.3.1/thumb/v7e-m/fpv4-sp/hard/crtbegin.o
 *(.init)
 .init          0x000000000800f1c8        0x4 /home/valentyn/Programs/SW/plugins/fr.ac6.mcu.externaltools.arm-none.linux64_1.17.0.201812190825/tools/compiler/bin/../lib/gcc/arm-none-eabi/7.3.1/thumb/v7e-m/fpv4-sp/hard/crti.o
                0x000000000800f1c8                _init
 .init          0x000000000800f1cc        0x8 /home/valentyn/Programs/SW/plugins/fr.ac6.mcu.externaltools.arm-none.linux64_1.17.0.201812190825/tools/compiler/bin/../lib/gcc/arm-none-eabi/7.3.1/thumb/v7e-m/fpv4-sp/hard/crtn.o
 *(.fini)
 .fini          0x000000000800f1d4        0x4 /home/valentyn/Programs/SW/plugins/fr.ac6.mcu.externaltools.arm-none.linux64_1.17.0.201812190825/tools/compiler/bin/../lib/gcc/arm-none-eabi/7.3.1/thumb/v7e-m/fpv4-sp/hard/crti.o
                0x000000000800f1d4                _fini
 .fini          0x000000000800f1d8        0x8 /home/valentyn/Programs/SW/plugins/fr.ac6.mcu.externaltools.arm-none.linux64_1.17.0.201812190825/tools/compiler/bin/../lib/gcc/arm-none-eabi/7.3.1/thumb/v7e-m/fpv4-sp/hard/crtn.o
                0x000000000800f1e0                . = ALIGN (0x4)
                0x000000000800f1e0                _etext = .

.vfp11_veneer   0x000000000800f1e0        0x0
 .vfp11_veneer  0x000000000800f1e0        0x0 linker stubs

.v4_bx          0x000000000800f1e0        0x0
 .v4_bx         0x000000000800f1e0        0x0 linker stubs

.iplt           0x000000000800f1e0        0x0
 .iplt          0x000000000800f1e0        0x0 /home/valentyn/Programs/SW/plugins/fr.ac6.mcu.externaltools.arm-none.linux64_1.17.0.201812190825/tools/compiler/bin/../lib/gcc/arm-none-eabi/7.3.1/thumb/v7e-m/fpv4-sp/hard/crtbegin.o

.rodata         0x000000000800f1e0      0x7c8
                0x000000000800f1e0                . = ALIGN (0x4)
 *(.rodata)
 .rodata        0x000000000800f1e0        0x5 RTOS/src/tasks.o
 *fill*         0x000000000800f1e5        0x3 
 .rodata        0x000000000800f1e8        0xd RTOS/src/timers.o
 *fill*         0x000000000800f1f5        0x3 
 .rodata        0x000000000800f1f8       0x80 src/ABLine.o
 .rodata        0x000000000800f278        0xa src/gpio.o
 *fill*         0x000000000800f282        0x2 
 .rodata        0x000000000800f284       0x33 src/main.o
 *fill*         0x000000000800f2b7        0x1 
 .rodata        0x000000000800f2b8       0x32 src/nmea.o
                0x000000000800f2c0                sm_a
                0x000000000800f2c8                sm_b
                0x000000000800f2d0                UTMScaleFactor
                0x000000000800f2d8                koef
 *fill*         0x000000000800f2ea        0x2 
 .rodata        0x000000000800f2ec       0x56 src/periph.o
 *fill*         0x000000000800f342        0x2 
 .rodata        0x000000000800f344       0x77 src/stm_tasks.o
 *(.rodata*)
 *fill*         0x000000000800f3bb        0x5 
 .rodata.atanhi
                0x000000000800f3c0       0x20 /home/valentyn/Programs/SW/plugins/fr.ac6.mcu.externaltools.arm-none.linux64_1.17.0.201812190825/tools/compiler/bin/../lib/gcc/arm-none-eabi/7.3.1/../../../../arm-none-eabi/lib/thumb/v7e-m/fpv4-sp/hard/libm.a(lib_a-s_atan.o)
 .rodata.atanlo
                0x000000000800f3e0       0x20 /home/valentyn/Programs/SW/plugins/fr.ac6.mcu.externaltools.arm-none.linux64_1.17.0.201812190825/tools/compiler/bin/../lib/gcc/arm-none-eabi/7.3.1/../../../../arm-none-eabi/lib/thumb/v7e-m/fpv4-sp/hard/libm.a(lib_a-s_atan.o)
 .rodata.pow.str1.4
                0x000000000800f400        0x4 /home/valentyn/Programs/SW/plugins/fr.ac6.mcu.externaltools.arm-none.linux64_1.17.0.201812190825/tools/compiler/bin/../lib/gcc/arm-none-eabi/7.3.1/../../../../arm-none-eabi/lib/thumb/v7e-m/fpv4-sp/hard/libm.a(lib_a-w_pow.o)
 .rodata.sqrt.str1.4
                0x000000000800f404        0x5 /home/valentyn/Programs/SW/plugins/fr.ac6.mcu.externaltools.arm-none.linux64_1.17.0.201812190825/tools/compiler/bin/../lib/gcc/arm-none-eabi/7.3.1/../../../../arm-none-eabi/lib/thumb/v7e-m/fpv4-sp/hard/libm.a(lib_a-w_sqrt.o)
 *fill*         0x000000000800f409        0x3 
 .rodata.powf.str1.4
                0x000000000800f40c        0x5 /home/valentyn/Programs/SW/plugins/fr.ac6.mcu.externaltools.arm-none.linux64_1.17.0.201812190825/tools/compiler/bin/../lib/gcc/arm-none-eabi/7.3.1/../../../../arm-none-eabi/lib/thumb/v7e-m/fpv4-sp/hard/libm.a(lib_a-wf_pow.o)
 .rodata.__ieee754_pow.str1.4
                0x000000000800f411        0x5 /home/valentyn/Programs/SW/plugins/fr.ac6.mcu.externaltools.arm-none.linux64_1.17.0.201812190825/tools/compiler/bin/../lib/gcc/arm-none-eabi/7.3.1/../../../../arm-none-eabi/lib/thumb/v7e-m/fpv4-sp/hard/libm.a(lib_a-e_pow.o)
                                          0x1 (size before relaxing)
 *fill*         0x000000000800f411        0x3 
 .rodata.npio2_hw
                0x000000000800f414       0x80 /home/valentyn/Programs/SW/plugins/fr.ac6.mcu.externaltools.arm-none.linux64_1.17.0.201812190825/tools/compiler/bin/../lib/gcc/arm-none-eabi/7.3.1/../../../../arm-none-eabi/lib/thumb/v7e-m/fpv4-sp/hard/libm.a(lib_a-e_rem_pio2.o)
 .rodata.two_over_pi
                0x000000000800f494      0x108 /home/valentyn/Programs/SW/plugins/fr.ac6.mcu.externaltools.arm-none.linux64_1.17.0.201812190825/tools/compiler/bin/../lib/gcc/arm-none-eabi/7.3.1/../../../../arm-none-eabi/lib/thumb/v7e-m/fpv4-sp/hard/libm.a(lib_a-e_rem_pio2.o)
 .rodata.__ieee754_powf.str1.4
                0x000000000800f59c        0x1 /home/valentyn/Programs/SW/plugins/fr.ac6.mcu.externaltools.arm-none.linux64_1.17.0.201812190825/tools/compiler/bin/../lib/gcc/arm-none-eabi/7.3.1/../../../../arm-none-eabi/lib/thumb/v7e-m/fpv4-sp/hard/libm.a(lib_a-ef_pow.o)
 *fill*         0x000000000800f59c        0x4 
 .rodata.PIo2   0x000000000800f5a0       0x40 /home/valentyn/Programs/SW/plugins/fr.ac6.mcu.externaltools.arm-none.linux64_1.17.0.201812190825/tools/compiler/bin/../lib/gcc/arm-none-eabi/7.3.1/../../../../arm-none-eabi/lib/thumb/v7e-m/fpv4-sp/hard/libm.a(lib_a-k_rem_pio2.o)
 .rodata.init_jk
                0x000000000800f5e0       0x10 /home/valentyn/Programs/SW/plugins/fr.ac6.mcu.externaltools.arm-none.linux64_1.17.0.201812190825/tools/compiler/bin/../lib/gcc/arm-none-eabi/7.3.1/../../../../arm-none-eabi/lib/thumb/v7e-m/fpv4-sp/hard/libm.a(lib_a-k_rem_pio2.o)
 .rodata.TWO52  0x000000000800f5f0       0x10 /home/valentyn/Programs/SW/plugins/fr.ac6.mcu.externaltools.arm-none.linux64_1.17.0.201812190825/tools/compiler/bin/../lib/gcc/arm-none-eabi/7.3.1/../../../../arm-none-eabi/lib/thumb/v7e-m/fpv4-sp/hard/libm.a(lib_a-s_rint.o)
 .rodata.TWO23  0x000000000800f600        0x8 /home/valentyn/Programs/SW/plugins/fr.ac6.mcu.externaltools.arm-none.linux64_1.17.0.201812190825/tools/compiler/bin/../lib/gcc/arm-none-eabi/7.3.1/../../../../arm-none-eabi/lib/thumb/v7e-m/fpv4-sp/hard/libm.a(lib_a-sf_rint.o)
 .rodata._global_impure_ptr
                0x000000000800f608        0x4 /home/valentyn/Programs/SW/plugins/fr.ac6.mcu.externaltools.arm-none.linux64_1.17.0.201812190825/tools/compiler/bin/../lib/gcc/arm-none-eabi/7.3.1/../../../../arm-none-eabi/lib/thumb/v7e-m/fpv4-sp/hard/libc.a(lib_a-impure.o)
                0x000000000800f608                _global_impure_ptr
 .rodata._strtod_l.str1.4
                0x000000000800f60c        0xf /home/valentyn/Programs/SW/plugins/fr.ac6.mcu.externaltools.arm-none.linux64_1.17.0.201812190825/tools/compiler/bin/../lib/gcc/arm-none-eabi/7.3.1/../../../../arm-none-eabi/lib/thumb/v7e-m/fpv4-sp/hard/libc.a(lib_a-strtod.o)
 *fill*         0x000000000800f61b        0x1 
 .rodata.fpi.7447
                0x000000000800f61c       0x14 /home/valentyn/Programs/SW/plugins/fr.ac6.mcu.externaltools.arm-none.linux64_1.17.0.201812190825/tools/compiler/bin/../lib/gcc/arm-none-eabi/7.3.1/../../../../arm-none-eabi/lib/thumb/v7e-m/fpv4-sp/hard/libc.a(lib_a-strtod.o)
 .rodata.fpinan.7483
                0x000000000800f630       0x14 /home/valentyn/Programs/SW/plugins/fr.ac6.mcu.externaltools.arm-none.linux64_1.17.0.201812190825/tools/compiler/bin/../lib/gcc/arm-none-eabi/7.3.1/../../../../arm-none-eabi/lib/thumb/v7e-m/fpv4-sp/hard/libc.a(lib_a-strtod.o)
 *fill*         0x000000000800f644        0x4 
 .rodata.tinytens
                0x000000000800f648       0x28 /home/valentyn/Programs/SW/plugins/fr.ac6.mcu.externaltools.arm-none.linux64_1.17.0.201812190825/tools/compiler/bin/../lib/gcc/arm-none-eabi/7.3.1/../../../../arm-none-eabi/lib/thumb/v7e-m/fpv4-sp/hard/libc.a(lib_a-strtod.o)
 .rodata.__utoa.str1.4
                0x000000000800f670       0x25 /home/valentyn/Programs/SW/plugins/fr.ac6.mcu.externaltools.arm-none.linux64_1.17.0.201812190825/tools/compiler/bin/../lib/gcc/arm-none-eabi/7.3.1/../../../../arm-none-eabi/lib/thumb/v7e-m/fpv4-sp/hard/libc.a(lib_a-utoa.o)
 *fill*         0x000000000800f695        0x3 
 .rodata.__hexdig
                0x000000000800f698      0x100 /home/valentyn/Programs/SW/plugins/fr.ac6.mcu.externaltools.arm-none.linux64_1.17.0.201812190825/tools/compiler/bin/../lib/gcc/arm-none-eabi/7.3.1/../../../../arm-none-eabi/lib/thumb/v7e-m/fpv4-sp/hard/libc.a(lib_a-gdtoa-gethex.o)
                0x000000000800f698                __hexdig
 .rodata._setlocale_r.str1.4
                0x000000000800f798        0xa /home/valentyn/Programs/SW/plugins/fr.ac6.mcu.externaltools.arm-none.linux64_1.17.0.201812190825/tools/compiler/bin/../lib/gcc/arm-none-eabi/7.3.1/../../../../arm-none-eabi/lib/thumb/v7e-m/fpv4-sp/hard/libc.a(lib_a-locale.o)
                                          0xd (size before relaxing)
 *fill*         0x000000000800f7a2        0x2 
 .rodata.str1.4
                0x000000000800f7a4        0x4 /home/valentyn/Programs/SW/plugins/fr.ac6.mcu.externaltools.arm-none.linux64_1.17.0.201812190825/tools/compiler/bin/../lib/gcc/arm-none-eabi/7.3.1/../../../../arm-none-eabi/lib/thumb/v7e-m/fpv4-sp/hard/libc.a(lib_a-locale.o)
                                          0x2 (size before relaxing)
 .rodata.__mprec_bigtens
                0x000000000800f7a8       0x28 /home/valentyn/Programs/SW/plugins/fr.ac6.mcu.externaltools.arm-none.linux64_1.17.0.201812190825/tools/compiler/bin/../lib/gcc/arm-none-eabi/7.3.1/../../../../arm-none-eabi/lib/thumb/v7e-m/fpv4-sp/hard/libc.a(lib_a-mprec.o)
                0x000000000800f7a8                __mprec_bigtens
 .rodata.__mprec_tens
                0x000000000800f7d0       0xc8 /home/valentyn/Programs/SW/plugins/fr.ac6.mcu.externaltools.arm-none.linux64_1.17.0.201812190825/tools/compiler/bin/../lib/gcc/arm-none-eabi/7.3.1/../../../../arm-none-eabi/lib/thumb/v7e-m/fpv4-sp/hard/libc.a(lib_a-mprec.o)
                0x000000000800f7d0                __mprec_tens
 .rodata.p05.7367
                0x000000000800f898        0xc /home/valentyn/Programs/SW/plugins/fr.ac6.mcu.externaltools.arm-none.linux64_1.17.0.201812190825/tools/compiler/bin/../lib/gcc/arm-none-eabi/7.3.1/../../../../arm-none-eabi/lib/thumb/v7e-m/fpv4-sp/hard/libc.a(lib_a-mprec.o)
 .rodata._ctype_
                0x000000000800f8a4      0x101 /home/valentyn/Programs/SW/plugins/fr.ac6.mcu.externaltools.arm-none.linux64_1.17.0.201812190825/tools/compiler/bin/../lib/gcc/arm-none-eabi/7.3.1/../../../../arm-none-eabi/lib/thumb/v7e-m/fpv4-sp/hard/libc.a(lib_a-ctype_.o)
                0x000000000800f8a4                _ctype_
                0x000000000800f9a8                . = ALIGN (0x4)
 *fill*         0x000000000800f9a5        0x3 

.rel.dyn        0x000000000800f9a8        0x0
 .rel.iplt      0x000000000800f9a8        0x0 /home/valentyn/Programs/SW/plugins/fr.ac6.mcu.externaltools.arm-none.linux64_1.17.0.201812190825/tools/compiler/bin/../lib/gcc/arm-none-eabi/7.3.1/thumb/v7e-m/fpv4-sp/hard/crtbegin.o

.ARM.extab      0x000000000800f9a8        0x0
                0x000000000800f9a8                . = ALIGN (0x4)
 *(.ARM.extab* .gnu.linkonce.armextab.*)
                0x000000000800f9a8                . = ALIGN (0x4)

.ARM            0x000000000800f9a8        0x0
                0x000000000800f9a8                . = ALIGN (0x4)
                0x000000000800f9a8                __exidx_start = .
 *(.ARM.exidx*)
                0x000000000800f9a8                __exidx_end = .
                0x000000000800f9a8                . = ALIGN (0x4)

.preinit_array  0x000000000800f9a8        0x0
                0x000000000800f9a8                . = ALIGN (0x4)
                0x000000000800f9a8                PROVIDE (__preinit_array_start = .)
 *(.preinit_array*)
                0x000000000800f9a8                PROVIDE (__preinit_array_end = .)
                0x000000000800f9a8                . = ALIGN (0x4)

.init_array     0x000000000800f9a8        0x8
                0x000000000800f9a8                . = ALIGN (0x4)
                0x000000000800f9a8                PROVIDE (__init_array_start = .)
 *(SORT_BY_NAME(.init_array.*))
 .init_array.00000
                0x000000000800f9a8        0x4 /home/valentyn/Programs/SW/plugins/fr.ac6.mcu.externaltools.arm-none.linux64_1.17.0.201812190825/tools/compiler/bin/../lib/gcc/arm-none-eabi/7.3.1/../../../../arm-none-eabi/lib/thumb/v7e-m/fpv4-sp/hard/libc.a(lib_a-__call_atexit.o)
 *(.init_array*)
 .init_array    0x000000000800f9ac        0x4 /home/valentyn/Programs/SW/plugins/fr.ac6.mcu.externaltools.arm-none.linux64_1.17.0.201812190825/tools/compiler/bin/../lib/gcc/arm-none-eabi/7.3.1/thumb/v7e-m/fpv4-sp/hard/crtbegin.o
                0x000000000800f9b0                PROVIDE (__init_array_end = .)
                0x000000000800f9b0                . = ALIGN (0x4)

.fini_array     0x000000000800f9b0        0x4
                0x000000000800f9b0                . = ALIGN (0x4)
                0x000000000800f9b0                PROVIDE (__fini_array_start = .)
 *(SORT_BY_NAME(.fini_array.*))
 *(.fini_array*)
 .fini_array    0x000000000800f9b0        0x4 /home/valentyn/Programs/SW/plugins/fr.ac6.mcu.externaltools.arm-none.linux64_1.17.0.201812190825/tools/compiler/bin/../lib/gcc/arm-none-eabi/7.3.1/thumb/v7e-m/fpv4-sp/hard/crtbegin.o
                0x000000000800f9b4                PROVIDE (__fini_array_end = .)
                0x000000000800f9b4                . = ALIGN (0x4)
                0x000000000800f9b4                _sidata = LOADADDR (.data)

.data           0x0000000020000000      0x9c0 load address 0x000000000800f9b4
                0x0000000020000000                . = ALIGN (0x4)
                0x0000000020000000                _sdata = .
 *(.data)
 .data          0x0000000020000000        0x4 RTOS/src/port.o
 .data          0x0000000020000004        0x8 src/main.o
                0x0000000020000004                rxDMA
 *(.data*)
 .data.__fdlib_version
                0x000000002000000c        0x1 /home/valentyn/Programs/SW/plugins/fr.ac6.mcu.externaltools.arm-none.linux64_1.17.0.201812190825/tools/compiler/bin/../lib/gcc/arm-none-eabi/7.3.1/../../../../arm-none-eabi/lib/thumb/v7e-m/fpv4-sp/hard/libm.a(lib_a-s_lib_ver.o)
                0x000000002000000c                __fdlib_version
 *fill*         0x000000002000000d        0x3 
 .data._impure_ptr
                0x0000000020000010        0x4 /home/valentyn/Programs/SW/plugins/fr.ac6.mcu.externaltools.arm-none.linux64_1.17.0.201812190825/tools/compiler/bin/../lib/gcc/arm-none-eabi/7.3.1/../../../../arm-none-eabi/lib/thumb/v7e-m/fpv4-sp/hard/libc.a(lib_a-impure.o)
                0x0000000020000010                _impure_ptr
 *fill*         0x0000000020000014        0x4 
 .data.impure_data
                0x0000000020000018      0x428 /home/valentyn/Programs/SW/plugins/fr.ac6.mcu.externaltools.arm-none.linux64_1.17.0.201812190825/tools/compiler/bin/../lib/gcc/arm-none-eabi/7.3.1/../../../../arm-none-eabi/lib/thumb/v7e-m/fpv4-sp/hard/libc.a(lib_a-impure.o)
 .data.__atexit_recursive_mutex
                0x0000000020000440        0x4 /home/valentyn/Programs/SW/plugins/fr.ac6.mcu.externaltools.arm-none.linux64_1.17.0.201812190825/tools/compiler/bin/../lib/gcc/arm-none-eabi/7.3.1/../../../../arm-none-eabi/lib/thumb/v7e-m/fpv4-sp/hard/libc.a(lib_a-__call_atexit.o)
                0x0000000020000440                __atexit_recursive_mutex
 .data.__global_locale
                0x0000000020000444      0x16c /home/valentyn/Programs/SW/plugins/fr.ac6.mcu.externaltools.arm-none.linux64_1.17.0.201812190825/tools/compiler/bin/../lib/gcc/arm-none-eabi/7.3.1/../../../../arm-none-eabi/lib/thumb/v7e-m/fpv4-sp/hard/libc.a(lib_a-locale.o)
                0x0000000020000444                __global_locale
 .data.__malloc_av_
                0x00000000200005b0      0x408 /home/valentyn/Programs/SW/plugins/fr.ac6.mcu.externaltools.arm-none.linux64_1.17.0.201812190825/tools/compiler/bin/../lib/gcc/arm-none-eabi/7.3.1/../../../../arm-none-eabi/lib/thumb/v7e-m/fpv4-sp/hard/libc.a(lib_a-mallocr.o)
                0x00000000200005b0                __malloc_av_
 .data.__malloc_sbrk_base
                0x00000000200009b8        0x4 /home/valentyn/Programs/SW/plugins/fr.ac6.mcu.externaltools.arm-none.linux64_1.17.0.201812190825/tools/compiler/bin/../lib/gcc/arm-none-eabi/7.3.1/../../../../arm-none-eabi/lib/thumb/v7e-m/fpv4-sp/hard/libc.a(lib_a-mallocr.o)
                0x00000000200009b8                __malloc_sbrk_base
 .data.__malloc_trim_threshold
                0x00000000200009bc        0x4 /home/valentyn/Programs/SW/plugins/fr.ac6.mcu.externaltools.arm-none.linux64_1.17.0.201812190825/tools/compiler/bin/../lib/gcc/arm-none-eabi/7.3.1/../../../../arm-none-eabi/lib/thumb/v7e-m/fpv4-sp/hard/libc.a(lib_a-mallocr.o)
                0x00000000200009bc                __malloc_trim_threshold
                0x00000000200009c0                . = ALIGN (0x4)
                0x00000000200009c0                _edata = .

.igot.plt       0x00000000200009c0        0x0 load address 0x0000000008010374
 .igot.plt      0x00000000200009c0        0x0 /home/valentyn/Programs/SW/plugins/fr.ac6.mcu.externaltools.arm-none.linux64_1.17.0.201812190825/tools/compiler/bin/../lib/gcc/arm-none-eabi/7.3.1/thumb/v7e-m/fpv4-sp/hard/crtbegin.o
                0x00000000200009c0                . = ALIGN (0x4)

.bss            0x00000000200009c0     0x8100 load address 0x0000000008010374
                0x00000000200009c0                _sbss = .
                0x00000000200009c0                __bss_start__ = _sbss
 *(.bss)
 .bss           0x00000000200009c0       0x1c /home/valentyn/Programs/SW/plugins/fr.ac6.mcu.externaltools.arm-none.linux64_1.17.0.201812190825/tools/compiler/bin/../lib/gcc/arm-none-eabi/7.3.1/thumb/v7e-m/fpv4-sp/hard/crtbegin.o
 .bss           0x00000000200009dc     0x7818 RTOS/src/heap_4.o
 .bss           0x00000000200081f4        0x8 RTOS/src/port.o
 .bss           0x00000000200081fc      0x104 RTOS/src/tasks.o
                0x00000000200081fc                pxCurrentTCB
 .bss           0x0000000020008300       0x3c RTOS/src/timers.o
 *fill*         0x000000002000833c        0x4 
 .bss           0x0000000020008340       0x10 src/nmea.o
                0x0000000020008340                xy
 .bss           0x0000000020008350        0x1 src/position.o
 *fill*         0x0000000020008351        0x3 
 .bss           0x0000000020008354       0xd9 src/stm_tasks.o
 *fill*         0x000000002000842d        0x3 
 .bss           0x0000000020008430        0x4 startup/sysmem.o
 *(.bss*)
 .bss.__malloc_current_mallinfo
                0x0000000020008434       0x28 /home/valentyn/Programs/SW/plugins/fr.ac6.mcu.externaltools.arm-none.linux64_1.17.0.201812190825/tools/compiler/bin/../lib/gcc/arm-none-eabi/7.3.1/../../../../arm-none-eabi/lib/thumb/v7e-m/fpv4-sp/hard/libc.a(lib_a-mallocr.o)
                0x0000000020008434                __malloc_current_mallinfo
 .bss.__malloc_max_sbrked_mem
                0x000000002000845c        0x4 /home/valentyn/Programs/SW/plugins/fr.ac6.mcu.externaltools.arm-none.linux64_1.17.0.201812190825/tools/compiler/bin/../lib/gcc/arm-none-eabi/7.3.1/../../../../arm-none-eabi/lib/thumb/v7e-m/fpv4-sp/hard/libc.a(lib_a-mallocr.o)
                0x000000002000845c                __malloc_max_sbrked_mem
 .bss.__malloc_max_total_mem
                0x0000000020008460        0x4 /home/valentyn/Programs/SW/plugins/fr.ac6.mcu.externaltools.arm-none.linux64_1.17.0.201812190825/tools/compiler/bin/../lib/gcc/arm-none-eabi/7.3.1/../../../../arm-none-eabi/lib/thumb/v7e-m/fpv4-sp/hard/libc.a(lib_a-mallocr.o)
                0x0000000020008460                __malloc_max_total_mem
 .bss.__malloc_top_pad
                0x0000000020008464        0x4 /home/valentyn/Programs/SW/plugins/fr.ac6.mcu.externaltools.arm-none.linux64_1.17.0.201812190825/tools/compiler/bin/../lib/gcc/arm-none-eabi/7.3.1/../../../../arm-none-eabi/lib/thumb/v7e-m/fpv4-sp/hard/libc.a(lib_a-mallocr.o)
                0x0000000020008464                __malloc_top_pad
 *(COMMON)
 COMMON         0x0000000020008468       0x40 RTOS/src/queue.o
                0x0000000020008468                xQueueRegistry
 COMMON         0x00000000200084a8       0xe0 src/ABLine.o
                0x00000000200084a8                abline
 COMMON         0x0000000020008588        0xc src/main.o
                0x0000000020008588                xHigherPriorityTaskWoken
                0x000000002000858c                xpQueue
                0x0000000020008590                lcdQueue
 *fill*         0x0000000020008594        0x4 
 COMMON         0x0000000020008598      0x1d1 src/nmea.o
                0x0000000020008598                nmea
                0x0000000020008688                words
 *fill*         0x0000000020008769        0x3 
 COMMON         0x000000002000876c      0x168 src/periph.o
                0x000000002000876c                rxDMAbuf1
                0x00000000200087bc                rxDMAbuf0
                0x000000002000880c                toBlue
 *fill*         0x00000000200088d4        0x4 
 COMMON         0x00000000200088d8      0x148 src/position.o
                0x00000000200088d8                position
 COMMON         0x0000000020008a20        0x4 src/stm_tasks.o
                0x0000000020008a20                receivePointer
 *fill*         0x0000000020008a24        0x4 
 COMMON         0x0000000020008a28       0x70 src/vehicle.o
                0x0000000020008a28                vehicle
 COMMON         0x0000000020008a98       0x21 /home/valentyn/Programs/SW/plugins/fr.ac6.mcu.externaltools.arm-none.linux64_1.17.0.201812190825/tools/compiler/bin/../lib/gcc/arm-none-eabi/7.3.1/../../../../arm-none-eabi/lib/thumb/v7e-m/fpv4-sp/hard/libc.a(lib_a-lock.o)
                0x0000000020008a98                __lock___atexit_recursive_mutex
                0x0000000020008a9c                __lock___arc4random_mutex
                0x0000000020008aa0                __lock___env_recursive_mutex
                0x0000000020008aa4                __lock___sinit_recursive_mutex
                0x0000000020008aa8                __lock___malloc_recursive_mutex
                0x0000000020008aac                __lock___at_quick_exit_mutex
                0x0000000020008ab0                __lock___dd_hash_mutex
                0x0000000020008ab4                __lock___tz_mutex
                0x0000000020008ab8                __lock___sfp_recursive_mutex
 *fill*         0x0000000020008ab9        0x3 
 COMMON         0x0000000020008abc        0x4 /home/valentyn/Programs/SW/plugins/fr.ac6.mcu.externaltools.arm-none.linux64_1.17.0.201812190825/tools/compiler/bin/../lib/gcc/arm-none-eabi/7.3.1/../../../../arm-none-eabi/lib/thumb/v7e-m/fpv4-sp/hard/libc.a(lib_a-reent.o)
                0x0000000020008abc                errno
                0x0000000020008ac0                . = ALIGN (0x4)
                0x0000000020008ac0                _ebss = .
                0x0000000020008ac0                __bss_end__ = _ebss

._user_heap_stack
                0x0000000020008ac0      0x400 load address 0x0000000008010374
                0x0000000020008ac0                . = ALIGN (0x8)
                0x0000000020008ac0                PROVIDE (end = .)
                [!provide]                        PROVIDE (_end = .)
                0x0000000020008ac0                . = (. + _Min_Heap_Size)
                0x0000000020008ec0                . = (. + _Min_Stack_Size)
 *fill*         0x0000000020008ac0      0x400 
                0x0000000020008ec0                . = ALIGN (0x8)

/DISCARD/
 libc.a(*)
 libm.a(*)
 libgcc.a(*)

.ARM.attributes
                0x0000000000000000       0x30
 *(.ARM.attributes)
 .ARM.attributes
                0x0000000000000000       0x22 /home/valentyn/Programs/SW/plugins/fr.ac6.mcu.externaltools.arm-none.linux64_1.17.0.201812190825/tools/compiler/bin/../lib/gcc/arm-none-eabi/7.3.1/thumb/v7e-m/fpv4-sp/hard/crti.o
 .ARM.attributes
                0x0000000000000022       0x34 /home/valentyn/Programs/SW/plugins/fr.ac6.mcu.externaltools.arm-none.linux64_1.17.0.201812190825/tools/compiler/bin/../lib/gcc/arm-none-eabi/7.3.1/thumb/v7e-m/fpv4-sp/hard/crtbegin.o
 .ARM.attributes
                0x0000000000000056       0x39 RTOS/src/heap_4.o
 .ARM.attributes
                0x000000000000008f       0x39 RTOS/src/list.o
 .ARM.attributes
                0x00000000000000c8       0x39 RTOS/src/port.o
 .ARM.attributes
                0x0000000000000101       0x39 RTOS/src/queue.o
 .ARM.attributes
                0x000000000000013a       0x39 RTOS/src/tasks.o
 .ARM.attributes
                0x0000000000000173       0x39 RTOS/src/timers.o
 .ARM.attributes
                0x00000000000001ac       0x39 src/ABLine.o
 .ARM.attributes
                0x00000000000001e5       0x39 src/charQueue.o
 .ARM.attributes
                0x000000000000021e       0x39 src/glm.o
 .ARM.attributes
                0x0000000000000257       0x39 src/gpio.o
 .ARM.attributes
                0x0000000000000290       0x39 src/main.o
 .ARM.attributes
                0x00000000000002c9       0x39 src/nmea.o
 .ARM.attributes
                0x0000000000000302       0x39 src/periph.o
 .ARM.attributes
                0x000000000000033b       0x39 src/position.o
 .ARM.attributes
                0x0000000000000374       0x39 src/stm_tasks.o
 .ARM.attributes
                0x00000000000003ad       0x39 src/system_stm32f4xx.o
 .ARM.attributes
                0x00000000000003e6       0x39 src/vehicle.o
 .ARM.attributes
                0x000000000000041f       0x21 startup/startup_stm32.o
 .ARM.attributes
                0x0000000000000440       0x39 startup/sysmem.o
 .ARM.attributes
                0x0000000000000479       0x34 /home/valentyn/Programs/SW/plugins/fr.ac6.mcu.externaltools.arm-none.linux64_1.17.0.201812190825/tools/compiler/bin/../lib/gcc/arm-none-eabi/7.3.1/../../../../arm-none-eabi/lib/thumb/v7e-m/fpv4-sp/hard/libm.a(lib_a-s_atan.o)
 .ARM.attributes
                0x00000000000004ad       0x34 /home/valentyn/Programs/SW/plugins/fr.ac6.mcu.externaltools.arm-none.linux64_1.17.0.201812190825/tools/compiler/bin/../lib/gcc/arm-none-eabi/7.3.1/../../../../arm-none-eabi/lib/thumb/v7e-m/fpv4-sp/hard/libm.a(lib_a-s_ceil.o)
 .ARM.attributes
                0x00000000000004e1       0x34 /home/valentyn/Programs/SW/plugins/fr.ac6.mcu.externaltools.arm-none.linux64_1.17.0.201812190825/tools/compiler/bin/../lib/gcc/arm-none-eabi/7.3.1/../../../../arm-none-eabi/lib/thumb/v7e-m/fpv4-sp/hard/libm.a(lib_a-s_cos.o)
 .ARM.attributes
                0x0000000000000515       0x34 /home/valentyn/Programs/SW/plugins/fr.ac6.mcu.externaltools.arm-none.linux64_1.17.0.201812190825/tools/compiler/bin/../lib/gcc/arm-none-eabi/7.3.1/../../../../arm-none-eabi/lib/thumb/v7e-m/fpv4-sp/hard/libm.a(lib_a-s_fabs.o)
 .ARM.attributes