Archive member included to satisfy reference by file (symbol)

/home/valentyn/Programs/SystemWorkBench/plugins/fr.ac6.mcu.externaltools.arm-none.linux32_1.13.1.201703061523/tools/compiler/bin/../lib/gcc/arm-none-eabi/5.4.1/armv7e-m/fpu/libgcc.a(_arm_addsubdf3.o)
                              src/ABLine.o (__aeabi_dsub)
/home/valentyn/Programs/SystemWorkBench/plugins/fr.ac6.mcu.externaltools.arm-none.linux32_1.13.1.201703061523/tools/compiler/bin/../lib/gcc/arm-none-eabi/5.4.1/armv7e-m/fpu/libgcc.a(_arm_muldivdf3.o)
                              src/ABLine.o (__aeabi_dmul)
/home/valentyn/Programs/SystemWorkBench/plugins/fr.ac6.mcu.externaltools.arm-none.linux32_1.13.1.201703061523/tools/compiler/bin/../lib/gcc/arm-none-eabi/5.4.1/armv7e-m/fpu/libgcc.a(_arm_cmpdf2.o)
                              src/ABLine.o (__aeabi_dcmplt)
/home/valentyn/Programs/SystemWorkBench/plugins/fr.ac6.mcu.externaltools.arm-none.linux32_1.13.1.201703061523/tools/compiler/bin/../lib/gcc/arm-none-eabi/5.4.1/armv7e-m/fpu/libgcc.a(_arm_fixdfsi.o)
                              src/ABLine.o (__aeabi_d2iz)
/home/valentyn/Programs/SystemWorkBench/plugins/fr.ac6.mcu.externaltools.arm-none.linux32_1.13.1.201703061523/tools/compiler/bin/../lib/gcc/arm-none-eabi/5.4.1/armv7e-m/fpu/libgcc.a(_arm_truncdfsf2.o)
                              src/nmea.o (__aeabi_d2f)
/home/valentyn/Programs/SystemWorkBench/plugins/fr.ac6.mcu.externaltools.arm-none.linux32_1.13.1.201703061523/tools/compiler/bin/../lib/gcc/arm-none-eabi/5.4.1/../../../../arm-none-eabi/lib/armv7e-m/fpu/libc.a(lib_a-atof.o)
                              src/nmea.o (atof)
/home/valentyn/Programs/SystemWorkBench/plugins/fr.ac6.mcu.externaltools.arm-none.linux32_1.13.1.201703061523/tools/compiler/bin/../lib/gcc/arm-none-eabi/5.4.1/../../../../arm-none-eabi/lib/armv7e-m/fpu/libc.a(lib_a-atoi.o)
                              src/nmea.o (atoi)
/home/valentyn/Programs/SystemWorkBench/plugins/fr.ac6.mcu.externaltools.arm-none.linux32_1.13.1.201703061523/tools/compiler/bin/../lib/gcc/arm-none-eabi/5.4.1/../../../../arm-none-eabi/lib/armv7e-m/fpu/libc.a(lib_a-errno.o)
                              startup/sysmem.o (__errno)
/home/valentyn/Programs/SystemWorkBench/plugins/fr.ac6.mcu.externaltools.arm-none.linux32_1.13.1.201703061523/tools/compiler/bin/../lib/gcc/arm-none-eabi/5.4.1/../../../../arm-none-eabi/lib/armv7e-m/fpu/libc.a(lib_a-exit.o)
                              /home/valentyn/Programs/SystemWorkBench/plugins/fr.ac6.mcu.externaltools.arm-none.linux32_1.13.1.201703061523/tools/compiler/bin/../lib/gcc/arm-none-eabi/5.4.1/../../../../arm-none-eabi/lib/armv7e-m/fpu/crt0.o (exit)
/home/valentyn/Programs/SystemWorkBench/plugins/fr.ac6.mcu.externaltools.arm-none.linux32_1.13.1.201703061523/tools/compiler/bin/../lib/gcc/arm-none-eabi/5.4.1/../../../../arm-none-eabi/lib/armv7e-m/fpu/libc.a(lib_a-impure.o)
                              /home/valentyn/Programs/SystemWorkBench/plugins/fr.ac6.mcu.externaltools.arm-none.linux32_1.13.1.201703061523/tools/compiler/bin/../lib/gcc/arm-none-eabi/5.4.1/../../../../arm-none-eabi/lib/armv7e-m/fpu/libc.a(lib_a-exit.o) (_global_impure_ptr)
/home/valentyn/Programs/SystemWorkBench/plugins/fr.ac6.mcu.externaltools.arm-none.linux32_1.13.1.201703061523/tools/compiler/bin/../lib/gcc/arm-none-eabi/5.4.1/../../../../arm-none-eabi/lib/armv7e-m/fpu/libc.a(lib_a-init.o)
                              /home/valentyn/Programs/SystemWorkBench/plugins/fr.ac6.mcu.externaltools.arm-none.linux32_1.13.1.201703061523/tools/compiler/bin/../lib/gcc/arm-none-eabi/5.4.1/../../../../arm-none-eabi/lib/armv7e-m/fpu/crt0.o (__libc_init_array)
/home/valentyn/Programs/SystemWorkBench/plugins/fr.ac6.mcu.externaltools.arm-none.linux32_1.13.1.201703061523/tools/compiler/bin/../lib/gcc/arm-none-eabi/5.4.1/../../../../arm-none-eabi/lib/armv7e-m/fpu/libc.a(lib_a-itoa.o)
                              src/algorithm.o (itoa)
/home/valentyn/Programs/SystemWorkBench/plugins/fr.ac6.mcu.externaltools.arm-none.linux32_1.13.1.201703061523/tools/compiler/bin/../lib/gcc/arm-none-eabi/5.4.1/../../../../arm-none-eabi/lib/armv7e-m/fpu/libc.a(lib_a-memcpy.o)
                              RTOS/src/queue.o (memcpy)
/home/valentyn/Programs/SystemWorkBench/plugins/fr.ac6.mcu.externaltools.arm-none.linux32_1.13.1.201703061523/tools/compiler/bin/../lib/gcc/arm-none-eabi/5.4.1/../../../../arm-none-eabi/lib/armv7e-m/fpu/libc.a(lib_a-memset.o)
                              /home/valentyn/Programs/SystemWorkBench/plugins/fr.ac6.mcu.externaltools.arm-none.linux32_1.13.1.201703061523/tools/compiler/bin/../lib/gcc/arm-none-eabi/5.4.1/../../../../arm-none-eabi/lib/armv7e-m/fpu/crt0.o (memset)
/home/valentyn/Programs/SystemWorkBench/plugins/fr.ac6.mcu.externaltools.arm-none.linux32_1.13.1.201703061523/tools/compiler/bin/../lib/gcc/arm-none-eabi/5.4.1/../../../../arm-none-eabi/lib/armv7e-m/fpu/libc.a(lib_a-strcpy.o)
                              src/nmea.o (strcpy)
[...]
Memory Configuration

Name             Origin             Length             Attributes
RAM              0x20000000         0x00020000         xrw
ROM              0x08000000         0x00100000         xr
*default*        0x00000000         0xffffffff

Linker script and memory map

LOAD /home/valentyn/Programs/SystemWorkBench/plugins/fr.ac6.mcu.externaltools.arm-none.linux32_1.13.1.201703061523/tools/compiler/bin/../lib/gcc/arm-none-eabi/5.4.1/armv7e-m/fpu/crti.o
LOAD /home/valentyn/Programs/SystemWorkBench/plugins/fr.ac6.mcu.externaltools.arm-none.linux32_1.13.1.201703061523/tools/compiler/bin/../lib/gcc/arm-none-eabi/5.4.1/armv7e-m/fpu/crtbegin.o
LOAD /home/valentyn/Programs/SystemWorkBench/plugins/fr.ac6.mcu.externaltools.arm-none.linux32_1.13.1.201703061523/tools/compiler/bin/../lib/gcc/arm-none-eabi/5.4.1/../../../../arm-none-eabi/lib/armv7e-m/fpu/crt0.o
LOAD /home/valentyn/Programs/SystemWorkBench/plugins/fr.ac6.mcu.externaltools.arm-none.linux32_1.13.1.201703061523/tools/compiler/bin/../lib/gcc/arm-none-eabi/5.4.1/../../../../arm-none-eabi/lib/armv7e-m/fpu/libm.a
LOAD RTOS/src/croutine.o
LOAD RTOS/src/event_groups.o
LOAD RTOS/src/heap_4.o
LOAD RTOS/src/list.o
LOAD RTOS/src/port.o
LOAD RTOS/src/queue.o
LOAD RTOS/src/tasks.o
LOAD RTOS/src/timers.o
LOAD src/ABLine.o
LOAD src/algorithm.o
LOAD src/charQueue.o
LOAD src/glm.o
LOAD src/gpio.o
LOAD src/main.o
LOAD src/nmea.o
LOAD src/periph.o
LOAD src/position.o
LOAD src/system_stm32f4xx.o
LOAD src/vehicle.o
LOAD startup/startup_stm32.o
LOAD startup/sysmem.o
START GROUP
LOAD /home/valentyn/Programs/SystemWorkBench/plugins/fr.ac6.mcu.externaltools.arm-none.linux32_1.13.1.201703061523/tools/compiler/bin/../lib/gcc/arm-none-eabi/5.4.1/armv7e-m/fpu/libgcc.a
LOAD /home/valentyn/Programs/SystemWorkBench/plugins/fr.ac6.mcu.externaltools.arm-none.linux32_1.13.1.201703061523/tools/compiler/bin/../lib/gcc/arm-none-eabi/5.4.1/../../../../arm-none-eabi/lib/armv7e-m/fpu/libc.a
END GROUP
LOAD /home/valentyn/Programs/SystemWorkBench/plugins/fr.ac6.mcu.externaltools.arm-none.linux32_1.13.1.201703061523/tools/compiler/bin/../lib/gcc/arm-none-eabi/5.4.1/armv7e-m/fpu/crtend.o
LOAD /home/valentyn/Programs/SystemWorkBench/plugins/fr.ac6.mcu.externaltools.arm-none.linux32_1.13.1.201703061523/tools/compiler/bin/../lib/gcc/arm-none-eabi/5.4.1/armv7e-m/fpu/crtn.o
                0x20020000                _estack = 0x20020000
                0x00000000                _Min_Heap_Size = 0x0
                0x00000400                _Min_Stack_Size = 0x400

.isr_vector     0x08000000      0x1a8
                0x08000000                . = ALIGN (0x4)
 *(.isr_vector)
 .isr_vector    0x08000000      0x1a8 startup/startup_stm32.o
                0x08000000                g_pfnVectors
                0x080001a8                . = ALIGN (0x4)

.text           0x080001c0     0xdbd4
                0x080001c0                . = ALIGN (0x4)
 *(.text)
 .text          0x080001c0       0x5c /home/valentyn/Programs/SystemWorkBench/plugins/fr.ac6.mcu.externaltools.arm-none.linux32_1.13.1.201703061523/tools/compiler/bin/../lib/gcc/arm-none-eabi/5.4.1/armv7e-m/fpu/crtbegin.o
 .text          0x0800021c      0x370 /home/valentyn/Programs/SystemWorkBench/plugins/fr.ac6.mcu.externaltools.arm-none.linux32_1.13.1.201703061523/tools/compiler/bin/../lib/gcc/arm-none-eabi/5.4.1/armv7e-m/fpu/libgcc.a(_arm_addsubdf3.o)
                0x0800021c                __aeabi_drsub
                0x08000224                __aeabi_dsub
                0x08000224                __subdf3
                0x08000228                __adddf3
                0x08000228                __aeabi_dadd
                0x080004a0                __aeabi_ui2d
                0x080004a0                __floatunsidf
                0x080004c0                __floatsidf
                0x080004c0                __aeabi_i2d
                0x080004e4                __extendsfdf2
                0x080004e4                __aeabi_f2d
                0x08000520                __aeabi_ul2d
                0x08000520                __floatundidf
                0x08000530                __floatdidf
                0x08000530                __aeabi_l2d
 .text          0x0800058c      0x424 /home/valentyn/Programs/SystemWorkBench/plugins/fr.ac6.mcu.externaltools.arm-none.linux32_1.13.1.201703061523/tools/compiler/bin/../lib/gcc/arm-none-eabi/5.4.1/armv7e-m/fpu/libgcc.a(_arm_muldivdf3.o)
                0x0800058c                __aeabi_dmul
                0x0800058c                __muldf3
                0x080007e0                __aeabi_ddiv
                0x080007e0                __divdf3
 .text          0x080009b0      0x110 /home/valentyn/Programs/SystemWorkBench/plugins/fr.ac6.mcu.externaltools.arm-none.linux32_1.13.1.201703061523/tools/compiler/bin/../lib/gcc/arm-none-eabi/5.4.1/armv7e-m/fpu/libgcc.a(_arm_cmpdf2.o)
                0x080009b0                __gtdf2
                0x080009b0                __gedf2
                0x080009b8                __ltdf2
                0x080009b8                __ledf2
                0x080009c0                __cmpdf2
                0x080009c0                __eqdf2
                0x080009c0                __nedf2
                0x08000a3c                __aeabi_cdrcmple
                0x08000a4c                __aeabi_cdcmple
                0x08000a4c                __aeabi_cdcmpeq
                0x08000a5c                __aeabi_dcmpeq
                0x08000a70                __aeabi_dcmplt
                0x08000a84                __aeabi_dcmple
                0x08000a98                __aeabi_dcmpge
                0x08000aac                __aeabi_dcmpgt
 .text          0x08000ac0       0x50 /home/valentyn/Programs/SystemWorkBench/plugins/fr.ac6.mcu.externaltools.arm-none.linux32_1.13.1.201703061523/tools/compiler/bin/../lib/gcc/arm-none-eabi/5.4.1/armv7e-m/fpu/libgcc.a(_arm_fixdfsi.o)
                0x08000ac0                __fixdfsi
                0x08000ac0                __aeabi_d2iz
 .text          0x08000b10       0xa0 /home/valentyn/Programs/SystemWorkBench/plugins/fr.ac6.mcu.externaltools.arm-none.linux32_1.13.1.201703061523/tools/compiler/bin/../lib/gcc/arm-none-eabi/5.4.1/armv7e-m/fpu/libgcc.a(_arm_truncdfsf2.o)
                0x08000b10                __aeabi_d2f
                0x08000b10                __truncdfsf2
 .text          0x08000bb0      0x134 /home/valentyn/Programs/SystemWorkBench/plugins/fr.ac6.mcu.externaltools.arm-none.linux32_1.13.1.201703061523/tools/compiler/bin/../lib/gcc/arm-none-eabi/5.4.1/../../../../arm-none-eabi/lib/armv7e-m/fpu/libc.a(lib_a-memcpy.o)
                0x08000bb0                memcpy
 *fill*         0x08000ce4       0x1c 
 .text          0x08000d00       0xdc /home/valentyn/Programs/SystemWorkBench/plugins/fr.ac6.mcu.externaltools.arm-none.linux32_1.13.1.201703061523/tools/compiler/bin/../lib/gcc/arm-none-eabi/5.4.1/../../../../arm-none-eabi/lib/armv7e-m/fpu/libc.a(lib_a-strlen.o)
                0x08000d00                strlen
 *fill*         0x08000ddc        0x4 
 .text          0x08000de0       0xa0 /home/valentyn/Programs/SystemWorkBench/plugins/fr.ac6.mcu.externaltools.arm-none.linux32_1.13.1.201703061523/tools/compiler/bin/../lib/gcc/arm-none-eabi/5.4.1/../../../../arm-none-eabi/lib/armv7e-m/fpu/libc.a(lib_a-memchr.o)
                0x08000de0                memchr
 .text          0x08000e80       0x2c /home/valentyn/Programs/SystemWorkBench/plugins/fr.ac6.mcu.externaltools.arm-none.linux32_1.13.1.201703061523/tools/compiler/bin/../lib/gcc/arm-none-eabi/5.4.1/armv7e-m/fpu/libgcc.a(_arm_unorddf2.o)
                0x08000e80                __aeabi_dcmpun
                0x08000e80                __unorddf2
 .text          0x08000eac       0x40 /home/valentyn/Programs/SystemWorkBench/plugins/fr.ac6.mcu.externaltools.arm-none.linux32_1.13.1.201703061523/tools/compiler/bin/../lib/gcc/arm-none-eabi/5.4.1/armv7e-m/fpu/libgcc.a(_arm_fixunsdfsi.o)
                0x08000eac                __fixunsdfsi
                0x08000eac                __aeabi_d2uiz
 *(.text*)
 .text.pvPortMalloc
                0x08000eec      0x184 RTOS/src/heap_4.o
                0x08000eec                pvPortMalloc
 .text.vPortFree
                0x08001070       0xb0 RTOS/src/heap_4.o
                0x08001070                vPortFree
 .text.prvHeapInit
                0x08001120       0xc4 RTOS/src/heap_4.o
 .text.prvInsertBlockIntoFreeList
                0x080011e4       0xb4 RTOS/src/heap_4.o
 .text.vListInitialise
                0x08001298       0x40 RTOS/src/list.o
                0x08001298                vListInitialise
 .text.vListInitialiseItem
                0x080012d8       0x1c RTOS/src/list.o
                0x080012d8                vListInitialiseItem
 .text.vListInsertEnd
                0x080012f4       0x48 RTOS/src/list.o
                0x080012f4                vListInsertEnd
 .text.vListInsert
                0x0800133c       0x74 RTOS/src/list.o
                0x0800133c                vListInsert
 .text.uxListRemove
                0x080013b0       0x54 RTOS/src/list.o
                0x080013b0                uxListRemove
 .text.pxPortInitialiseStack
                0x08001404       0x68 RTOS/src/port.o
                0x08001404                pxPortInitialiseStack
 .text.prvTaskExitError
                0x0800146c       0x3c RTOS/src/port.o
 *fill*         0x080014a8        0x8 
 .text.SVC_Handler
                0x080014b0       0x28 RTOS/src/port.o
                0x080014b0                SVC_Handler
 .text.prvPortStartFirstTask
                0x080014d8       0x20 RTOS/src/port.o
 .text.xPortStartScheduler
                0x080014f8      0x118 RTOS/src/port.o
                0x080014f8                xPortStartScheduler
 .text.vPortEnterCritical
                0x08001610       0x5c RTOS/src/port.o
                0x08001610                vPortEnterCritical
 .text.vPortExitCritical
                0x0800166c       0x50 RTOS/src/port.o
                0x0800166c                vPortExitCritical
 *fill*         0x080016bc        0x4 
 .text.PendSV_Handler
                0x080016c0       0x68 RTOS/src/port.o
                0x080016c0                PendSV_Handler
 .text.SysTick_Handler
                0x08001728       0x40 RTOS/src/port.o
                0x08001728                SysTick_Handler
 .text.vPortSetupTimerInterrupt
                0x08001768       0x28 RTOS/src/port.o
                0x08001768                vPortSetupTimerInterrupt
 .text.vPortEnableVFP
                0x08001790       0x14 RTOS/src/port.o
 .text.vPortValidateInterruptPriority
                0x080017a4       0x7c RTOS/src/port.o
                0x080017a4                vPortValidateInterruptPriority
 .text.xQueueGenericReset
                0x08001820       0xd0 RTOS/src/queue.o
                0x08001820                xQueueGenericReset
 .text.xQueueGenericCreate
                0x080018f0       0x74 RTOS/src/queue.o
                0x080018f0                xQueueGenericCreate
 .text.prvInitialiseNewQueue
                0x08001964       0x40 RTOS/src/queue.o
 .text.xQueueGenericSend
                0x080019a4      0x1f4 RTOS/src/queue.o
                0x080019a4                xQueueGenericSend
 .text.xQueueGenericSendFromISR
                0x08001b98      0x128 RTOS/src/queue.o
                0x08001b98                xQueueGenericSendFromISR
 .text.xQueueGenericReceive
                0x08001cc0      0x224 RTOS/src/queue.o
                0x08001cc0                xQueueGenericReceive
 .text.prvCopyDataToQueue
                0x08001ee4       0xd4 RTOS/src/queue.o
 .text.prvCopyDataFromQueue
                0x08001fb8       0x4c RTOS/src/queue.o
 .text.prvUnlockQueue
                0x08002004       0xa4 RTOS/src/queue.o
 .text.prvIsQueueEmpty
                0x080020a8       0x2c RTOS/src/queue.o
 .text.prvIsQueueFull
                0x080020d4       0x30 RTOS/src/queue.o
 .text.vQueueAddToRegistry
                0x08002104       0x50 RTOS/src/queue.o
                0x08002104                vQueueAddToRegistry
 .text.vQueueWaitForMessageRestricted
                0x08002154       0x68 RTOS/src/queue.o
                0x08002154                vQueueWaitForMessageRestricted
 .text.xTaskCreate
                0x080021bc       0x84 RTOS/src/tasks.o
                0x080021bc                xTaskCreate
 .text.prvInitialiseNewTask
                0x08002240       0xfc RTOS/src/tasks.o
 .text.prvAddNewTaskToReadyList
                0x0800233c       0xd4 RTOS/src/tasks.o
 .text.vTaskDelay
                0x08002410       0x68 RTOS/src/tasks.o
                0x08002410                vTaskDelay
 .text.vTaskSuspend
                0x08002478      0x110 RTOS/src/tasks.o
                0x08002478                vTaskSuspend
 .text.prvTaskIsTaskSuspended
                0x08002588       0x74 RTOS/src/tasks.o
 .text.vTaskResume
                0x080025fc       0xb8 RTOS/src/tasks.o
                0x080025fc                vTaskResume
 .text.vTaskStartScheduler
                0x080026b4       0x98 RTOS/src/tasks.o
                0x080026b4                vTaskStartScheduler
 .text.vTaskSuspendAll
                0x0800274c       0x1c RTOS/src/tasks.o
                0x0800274c                vTaskSuspendAll
 .text.xTaskResumeAll
                0x08002768      0x138 RTOS/src/tasks.o
                0x08002768                xTaskResumeAll
 .text.xTaskGetTickCount
                0x080028a0       0x20 RTOS/src/tasks.o
                0x080028a0                xTaskGetTickCount
 .text.xTaskIncrementTick
                0x080028c0      0x178 RTOS/src/tasks.o
                0x080028c0                xTaskIncrementTick
 .text.vTaskSwitchContext
                0x08002a38       0xb4 RTOS/src/tasks.o
                0x08002a38                vTaskSwitchContext
 .text.vTaskPlaceOnEventList
                0x08002aec       0x48 RTOS/src/tasks.o
                0x08002aec                vTaskPlaceOnEventList
 .text.vTaskPlaceOnEventListRestricted
                0x08002b34       0x54 RTOS/src/tasks.o
                0x08002b34                vTaskPlaceOnEventListRestricted
 .text.xTaskRemoveFromEventList
                0x08002b88       0xc4 RTOS/src/tasks.o
                0x08002b88                xTaskRemoveFromEventList
 .text.vTaskSetTimeOutState
                0x08002c4c       0x48 RTOS/src/tasks.o
                0x08002c4c                vTaskSetTimeOutState
 .text.xTaskCheckForTimeOut
                0x08002c94       0xbc RTOS/src/tasks.o
                0x08002c94                xTaskCheckForTimeOut
 .text.vTaskMissedYield
                0x08002d50       0x18 RTOS/src/tasks.o
                0x08002d50                vTaskMissedYield
 .text.prvIdleTask
                0x08002d68       0x30 RTOS/src/tasks.o
 .text.prvInitialiseTaskLists
                0x08002d98       0x80 RTOS/src/tasks.o
 .text.prvCheckTasksWaitingTermination
                0x08002e18       0x78 RTOS/src/tasks.o
 .text.prvDeleteTCB
                0x08002e90       0x20 RTOS/src/tasks.o
 .text.prvResetNextTaskUnblockTime
                0x08002eb0       0x4c RTOS/src/tasks.o
 .text.xTaskGetSchedulerState
                0x08002efc       0x3c RTOS/src/tasks.o
                0x08002efc                xTaskGetSchedulerState
 .text.vTaskPriorityInherit
                0x08002f38       0xec RTOS/src/tasks.o
                0x08002f38                vTaskPriorityInherit
 .text.xTaskPriorityDisinherit
                0x08003024      0x108 RTOS/src/tasks.o
                0x08003024                xTaskPriorityDisinherit
 .text.pvTaskIncrementMutexHeldCount
                0x0800312c       0x28 RTOS/src/tasks.o
                0x0800312c                pvTaskIncrementMutexHeldCount
 .text.prvAddCurrentTaskToDelayedList
                0x08003154       0xcc RTOS/src/tasks.o
 .text.xTimerCreateTimerTask
                0x08003220       0x60 RTOS/src/timers.o
                0x08003220                xTimerCreateTimerTask
 .text.xTimerGenericCommand
                0x08003280       0x98 RTOS/src/timers.o
                0x08003280                xTimerGenericCommand
 .text.prvProcessExpiredTimer
                0x08003318       0x80 RTOS/src/timers.o
 .text.prvTimerTask
                0x08003398       0x24 RTOS/src/timers.o
 .text.prvProcessTimerOrBlockTask
                0x080033bc       0x9c RTOS/src/timers.o
 .text.prvGetNextExpireTime
                0x08003458       0x48 RTOS/src/timers.o
 .text.prvSampleTimeNow
                0x080034a0       0x40 RTOS/src/timers.o
 .text.prvInsertTimerInActiveList
                0x080034e0       0x84 RTOS/src/timers.o
 .text.prvProcessReceivedCommands
                0x08003564      0x124 RTOS/src/timers.o
 .text.prvSwitchTimerLists
                0x08003688       0xc0 RTOS/src/timers.o
 .text.prvCheckForValidListAndQueue
                0x08003748       0x6c RTOS/src/timers.o
 .text.initABl  0x080037b4       0x50 src/ABLine.o
                0x080037b4                initABl
 .text.btnAPoint
                0x08003804       0x40 src/ABLine.o
                0x08003804                btnAPoint
 *fill*         0x08003844        0x4 
 .text.btnBPoint
                0x08003848      0x1bc src/ABLine.o
                0x08003848                btnBPoint
 .text.receiveFromDMA
                0x08003a04      0x140 src/algorithm.o
                0x08003a04                receiveFromDMA
 .text.tempTask2
                0x08003b44       0x24 src/algorithm.o
                0x08003b44                tempTask2
 .text.tempTask
                0x08003b68       0x20 src/algorithm.o
                0x08003b68                tempTask
 .text.doubleToDisplay
                0x08003b88       0x38 src/algorithm.o
                0x08003b88                doubleToDisplay
 .text.keyboardScan
                0x08003bc0      0x2e8 src/algorithm.o
                0x08003bc0                keyboardScan
 .text.strAllcpy
                0x08003ea8       0x40 src/charQueue.o
                0x08003ea8                strAllcpy
 .text.findEOS  0x08003ee8       0x40 src/charQueue.o
                0x08003ee8                findEOS
 .text.push     0x08003f28       0x5c src/charQueue.o
                0x08003f28                push
 .text.pop      0x08003f84       0x98 src/charQueue.o
                0x08003f84                pop
 .text.create   0x0800401c       0x3c src/charQueue.o
                0x0800401c                create
 .text.toRadians
                0x08004058       0x38 src/glm.o
                0x08004058                toRadians
 .text.DistanceVec2Vec3
                0x08004090       0xc8 src/glm.o
                0x08004090                DistanceVec2Vec3
 .text.DistanceVec3Vec3
                0x08004158       0xc8 src/glm.o
                0x08004158                DistanceVec3Vec3
 .text.timerini2
                0x08004220       0x30 src/gpio.o
                0x08004220                timerini2
 .text.delay_ms
                0x08004250       0x54 src/gpio.o
                0x08004250                delay_ms
 .text.GPIO_WritePin
                0x080042a4       0x30 src/gpio.o
                0x080042a4                GPIO_WritePin
 .text.LCD_Set_Data
                0x080042d4      0x134 src/gpio.o
                0x080042d4                LCD_Set_Data
 .text.LCD_SendCommand
                0x08004408       0x48 src/gpio.o
                0x08004408                LCD_SendCommand
 .text.LCD_SendData
                0x08004450       0x48 src/gpio.o
                0x08004450                LCD_SendData
 .text.LCD_ini  0x08004498       0x60 src/gpio.o
                0x08004498                LCD_ini
 .text.LCD_Send_String
                0x080044f8       0xcc src/gpio.o
                0x080044f8                LCD_Send_String
 .text.main     0x080045c4       0xc0 src/main.o
                0x080045c4                main
 .text.DMA1_Stream5_IRQHandler
                0x08004684       0xa4 src/main.o
                0x08004684                DMA1_Stream5_IRQHandler
 .text.DMA2_Stream7_IRQHandler
                0x08004728       0x3c src/main.o
                0x08004728                DMA2_Stream7_IRQHandler
 .text.USART6_IRQHandler
                0x08004764       0x38 src/main.o
                0x08004764                USART6_IRQHandler
 .text.createStartNMEA
                0x0800479c       0x68 src/nmea.o
                0x0800479c                createStartNMEA
 *fill*         0x08004804        0x4 
 .text.ArcLengthOfMeridian
                0x08004808      0x474 src/nmea.o
                0x08004808                ArcLengthOfMeridian
 *fill*         0x08004c7c        0x4 
 .text.MapLatLonToXY
                0x08004c80      0x924 src/nmea.o
                0x08004c80                MapLatLonToXY
 *fill*         0x080055a4        0x4 
 .text.DecDeg2UTM
                0x080055a8      0x1c0 src/nmea.o
                0x080055a8                DecDeg2UTM
 .text.UpdateNorthingEasting
                0x08005768      0x1a0 src/nmea.o
                0x08005768                UpdateNorthingEasting
 .text.splitString
                0x08005908       0x90 src/nmea.o
                0x08005908                splitString
 .text.ParseNMEA
                0x08005998       0x58 src/nmea.o
                0x08005998                ParseNMEA
 .text.NMEAtoDecimal
                0x080059f0      0x114 src/nmea.o
                0x080059f0                NMEAtoDecimal
 .text.ParseGGA
                0x08005b04      0x160 src/nmea.o
                0x08005b04                ParseGGA
 .text.NVIC_EnableIRQ
                0x08005c64       0x34 src/periph.o
 .text.NVIC_SetPriority
                0x08005c98       0x54 src/periph.o
 .text.gpio_ini
                0x08005cec       0xac src/periph.o
                0x08005cec                gpio_ini
 .text.RCC_Init
                0x08005d98       0x94 src/periph.o
                0x08005d98                RCC_Init
 .text.USART2_init
                0x08005e2c       0x80 src/periph.o
                0x08005e2c                USART2_init
 .text.USART6_init
                0x08005eac       0x80 src/periph.o
                0x08005eac                USART6_init
 .text.dma1ini  0x08005f2c       0xb8 src/periph.o
                0x08005f2c                dma1ini
 .text.dma2ini  0x08005fe4       0xa4 src/periph.o
                0x08005fe4                dma2ini
 .text.initPosition
                0x08006088       0xbc src/position.o
                0x08006088                initPosition
 .text.CalculatePositionHeading
                0x08006144       0xc4 src/position.o
                0x08006144                CalculatePositionHeading
 .text.InitializeFirstFewGPSPositions
                0x08006208      0x3c8 src/position.o
                0x08006208                InitializeFirstFewGPSPositions
 .text.UpdateFixPosition
                0x080065d0      0x418 src/position.o
                0x080065d0                UpdateFixPosition
 .text.SystemInit
                0x080069e8       0x70 src/system_stm32f4xx.o
                0x080069e8                SystemInit
 .text.SetSysClock
                0x08006a58       0xf8 src/system_stm32f4xx.o
 .text.SystemInit_ExtMemCtl
                0x08006b50      0x118 src/system_stm32f4xx.o
 .text.initVehicle
                0x08006c68       0xe8 src/vehicle.o
                0x08006c68                initVehicle
 .text.Reset_Handler
                0x08006d50       0x50 startup/startup_stm32.o
                0x08006d50                Reset_Handler
 .text.Default_Handler
                0x08006da0        0x2 startup/startup_stm32.o
                0x08006da0                RTC_Alarm_IRQHandler
                0x08006da0                HASH_RNG_IRQHandler
                0x08006da0                EXTI2_IRQHandler
                0x08006da0                TIM8_CC_IRQHandler
                0x08006da0                DebugMon_Handler
                0x08006da0                TIM1_CC_IRQHandler
                0x08006da0                DMA2_Stream5_IRQHandler
                0x08006da0                HardFault_Handler
                0x08006da0                PVD_IRQHandler
                0x08006da0                SDIO_IRQHandler
                0x08006da0                TAMP_STAMP_IRQHandler
                0x08006da0                NMI_Handler
                0x08006da0                CAN2_RX1_IRQHandler
                0x08006da0                EXTI3_IRQHandler
                0x08006da0                TIM8_TRG_COM_TIM14_IRQHandler
                0x08006da0                TIM1_UP_TIM10_IRQHandler
                0x08006da0                TIM8_UP_TIM13_IRQHandler
                0x08006da0                I2C3_ER_IRQHandler
                0x08006da0                LCD_TFT_IRQHandler
                0x08006da0                EXTI0_IRQHandler
                0x08006da0                I2C2_EV_IRQHandler
                0x08006da0                DMA1_Stream2_IRQHandler
                0x08006da0                CAN1_RX0_IRQHandler
                0x08006da0                FPU_IRQHandler
                0x08006da0                OTG_HS_WKUP_IRQHandler
                0x08006da0                UsageFault_Handler
                0x08006da0                CAN2_SCE_IRQHandler
                0x08006da0                DMA2_Stream2_IRQHandler
                0x08006da0                SPI1_IRQHandler
                0x08006da0                TIM6_DAC_IRQHandler
                0x08006da0                TIM1_BRK_TIM9_IRQHandler
                0x08006da0                DCMI_IRQHandler
                0x08006da0                CAN2_RX0_IRQHandler
                0x08006da0                DMA2_Stream3_IRQHandler
                0x08006da0                USART3_IRQHandler
                0x08006da0                CRYP_IRQHandler
                0x08006da0                CAN1_RX1_IRQHandler
                0x08006da0                UART5_IRQHandler
                0x08006da0                DMA2_Stream0_IRQHandler
                0x08006da0                TIM4_IRQHandler
                0x08006da0                I2C1_EV_IRQHandler
                0x08006da0                DMA1_Stream6_IRQHandler
                0x08006da0                DMA1_Stream1_IRQHandler
                0x08006da0                UART4_IRQHandler
                0x08006da0                LCD_TFT_1_IRQHandler
                0x08006da0                TIM3_IRQHandler
                0x08006da0                RCC_IRQHandler
                0x08006da0                TIM8_BRK_TIM12_IRQHandler
                0x08006da0                Default_Handler
                0x08006da0                EXTI15_10_IRQHandler
                0x08006da0                ADC_IRQHandler
                0x08006da0                DMA1_Stream7_IRQHandler
                0x08006da0                TIM7_IRQHandler
                0x08006da0                CAN2_TX_IRQHandler
                0x08006da0                TIM5_IRQHandler
                0x08006da0                I2C3_EV_IRQHandler
                0x08006da0                EXTI9_5_IRQHandler
                0x08006da0                RTC_WKUP_IRQHandler
                0x08006da0                ETH_WKUP_IRQHandler
                0x08006da0                SPI2_IRQHandler
                0x08006da0                OTG_HS_EP1_IN_IRQHandler
                0x08006da0                MemManage_Handler
                0x08006da0                DMA1_Stream0_IRQHandler
                0x08006da0                CAN1_TX_IRQHandler
                0x08006da0                EXTI4_IRQHandler
                0x08006da0                FSMC_IRQHandler
                0x08006da0                ETH_IRQHandler
                0x08006da0                OTG_HS_EP1_OUT_IRQHandler
                0x08006da0                WWDG_IRQHandler
                0x08006da0                TIM2_IRQHandler
                0x08006da0                OTG_FS_WKUP_IRQHandler
                0x08006da0                TIM1_TRG_COM_TIM11_IRQHandler
                0x08006da0                OTG_HS_IRQHandler
                0x08006da0                EXTI1_IRQHandler
                0x08006da0                USART2_IRQHandler
                0x08006da0                I2C2_ER_IRQHandler
                0x08006da0                DMA2_Stream1_IRQHandler
                0x08006da0                CAN1_SCE_IRQHandler
                0x08006da0                DMA2_Stream4_IRQHandler
                0x08006da0                BusFault_Handler
                0x08006da0                USART1_IRQHandler
                0x08006da0                OTG_FS_IRQHandler
                0x08006da0                SPI3_IRQHandler
                0x08006da0                DMA1_Stream4_IRQHandler
                0x08006da0                I2C1_ER_IRQHandler
                0x08006da0                DMA2_Stream6_IRQHandler
                0x08006da0                DMA1_Stream3_IRQHandler
 *fill*         0x08006da2        0x2 
 .text._sbrk    0x08006da4       0x58 startup/sysmem.o
                0x08006da4                _sbrk
 .text.atof     0x08006dfc        0x8 /home/valentyn/Programs/SystemWorkBench/plugins/fr.ac6.mcu.externaltools.arm-none.linux32_1.13.1.201703061523/tools/compiler/bin/../lib/gcc/arm-none-eabi/5.4.1/../../../../arm-none-eabi/lib/armv7e-m/fpu/libc.a(lib_a-atof.o)
                0x08006dfc                atof
 .text.atoi     0x08006e04        0x8 /home/valentyn/Programs/SystemWorkBench/plugins/fr.ac6.mcu.externaltools.arm-none.linux32_1.13.1.201703061523/tools/compiler/bin/../lib/gcc/arm-none-eabi/5.4.1/../../../../arm-none-eabi/lib/armv7e-m/fpu/libc.a(lib_a-atoi.o)
                0x08006e04                atoi
 .text.__errno  0x08006e0c        0xc /home/valentyn/Programs/SystemWorkBench/plugins/fr.ac6.mcu.externaltools.arm-none.linux32_1.13.1.201703061523/tools/compiler/bin/../lib/gcc/arm-none-eabi/5.4.1/../../../../arm-none-eabi/lib/armv7e-m/fpu/libc.a(lib_a-errno.o)
                0x08006e0c                __errno
 .text.__libc_init_array
                0x08006e18       0x50 /home/valentyn/Programs/SystemWorkBench/plugins/fr.ac6.mcu.externaltools.arm-none.linux32_1.13.1.201703061523/tools/compiler/bin/../lib/gcc/arm-none-eabi/5.4.1/../../../../arm-none-eabi/lib/armv7e-m/fpu/libc.a(lib_a-init.o)
                0x08006e18                __libc_init_array
 .text.__itoa   0x08006e68       0x30 /home/valentyn/Programs/SystemWorkBench/plugins/fr.ac6.mcu.externaltools.arm-none.linux32_1.13.1.201703061523/tools/compiler/bin/../lib/gcc/arm-none-eabi/5.4.1/../../../../arm-none-eabi/lib/armv7e-m/fpu/libc.a(lib_a-itoa.o)
                0x08006e68                __itoa
 .text.itoa     0x08006e98        0x4 /home/valentyn/Programs/SystemWorkBench/plugins/fr.ac6.mcu.externaltools.arm-none.linux32_1.13.1.201703061523/tools/compiler/bin/../lib/gcc/arm-none-eabi/5.4.1/../../../../arm-none-eabi/lib/armv7e-m/fpu/libc.a(lib_a-itoa.o)
                0x08006e98                itoa
 .text.memset   0x08006e9c       0x9c /home/valentyn/Programs/SystemWorkBench/plugins/fr.ac6.mcu.externaltools.arm-none.linux32_1.13.1.201703061523/tools/compiler/bin/../lib/gcc/arm-none-eabi/5.4.1/../../../../arm-none-eabi/lib/armv7e-m/fpu/libc.a(lib_a-memset.o)
                0x08006e9c                memset
 .text.strcpy   0x08006f38       0xbc /home/valentyn/Programs/SystemWorkBench/plugins/fr.ac6.mcu.externaltools.arm-none.linux32_1.13.1.201703061523/tools/compiler/bin/../lib/gcc/arm-none-eabi/5.4.1/../../../../arm-none-eabi/lib/armv7e-m/fpu/libc.a(lib_a-strcpy.o)
                0x08006f38                strcpy
 .text.strncpy  0x08006ff4       0x68 /home/valentyn/Programs/SystemWorkBench/plugins/fr.ac6.mcu.externaltools.arm-none.linux32_1.13.1.201703061523/tools/compiler/bin/../lib/gcc/arm-none-eabi/5.4.1/../../../../arm-none-eabi/lib/armv7e-m/fpu/libc.a(lib_a-strncpy.o)
                0x08006ff4                strncpy
 .text.critical_factorization
                0x0800705c       0xb8 /home/valentyn/Programs/SystemWorkBench/plugins/fr.ac6.mcu.externaltools.arm-none.linux32_1.13.1.201703061523/tools/compiler/bin/../lib/gcc/arm-none-eabi/5.4.1/../../../../arm-none-eabi/lib/armv7e-m/fpu/libc.a(lib_a-strstr.o)
 .text.two_way_long_needle
                0x08007114      0x200 /home/valentyn/Programs/SystemWorkBench/plugins/fr.ac6.mcu.externaltools.arm-none.linux32_1.13.1.201703061523/tools/compiler/bin/../lib/gcc/arm-none-eabi/5.4.1/../../../../arm-none-eabi/lib/armv7e-m/fpu/libc.a(lib_a-strstr.o)
 .text.strstr   0x08007314      0x220 /home/valentyn/Programs/SystemWorkBench/plugins/fr.ac6.mcu.externaltools.arm-none.linux32_1.13.1.201703061523/tools/compiler/bin/../lib/gcc/arm-none-eabi/5.4.1/../../../../arm-none-eabi/lib/armv7e-m/fpu/libc.a(lib_a-strstr.o)
                0x08007314                strstr
 .text.unlikely.sulp
                0x08007534       0x38 /home/valentyn/Programs/SystemWorkBench/plugins/fr.ac6.mcu.externaltools.arm-none.linux32_1.13.1.201703061523/tools/compiler/bin/../lib/gcc/arm-none-eabi/5.4.1/../../../../arm-none-eabi/lib/armv7e-m/fpu/libc.a(lib_a-strtod.o)
 *fill*         0x0800756c        0x4 
 .text._strtod_l
                0x08007570      0xed8 /home/valentyn/Programs/SystemWorkBench/plugins/fr.ac6.mcu.externaltools.arm-none.linux32_1.13.1.201703061523/tools/compiler/bin/../lib/gcc/arm-none-eabi/5.4.1/../../../../arm-none-eabi/lib/armv7e-m/fpu/libc.a(lib_a-strtod.o)
                0x08007570                _strtod_l
 .text.strtod   0x08008448       0x24 /home/valentyn/Programs/SystemWorkBench/plugins/fr.ac6.mcu.externaltools.arm-none.linux32_1.13.1.201703061523/tools/compiler/bin/../lib/gcc/arm-none-eabi/5.4.1/../../../../arm-none-eabi/lib/armv7e-m/fpu/libc.a(lib_a-strtod.o)
                0x08008448                strtod
 .text.strtok   0x0800846c       0x10 /home/valentyn/Programs/SystemWorkBench/plugins/fr.ac6.mcu.externaltools.arm-none.linux32_1.13.1.201703061523/tools/compiler/bin/../lib/gcc/arm-none-eabi/5.4.1/../../../../arm-none-eabi/lib/armv7e-m/fpu/libc.a(lib_a-strtok.o)
                0x0800846c                strtok
 .text.__strtok_r
                0x0800847c       0x64 /home/valentyn/Programs/SystemWorkBench/plugins/fr.ac6.mcu.externaltools.arm-none.linux32_1.13.1.201703061523/tools/compiler/bin/../lib/gcc/arm-none-eabi/5.4.1/../../../../arm-none-eabi/lib/armv7e-m/fpu/libc.a(lib_a-strtok_r.o)
                0x0800847c                __strtok_r
 .text._strtol_l.isra.0
                0x080084e0      0x138 /home/valentyn/Programs/SystemWorkBench/plugins/fr.ac6.mcu.externaltools.arm-none.linux32_1.13.1.201703061523/tools/compiler/bin/../lib/gcc/arm-none-eabi/5.4.1/../../../../arm-none-eabi/lib/armv7e-m/fpu/libc.a(lib_a-strtol.o)
 .text.strtol   0x08008618       0x2c /home/valentyn/Programs/SystemWorkBench/plugins/fr.ac6.mcu.externaltools.arm-none.linux32_1.13.1.201703061523/tools/compiler/bin/../lib/gcc/arm-none-eabi/5.4.1/../../../../arm-none-eabi/lib/armv7e-m/fpu/libc.a(lib_a-strtol.o)
                0x08008618                strtol
 .text.__utoa   0x08008644       0x80 /home/valentyn/Programs/SystemWorkBench/plugins/fr.ac6.mcu.externaltools.arm-none.linux32_1.13.1.201703061523/tools/compiler/bin/../lib/gcc/arm-none-eabi/5.4.1/../../../../arm-none-eabi/lib/armv7e-m/fpu/libc.a(lib_a-utoa.o)
                0x08008644                __utoa
 .text.startup.register_fini
                0x080086c4       0x14 /home/valentyn/Programs/SystemWorkBench/plugins/fr.ac6.mcu.externaltools.arm-none.linux32_1.13.1.201703061523/tools/compiler/bin/../lib/gcc/arm-none-eabi/5.4.1/../../../../arm-none-eabi/lib/armv7e-m/fpu/libc.a(lib_a-__call_atexit.o)
 .text.atexit   0x080086d8        0xc /home/valentyn/Programs/SystemWorkBench/plugins/fr.ac6.mcu.externaltools.arm-none.linux32_1.13.1.201703061523/tools/compiler/bin/../lib/gcc/arm-none-eabi/5.4.1/../../../../arm-none-eabi/lib/armv7e-m/fpu/libc.a(lib_a-atexit.o)
                0x080086d8                atexit
 .text.__libc_fini_array
                0x080086e4       0x28 /home/valentyn/Programs/SystemWorkBench/plugins/fr.ac6.mcu.externaltools.arm-none.linux32_1.13.1.201703061523/tools/compiler/bin/../lib/gcc/arm-none-eabi/5.4.1/../../../../arm-none-eabi/lib/armv7e-m/fpu/libc.a(lib_a-fini.o)
                0x080086e4                __libc_fini_array
 .text.rshift   0x0800870c       0xa8 /home/valentyn/Programs/SystemWorkBench/plugins/fr.ac6.mcu.externaltools.arm-none.linux32_1.13.1.201703061523/tools/compiler/bin/../lib/gcc/arm-none-eabi/5.4.1/../../../../arm-none-eabi/lib/armv7e-m/fpu/libc.a(lib_a-gdtoa-gethex.o)
 .text.__gethex
                0x080087b4      0x510 /home/valentyn/Programs/SystemWorkBench/plugins/fr.ac6.mcu.externaltools.arm-none.linux32_1.13.1.201703061523/tools/compiler/bin/../lib/gcc/arm-none-eabi/5.4.1/../../../../arm-none-eabi/lib/armv7e-m/fpu/libc.a(lib_a-gdtoa-gethex.o)
                0x080087b4                __gethex
 .text.__match  0x08008cc4       0x30 /home/valentyn/Programs/SystemWorkBench/plugins/fr.ac6.mcu.externaltools.arm-none.linux32_1.13.1.201703061523/tools/compiler/bin/../lib/gcc/arm-none-eabi/5.4.1/../../../../arm-none-eabi/lib/armv7e-m/fpu/libc.a(lib_a-gdtoa-hexnan.o)
                0x08008cc4                __match
 .text.__hexnan
                0x08008cf4      0x180 /home/valentyn/Programs/SystemWorkBench/plugins/fr.ac6.mcu.externaltools.arm-none.linux32_1.13.1.201703061523/tools/compiler/bin/../lib/gcc/arm-none-eabi/5.4.1/../../../../arm-none-eabi/lib/armv7e-m/fpu/libc.a(lib_a-gdtoa-hexnan.o)
                0x08008cf4                __hexnan
 .text.__locale_ctype_ptr_l
                0x08008e74        0x8 /home/valentyn/Programs/SystemWorkBench/plugins/fr.ac6.mcu.externaltools.arm-none.linux32_1.13.1.201703061523/tools/compiler/bin/../lib/gcc/arm-none-eabi/5.4.1/../../../../arm-none-eabi/lib/armv7e-m/fpu/libc.a(lib_a-locale.o)
                0x08008e74                __locale_ctype_ptr_l
 .text.__localeconv_l
                0x08008e7c        0x4 /home/valentyn/Programs/SystemWorkBench/plugins/fr.ac6.mcu.externaltools.arm-none.linux32_1.13.1.201703061523/tools/compiler/bin/../lib/gcc/arm-none-eabi/5.4.1/../../../../arm-none-eabi/lib/armv7e-m/fpu/libc.a(lib_a-localeconv.o)
                0x08008e7c                __localeconv_l
 .text.__ascii_mbtowc
                0x08008e80       0x2c /home/valentyn/Programs/SystemWorkBench/plugins/fr.ac6.mcu.externaltools.arm-none.linux32_1.13.1.201703061523/tools/compiler/bin/../lib/gcc/arm-none-eabi/5.4.1/../../../../arm-none-eabi/lib/armv7e-m/fpu/libc.a(lib_a-mbtowc_r.o)
                0x08008e80                __ascii_mbtowc
 .text.memcmp   0x08008eac       0x64 /home/valentyn/Programs/SystemWorkBench/plugins/fr.ac6.mcu.externaltools.arm-none.linux32_1.13.1.201703061523/tools/compiler/bin/../lib/gcc/arm-none-eabi/5.4.1/../../../../arm-none-eabi/lib/armv7e-m/fpu/libc.a(lib_a-memcmp.o)
                0x08008eac                memcmp
 .text._Balloc  0x08008f10       0x4c /home/valentyn/Programs/SystemWorkBench/plugins/fr.ac6.mcu.externaltools.arm-none.linux32_1.13.1.201703061523/tools/compiler/bin/../lib/gcc/arm-none-eabi/5.4.1/../../../../arm-none-eabi/lib/armv7e-m/fpu/libc.a(lib_a-mprec.o)
                0x08008f10                _Balloc
 .text._Bfree   0x08008f5c       0x14 /home/valentyn/Programs/SystemWorkBench/plugins/fr.ac6.mcu.externaltools.arm-none.linux32_1.13.1.201703061523/tools/compiler/bin/../lib/gcc/arm-none-eabi/5.4.1/../../../../arm-none-eabi/lib/armv7e-m/fpu/libc.a(lib_a-mprec.o)
                0x08008f5c                _Bfree
 .text.__multadd
                0x08008f70       0x80 /home/valentyn/Programs/SystemWorkBench/plugins/fr.ac6.mcu.externaltools.arm-none.linux32_1.13.1.201703061523/tools/compiler/bin/../lib/gcc/arm-none-eabi/5.4.1/../../../../arm-none-eabi/lib/armv7e-m/fpu/libc.a(lib_a-mprec.o)
                0x08008f70                __multadd
 .text.__s2b    0x08008ff0       0x98 /home/valentyn/Programs/SystemWorkBench/plugins/fr.ac6.mcu.externaltools.arm-none.linux32_1.13.1.201703061523/tools/compiler/bin/../lib/gcc/arm-none-eabi/5.4.1/../../../../arm-none-eabi/lib/armv7e-m/fpu/libc.a(lib_a-mprec.o)
                0x08008ff0                __s2b
 .text.__hi0bits
                0x08009088       0x40 /home/valentyn/Programs/SystemWorkBench/plugins/fr.ac6.mcu.externaltools.arm-none.linux32_1.13.1.201703061523/tools/compiler/bin/../lib/gcc/arm-none-eabi/5.4.1/../../../../arm-none-eabi/lib/armv7e-m/fpu/libc.a(lib_a-mprec.o)
                0x08009088                __hi0bits
 .text.__lo0bits
                0x080090c8       0x5c /home/valentyn/Programs/SystemWorkBench/plugins/fr.ac6.mcu.externaltools.arm-none.linux32_1.13.1.201703061523/tools/compiler/bin/../lib/gcc/arm-none-eabi/5.4.1/../../../../arm-none-eabi/lib/armv7e-m/fpu/libc.a(lib_a-mprec.o)
                0x080090c8                __lo0bits
 .text.__i2b    0x08009124       0x14 /home/valentyn/Programs/SystemWorkBench/plugins/fr.ac6.mcu.externaltools.arm-none.linux32_1.13.1.201703061523/tools/compiler/bin/../lib/gcc/arm-none-eabi/5.4.1/../../../../arm-none-eabi/lib/armv7e-m/fpu/libc.a(lib_a-mprec.o)
                0x08009124                __i2b
 .text.__multiply
                0x08009138      0x130 /home/valentyn/Programs/SystemWorkBench/plugins/fr.ac6.mcu.externaltools.arm-none.linux32_1.13.1.201703061523/tools/compiler/bin/../lib/gcc/arm-none-eabi/5.4.1/../../../../arm-none-eabi/lib/armv7e-m/fpu/libc.a(lib_a-mprec.o)
                0x08009138                __multiply
 .text.__pow5mult
                0x08009268       0xa0 /home/valentyn/Programs/SystemWorkBench/plugins/fr.ac6.mcu.externaltools.arm-none.linux32_1.13.1.201703061523/tools/compiler/bin/../lib/gcc/arm-none-eabi/5.4.1/../../../../arm-none-eabi/lib/armv7e-m/fpu/libc.a(lib_a-mprec.o)
                0x08009268                __pow5mult
 .text.__lshift
                0x08009308       0xb0 /home/valentyn/Programs/SystemWorkBench/plugins/fr.ac6.mcu.externaltools.arm-none.linux32_1.13.1.201703061523/tools/compiler/bin/../lib/gcc/arm-none-eabi/5.4.1/../../../../arm-none-eabi/lib/armv7e-m/fpu/libc.a(lib_a-mprec.o)
                0x08009308                __lshift
 .text.__mcmp   0x080093b8       0x44 /home/valentyn/Programs/SystemWorkBench/plugins/fr.ac6.mcu.externaltools.arm-none.linux32_1.13.1.201703061523/tools/compiler/bin/../lib/gcc/arm-none-eabi/5.4.1/../../../../arm-none-eabi/lib/armv7e-m/fpu/libc.a(lib_a-mprec.o)
                0x080093b8                __mcmp
 .text.__mdiff  0x080093fc      0x114 /home/valentyn/Programs/SystemWorkBench/plugins/fr.ac6.mcu.externaltools.arm-none.linux32_1.13.1.201703061523/tools/compiler/bin/../lib/gcc/arm-none-eabi/5.4.1/../../../../arm-none-eabi/lib/armv7e-m/fpu/libc.a(lib_a-mprec.o)
                0x080093fc                __mdiff
 .text.__ulp    0x08009510       0x54 /home/valentyn/Programs/SystemWorkBench/plugins/fr.ac6.mcu.externaltools.arm-none.linux32_1.13.1.201703061523/tools/compiler/bin/../lib/gcc/arm-none-eabi/5.4.1/../../../../arm-none-eabi/lib/armv7e-m/fpu/libc.a(lib_a-mprec.o)
                0x08009510                __ulp
 .text.__b2d    0x08009564       0xd0 /home/valentyn/Programs/SystemWorkBench/plugins/fr.ac6.mcu.externaltools.arm-none.linux32_1.13.1.201703061523/tools/compiler/bin/../lib/gcc/arm-none-eabi/5.4.1/../../../../arm-none-eabi/lib/armv7e-m/fpu/libc.a(lib_a-mprec.o)
                0x08009564                __b2d
 .text.__d2b    0x08009634       0xbc /home/valentyn/Programs/SystemWorkBench/plugins/fr.ac6.mcu.externaltools.arm-none.linux32_1.13.1.201703061523/tools/compiler/bin/../lib/gcc/arm-none-eabi/5.4.1/../../../../arm-none-eabi/lib/armv7e-m/fpu/libc.a(lib_a-mprec.o)
                0x08009634                __d2b
 .text.__ratio  0x080096f0       0x60 /home/valentyn/Programs/SystemWorkBench/plugins/fr.ac6.mcu.externaltools.arm-none.linux32_1.13.1.201703061523/tools/compiler/bin/../lib/gcc/arm-none-eabi/5.4.1/../../../../arm-none-eabi/lib/armv7e-m/fpu/libc.a(lib_a-mprec.o)
                0x080096f0                __ratio
 .text.__copybits
                0x08009750       0x48 /home/valentyn/Programs/SystemWorkBench/plugins/fr.ac6.mcu.externaltools.arm-none.linux32_1.13.1.201703061523/tools/compiler/bin/../lib/gcc/arm-none-eabi/5.4.1/../../../../arm-none-eabi/lib/armv7e-m/fpu/libc.a(lib_a-mprec.o)
                0x08009750                __copybits
 .text.__any_on
                0x08009798       0x60 /home/valentyn/Programs/SystemWorkBench/plugins/fr.ac6.mcu.externaltools.arm-none.linux32_1.13.1.201703061523/tools/compiler/bin/../lib/gcc/arm-none-eabi/5.4.1/../../../../arm-none-eabi/lib/armv7e-m/fpu/libc.a(lib_a-mprec.o)
                0x08009798                __any_on
 .text.nanf     0x080097f8        0xc /home/valentyn/Programs/SystemWorkBench/plugins/fr.ac6.mcu.externaltools.arm-none.linux32_1.13.1.201703061523/tools/compiler/bin/../lib/gcc/arm-none-eabi/5.4.1/../../../../arm-none-eabi/lib/armv7e-m/fpu/libc.a(lib_a-sf_nan.o)
                0x080097f8                nanf
 .text.strchr   0x08009804       0xd0 /home/valentyn/Programs/SystemWorkBench/plugins/fr.ac6.mcu.externaltools.arm-none.linux32_1.13.1.201703061523/tools/compiler/bin/../lib/gcc/arm-none-eabi/5.4.1/../../../../arm-none-eabi/lib/armv7e-m/fpu/libc.a(lib_a-strchr.o)
                0x08009804                strchr
 .text.strncmp  0x080098d4       0xa0 /home/valentyn/Programs/SystemWorkBench/plugins/fr.ac6.mcu.externaltools.arm-none.linux32_1.13.1.201703061523/tools/compiler/bin/../lib/gcc/arm-none-eabi/5.4.1/../../../../arm-none-eabi/lib/armv7e-m/fpu/libc.a(lib_a-strncmp.o)
                0x080098d4                strncmp
 .text.__ascii_wctomb
                0x08009974       0x1c /home/valentyn/Programs/SystemWorkBench/plugins/fr.ac6.mcu.externaltools.arm-none.linux32_1.13.1.201703061523/tools/compiler/bin/../lib/gcc/arm-none-eabi/5.4.1/../../../../arm-none-eabi/lib/armv7e-m/fpu/libc.a(lib_a-wctomb_r.o)
                0x08009974                __ascii_wctomb
 .text.__register_exitproc
                0x08009990       0xa4 /home/valentyn/Programs/SystemWorkBench/plugins/fr.ac6.mcu.externaltools.arm-none.linux32_1.13.1.201703061523/tools/compiler/bin/../lib/gcc/arm-none-eabi/5.4.1/../../../../arm-none-eabi/lib/armv7e-m/fpu/libc.a(lib_a-__atexit.o)
                0x08009990                __register_exitproc
 .text._calloc_r
                0x08009a34       0x60 /home/valentyn/Programs/SystemWorkBench/plugins/fr.ac6.mcu.externaltools.arm-none.linux32_1.13.1.201703061523/tools/compiler/bin/../lib/gcc/arm-none-eabi/5.4.1/../../../../arm-none-eabi/lib/armv7e-m/fpu/libc.a(lib_a-callocr.o)
                0x08009a34                _calloc_r
 .text._malloc_r
                0x08009a94      0x570 /home/valentyn/Programs/SystemWorkBench/plugins/fr.ac6.mcu.externaltools.arm-none.linux32_1.13.1.201703061523/tools/compiler/bin/../lib/gcc/arm-none-eabi/5.4.1/../../../../arm-none-eabi/lib/armv7e-m/fpu/libc.a(lib_a-mallocr.o)
                0x08009a94                _malloc_r
 .text.__malloc_lock
                0x0800a004        0x4 /home/valentyn/Programs/SystemWorkBench/plugins/fr.ac6.mcu.externaltools.arm-none.linux32_1.13.1.201703061523/tools/compiler/bin/../lib/gcc/arm-none-eabi/5.4.1/../../../../arm-none-eabi/lib/armv7e-m/fpu/libc.a(lib_a-mlock.o)
                0x0800a004                __malloc_lock
 .text.__malloc_unlock
                0x0800a008        0x4 /home/valentyn/Programs/SystemWorkBench/plugins/fr.ac6.mcu.externaltools.arm-none.linux32_1.13.1.201703061523/tools/compiler/bin/../lib/gcc/arm-none-eabi/5.4.1/../../../../arm-none-eabi/lib/armv7e-m/fpu/libc.a(lib_a-mlock.o)
                0x0800a008                __malloc_unlock
 .text._sbrk_r  0x0800a00c       0x24 /home/valentyn/Programs/SystemWorkBench/plugins/fr.ac6.mcu.externaltools.arm-none.linux32_1.13.1.201703061523/tools/compiler/bin/../lib/gcc/arm-none-eabi/5.4.1/../../../../arm-none-eabi/lib/armv7e-m/fpu/libc.a(lib_a-sbrkr.o)
                0x0800a00c                _sbrk_r
 .text._malloc_trim_r
                0x0800a030       0x9c /home/valentyn/Programs/SystemWorkBench/plugins/fr.ac6.mcu.externaltools.arm-none.linux32_1.13.1.201703061523/tools/compiler/bin/../lib/gcc/arm-none-eabi/5.4.1/../../../../arm-none-eabi/lib/armv7e-m/fpu/libc.a(lib_a-freer.o)
                0x0800a030                _malloc_trim_r
 .text._free_r  0x0800a0cc      0x1d0 /home/valentyn/Programs/SystemWorkBench/plugins/fr.ac6.mcu.externaltools.arm-none.linux32_1.13.1.201703061523/tools/compiler/bin/../lib/gcc/arm-none-eabi/5.4.1/../../../../arm-none-eabi/lib/armv7e-m/fpu/libc.a(lib_a-freer.o)
                0x0800a0cc                _free_r
 *fill*         0x0800a29c        0x4 
 .text.atan     0x0800a2a0      0x378 /home/valentyn/Programs/SystemWorkBench/plugins/fr.ac6.mcu.externaltools.arm-none.linux32_1.13.1.201703061523/tools/compiler/bin/../lib/gcc/arm-none-eabi/5.4.1/../../../../arm-none-eabi/lib/armv7e-m/fpu/libm.a(lib_a-s_atan.o)
                0x0800a2a0                atan
 .text.cos      0x0800a618       0xc0 /home/valentyn/Programs/SystemWorkBench/plugins/fr.ac6.mcu.externaltools.arm-none.linux32_1.13.1.201703061523/tools/compiler/bin/../lib/gcc/arm-none-eabi/5.4.1/../../../../arm-none-eabi/lib/armv7e-m/fpu/libm.a(lib_a-s_cos.o)
                0x0800a618                cos
 .text.fabs     0x0800a6d8       0x10 /home/valentyn/Programs/SystemWorkBench/plugins/fr.ac6.mcu.externaltools.arm-none.linux32_1.13.1.201703061523/tools/compiler/bin/../lib/gcc/arm-none-eabi/5.4.1/../../../../arm-none-eabi/lib/armv7e-m/fpu/libm.a(lib_a-s_fabs.o)
                0x0800a6d8                fabs
 .text.floor    0x0800a6e8      0x120 /home/valentyn/Programs/SystemWorkBench/plugins/fr.ac6.mcu.externaltools.arm-none.linux32_1.13.1.201703061523/tools/compiler/bin/../lib/gcc/arm-none-eabi/5.4.1/../../../../arm-none-eabi/lib/armv7e-m/fpu/libm.a(lib_a-s_floor.o)
                0x0800a6e8                floor
 .text.sin      0x0800a808       0xc0 /home/valentyn/Programs/SystemWorkBench/plugins/fr.ac6.mcu.externaltools.arm-none.linux32_1.13.1.201703061523/tools/compiler/bin/../lib/gcc/arm-none-eabi/5.4.1/../../../../arm-none-eabi/lib/armv7e-m/fpu/libm.a(lib_a-s_sin.o)
                0x0800a808                sin
 .text.tan      0x0800a8c8       0x70 /home/valentyn/Programs/SystemWorkBench/plugins/fr.ac6.mcu.externaltools.arm-none.linux32_1.13.1.201703061523/tools/compiler/bin/../lib/gcc/arm-none-eabi/5.4.1/../../../../arm-none-eabi/lib/armv7e-m/fpu/libm.a(lib_a-s_tan.o)
                0x0800a8c8                tan
 .text.atan2    0x0800a938        0x4 /home/valentyn/Programs/SystemWorkBench/plugins/fr.ac6.mcu.externaltools.arm-none.linux32_1.13.1.201703061523/tools/compiler/bin/../lib/gcc/arm-none-eabi/5.4.1/../../../../arm-none-eabi/lib/armv7e-m/fpu/libm.a(lib_a-w_atan2.o)
                0x0800a938                atan2
 *fill*         0x0800a93c        0x4 
 .text.pow      0x0800a940      0x338 /home/valentyn/Programs/SystemWorkBench/plugins/fr.ac6.mcu.externaltools.arm-none.linux32_1.13.1.201703061523/tools/compiler/bin/../lib/gcc/arm-none-eabi/5.4.1/../../../../arm-none-eabi/lib/armv7e-m/fpu/libm.a(lib_a-w_pow.o)
                0x0800a940                pow
 .text.sqrt     0x0800ac78       0xc0 /home/valentyn/Programs/SystemWorkBench/plugins/fr.ac6.mcu.externaltools.arm-none.linux32_1.13.1.201703061523/tools/compiler/bin/../lib/gcc/arm-none-eabi/5.4.1/../../../../arm-none-eabi/lib/armv7e-m/fpu/libm.a(lib_a-w_sqrt.o)
                0x0800ac78                sqrt
 .text.powf     0x0800ad38      0x328 /home/valentyn/Programs/SystemWorkBench/plugins/fr.ac6.mcu.externaltools.arm-none.linux32_1.13.1.201703061523/tools/compiler/bin/../lib/gcc/arm-none-eabi/5.4.1/../../../../arm-none-eabi/lib/armv7e-m/fpu/libm.a(lib_a-wf_pow.o)
                0x0800ad38                powf
 .text.__ieee754_atan2
                0x0800b060      0x1ec /home/valentyn/Programs/SystemWorkBench/plugins/fr.ac6.mcu.externaltools.arm-none.linux32_1.13.1.201703061523/tools/compiler/bin/../lib/gcc/arm-none-eabi/5.4.1/../../../../arm-none-eabi/lib/armv7e-m/fpu/libm.a(lib_a-e_atan2.o)
                0x0800b060                __ieee754_atan2
 *fill*         0x0800b24c        0x4 
 .text.__ieee754_pow
                0x0800b250      0xb10 /home/valentyn/Programs/SystemWorkBench/plugins/fr.ac6.mcu.externaltools.arm-none.linux32_1.13.1.201703061523/tools/compiler/bin/../lib/gcc/arm-none-eabi/5.4.1/../../../../arm-none-eabi/lib/armv7e-m/fpu/libm.a(lib_a-e_pow.o)
                0x0800b250                __ieee754_pow
 .text.__ieee754_rem_pio2
                0x0800bd60      0x44c /home/valentyn/Programs/SystemWorkBench/plugins/fr.ac6.mcu.externaltools.arm-none.linux32_1.13.1.201703061523/tools/compiler/bin/../lib/gcc/arm-none-eabi/5.4.1/../../../../arm-none-eabi/lib/armv7e-m/fpu/libm.a(lib_a-e_rem_pio2.o)
                0x0800bd60                __ieee754_rem_pio2
 .text.__ieee754_sqrt
                0x0800c1ac      0x1a0 /home/valentyn/Programs/SystemWorkBench/plugins/fr.ac6.mcu.externaltools.arm-none.linux32_1.13.1.201703061523/tools/compiler/bin/../lib/gcc/arm-none-eabi/5.4.1/../../../../arm-none-eabi/lib/armv7e-m/fpu/libm.a(lib_a-e_sqrt.o)
                0x0800c1ac                __ieee754_sqrt
 .text.__ieee754_powf
                0x0800c34c      0x5fc /home/valentyn/Programs/SystemWorkBench/plugins/fr.ac6.mcu.externaltools.arm-none.linux32_1.13.1.201703061523/tools/compiler/bin/../lib/gcc/arm-none-eabi/5.4.1/../../../../arm-none-eabi/lib/armv7e-m/fpu/libm.a(lib_a-ef_pow.o)
                0x0800c34c                __ieee754_powf
 .text.__ieee754_sqrtf
                0x0800c948       0xa4 /home/valentyn/Programs/SystemWorkBench/plugins/fr.ac6.mcu.externaltools.arm-none.linux32_1.13.1.201703061523/tools/compiler/bin/../lib/gcc/arm-none-eabi/5.4.1/../../../../arm-none-eabi/lib/armv7e-m/fpu/libm.a(lib_a-ef_sqrt.o)
                0x0800c948                __ieee754_sqrtf
 *fill*         0x0800c9ec        0x4 
 .text.__kernel_cos
                0x0800c9f0      0x284 /home/valentyn/Programs/SystemWorkBench/plugins/fr.ac6.mcu.externaltools.arm-none.linux32_1.13.1.201703061523/tools/compiler/bin/../lib/gcc/arm-none-eabi/5.4.1/../../../../arm-none-eabi/lib/armv7e-m/fpu/libm.a(lib_a-k_cos.o)
                0x0800c9f0                __kernel_cos
 *fill*         0x0800cc74        0x4 
 .text.__kernel_rem_pio2
                0x0800cc78      0x820 /home/valentyn/Programs/SystemWorkBench/plugins/fr.ac6.mcu.externaltools.arm-none.linux32_1.13.1.201703061523/tools/compiler/bin/../lib/gcc/arm-none-eabi/5.4.1/../../../../arm-none-eabi/lib/armv7e-m/fpu/libm.a(lib_a-k_rem_pio2.o)
                0x0800cc78                __kernel_rem_pio2
 .text.__kernel_sin
                0x0800d498      0x194 /home/valentyn/Programs/SystemWorkBench/plugins/fr.ac6.mcu.externaltools.arm-none.linux32_1.13.1.201703061523/tools/compiler/bin/../lib/gcc/arm-none-eabi/5.4.1/../../../../arm-none-eabi/lib/armv7e-m/fpu/libm.a(lib_a-k_sin.o)
                0x0800d498                __kernel_sin
 *fill*         0x0800d62c        0x4 
 .text.__kernel_tan
                0x0800d630      0x3c8 /home/valentyn/Programs/SystemWorkBench/plugins/fr.ac6.mcu.externaltools.arm-none.linux32_1.13.1.201703061523/tools/compiler/bin/../lib/gcc/arm-none-eabi/5.4.1/../../../../arm-none-eabi/lib/armv7e-m/fpu/libm.a(lib_a-k_tan.o)
                0x0800d630                __kernel_tan
 .text.finite   0x0800d9f8       0x10 /home/valentyn/Programs/SystemWorkBench/plugins/fr.ac6.mcu.externaltools.arm-none.linux32_1.13.1.201703061523/tools/compiler/bin/../lib/gcc/arm-none-eabi/5.4.1/../../../../arm-none-eabi/lib/armv7e-m/fpu/libm.a(lib_a-s_finite.o)
                0x0800d9f8                finite
 .text.matherr  0x0800da08        0x4 /home/valentyn/Programs/SystemWorkBench/plugins/fr.ac6.mcu.externaltools.arm-none.linux32_1.13.1.201703061523/tools/compiler/bin/../lib/gcc/arm-none-eabi/5.4.1/../../../../arm-none-eabi/lib/armv7e-m/fpu/libm.a(lib_a-s_matherr.o)
                0x0800da08                matherr
 *fill*         0x0800da0c        0x4 
 .text.nan      0x0800da10       0x10 /home/valentyn/Programs/SystemWorkBench/plugins/fr.ac6.mcu.externaltools.arm-none.linux32_1.13.1.201703061523/tools/compiler/bin/../lib/gcc/arm-none-eabi/5.4.1/../../../../arm-none-eabi/lib/armv7e-m/fpu/libm.a(lib_a-s_nan.o)
                0x0800da10                nan
 .text.rint     0x0800da20      0x128 /home/valentyn/Programs/SystemWorkBench/plugins/fr.ac6.mcu.externaltools.arm-none.linux32_1.13.1.201703061523/tools/compiler/bin/../lib/gcc/arm-none-eabi/5.4.1/../../../../arm-none-eabi/lib/armv7e-m/fpu/libm.a(lib_a-s_rint.o)
                0x0800da20                rint
 .text.scalbn   0x0800db48      0x10c /home/valentyn/Programs/SystemWorkBench/plugins/fr.ac6.mcu.externaltools.arm-none.linux32_1.13.1.201703061523/tools/compiler/bin/../lib/gcc/arm-none-eabi/5.4.1/../../../../arm-none-eabi/lib/armv7e-m/fpu/libm.a(lib_a-s_scalbn.o)
                0x0800db48                scalbn
 .text.fabsf    0x0800dc54       0x10 /home/valentyn/Programs/SystemWorkBench/plugins/fr.ac6.mcu.externaltools.arm-none.linux32_1.13.1.201703061523/tools/compiler/bin/../lib/gcc/arm-none-eabi/5.4.1/../../../../arm-none-eabi/lib/armv7e-m/fpu/libm.a(lib_a-sf_fabs.o)
                0x0800dc54                fabsf
 .text.finitef  0x0800dc64       0x14 /home/valentyn/Programs/SystemWorkBench/plugins/fr.ac6.mcu.externaltools.arm-none.linux32_1.13.1.201703061523/tools/compiler/bin/../lib/gcc/arm-none-eabi/5.4.1/../../../../arm-none-eabi/lib/armv7e-m/fpu/libm.a(lib_a-sf_finite.o)
                0x0800dc64                finitef
 .text.scalbnf  0x0800dc78       0xd0 /home/valentyn/Programs/SystemWorkBench/plugins/fr.ac6.mcu.externaltools.arm-none.linux32_1.13.1.201703061523/tools/compiler/bin/../lib/gcc/arm-none-eabi/5.4.1/../../../../arm-none-eabi/lib/armv7e-m/fpu/libm.a(lib_a-sf_scalbn.o)
                0x0800dc78                scalbnf
 .text.copysign
                0x0800dd48       0x1c /home/valentyn/Programs/SystemWorkBench/plugins/fr.ac6.mcu.externaltools.arm-none.linux32_1.13.1.201703061523/tools/compiler/bin/../lib/gcc/arm-none-eabi/5.4.1/../../../../arm-none-eabi/lib/armv7e-m/fpu/libm.a(lib_a-s_copysign.o)
                0x0800dd48                copysign
 .text.copysignf
                0x0800dd64       0x18 /home/valentyn/Programs/SystemWorkBench/plugins/fr.ac6.mcu.externaltools.arm-none.linux32_1.13.1.201703061523/tools/compiler/bin/../lib/gcc/arm-none-eabi/5.4.1/../../../../arm-none-eabi/lib/armv7e-m/fpu/libm.a(lib_a-sf_copysign.o)
                0x0800dd64                copysignf
 *(.glue_7)
 .glue_7        0x0800dd7c        0x0 linker stubs
 *(.glue_7t)
 .glue_7t       0x0800dd7c        0x0 linker stubs
 *(.eh_frame)
 .eh_frame      0x0800dd7c        0x0 /home/valentyn/Programs/SystemWorkBench/plugins/fr.ac6.mcu.externaltools.arm-none.linux32_1.13.1.201703061523/tools/compiler/bin/../lib/gcc/arm-none-eabi/5.4.1/armv7e-m/fpu/crtbegin.o
 *(.init)
 .init          0x0800dd7c        0x4 /home/valentyn/Programs/SystemWorkBench/plugins/fr.ac6.mcu.externaltools.arm-none.linux32_1.13.1.201703061523/tools/compiler/bin/../lib/gcc/arm-none-eabi/5.4.1/armv7e-m/fpu/crti.o
                0x0800dd7c                _init
 .init          0x0800dd80        0x8 /home/valentyn/Programs/SystemWorkBench/plugins/fr.ac6.mcu.externaltools.arm-none.linux32_1.13.1.201703061523/tools/compiler/bin/../lib/gcc/arm-none-eabi/5.4.1/armv7e-m/fpu/crtn.o
 *(.fini)
 .fini          0x0800dd88        0x4 /home/valentyn/Programs/SystemWorkBench/plugins/fr.ac6.mcu.externaltools.arm-none.linux32_1.13.1.201703061523/tools/compiler/bin/../lib/gcc/arm-none-eabi/5.4.1/armv7e-m/fpu/crti.o
                0x0800dd88                _fini
 .fini          0x0800dd8c        0x8 /home/valentyn/Programs/SystemWorkBench/plugins/fr.ac6.mcu.externaltools.arm-none.linux32_1.13.1.201703061523/tools/compiler/bin/../lib/gcc/arm-none-eabi/5.4.1/armv7e-m/fpu/crtn.o
                0x0800dd94                . = ALIGN (0x4)
                0x0800dd94                _etext = .

.vfp11_veneer   0x0800dd94        0x0
 .vfp11_veneer  0x0800dd94        0x0 linker stubs

.v4_bx          0x0800dd94        0x0
 .v4_bx         0x0800dd94        0x0 linker stubs

.iplt           0x0800dd94        0x0
 .iplt          0x0800dd94        0x0 /home/valentyn/Programs/SystemWorkBench/plugins/fr.ac6.mcu.externaltools.arm-none.linux32_1.13.1.201703061523/tools/compiler/bin/../lib/gcc/arm-none-eabi/5.4.1/armv7e-m/fpu/crtbegin.o

.rodata         0x0800dd98      0x670
                0x0800dd98                . = ALIGN (0x4)
 *(.rodata)
 .rodata        0x0800dd98        0x5 RTOS/src/tasks.o
 *fill*         0x0800dd9d        0x3 
 .rodata        0x0800dda0        0xd RTOS/src/timers.o
 *fill*         0x0800ddad        0x3 
 .rodata        0x0800ddb0        0xa src/algorithm.o
 *fill*         0x0800ddba        0x2 
 .rodata        0x0800ddbc        0x4 src/gpio.o
 .rodata        0x0800ddc0       0x22 src/main.o
 *fill*         0x0800dde2        0x6 
 .rodata        0x0800dde8       0x40 src/nmea.o
                0x0800dde8                sm_a
                0x0800ddf0                sm_b
                0x0800ddf8                UTMScaleFactor
 *(.rodata*)
 .rodata._global_impure_ptr
                0x0800de28        0x4 /home/valentyn/Programs/SystemWorkBench/plugins/fr.ac6.mcu.externaltools.arm-none.linux32_1.13.1.201703061523/tools/compiler/bin/../lib/gcc/arm-none-eabi/5.4.1/../../../../arm-none-eabi/lib/armv7e-m/fpu/libc.a(lib_a-impure.o)
                0x0800de28                _global_impure_ptr
 .rodata.fpi.6173
                0x0800de2c       0x14 /home/valentyn/Programs/SystemWorkBench/plugins/fr.ac6.mcu.externaltools.arm-none.linux32_1.13.1.201703061523/tools/compiler/bin/../lib/gcc/arm-none-eabi/5.4.1/../../../../arm-none-eabi/lib/armv7e-m/fpu/libc.a(lib_a-strtod.o)
 .rodata.str1.4
                0x0800de40        0xf /home/valentyn/Programs/SystemWorkBench/plugins/fr.ac6.mcu.externaltools.arm-none.linux32_1.13.1.201703061523/tools/compiler/bin/../lib/gcc/arm-none-eabi/5.4.1/../../../../arm-none-eabi/lib/armv7e-m/fpu/libc.a(lib_a-strtod.o)
 *fill*         0x0800de4f        0x1 
 .rodata.fpinan.6209
                0x0800de50       0x14 /home/valentyn/Programs/SystemWorkBench/plugins/fr.ac6.mcu.externaltools.arm-none.linux32_1.13.1.201703061523/tools/compiler/bin/../lib/gcc/arm-none-eabi/5.4.1/../../../../arm-none-eabi/lib/armv7e-m/fpu/libc.a(lib_a-strtod.o)
 *fill*         0x0800de64        0x4 
 .rodata.tinytens
                0x0800de68       0x28 /home/valentyn/Programs/SystemWorkBench/plugins/fr.ac6.mcu.externaltools.arm-none.linux32_1.13.1.201703061523/tools/compiler/bin/../lib/gcc/arm-none-eabi/5.4.1/../../../../arm-none-eabi/lib/armv7e-m/fpu/libc.a(lib_a-strtod.o)
 .rodata.str1.4
                0x0800de90       0x25 /home/valentyn/Programs/SystemWorkBench/plugins/fr.ac6.mcu.externaltools.arm-none.linux32_1.13.1.201703061523/tools/compiler/bin/../lib/gcc/arm-none-eabi/5.4.1/../../../../arm-none-eabi/lib/armv7e-m/fpu/libc.a(lib_a-utoa.o)
 *fill*         0x0800deb5        0x3 
 .rodata.__hexdig
                0x0800deb8      0x100 /home/valentyn/Programs/SystemWorkBench/plugins/fr.ac6.mcu.externaltools.arm-none.linux32_1.13.1.201703061523/tools/compiler/bin/../lib/gcc/arm-none-eabi/5.4.1/../../../../arm-none-eabi/lib/armv7e-m/fpu/libc.a(lib_a-gdtoa-gethex.o)
                0x0800deb8                __hexdig
 .rodata.str1.4
                0x0800dfb8        0xe /home/valentyn/Programs/SystemWorkBench/plugins/fr.ac6.mcu.externaltools.arm-none.linux32_1.13.1.201703061523/tools/compiler/bin/../lib/gcc/arm-none-eabi/5.4.1/../../../../arm-none-eabi/lib/armv7e-m/fpu/libc.a(lib_a-locale.o)
                                 0x12 (size before relaxing)
 *fill*         0x0800dfc6        0x2 
 .rodata.__mprec_tens
                0x0800dfc8       0xc8 /home/valentyn/Programs/SystemWorkBench/plugins/fr.ac6.mcu.externaltools.arm-none.linux32_1.13.1.201703061523/tools/compiler/bin/../lib/gcc/arm-none-eabi/5.4.1/../../../../arm-none-eabi/lib/armv7e-m/fpu/libc.a(lib_a-mprec.o)
                0x0800dfc8                __mprec_tens
 .rodata.__mprec_bigtens
                0x0800e090       0x28 /home/valentyn/Programs/SystemWorkBench/plugins/fr.ac6.mcu.externaltools.arm-none.linux32_1.13.1.201703061523/tools/compiler/bin/../lib/gcc/arm-none-eabi/5.4.1/../../../../arm-none-eabi/lib/armv7e-m/fpu/libc.a(lib_a-mprec.o)
                0x0800e090                __mprec_bigtens
 .rodata.p05.6087
                0x0800e0b8        0xc /home/valentyn/Programs/SystemWorkBench/plugins/fr.ac6.mcu.externaltools.arm-none.linux32_1.13.1.201703061523/tools/compiler/bin/../lib/gcc/arm-none-eabi/5.4.1/../../../../arm-none-eabi/lib/armv7e-m/fpu/libc.a(lib_a-mprec.o)
 .rodata._ctype_
                0x0800e0c4      0x101 /home/valentyn/Programs/SystemWorkBench/plugins/fr.ac6.mcu.externaltools.arm-none.linux32_1.13.1.201703061523/tools/compiler/bin/../lib/gcc/arm-none-eabi/5.4.1/../../../../arm-none-eabi/lib/armv7e-m/fpu/libc.a(lib_a-ctype_.o)
                0x0800e0c4                _ctype_
 *fill*         0x0800e1c5        0x3 
 .rodata.atanlo
                0x0800e1c8       0x20 /home/valentyn/Programs/SystemWorkBench/plugins/fr.ac6.mcu.externaltools.arm-none.linux32_1.13.1.201703061523/tools/compiler/bin/../lib/gcc/arm-none-eabi/5.4.1/../../../../arm-none-eabi/lib/armv7e-m/fpu/libm.a(lib_a-s_atan.o)
 .rodata.atanhi
                0x0800e1e8       0x20 /home/valentyn/Programs/SystemWorkBench/plugins/fr.ac6.mcu.externaltools.arm-none.linux32_1.13.1.201703061523/tools/compiler/bin/../lib/gcc/arm-none-eabi/5.4.1/../../../../arm-none-eabi/lib/armv7e-m/fpu/libm.a(lib_a-s_atan.o)
 .rodata.str1.4
                0x0800e208        0x4 /home/valentyn/Programs/SystemWorkBench/plugins/fr.ac6.mcu.externaltools.arm-none.linux32_1.13.1.201703061523/tools/compiler/bin/../lib/gcc/arm-none-eabi/5.4.1/../../../../arm-none-eabi/lib/armv7e-m/fpu/libm.a(lib_a-w_pow.o)
 .rodata.str1.4
                0x0800e20c        0x5 /home/valentyn/Programs/SystemWorkBench/plugins/fr.ac6.mcu.externaltools.arm-none.linux32_1.13.1.201703061523/tools/compiler/bin/../lib/gcc/arm-none-eabi/5.4.1/../../../../arm-none-eabi/lib/armv7e-m/fpu/libm.a(lib_a-w_sqrt.o)
 *fill*         0x0800e211        0x3 
 .rodata.str1.4
                0x0800e214        0x8 /home/valentyn/Programs/SystemWorkBench/plugins/fr.ac6.mcu.externaltools.arm-none.linux32_1.13.1.201703061523/tools/compiler/bin/../lib/gcc/arm-none-eabi/5.4.1/../../../../arm-none-eabi/lib/armv7e-m/fpu/libm.a(lib_a-wf_pow.o)
                                  0x5 (size before relaxing)
 .rodata.str1.4
                0x0800e21c        0x1 /home/valentyn/Programs/SystemWorkBench/plugins/fr.ac6.mcu.externaltools.arm-none.linux32_1.13.1.201703061523/tools/compiler/bin/../lib/gcc/arm-none-eabi/5.4.1/../../../../arm-none-eabi/lib/armv7e-m/fpu/libm.a(lib_a-e_pow.o)
 .rodata.npio2_hw
                0x0800e21c       0x80 /home/valentyn/Programs/SystemWorkBench/plugins/fr.ac6.mcu.externaltools.arm-none.linux32_1.13.1.201703061523/tools/compiler/bin/../lib/gcc/arm-none-eabi/5.4.1/../../../../arm-none-eabi/lib/armv7e-m/fpu/libm.a(lib_a-e_rem_pio2.o)
 .rodata.two_over_pi
                0x0800e29c      0x108 /home/valentyn/Programs/SystemWorkBench/plugins/fr.ac6.mcu.externaltools.arm-none.linux32_1.13.1.201703061523/tools/compiler/bin/../lib/gcc/arm-none-eabi/5.4.1/../../../../arm-none-eabi/lib/armv7e-m/fpu/libm.a(lib_a-e_rem_pio2.o)
 .rodata.str1.4
                0x0800e3a4        0x1 /home/valentyn/Programs/SystemWorkBench/plugins/fr.ac6.mcu.externaltools.arm-none.linux32_1.13.1.201703061523/tools/compiler/bin/../lib/gcc/arm-none-eabi/5.4.1/../../../../arm-none-eabi/lib/armv7e-m/fpu/libm.a(lib_a-ef_pow.o)
 .rodata.init_jk
                0x0800e3a4       0x10 /home/valentyn/Programs/SystemWorkBench/plugins/fr.ac6.mcu.externaltools.arm-none.linux32_1.13.1.201703061523/tools/compiler/bin/../lib/gcc/arm-none-eabi/5.4.1/../../../../arm-none-eabi/lib/armv7e-m/fpu/libm.a(lib_a-k_rem_pio2.o)
 *fill*         0x0800e3b4        0x4 
 .rodata.PIo2   0x0800e3b8       0x40 /home/valentyn/Programs/SystemWorkBench/plugins/fr.ac6.mcu.externaltools.arm-none.linux32_1.13.1.201703061523/tools/compiler/bin/../lib/gcc/arm-none-eabi/5.4.1/../../../../arm-none-eabi/lib/armv7e-m/fpu/libm.a(lib_a-k_rem_pio2.o)
 .rodata.TWO52  0x0800e3f8       0x10 /home/valentyn/Programs/SystemWorkBench/plugins/fr.ac6.mcu.externaltools.arm-none.linux32_1.13.1.201703061523/tools/compiler/bin/../lib/gcc/arm-none-eabi/5.4.1/../../../../arm-none-eabi/lib/armv7e-m/fpu/libm.a(lib_a-s_rint.o)
                0x0800e408                . = ALIGN (0x4)

.rel.dyn        0x0800e408        0x0
 .rel.iplt      0x0800e408        0x0 /home/valentyn/Programs/SystemWorkBench/plugins/fr.ac6.mcu.externaltools.arm-none.linux32_1.13.1.201703061523/tools/compiler/bin/../lib/gcc/arm-none-eabi/5.4.1/armv7e-m/fpu/crtbegin.o

.ARM.extab      0x0800e408        0x0
                0x0800e408                . = ALIGN (0x4)
 *(.ARM.extab* .gnu.linkonce.armextab.*)
                0x0800e408                . = ALIGN (0x4)

.ARM            0x0800e408        0x0
                0x0800e408                . = ALIGN (0x4)
                0x0800e408                __exidx_start = .
 *(.ARM.exidx*)
                0x0800e408                __exidx_end = .
                0x0800e408                . = ALIGN (0x4)

.preinit_array  0x0800e408        0x0
                0x0800e408                . = ALIGN (0x4)
                0x0800e408                PROVIDE (__preinit_array_start, .)
 *(.preinit_array*)
                0x0800e408                PROVIDE (__preinit_array_end, .)
                0x0800e408                . = ALIGN (0x4)

.init_array     0x0800e408        0x8
                0x0800e408                . = ALIGN (0x4)
                0x0800e408                PROVIDE (__init_array_start, .)
 *(SORT(.init_array.*))
 .init_array.00000
                0x0800e408        0x4 /home/valentyn/Programs/SystemWorkBench/plugins/fr.ac6.mcu.externaltools.arm-none.linux32_1.13.1.201703061523/tools/compiler/bin/../lib/gcc/arm-none-eabi/5.4.1/../../../../arm-none-eabi/lib/armv7e-m/fpu/libc.a(lib_a-__call_atexit.o)
 *(.init_array*)
 .init_array    0x0800e40c        0x4 /home/valentyn/Programs/SystemWorkBench/plugins/fr.ac6.mcu.externaltools.arm-none.linux32_1.13.1.201703061523/tools/compiler/bin/../lib/gcc/arm-none-eabi/5.4.1/armv7e-m/fpu/crtbegin.o
                0x0800e410                PROVIDE (__init_array_end, .)
                0x0800e410                . = ALIGN (0x4)

.fini_array     0x0800e410        0x4
                0x0800e410                . = ALIGN (0x4)
                0x0800e410                PROVIDE (__fini_array_start, .)
 *(SORT(.fini_array.*))
 *(.fini_array*)
 .fini_array    0x0800e410        0x4 /home/valentyn/Programs/SystemWorkBench/plugins/fr.ac6.mcu.externaltools.arm-none.linux32_1.13.1.201703061523/tools/compiler/bin/../lib/gcc/arm-none-eabi/5.4.1/armv7e-m/fpu/crtbegin.o
                0x0800e414                PROVIDE (__fini_array_end, .)
                0x0800e414                . = ALIGN (0x4)
                0x0800e414                _sidata = LOADADDR (.data)

.data           0x20000000      0x9bc load address 0x0800e414
                0x20000000                . = ALIGN (0x4)
                0x20000000                _sdata = .
 *(.data)
 .data          0x20000000        0x4 RTOS/src/port.o
 .data          0x20000004        0x8 src/main.o
                0x20000004                arStr
 *(.data*)
 *fill*         0x2000000c        0x4 
 .data.impure_data
                0x20000010      0x428 /home/valentyn/Programs/SystemWorkBench/plugins/fr.ac6.mcu.externaltools.arm-none.linux32_1.13.1.201703061523/tools/compiler/bin/../lib/gcc/arm-none-eabi/5.4.1/../../../../arm-none-eabi/lib/armv7e-m/fpu/libc.a(lib_a-impure.o)
 .data._impure_ptr
                0x20000438        0x4 /home/valentyn/Programs/SystemWorkBench/plugins/fr.ac6.mcu.externaltools.arm-none.linux32_1.13.1.201703061523/tools/compiler/bin/../lib/gcc/arm-none-eabi/5.4.1/../../../../arm-none-eabi/lib/armv7e-m/fpu/libc.a(lib_a-impure.o)
                0x20000438                _impure_ptr
 .data.__global_locale
                0x2000043c      0x16c /home/valentyn/Programs/SystemWorkBench/plugins/fr.ac6.mcu.externaltools.arm-none.linux32_1.13.1.201703061523/tools/compiler/bin/../lib/gcc/arm-none-eabi/5.4.1/../../../../arm-none-eabi/lib/armv7e-m/fpu/libc.a(lib_a-locale.o)
                0x2000043c                __global_locale
 .data.__malloc_av_
                0x200005a8      0x408 /home/valentyn/Programs/SystemWorkBench/plugins/fr.ac6.mcu.externaltools.arm-none.linux32_1.13.1.201703061523/tools/compiler/bin/../lib/gcc/arm-none-eabi/5.4.1/../../../../arm-none-eabi/lib/armv7e-m/fpu/libc.a(lib_a-mallocr.o)
                0x200005a8                __malloc_av_
 .data.__malloc_trim_threshold
                0x200009b0        0x4 /home/valentyn/Programs/SystemWorkBench/plugins/fr.ac6.mcu.externaltools.arm-none.linux32_1.13.1.201703061523/tools/compiler/bin/../lib/gcc/arm-none-eabi/5.4.1/../../../../arm-none-eabi/lib/armv7e-m/fpu/libc.a(lib_a-mallocr.o)
                0x200009b0                __malloc_trim_threshold
 .data.__malloc_sbrk_base
                0x200009b4        0x4 /home/valentyn/Programs/SystemWorkBench/plugins/fr.ac6.mcu.externaltools.arm-none.linux32_1.13.1.201703061523/tools/compiler/bin/../lib/gcc/arm-none-eabi/5.4.1/../../../../arm-none-eabi/lib/armv7e-m/fpu/libc.a(lib_a-mallocr.o)
                0x200009b4                __malloc_sbrk_base
 .data.__fdlib_version
                0x200009b8        0x1 /home/valentyn/Programs/SystemWorkBench/plugins/fr.ac6.mcu.externaltools.arm-none.linux32_1.13.1.201703061523/tools/compiler/bin/../lib/gcc/arm-none-eabi/5.4.1/../../../../arm-none-eabi/lib/armv7e-m/fpu/libm.a(lib_a-s_lib_ver.o)
                0x200009b8                __fdlib_version
                0x200009bc                . = ALIGN (0x4)
 *fill*         0x200009b9        0x3 
                0x200009bc                _edata = .

.jcr            0x200009bc        0x0 load address 0x0800edd0
 .jcr           0x200009bc        0x0 /home/valentyn/Programs/SystemWorkBench/plugins/fr.ac6.mcu.externaltools.arm-none.linux32_1.13.1.201703061523/tools/compiler/bin/../lib/gcc/arm-none-eabi/5.4.1/armv7e-m/fpu/crtbegin.o

.igot.plt       0x200009bc        0x0 load address 0x0800edd0
 .igot.plt      0x200009bc        0x0 /home/valentyn/Programs/SystemWorkBench/plugins/fr.ac6.mcu.externaltools.arm-none.linux32_1.13.1.201703061523/tools/compiler/bin/../lib/gcc/arm-none-eabi/5.4.1/armv7e-m/fpu/crtbegin.o
                0x200009bc                . = ALIGN (0x4)

.bss            0x200009c0     0x8aac load address 0x0800edd0
                0x200009c0                _sbss = .
                0x200009c0                __bss_start__ = _sbss
 *(.bss)
 .bss           0x200009c0       0x1c /home/valentyn/Programs/SystemWorkBench/plugins/fr.ac6.mcu.externaltools.arm-none.linux32_1.13.1.201703061523/tools/compiler/bin/../lib/gcc/arm-none-eabi/5.4.1/armv7e-m/fpu/crtbegin.o
 .bss           0x200009dc     0x7818 RTOS/src/heap_4.o
 .bss           0x200081f4        0x8 RTOS/src/port.o
 .bss           0x200081fc      0x104 RTOS/src/tasks.o
                0x200081fc                pxCurrentTCB
 .bss           0x20008300       0x3c RTOS/src/timers.o
 .bss           0x2000833c       0xd9 src/algorithm.o
 *fill*         0x20008415        0x3 
 .bss           0x20008418       0x18 src/nmea.o
                0x20008418                coordUpdated
                0x20008419                coordCorrect
                0x20008420                xy
 .bss           0x20008430        0x4 startup/sysmem.o
 *(.bss*)
 .bss.__malloc_max_total_mem
                0x20008434        0x4 /home/valentyn/Programs/SystemWorkBench/plugins/fr.ac6.mcu.externaltools.arm-none.linux32_1.13.1.201703061523/tools/compiler/bin/../lib/gcc/arm-none-eabi/5.4.1/../../../../arm-none-eabi/lib/armv7e-m/fpu/libc.a(lib_a-mallocr.o)
                0x20008434                __malloc_max_total_mem
 .bss.__malloc_max_sbrked_mem
                0x20008438        0x4 /home/valentyn/Programs/SystemWorkBench/plugins/fr.ac6.mcu.externaltools.arm-none.linux32_1.13.1.201703061523/tools/compiler/bin/../lib/gcc/arm-none-eabi/5.4.1/../../../../arm-none-eabi/lib/armv7e-m/fpu/libc.a(lib_a-mallocr.o)
                0x20008438                __malloc_max_sbrked_mem
 .bss.__malloc_top_pad
                0x2000843c        0x4 /home/valentyn/Programs/SystemWorkBench/plugins/fr.ac6.mcu.externaltools.arm-none.linux32_1.13.1.201703061523/tools/compiler/bin/../lib/gcc/arm-none-eabi/5.4.1/../../../../arm-none-eabi/lib/armv7e-m/fpu/libc.a(lib_a-mallocr.o)
                0x2000843c                __malloc_top_pad
 .bss.__malloc_current_mallinfo
                0x20008440       0x28 /home/valentyn/Programs/SystemWorkBench/plugins/fr.ac6.mcu.externaltools.arm-none.linux32_1.13.1.201703061523/tools/compiler/bin/../lib/gcc/arm-none-eabi/5.4.1/../../../../arm-none-eabi/lib/armv7e-m/fpu/libc.a(lib_a-mallocr.o)
                0x20008440                __malloc_current_mallinfo
 *(COMMON)
 COMMON         0x20008468       0x40 RTOS/src/queue.o
                0x20008468                xQueueRegistry
 COMMON         0x200084a8       0xf8 src/ABLine.o
                0x200084a8                AB
 COMMON         0x200085a0        0x8 src/algorithm.o
                0x200085a0                receivePointer
                0x200085a4                xStatus1
 COMMON         0x200085a8      0x174 src/main.o
                0x200085a8                xStatus
                0x200085ac                recString1
                0x200085fc                xHigherPriorityTaskWoken
                0x20008600                xpQueue
                0x20008604                recString0
                0x20008654                toBlue
 *fill*         0x2000871c        0x4 
 COMMON         0x20008720      0x688 src/nmea.o
                0x20008720                words
                0x20008808                pn
 COMMON         0x20008da8      0x650 src/position.o
                0x20008da8                pos
 COMMON         0x200093f8       0x70 src/vehicle.o
                0x200093f8                vehicle
 COMMON         0x20009468        0x4 /home/valentyn/Programs/SystemWorkBench/plugins/fr.ac6.mcu.externaltools.arm-none.linux32_1.13.1.201703061523/tools/compiler/bin/../lib/gcc/arm-none-eabi/5.4.1/../../../../arm-none-eabi/lib/armv7e-m/fpu/libc.a(lib_a-reent.o)
                0x20009468                errno
                0x2000946c                . = ALIGN (0x4)
                0x2000946c                _ebss = .
                0x2000946c                __bss_end__ = _ebss

._user_heap_stack
                0x2000946c      0x404 load address 0x0800edd0
                0x20009470                . = ALIGN (0x8)
 *fill*         0x2000946c        0x4 
                0x20009470                PROVIDE (end, .)
                [!provide]                PROVIDE (_end, .)
                0x20009470                . = (. + _Min_Heap_Size)
                0x20009870                . = (. + _Min_Stack_Size)
 *fill*         0x20009470      0x400 
                0x20009870                . = ALIGN (0x8)

/DISCARD/
 libc.a(*)
 libm.a(*)
 libgcc.a(*)

.ARM.attributes
                0x00000000       0x30
 *(.ARM.attributes)
 .ARM.attributes
                0x00000000       0x22 /home/valentyn/Programs/SystemWorkBench/plugins/fr.ac6.mcu.externaltools.arm-none.linux32_1.13.1.201703061523/tools/compiler/bin/../lib/gcc/arm-none-eabi/5.4.1/armv7e-m/fpu/crti.o
 .ARM.attributes
                0x00000022       0x34 /home/valentyn/Programs/SystemWorkBench/plugins/fr.ac6.mcu.externaltools.arm-none.linux32_1.13.1.201703061523/tools/compiler/bin/../lib/gcc/arm-none-eabi/5.4.1/armv7e-m/fpu/crtbegin.o
 .ARM.attributes
                0x00000056       0x39 RTOS/src/heap_4.o
 .ARM.attributes
                0x0000008f       0x39 RTOS/src/list.o
 .ARM.attributes
                0x000000c8       0x39 RTOS/src/port.o
 .ARM.attributes
                0x00000101       0x39 RTOS/src/queue.o
 .ARM.attributes
                0x0000013a       0x39 RTOS/src/tasks.o
 .ARM.attributes
                0x00000173       0x39 RTOS/src/timers.o
 .ARM.attributes
                0x000001ac       0x39 src/ABLine.o
 .ARM.attributes
                0x000001e5       0x39 src/algorithm.o
 .ARM.attributes
                0x0000021e       0x39 src/charQueue.o
 .ARM.attributes
                0x00000257       0x39 src/glm.o
 .ARM.attributes
                0x00000290       0x39 src/gpio.o
 .ARM.attributes
                0x000002c9       0x39 src/main.o
 .ARM.attributes
                0x00000302       0x39 src/nmea.o
 .ARM.attributes
                0x0000033b       0x39 src/periph.o
 .ARM.attributes
                0x00000374       0x39 src/position.o
 .ARM.attributes
                0x000003ad       0x39 src/system_stm32f4xx.o
 .ARM.attributes
                0x000003e6       0x39 src/vehicle.o
 .ARM.attributes
                0x0000041f       0x21 startup/startup_stm32.o
 .ARM.attributes
                0x00000440       0x39 startup/sysmem.o
 .ARM.attributes
                0x00000479       0x22 /home/valentyn/Programs/SystemWorkBench/plugins/fr.ac6.mcu.externaltools.arm-none.linux32_1.13.1.201703061523/tools/compiler/bin/../lib/gcc/arm-none-eabi/5.4.1/armv7e-m/fpu/libgcc.a(_arm_addsubdf3.o)
 .ARM.attributes
                0x0000049b       0x22 /home/valentyn/Programs/SystemWorkBench/plugins/fr.ac6.mcu.externaltools.arm-none.linux32_1.13.1.201703061523/tools/compiler/bin/../lib/gcc/arm-none-eabi/5.4.1/armv7e-m/fpu/libgcc.a(_arm_muldivdf3.o)
 .ARM.attributes
                0x000004bd       0x22 /home/valentyn/Programs/SystemWorkBench/plugins/fr.ac6.mcu.externaltools.arm-none.linux32_1.13.1.201703061523/tools/compiler/bin/../lib/gcc/arm-none-eabi/5.4.1/armv7e-m/fpu/libgcc.a(_arm_cmpdf2.o)
 .ARM.attributes
                0x000004df       0x22 /home/valentyn/Programs/SystemWorkBench/plugins/fr.ac6.mcu.externaltools.arm-none.linux32_1.13.1.201703061523/tools/compiler/bin/../lib/gcc/arm-none-eabi/5.4.1/armv7e-m/fpu/libgcc.a(_arm_fixdfsi.o)
 .ARM.attributes
                0x00000501       0x22 /home/valentyn/Programs/SystemWorkBench/plugins/fr.ac6.mcu.externaltools.arm-none.linux32_1.13.1.201703061523/tools/compiler/bin/../lib/gcc/arm-none-eabi/5.4.1/armv7e-m/fpu/libgcc.a(_arm_truncdfsf2.o)
 .ARM.attributes
                0x00000523       0x34 /home/valentyn/Programs/SystemWorkBench/plugins/fr.ac6.mcu.externaltools.arm-none.linux32_1.13.1.201703061523/tools/compiler/bin/../lib/gcc/arm-none-eabi/5.4.1/../../../../arm-none-eabi/lib/armv7e-m/fpu/libc.a(lib_a-atof.o)
 .ARM.attributes
                0x00000557       0x34 /home/valentyn/Programs/SystemWorkBench/plugins/fr.ac6.mcu.externaltools.arm-none.linux32_1.13.1.201703061523/tools/compiler/bin/../lib/gcc/arm-none-eabi/5.4.1/../../../../arm-none-eabi/lib/armv7e-m/fpu/libc.a(lib_a-atoi.o)
 .ARM.attributes
                0x0000058b       0x34 /home/valentyn/Programs/SystemWorkBench/plugins/fr.ac6.mcu.externaltools.arm-none.linux32_1.13.1.201703061523/tools/compiler/bin/../lib/gcc/arm-none-eabi/5.4.1/../../../../arm-none-eabi/lib/armv7e-m/fpu/libc.a(lib_a-errno.o)
 .ARM.attributes
                0x000005bf       0x34 /home/valentyn/Programs/SystemWorkBench/plugins/fr.ac6.mcu.externaltools.arm-none.linux32_1.13.1.201703061523/tools/compiler/bin/../lib/gcc/arm-none-eabi/5.4.1/../../../../arm-none-eabi/lib/armv7e-m/fpu/libc.a(lib_a-impure.o)
 .ARM.attributes
                0x000005f3       0x34 /home/valentyn/Programs/SystemWorkBench/plugins/fr.ac6.mcu.externaltools.arm-none.linux32_1.13.1.201703061523/tools/compiler/bin/../lib/gcc/arm-none-eabi/5.4.1/../../../../arm-none-eabi/lib/armv7e-m/fpu/libc.a(lib_a-init.o)
 .ARM.attributes
                0x00000627       0x34 /home/valentyn/Programs/SystemWorkBench/plugins/fr.ac6.mcu.externaltools.arm-none.linux32_1.13.1.201703061523/tools/compiler/bin/../lib/gcc/arm-none-eabi/5.4.1/../../../../arm-none-eabi/lib/armv7e-m/fpu/libc.a(lib_a-itoa.o)
 .ARM.attributes
                0x0000065b       0x20 /home/valentyn/Programs/SystemWorkBench/plugins/fr.ac6.mcu.externaltools.arm-none.linux32_1.13.1.201703061523/tools/compiler/bin/../lib/gcc/arm-none-eabi/5.4.1/../../../../arm-none-eabi/lib/armv7e-m/fpu/libc.a(lib_a-memcpy.o)
 .ARM.attributes
                0x0000067b       0x34 /home/valentyn/Programs/SystemWorkBench/plugins/fr.ac6.mcu.externaltools.arm-none.linux32_1.13.1.201703061523/tools/compiler/bin/../lib/gcc/arm-none-eabi/5.4.1/../../../../arm-none-eabi/lib/armv7e-m/fpu/libc.a(lib_a-memset.o)
 .ARM.attributes
                0x000006af       0x34 /home/valentyn/Programs/SystemWorkBench/plugins/fr.ac6.mcu.externaltools.arm-none.linux32_1.13.1.201703061523/tools/compiler/bin/../lib/gcc/arm-none-eabi/5.4.1/../../../../arm-none-eabi/lib/armv7e-m/fpu/libc.a(lib_a-strcpy.o)
 .ARM.attributes
                0x000006e3       0x20 /home/valentyn/Programs/SystemWorkBench/plugins/fr.ac6.mcu.externaltools.arm-none.linux32_1.13.1.201703061523/tools/compiler/bin/../lib/gcc/arm-none-eabi/5.4.1/../../../../arm-none-eabi/lib/armv7e-m/fpu/libc.a(lib_a-strlen.o)
 .ARM.attributes
                0x00000703       0x34 /home/valentyn/Programs/SystemWorkBench/plugins/fr.ac6.mcu.externaltools.arm-none.linux32_1.13.1.201703061523/tools/compiler/bin/../lib/gcc/arm-none-eabi/5.4.1/../../../../arm-none-eabi/lib/armv7e-m/fpu/libc.a(lib_a-strncpy.o)
 .ARM.attributes
                0x00000737       0x34 /home/valentyn/Programs/SystemWorkBench/plugins/fr.ac6.mcu.externaltools.arm-none.linux32_1.13.1.201703061523/tools/compiler/bin/../lib/gcc/arm-none-eabi/5.4.1/../../../../arm-none-eabi/lib/armv7e-m/fpu/libc.a(lib_a-strstr.o)
 .ARM.attributes
                0x0000076b       0x34 /home/valentyn/Programs/SystemWorkBench/plugins/fr.ac6.mcu.externaltools.arm-none.linux32_1.13.1.201703061523/tools/compiler/bin/../lib/gcc/arm-none-eabi/5.4.1/../../../../arm-none-eabi/lib/armv7e-m/fpu/libc.a(lib_a-strtod.o)
 .ARM.attributes
                0x0000079f       0x34 /home/valentyn/Programs/SystemWorkBench/plugins/fr.ac6.mcu.externaltools.arm-none.linux32_1.13.1.201703061523/tools/compiler/bin/../lib/gcc/arm-none-eabi/5.4.1/../../../../arm-none-eabi/lib/armv7e-m/fpu/libc.a(lib_a-strtok.o)
 .ARM.attributes
                0x000007d3       0x34 /home/valentyn/Programs/SystemWorkBench/plugins/fr.ac6.mcu.externaltools.arm-none.linux32_1.13.1.201703061523/tools/compiler/bin/../lib/gcc/arm-none-eabi/5.4.1/../../../../arm-none-eabi/lib/armv7e-m/fpu/libc.a(lib_a-strtok_r.o)
 .ARM.attributes
                0x00000807       0x34 /home/valentyn/Programs/SystemWorkBench/plugins/fr.ac6.mcu.externaltools.arm-none.linux32_1.13.1.201703061523/tools/compiler/bin/../lib/gcc/arm-none-eabi/5.4.1/../../../../arm-none-eabi/lib/armv7e-m/fpu/libc.a(lib_a-strtol.o)
 .ARM.attributes
                0x0000083b       0x34 /home/valentyn/Programs/SystemWorkBench/plugins/fr.ac6.mcu.externaltools.arm-none.linux32_1.13.1.201703061523/tools/compiler/bin/../lib/gcc/arm-none-eabi/5.4.1/../../../../arm-none-eabi/lib/armv7e-m/fpu/libc.a(lib_a-utoa.o)
 .ARM.attributes
                0x0000086f       0x34 /home/valentyn/Programs/SystemWorkBench/plugins/fr.ac6.mcu.externaltools.arm-none.linux32_1.13.1.201703061523/tools/compiler/bin/../lib/gcc/arm-none-eabi/5.4.1/../../../../arm-none-eabi/lib/armv7e-m/fpu/libc.a(lib_a-__call_atexit.o)
 .ARM.attributes
                0x000008a3       0x34 /home/valentyn/Programs/SystemWorkBench/plugins/fr.ac6.mcu.externaltools.arm-none.linux32_1.13.1.201703061523/tools/compiler/bin/../lib/gcc/arm-none-eabi/5.4.1/../../../../arm-none-eabi/lib/armv7e-m/fpu/libc.a(lib_a-atexit.o)
 .ARM.attributes
                0x000008d7       0x34 /home/valentyn/Programs/SystemWorkBench/plugins/fr.ac6.mcu.externaltools.arm-none.linux32_1.13.1.201703061523/tools/compiler/bin/../lib/gcc/arm-none-eabi/5.4.1/../../../../arm-none-eabi/lib/armv7e-m/fpu/libc.a(lib_a-fini.o)
 .ARM.attributes
                0x0000090b       0x34 /home/valentyn/Programs/SystemWorkBench/plugins/fr.ac6.mcu.externaltools.arm-none.linux32_1.13.1.201703061523/tools/compiler/bin/../lib/gcc/arm-none-eabi/5.4.1/../../../../arm-none-eabi/lib/armv7e-m/fpu/libc.a(lib_a-gdtoa-gethex.o)
 .ARM.attributes
                0x0000093f       0x34 /home/valentyn/Programs/SystemWorkBench/plugins/fr.ac6.mcu.externaltools.arm-none.linux32_1.13.1.201703061523/tools/compiler/bin/../lib/gcc/arm-none-eabi/5.4.1/../../../../arm-none-eabi/lib/armv7e-m/fpu/libc.a(lib_a-gdtoa-hexnan.o)
 .ARM.attributes
                0x00000973       0x34 /home/valentyn/Programs/SystemWorkBench/plugins/fr.ac6.mcu.externaltools.arm-none.linux32_1.13.1.201703061523/tools/compiler/bin/../lib/gcc/arm-none-eabi/5.4.1/../../../../arm-none-eabi/lib/armv7e-m/fpu/libc.a(lib_a-locale.o)
 .ARM.attributes
                0x000009a7       0x34 /home/valentyn/Programs/SystemWorkBench/plugins/fr.ac6.mcu.externaltools.arm-none.linux32_1.13.1.201703061523/tools/compiler/bin/../lib/gcc/arm-none-eabi/5.4.1/../../../../arm-none-eabi/lib/armv7e-m/fpu/libc.a(lib_a-localeconv.o)
 .ARM.attributes
                0x000009db       0x34 /home/valentyn/Programs/SystemWorkBench/plugins/fr.ac6.mcu.externaltools.arm-none.linux32_1.13.1.201703061523/tools/compiler/bin/../lib/gcc/arm-none-eabi/5.4.1/../../../../arm-none-eabi/lib/armv7e-m/fpu/libc.a(lib_a-mbtowc_r.o)
 .ARM.attributes
                0x00000a0f       0x20 /home/valentyn/Programs/SystemWorkBench/plugins/fr.ac6.mcu.externaltools.arm-none.linux32_1.13.1.201703061523/tools/compiler/bin/../lib/gcc/arm-none-eabi/5.4.1/../../../../arm-none-eabi/lib/armv7e-m/fpu/libc.a(lib_a-memchr.o)
 .ARM.attributes
                0x00000a2f       0x34 /home/valentyn/Programs/SystemWorkBench/plugins/fr.ac6.mcu.externaltools.arm-none.linux32_1.13.1.201703061523/tools/compiler/bin/../lib/gcc/arm-none-eabi/5.4.1/../../../../arm-none-eabi/lib/armv7e-m/fpu/libc.a(lib_a-memcmp.o)
 .ARM.attributes
                0x00000a63       0x34 /home/valentyn/Programs/SystemWorkBench/plugins/fr.ac6.mcu.externaltools.arm-none.linux32_1.13.1.201703061523/tools/compiler/bin/../lib/gcc/arm-none-eabi/5.4.1/../../../../arm-none-eabi/lib/armv7e-m/fpu/libc.a(lib_a-mprec.o)
 .ARM.attributes
                0x00000a97       0x34 /home/valentyn/Programs/SystemWorkBench/plugins/fr.ac6.mcu.externaltools.arm-none.linux32_1.13.1.201703061523/tools/compiler/bin/../lib/gcc/arm-none-eabi/5.4.1/../../../../arm-none-eabi/lib/armv7e-m/fpu/libc.a(lib_a-sf_nan.o)
 .ARM.attributes
                0x00000acb       0x34 /home/valentyn/Programs/SystemWorkBench/plugins/fr.ac6.mcu.externaltools.arm-none.linux32_1.13.1.201703061523/tools/compiler/bin/../lib/gcc/arm-none-eabi/5.4.1/../../../../arm-none-eabi/lib/armv7e-m/fpu/libc.a(lib_a-strchr.o)
 .ARM.attributes
                0x00000aff       0x34 /home/valentyn/Programs/SystemWorkBench/plugins/fr.ac6.mcu.externaltools.arm-none.linux32_1.13.1.201703061523/tools/compiler/bin/../lib/gcc/arm-none-eabi/5.4.1/../../../../arm-none-eabi/lib/armv7e-m/fpu/libc.a(lib_a-strncmp.o)
 .ARM.attributes
                0x00000b33       0x34 /home/valentyn/Programs/SystemWorkBench/plugins/fr.ac6.mcu.externaltools.arm-none.linux32_1.13.1.201703061523/tools/compiler/bin/../lib/gcc/arm-none-eabi/5.4.1/../../../../arm-none-eabi/lib/armv7e-m/fpu/libc.a(lib_a-wctomb_r.o)
 .ARM.attributes
                0x00000b67       0x34 /home/valentyn/Programs/SystemWorkBench/plugins/fr.ac6.mcu.externaltools.arm-none.linux32_1.13.1.201703061523/tools/compiler/bin/../lib/gcc/arm-none-eabi/5.4.1/../../../../arm-none-eabi/lib/armv7e-m/fpu/libc.a(lib_a-__atexit.o)
 .ARM.attributes
                0x00000b9b       0x34 /home/valentyn/Programs/SystemWorkBench/plugins/fr.ac6.mcu.externaltools.arm-none.linux32_1.13.1.201703061523/tools/compiler/bin/../lib/gcc/arm-none-eabi/5.4.1/../../../../arm-none-eabi/lib/armv7e-m/fpu/libc.a(lib_a-callocr.o)
 .ARM.attributes
                0x00000bcf       0x34 /home/valentyn/Programs/SystemWorkBench/plugins/fr.ac6.mcu.externaltools.arm-none.linux32_1.13.1.201703061523/tools/compiler/bin/../lib/gcc/arm-none-eabi/5.4.1/../../../../arm-none-eabi/lib/armv7e-m/fpu/libc.a(lib_a-ctype_.o)
 .ARM.attributes
                0x00000c03       0x34 /home/valentyn/Programs/SystemWorkBench/plugins/fr.ac6.mcu.externaltools.arm-none.linux32_1.13.1.201703061523/tools/compiler/bin/../lib/gcc/arm-none-eabi/5.4.1/../../../../arm-none-eabi/lib/armv7e-m/fpu/libc.a(lib_a-mallocr.o)
 .ARM.attributes
                0x00000c37       0x34 /home/valentyn/Programs/SystemWorkBench/plugins/fr.ac6.mcu.externaltools.arm-none.linux32_1.13.1.201703061523/tools/compiler/bin/../lib/gcc/arm-none-eabi/5.4.1/../../../../arm-none-eabi/lib/armv7e-m/fpu/libc.a(lib_a-mlock.o)
 .ARM.attributes
                0x00000c6b       0x34 /home/valentyn/Programs/SystemWorkBench/plugins/fr.ac6.mcu.externaltools.arm-none.linux32_1.13.1.201703061523/tools/compiler/bin/../lib/gcc/arm-none-eabi/5.4.1/../../../../arm-none-eabi/lib/armv7e-m/fpu/libc.a(lib_a-sbrkr.o)
 .ARM.attributes
                0x00000c9f       0x34 /home/valentyn/Programs/SystemWorkBench/plugins/fr.ac6.mcu.externaltools.arm-none.linux32_1.13.1.201703061523/tools/compiler/bin/../lib/gcc/arm-none-eabi/5.4.1/../../../../arm-none-eabi/lib/armv7e-m/fpu/libc.a(lib_a-freer.o)
 .ARM.attributes
                0x00000cd3       0x34 /home/valentyn/Programs/SystemWorkBench/plugins/fr.ac6.mcu.externaltools.arm-none.linux32_1.13.1.201703061523/tools/compiler/bin/../lib/gcc/arm-none-eabi/5.4.1/../../../../arm-none-eabi/lib/armv7e-m/fpu/libc.a(lib_a-reent.o)
 .ARM.attributes
                0x00000d07       0x22 /home/valentyn/Programs/SystemWorkBench/plugins/fr.ac6.mcu.externaltools.arm-none.linux32_1.13.1.201703061523/tools/compiler/bin/../lib/gcc/arm-none-eabi/5.4.1/armv7e-m/fpu/libgcc.a(_arm_unorddf2.o)
 .ARM.attributes
                0x00000d29       0x22 /home/valentyn/Programs/SystemWorkBench/plugins/fr.ac6.mcu.externaltools.arm-none.linux32_1.13.1.201703061523/tools/compiler/bin/../lib/gcc/arm-none-eabi/5.4.1/armv7e-m/fpu/libgcc.a(_arm_fixunsdfsi.o)
 .ARM.attributes
                0x00000d4b       0x22 /home/valentyn/Programs/SystemWorkBench/plugins/fr.ac6.mcu.externaltools.arm-none.linux32_1.13.1.201703061523/tools/compiler/bin/../lib/gcc/arm-none-eabi/5.4.1/armv7e-m/fpu/crtn.o
OUTPUT(AgrGPS.elf elf32-littlearm)

.debug_info     0x00000000     0x8c8c