Archive member included to satisfy reference by file (symbol)

/home/valentyn/Ac6/SystemWorkbench/plugins/fr.ac6.mcu.externaltools.arm-none.linux64_1.16.0.201807130628/tools/compiler/bin/../lib/gcc/arm-none-eabi/7.2.1/../../../../arm-none-eabi/lib/thumb/v7e-m/fpv4-sp/hard/libm.a(lib_a-s_atan.o)
                              src/position.o (atan)
/home/valentyn/Ac6/SystemWorkbench/plugins/fr.ac6.mcu.externaltools.arm-none.linux64_1.16.0.201807130628/tools/compiler/bin/../lib/gcc/arm-none-eabi/7.2.1/../../../../arm-none-eabi/lib/thumb/v7e-m/fpv4-sp/hard/libm.a(lib_a-s_cos.o)
                              src/ABLine.o (cos)
/home/valentyn/Ac6/SystemWorkbench/plugins/fr.ac6.mcu.externaltools.arm-none.linux64_1.16.0.201807130628/tools/compiler/bin/../lib/gcc/arm-none-eabi/7.2.1/../../../../arm-none-eabi/lib/thumb/v7e-m/fpv4-sp/hard/libm.a(lib_a-s_fabs.o)
                              /home/valentyn/Ac6/SystemWorkbench/plugins/fr.ac6.mcu.externaltools.arm-none.linux64_1.16.0.201807130628/tools/compiler/bin/../lib/gcc/arm-none-eabi/7.2.1/../../../../arm-none-eabi/lib/thumb/v7e-m/fpv4-sp/hard/libm.a(lib_a-s_atan.o) (fabs)
/home/valentyn/Ac6/SystemWorkbench/plugins/fr.ac6.mcu.externaltools.arm-none.linux64_1.16.0.201807130628/tools/compiler/bin/../lib/gcc/arm-none-eabi/7.2.1/../../../../arm-none-eabi/lib/thumb/v7e-m/fpv4-sp/hard/libm.a(lib_a-s_floor.o)
                              src/ABLine.o (floor)
/home/valentyn/Ac6/SystemWorkbench/plugins/fr.ac6.mcu.externaltools.arm-none.linux64_1.16.0.201807130628/tools/compiler/bin/../lib/gcc/arm-none-eabi/7.2.1/../../../../arm-none-eabi/lib/thumb/v7e-m/fpv4-sp/hard/libm.a(lib_a-s_round.o)
                              src/nmea.o (round)
/home/valentyn/Ac6/SystemWorkbench/plugins/fr.ac6.mcu.externaltools.arm-none.linux64_1.16.0.201807130628/tools/compiler/bin/../lib/gcc/arm-none-eabi/7.2.1/../../../../arm-none-eabi/lib/thumb/v7e-m/fpv4-sp/hard/libm.a(lib_a-s_sin.o)
                              src/ABLine.o (sin)
/home/valentyn/Ac6/SystemWorkbench/plugins/fr.ac6.mcu.externaltools.arm-none.linux64_1.16.0.201807130628/tools/compiler/bin/../lib/gcc/arm-none-eabi/7.2.1/../../../../arm-none-eabi/lib/thumb/v7e-m/fpv4-sp/hard/libm.a(lib_a-s_tan.o)
                              src/nmea.o (tan)
/home/valentyn/Ac6/SystemWorkbench/plugins/fr.ac6.mcu.externaltools.arm-none.linux64_1.16.0.201807130628/tools/compiler/bin/../lib/gcc/arm-none-eabi/7.2.1/../../../../arm-none-eabi/lib/thumb/v7e-m/fpv4-sp/hard/libm.a(lib_a-sf_pow.o)
                              src/nmea.o (powf)
/home/valentyn/Ac6/SystemWorkbench/plugins/fr.ac6.mcu.externaltools.arm-none.linux64_1.16.0.201807130628/tools/compiler/bin/../lib/gcc/arm-none-eabi/7.2.1/../../../../arm-none-eabi/lib/thumb/v7e-m/fpv4-sp/hard/libm.a(lib_a-sf_pow_log2_data.o)
                              /home/valentyn/Ac6/SystemWorkbench/plugins/fr.ac6.mcu.externaltools.arm-none.linux64_1.16.0.201807130628/tools/compiler/bin/../lib/gcc/arm-none-eabi/7.2.1/../../../../arm-none-eabi/lib/thumb/v7e-m/fpv4-sp/hard/libm.a(lib_a-sf_pow.o) (__powf_log2_data)
/home/valentyn/Ac6/SystemWorkbench/plugins/fr.ac6.mcu.externaltools.arm-none.linux64_1.16.0.201807130628/tools/compiler/bin/../lib/gcc/arm-none-eabi/7.2.1/../../../../arm-none-eabi/lib/thumb/v7e-m/fpv4-sp/hard/libm.a(lib_a-w_atan2.o)
                              src/ABLine.o (atan2)
/home/valentyn/Ac6/SystemWorkbench/plugins/fr.ac6.mcu.externaltools.arm-none.linux64_1.16.0.201807130628/tools/compiler/bin/../lib/gcc/arm-none-eabi/7.2.1/../../../../arm-none-eabi/lib/thumb/v7e-m/fpv4-sp/hard/libm.a(lib_a-w_pow.o)
                              src/glm.o (pow)
/home/valentyn/Ac6/SystemWorkbench/plugins/fr.ac6.mcu.externaltools.arm-none.linux64_1.16.0.201807130628/tools/compiler/bin/../lib/gcc/arm-none-eabi/7.2.1/../../../../arm-none-eabi/lib/thumb/v7e-m/fpv4-sp/hard/libm.a(lib_a-w_sqrt.o)
                              src/ABLine.o (sqrt)
/home/valentyn/Ac6/SystemWorkbench/plugins/fr.ac6.mcu.externaltools.arm-none.linux64_1.16.0.201807130628/tools/compiler/bin/../lib/gcc/arm-none-eabi/7.2.1/../../../../arm-none-eabi/lib/thumb/v7e-m/fpv4-sp/hard/libm.a(lib_a-e_atan2.o)
                              /home/valentyn/Ac6/SystemWorkbench/plugins/fr.ac6.mcu.externaltools.arm-none.linux64_1.16.0.201807130628/tools/compiler/bin/../lib/gcc/arm-none-eabi/7.2.1/../../../../arm-none-eabi/lib/thumb/v7e-m/fpv4-sp/hard/libm.a(lib_a-w_atan2.o) (__ieee754_atan2)
/home/valentyn/Ac6/SystemWorkbench/plugins/fr.ac6.mcu.externaltools.arm-none.linux64_1.16.0.201807130628/tools/compiler/bin/../lib/gcc/arm-none-eabi/7.2.1/../../../../arm-none-eabi/lib/thumb/v7e-m/fpv4-sp/hard/libm.a(lib_a-e_pow.o)
                              /home/valentyn/Ac6/SystemWorkbench/plugins/fr.ac6.mcu.externaltools.arm-none.linux64_1.16.0.201807130628/tools/compiler/bin/../lib/gcc/arm-none-eabi/7.2.1/../../../../arm-none-eabi/lib/thumb/v7e-m/fpv4-sp/hard/libm.a(lib_a-w_pow.o) (__ieee754_pow)
[...]
Memory Configuration

Name             Origin             Length             Attributes
RAM              0x0000000020000000 0x0000000000020000 xrw
ROM              0x0000000008000000 0x0000000000100000 xr
*default*        0x0000000000000000 0xffffffffffffffff

Linker script and memory map

LOAD /home/valentyn/Ac6/SystemWorkbench/plugins/fr.ac6.mcu.externaltools.arm-none.linux64_1.16.0.201807130628/tools/compiler/bin/../lib/gcc/arm-none-eabi/7.2.1/thumb/v7e-m/fpv4-sp/hard/crti.o
LOAD /home/valentyn/Ac6/SystemWorkbench/plugins/fr.ac6.mcu.externaltools.arm-none.linux64_1.16.0.201807130628/tools/compiler/bin/../lib/gcc/arm-none-eabi/7.2.1/thumb/v7e-m/fpv4-sp/hard/crtbegin.o
LOAD /home/valentyn/Ac6/SystemWorkbench/plugins/fr.ac6.mcu.externaltools.arm-none.linux64_1.16.0.201807130628/tools/compiler/bin/../lib/gcc/arm-none-eabi/7.2.1/../../../../arm-none-eabi/lib/thumb/v7e-m/fpv4-sp/hard/crt0.o
LOAD RTOS/src/croutine.o
LOAD RTOS/src/event_groups.o
LOAD RTOS/src/heap_4.o
LOAD RTOS/src/list.o
LOAD RTOS/src/port.o
LOAD RTOS/src/queue.o
LOAD RTOS/src/tasks.o
LOAD RTOS/src/timers.o
LOAD src/ABLine.o
LOAD src/algorithm.o
LOAD src/charQueue.o
LOAD src/glm.o
LOAD src/gpio.o
LOAD src/main.o
LOAD src/nmea.o
LOAD src/periph.o
LOAD src/position.o
LOAD src/system_stm32f4xx.o
LOAD src/vehicle.o
LOAD startup/startup_stm32.o
LOAD startup/sysmem.o
LOAD /home/valentyn/Ac6/SystemWorkbench/plugins/fr.ac6.mcu.externaltools.arm-none.linux64_1.16.0.201807130628/tools/compiler/bin/../lib/gcc/arm-none-eabi/7.2.1/../../../../arm-none-eabi/lib/thumb/v7e-m/fpv4-sp/hard/libm.a
START GROUP
LOAD /home/valentyn/Ac6/SystemWorkbench/plugins/fr.ac6.mcu.externaltools.arm-none.linux64_1.16.0.201807130628/tools/compiler/bin/../lib/gcc/arm-none-eabi/7.2.1/thumb/v7e-m/fpv4-sp/hard/libgcc.a
LOAD /home/valentyn/Ac6/SystemWorkbench/plugins/fr.ac6.mcu.externaltools.arm-none.linux64_1.16.0.201807130628/tools/compiler/bin/../lib/gcc/arm-none-eabi/7.2.1/../../../../arm-none-eabi/lib/thumb/v7e-m/fpv4-sp/hard/libc.a
END GROUP
LOAD /home/valentyn/Ac6/SystemWorkbench/plugins/fr.ac6.mcu.externaltools.arm-none.linux64_1.16.0.201807130628/tools/compiler/bin/../lib/gcc/arm-none-eabi/7.2.1/thumb/v7e-m/fpv4-sp/hard/crtend.o
LOAD /home/valentyn/Ac6/SystemWorkbench/plugins/fr.ac6.mcu.externaltools.arm-none.linux64_1.16.0.201807130628/tools/compiler/bin/../lib/gcc/arm-none-eabi/7.2.1/thumb/v7e-m/fpv4-sp/hard/crtn.o
                0x0000000020020000                _estack = 0x20020000
                0x0000000000000000                _Min_Heap_Size = 0x0
                0x0000000000000400                _Min_Stack_Size = 0x400

.isr_vector     0x0000000008000000      0x1a8
                0x0000000008000000                . = ALIGN (0x4)
 *(.isr_vector)
 .isr_vector    0x0000000008000000      0x1a8 startup/startup_stm32.o
                0x0000000008000000                g_pfnVectors
                0x00000000080001a8                . = ALIGN (0x4)

.text           0x00000000080001c0     0xd228
                0x00000000080001c0                . = ALIGN (0x4)
 *(.text)
 .text          0x00000000080001c0       0x40 /home/valentyn/Ac6/SystemWorkbench/plugins/fr.ac6.mcu.externaltools.arm-none.linux64_1.16.0.201807130628/tools/compiler/bin/../lib/gcc/arm-none-eabi/7.2.1/thumb/v7e-m/fpv4-sp/hard/crtbegin.o
 .text          0x0000000008000200      0x378 /home/valentyn/Ac6/SystemWorkbench/plugins/fr.ac6.mcu.externaltools.arm-none.linux64_1.16.0.201807130628/tools/compiler/bin/../lib/gcc/arm-none-eabi/7.2.1/thumb/v7e-m/fpv4-sp/hard/libgcc.a(_arm_addsubdf3.o)
                0x0000000008000200                __aeabi_drsub
                0x0000000008000208                __aeabi_dsub
                0x0000000008000208                __subdf3
                0x000000000800020c                __adddf3
                0x000000000800020c                __aeabi_dadd
                0x0000000008000484                __aeabi_ui2d
                0x0000000008000484                __floatunsidf
                0x00000000080004a4                __floatsidf
                0x00000000080004a4                __aeabi_i2d
                0x00000000080004c8                __extendsfdf2
                0x00000000080004c8                __aeabi_f2d
                0x000000000800050c                __aeabi_ul2d
                0x000000000800050c                __floatundidf
                0x000000000800051c                __floatdidf
                0x000000000800051c                __aeabi_l2d
 .text          0x0000000008000578      0x424 /home/valentyn/Ac6/SystemWorkbench/plugins/fr.ac6.mcu.externaltools.arm-none.linux64_1.16.0.201807130628/tools/compiler/bin/../lib/gcc/arm-none-eabi/7.2.1/thumb/v7e-m/fpv4-sp/hard/libgcc.a(_arm_muldivdf3.o)
                0x0000000008000578                __aeabi_dmul
                0x0000000008000578                __muldf3
                0x00000000080007cc                __aeabi_ddiv
                0x00000000080007cc                __divdf3
 .text          0x000000000800099c      0x110 /home/valentyn/Ac6/SystemWorkbench/plugins/fr.ac6.mcu.externaltools.arm-none.linux64_1.16.0.201807130628/tools/compiler/bin/../lib/gcc/arm-none-eabi/7.2.1/thumb/v7e-m/fpv4-sp/hard/libgcc.a(_arm_cmpdf2.o)
                0x000000000800099c                __gtdf2
                0x000000000800099c                __gedf2
                0x00000000080009a4                __ltdf2
                0x00000000080009a4                __ledf2
                0x00000000080009ac                __cmpdf2
                0x00000000080009ac                __eqdf2
                0x00000000080009ac                __nedf2
                0x0000000008000a28                __aeabi_cdrcmple
                0x0000000008000a38                __aeabi_cdcmple
                0x0000000008000a38                __aeabi_cdcmpeq
                0x0000000008000a48                __aeabi_dcmpeq
                0x0000000008000a5c                __aeabi_dcmplt
                0x0000000008000a70                __aeabi_dcmple
                0x0000000008000a84                __aeabi_dcmpge
                0x0000000008000a98                __aeabi_dcmpgt
 .text          0x0000000008000aac       0x2c /home/valentyn/Ac6/SystemWorkbench/plugins/fr.ac6.mcu.externaltools.arm-none.linux64_1.16.0.201807130628/tools/compiler/bin/../lib/gcc/arm-none-eabi/7.2.1/thumb/v7e-m/fpv4-sp/hard/libgcc.a(_arm_unorddf2.o)
                0x0000000008000aac                __aeabi_dcmpun
                0x0000000008000aac                __unorddf2
 .text          0x0000000008000ad8       0x50 /home/valentyn/Ac6/SystemWorkbench/plugins/fr.ac6.mcu.externaltools.arm-none.linux64_1.16.0.201807130628/tools/compiler/bin/../lib/gcc/arm-none-eabi/7.2.1/thumb/v7e-m/fpv4-sp/hard/libgcc.a(_arm_fixdfsi.o)
                0x0000000008000ad8                __fixdfsi
                0x0000000008000ad8                __aeabi_d2iz
 .text          0x0000000008000b28       0xa0 /home/valentyn/Ac6/SystemWorkbench/plugins/fr.ac6.mcu.externaltools.arm-none.linux64_1.16.0.201807130628/tools/compiler/bin/../lib/gcc/arm-none-eabi/7.2.1/thumb/v7e-m/fpv4-sp/hard/libgcc.a(_arm_truncdfsf2.o)
                0x0000000008000b28                __aeabi_d2f
                0x0000000008000b28                __truncdfsf2
 .text          0x0000000008000bc8      0x134 /home/valentyn/Ac6/SystemWorkbench/plugins/fr.ac6.mcu.externaltools.arm-none.linux64_1.16.0.201807130628/tools/compiler/bin/../lib/gcc/arm-none-eabi/7.2.1/../../../../arm-none-eabi/lib/thumb/v7e-m/fpv4-sp/hard/libc.a(lib_a-memcpy.o)
                0x0000000008000bc8                memcpy
 *fill*         0x0000000008000cfc        0x4 
 .text          0x0000000008000d00       0xa0 /home/valentyn/Ac6/SystemWorkbench/plugins/fr.ac6.mcu.externaltools.arm-none.linux64_1.16.0.201807130628/tools/compiler/bin/../lib/gcc/arm-none-eabi/7.2.1/../../../../arm-none-eabi/lib/thumb/v7e-m/fpv4-sp/hard/libc.a(lib_a-memchr.o)
                0x0000000008000d00                memchr
 *fill*         0x0000000008000da0       0x20 
 .text          0x0000000008000dc0       0xdc /home/valentyn/Ac6/SystemWorkbench/plugins/fr.ac6.mcu.externaltools.arm-none.linux64_1.16.0.201807130628/tools/compiler/bin/../lib/gcc/arm-none-eabi/7.2.1/../../../../arm-none-eabi/lib/thumb/v7e-m/fpv4-sp/hard/libc.a(lib_a-strlen.o)
                0x0000000008000dc0                strlen
 .text          0x0000000008000e9c       0x40 /home/valentyn/Ac6/SystemWorkbench/plugins/fr.ac6.mcu.externaltools.arm-none.linux64_1.16.0.201807130628/tools/compiler/bin/../lib/gcc/arm-none-eabi/7.2.1/thumb/v7e-m/fpv4-sp/hard/libgcc.a(_arm_fixunsdfsi.o)
                0x0000000008000e9c                __fixunsdfsi
                0x0000000008000e9c                __aeabi_d2uiz
 *(.text*)
 .text.pvPortMalloc
                0x0000000008000edc      0x184 RTOS/src/heap_4.o
                0x0000000008000edc                pvPortMalloc
 .text.vPortFree
                0x0000000008001060       0xb0 RTOS/src/heap_4.o
                0x0000000008001060                vPortFree
 .text.prvHeapInit
                0x0000000008001110       0xc4 RTOS/src/heap_4.o
 .text.prvInsertBlockIntoFreeList
                0x00000000080011d4       0xb4 RTOS/src/heap_4.o
 .text.vListInitialise
                0x0000000008001288       0x40 RTOS/src/list.o
                0x0000000008001288                vListInitialise
 .text.vListInitialiseItem
                0x00000000080012c8       0x1a RTOS/src/list.o
                0x00000000080012c8                vListInitialiseItem
 .text.vListInsertEnd
                0x00000000080012e2       0x48 RTOS/src/list.o
                0x00000000080012e2                vListInsertEnd
 .text.vListInsert
                0x000000000800132a       0x72 RTOS/src/list.o
                0x000000000800132a                vListInsert
 .text.uxListRemove
                0x000000000800139c       0x54 RTOS/src/list.o
                0x000000000800139c                uxListRemove
 .text.pxPortInitialiseStack
                0x00000000080013f0       0x68 RTOS/src/port.o
                0x00000000080013f0                pxPortInitialiseStack
 .text.prvTaskExitError
                0x0000000008001458       0x3c RTOS/src/port.o
 *fill*         0x0000000008001494        0xc 
 .text.SVC_Handler
                0x00000000080014a0       0x28 RTOS/src/port.o
                0x00000000080014a0                SVC_Handler
 .text.prvPortStartFirstTask
                0x00000000080014c8       0x20 RTOS/src/port.o
 .text.xPortStartScheduler
                0x00000000080014e8      0x118 RTOS/src/port.o
                0x00000000080014e8                xPortStartScheduler
 .text.vPortEnterCritical
                0x0000000008001600       0x5c RTOS/src/port.o
                0x0000000008001600                vPortEnterCritical
 .text.vPortExitCritical
                0x000000000800165c       0x50 RTOS/src/port.o
                0x000000000800165c                vPortExitCritical
 *fill*         0x00000000080016ac        0x4 
 .text.PendSV_Handler
                0x00000000080016b0       0x68 RTOS/src/port.o
                0x00000000080016b0                PendSV_Handler
 .text.SysTick_Handler
                0x0000000008001718       0x40 RTOS/src/port.o
                0x0000000008001718                SysTick_Handler
 .text.vPortSetupTimerInterrupt
                0x0000000008001758       0x28 RTOS/src/port.o
                0x0000000008001758                vPortSetupTimerInterrupt
 .text.vPortEnableVFP
                0x0000000008001780       0x14 RTOS/src/port.o
 .text.vPortValidateInterruptPriority
                0x0000000008001794       0x7c RTOS/src/port.o
                0x0000000008001794                vPortValidateInterruptPriority
 .text.xQueueGenericReset
                0x0000000008001810       0xd0 RTOS/src/queue.o
                0x0000000008001810                xQueueGenericReset
 .text.xQueueGenericCreate
                0x00000000080018e0       0x72 RTOS/src/queue.o
                0x00000000080018e0                xQueueGenericCreate
 .text.prvInitialiseNewQueue
                0x0000000008001952       0x3e RTOS/src/queue.o
 .text.xQueueGenericSend
                0x0000000008001990      0x1f4 RTOS/src/queue.o
                0x0000000008001990                xQueueGenericSend
 .text.xQueueGenericSendFromISR
                0x0000000008001b84      0x128 RTOS/src/queue.o
                0x0000000008001b84                xQueueGenericSendFromISR
 .text.xQueueGenericReceive
                0x0000000008001cac      0x224 RTOS/src/queue.o
                0x0000000008001cac                xQueueGenericReceive
 .text.prvCopyDataToQueue
                0x0000000008001ed0       0xd4 RTOS/src/queue.o
 .text.prvCopyDataFromQueue
                0x0000000008001fa4       0x4c RTOS/src/queue.o
 .text.prvUnlockQueue
                0x0000000008001ff0       0xa4 RTOS/src/queue.o
 .text.prvIsQueueEmpty
                0x0000000008002094       0x2c RTOS/src/queue.o
 .text.prvIsQueueFull
                0x00000000080020c0       0x30 RTOS/src/queue.o
 .text.vQueueAddToRegistry
                0x00000000080020f0       0x50 RTOS/src/queue.o
                0x00000000080020f0                vQueueAddToRegistry
 .text.vQueueWaitForMessageRestricted
                0x0000000008002140       0x68 RTOS/src/queue.o
                0x0000000008002140                vQueueWaitForMessageRestricted
 .text.xTaskCreate
                0x00000000080021a8       0x82 RTOS/src/tasks.o
                0x00000000080021a8                xTaskCreate
 .text.prvInitialiseNewTask
                0x000000000800222a       0xfc RTOS/src/tasks.o
 *fill*         0x0000000008002326        0x2 
 .text.prvAddNewTaskToReadyList
                0x0000000008002328       0xd4 RTOS/src/tasks.o
 .text.vTaskDelay
                0x00000000080023fc       0x68 RTOS/src/tasks.o
                0x00000000080023fc                vTaskDelay
 .text.vTaskSuspend
                0x0000000008002464      0x110 RTOS/src/tasks.o
                0x0000000008002464                vTaskSuspend
 .text.prvTaskIsTaskSuspended
                0x0000000008002574       0x74 RTOS/src/tasks.o
 .text.vTaskResume
                0x00000000080025e8       0xb8 RTOS/src/tasks.o
                0x00000000080025e8                vTaskResume
 .text.vTaskStartScheduler
                0x00000000080026a0       0x98 RTOS/src/tasks.o
                0x00000000080026a0                vTaskStartScheduler
 .text.vTaskSuspendAll
                0x0000000008002738       0x1c RTOS/src/tasks.o
                0x0000000008002738                vTaskSuspendAll
 .text.xTaskResumeAll
                0x0000000008002754      0x138 RTOS/src/tasks.o
                0x0000000008002754                xTaskResumeAll
 .text.xTaskGetTickCount
                0x000000000800288c       0x20 RTOS/src/tasks.o
                0x000000000800288c                xTaskGetTickCount
 .text.xTaskIncrementTick
                0x00000000080028ac      0x178 RTOS/src/tasks.o
                0x00000000080028ac                xTaskIncrementTick
 .text.vTaskSwitchContext
                0x0000000008002a24       0xb4 RTOS/src/tasks.o
                0x0000000008002a24                vTaskSwitchContext
 .text.vTaskPlaceOnEventList
                0x0000000008002ad8       0x48 RTOS/src/tasks.o
                0x0000000008002ad8                vTaskPlaceOnEventList
 .text.vTaskPlaceOnEventListRestricted
                0x0000000008002b20       0x54 RTOS/src/tasks.o
                0x0000000008002b20                vTaskPlaceOnEventListRestricted
 .text.xTaskRemoveFromEventList
                0x0000000008002b74       0xc4 RTOS/src/tasks.o
                0x0000000008002b74                xTaskRemoveFromEventList
 .text.vTaskSetTimeOutState
                0x0000000008002c38       0x48 RTOS/src/tasks.o
                0x0000000008002c38                vTaskSetTimeOutState
 .text.xTaskCheckForTimeOut
                0x0000000008002c80       0xbc RTOS/src/tasks.o
                0x0000000008002c80                xTaskCheckForTimeOut
 .text.vTaskMissedYield
                0x0000000008002d3c       0x18 RTOS/src/tasks.o
                0x0000000008002d3c                vTaskMissedYield
 .text.prvIdleTask
                0x0000000008002d54       0x30 RTOS/src/tasks.o
 .text.prvInitialiseTaskLists
                0x0000000008002d84       0x80 RTOS/src/tasks.o
 .text.prvCheckTasksWaitingTermination
                0x0000000008002e04       0x78 RTOS/src/tasks.o
 .text.prvDeleteTCB
                0x0000000008002e7c       0x20 RTOS/src/tasks.o
 .text.prvResetNextTaskUnblockTime
                0x0000000008002e9c       0x4c RTOS/src/tasks.o
 .text.xTaskGetSchedulerState
                0x0000000008002ee8       0x3c RTOS/src/tasks.o
                0x0000000008002ee8                xTaskGetSchedulerState
 .text.vTaskPriorityInherit
                0x0000000008002f24       0xec RTOS/src/tasks.o
                0x0000000008002f24                vTaskPriorityInherit
 .text.xTaskPriorityDisinherit
                0x0000000008003010      0x108 RTOS/src/tasks.o
                0x0000000008003010                xTaskPriorityDisinherit
 .text.pvTaskIncrementMutexHeldCount
                0x0000000008003118       0x28 RTOS/src/tasks.o
                0x0000000008003118                pvTaskIncrementMutexHeldCount
 .text.prvAddCurrentTaskToDelayedList
                0x0000000008003140       0xcc RTOS/src/tasks.o
 .text.xTimerCreateTimerTask
                0x000000000800320c       0x60 RTOS/src/timers.o
                0x000000000800320c                xTimerCreateTimerTask
 .text.xTimerGenericCommand
                0x000000000800326c       0x98 RTOS/src/timers.o
                0x000000000800326c                xTimerGenericCommand
 .text.prvProcessExpiredTimer
                0x0000000008003304       0x80 RTOS/src/timers.o
 .text.prvTimerTask
                0x0000000008003384       0x24 RTOS/src/timers.o
 .text.prvProcessTimerOrBlockTask
                0x00000000080033a8       0x9c RTOS/src/timers.o
 .text.prvGetNextExpireTime
                0x0000000008003444       0x48 RTOS/src/timers.o
 .text.prvSampleTimeNow
                0x000000000800348c       0x40 RTOS/src/timers.o
 .text.prvInsertTimerInActiveList
                0x00000000080034cc       0x84 RTOS/src/timers.o
 .text.prvProcessReceivedCommands
                0x0000000008003550      0x124 RTOS/src/timers.o
 .text.prvSwitchTimerLists
                0x0000000008003674       0xc0 RTOS/src/timers.o
 .text.prvCheckForValidListAndQueue
                0x0000000008003734       0x6c RTOS/src/timers.o
 .text.receiveFromDMA
                0x00000000080037a0       0xd0 src/algorithm.o
                0x00000000080037a0                receiveFromDMA
 .text.tempTask2
                0x0000000008003870       0x24 src/algorithm.o
                0x0000000008003870                tempTask2
 .text.tempTask
                0x0000000008003894       0x20 src/algorithm.o
                0x0000000008003894                tempTask
 .text.keyboardScan
                0x00000000080038b4      0x2fc src/algorithm.o
                0x00000000080038b4                keyboardScan
 .text.strAllcpy
                0x0000000008003bb0       0x3e src/charQueue.o
                0x0000000008003bb0                strAllcpy
 .text.findEOS  0x0000000008003bee       0x3e src/charQueue.o
                0x0000000008003bee                findEOS
 .text.push     0x0000000008003c2c       0x5a src/charQueue.o
                0x0000000008003c2c                push
 .text.pop      0x0000000008003c86       0x94 src/charQueue.o
                0x0000000008003c86                pop
 *fill*         0x0000000008003d1a        0x2 
 .text.create   0x0000000008003d1c       0x3c src/charQueue.o
                0x0000000008003d1c                create
 .text.toRadians
                0x0000000008003d58       0x38 src/glm.o
                0x0000000008003d58                toRadians
 .text.DistanceVec2Vec3
                0x0000000008003d90       0xc8 src/glm.o
                0x0000000008003d90                DistanceVec2Vec3
 .text.DistanceVec3Vec3
                0x0000000008003e58       0xc8 src/glm.o
                0x0000000008003e58                DistanceVec3Vec3
 .text.timerini2
                0x0000000008003f20       0x30 src/gpio.o
                0x0000000008003f20                timerini2
 .text.delay_ms
                0x0000000008003f50       0x54 src/gpio.o
                0x0000000008003f50                delay_ms
 .text.GPIO_WritePin
                0x0000000008003fa4       0x30 src/gpio.o
                0x0000000008003fa4                GPIO_WritePin
 .text.LCD_Set_Data
                0x0000000008003fd4      0x134 src/gpio.o
                0x0000000008003fd4                LCD_Set_Data
 .text.LCD_SendCommand
                0x0000000008004108       0x48 src/gpio.o
                0x0000000008004108                LCD_SendCommand
 .text.LCD_SendData
                0x0000000008004150       0x48 src/gpio.o
                0x0000000008004150                LCD_SendData
 .text.LCD_ini  0x0000000008004198       0x60 src/gpio.o
                0x0000000008004198                LCD_ini
 .text.LCD_Send_String
                0x00000000080041f8       0xc8 src/gpio.o
                0x00000000080041f8                LCD_Send_String
 .text.main     0x00000000080042c0       0xc0 src/main.o
                0x00000000080042c0                main
 .text.DMA1_Stream5_IRQHandler
                0x0000000008004380       0xa8 src/main.o
                0x0000000008004380                DMA1_Stream5_IRQHandler
 .text.DMA2_Stream7_IRQHandler
                0x0000000008004428       0x3c src/main.o
                0x0000000008004428                DMA2_Stream7_IRQHandler
 .text.USART6_IRQHandler
                0x0000000008004464       0x38 src/main.o
                0x0000000008004464                USART6_IRQHandler
 .text.createStartNMEA
                0x000000000800449c       0x58 src/nmea.o
                0x000000000800449c                createStartNMEA
 *fill*         0x00000000080044f4        0x4 
 .text.ArcLengthOfMeridian
                0x00000000080044f8      0x474 src/nmea.o
                0x00000000080044f8                ArcLengthOfMeridian
 *fill*         0x000000000800496c        0x4 
 .text.MapLatLonToXY
                0x0000000008004970      0x92c src/nmea.o
                0x0000000008004970                MapLatLonToXY
 *fill*         0x000000000800529c        0x4 
 .text.DecDeg2UTM
                0x00000000080052a0      0x1c8 src/nmea.o
                0x00000000080052a0                DecDeg2UTM
 .text.UpdateNorthingEasting
                0x0000000008005468      0x1ac src/nmea.o
                0x0000000008005468                UpdateNorthingEasting
 .text.splitString
                0x0000000008005614       0x58 src/nmea.o
                0x0000000008005614                splitString
 .text.ParseNMEA
                0x000000000800566c       0x78 src/nmea.o
                0x000000000800566c                ParseNMEA
 *fill*         0x00000000080056e4        0x4 
 .text.NMEAtoDecimal
                0x00000000080056e8      0x114 src/nmea.o
                0x00000000080056e8                NMEAtoDecimal
 .text.ParseGGA
                0x00000000080057fc      0x138 src/nmea.o
                0x00000000080057fc                ParseGGA
 .text.ParseGLL
                0x0000000008005934       0xc4 src/nmea.o
                0x0000000008005934                ParseGLL
 .text.ParseRMC
                0x00000000080059f8      0x124 src/nmea.o
                0x00000000080059f8                ParseRMC
 *fill*         0x0000000008005b1c        0x4 
 .text.ParseVTG
                0x0000000008005b20       0x94 src/nmea.o
                0x0000000008005b20                ParseVTG
 .text.NVIC_EnableIRQ
                0x0000000008005bb4       0x34 src/periph.o
 .text.NVIC_SetPriority
                0x0000000008005be8       0x54 src/periph.o
 .text.gpio_ini
                0x0000000008005c3c       0xac src/periph.o
                0x0000000008005c3c                gpio_ini
 .text.RCC_Init
                0x0000000008005ce8       0x94 src/periph.o
                0x0000000008005ce8                RCC_Init
 .text.USART2_init
                0x0000000008005d7c       0x7c src/periph.o
                0x0000000008005d7c                USART2_init
 .text.USART6_init
                0x0000000008005df8       0x80 src/periph.o
                0x0000000008005df8                USART6_init
 .text.dma1ini  0x0000000008005e78       0xb8 src/periph.o
                0x0000000008005e78                dma1ini
 .text.dma2ini  0x0000000008005f30       0xa4 src/periph.o
                0x0000000008005f30                dma2ini
 .text.setInitPostitionParameters
                0x0000000008005fd4       0xbc src/position.o
                0x0000000008005fd4                setInitPostitionParameters
 .text.InitializeFirstFewGPSPositions
                0x0000000008006090      0x3d0 src/position.o
                0x0000000008006090                InitializeFirstFewGPSPositions
 .text.UpdateFixPosition
                0x0000000008006460      0x3f8 src/position.o
                0x0000000008006460                UpdateFixPosition
 .text.SystemInit
                0x0000000008006858       0x70 src/system_stm32f4xx.o
                0x0000000008006858                SystemInit
 .text.SetSysClock
                0x00000000080068c8       0xf8 src/system_stm32f4xx.o
 .text.SystemInit_ExtMemCtl
                0x00000000080069c0      0x118 src/system_stm32f4xx.o
 .text.Reset_Handler
                0x0000000008006ad8       0x50 startup/startup_stm32.o
                0x0000000008006ad8                Reset_Handler
 .text.Default_Handler
                0x0000000008006b28        0x2 startup/startup_stm32.o
                0x0000000008006b28                RTC_Alarm_IRQHandler
                0x0000000008006b28                HASH_RNG_IRQHandler
                0x0000000008006b28                EXTI2_IRQHandler
                0x0000000008006b28                TIM8_CC_IRQHandler
                0x0000000008006b28                DebugMon_Handler
                0x0000000008006b28                TIM1_CC_IRQHandler
                0x0000000008006b28                DMA2_Stream5_IRQHandler
                0x0000000008006b28                HardFault_Handler
                0x0000000008006b28                PVD_IRQHandler
                0x0000000008006b28                SDIO_IRQHandler
                0x0000000008006b28                TAMP_STAMP_IRQHandler
                0x0000000008006b28                NMI_Handler
                0x0000000008006b28                CAN2_RX1_IRQHandler
                0x0000000008006b28                EXTI3_IRQHandler
                0x0000000008006b28                TIM8_TRG_COM_TIM14_IRQHandler
                0x0000000008006b28                TIM1_UP_TIM10_IRQHandler
                0x0000000008006b28                TIM8_UP_TIM13_IRQHandler
                0x0000000008006b28                I2C3_ER_IRQHandler
                0x0000000008006b28                LCD_TFT_IRQHandler
                0x0000000008006b28                EXTI0_IRQHandler
                0x0000000008006b28                I2C2_EV_IRQHandler
                0x0000000008006b28                DMA1_Stream2_IRQHandler
                0x0000000008006b28                CAN1_RX0_IRQHandler
                0x0000000008006b28                FPU_IRQHandler
                0x0000000008006b28                OTG_HS_WKUP_IRQHandler
                0x0000000008006b28                UsageFault_Handler
                0x0000000008006b28                CAN2_SCE_IRQHandler
                0x0000000008006b28                DMA2_Stream2_IRQHandler
                0x0000000008006b28                SPI1_IRQHandler
                0x0000000008006b28                TIM6_DAC_IRQHandler
                0x0000000008006b28                TIM1_BRK_TIM9_IRQHandler
                0x0000000008006b28                DCMI_IRQHandler
                0x0000000008006b28                CAN2_RX0_IRQHandler
                0x0000000008006b28                DMA2_Stream3_IRQHandler
                0x0000000008006b28                USART3_IRQHandler
                0x0000000008006b28                CRYP_IRQHandler
                0x0000000008006b28                CAN1_RX1_IRQHandler
                0x0000000008006b28                UART5_IRQHandler
                0x0000000008006b28                DMA2_Stream0_IRQHandler
                0x0000000008006b28                TIM4_IRQHandler
                0x0000000008006b28                I2C1_EV_IRQHandler
                0x0000000008006b28                DMA1_Stream6_IRQHandler
                0x0000000008006b28                DMA1_Stream1_IRQHandler
                0x0000000008006b28                UART4_IRQHandler
                0x0000000008006b28                LCD_TFT_1_IRQHandler
                0x0000000008006b28                TIM3_IRQHandler
                0x0000000008006b28                RCC_IRQHandler
                0x0000000008006b28                TIM8_BRK_TIM12_IRQHandler
                0x0000000008006b28                Default_Handler
                0x0000000008006b28                EXTI15_10_IRQHandler
                0x0000000008006b28                ADC_IRQHandler
                0x0000000008006b28                DMA1_Stream7_IRQHandler
                0x0000000008006b28                TIM7_IRQHandler
                0x0000000008006b28                CAN2_TX_IRQHandler
                0x0000000008006b28                TIM5_IRQHandler
                0x0000000008006b28                I2C3_EV_IRQHandler
                0x0000000008006b28                EXTI9_5_IRQHandler
                0x0000000008006b28                RTC_WKUP_IRQHandler
                0x0000000008006b28                ETH_WKUP_IRQHandler
                0x0000000008006b28                SPI2_IRQHandler
                0x0000000008006b28                OTG_HS_EP1_IN_IRQHandler
                0x0000000008006b28                MemManage_Handler
                0x0000000008006b28                DMA1_Stream0_IRQHandler
                0x0000000008006b28                CAN1_TX_IRQHandler
                0x0000000008006b28                EXTI4_IRQHandler
                0x0000000008006b28                FSMC_IRQHandler
                0x0000000008006b28                ETH_IRQHandler
                0x0000000008006b28                OTG_HS_EP1_OUT_IRQHandler
                0x0000000008006b28                WWDG_IRQHandler
                0x0000000008006b28                TIM2_IRQHandler
                0x0000000008006b28                OTG_FS_WKUP_IRQHandler
                0x0000000008006b28                TIM1_TRG_COM_TIM11_IRQHandler
                0x0000000008006b28                OTG_HS_IRQHandler
                0x0000000008006b28                EXTI1_IRQHandler
                0x0000000008006b28                USART2_IRQHandler
                0x0000000008006b28                I2C2_ER_IRQHandler
                0x0000000008006b28                DMA2_Stream1_IRQHandler
                0x0000000008006b28                CAN1_SCE_IRQHandler
                0x0000000008006b28                DMA2_Stream4_IRQHandler
                0x0000000008006b28                BusFault_Handler
                0x0000000008006b28                USART1_IRQHandler
                0x0000000008006b28                OTG_FS_IRQHandler
                0x0000000008006b28                SPI3_IRQHandler
                0x0000000008006b28                DMA1_Stream4_IRQHandler
                0x0000000008006b28                I2C1_ER_IRQHandler
                0x0000000008006b28                DMA2_Stream6_IRQHandler
                0x0000000008006b28                DMA1_Stream3_IRQHandler
 *fill*         0x0000000008006b2a        0x2 
 .text._sbrk    0x0000000008006b2c       0x58 startup/sysmem.o
                0x0000000008006b2c                _sbrk
 *fill*         0x0000000008006b84        0x4 
 .text.atan     0x0000000008006b88      0x358 /home/valentyn/Ac6/SystemWorkbench/plugins/fr.ac6.mcu.externaltools.arm-none.linux64_1.16.0.201807130628/tools/compiler/bin/../lib/gcc/arm-none-eabi/7.2.1/../../../../arm-none-eabi/lib/thumb/v7e-m/fpv4-sp/hard/libm.a(lib_a-s_atan.o)
                0x0000000008006b88                atan
 .text.cos      0x0000000008006ee0       0xc0 /home/valentyn/Ac6/SystemWorkbench/plugins/fr.ac6.mcu.externaltools.arm-none.linux64_1.16.0.201807130628/tools/compiler/bin/../lib/gcc/arm-none-eabi/7.2.1/../../../../arm-none-eabi/lib/thumb/v7e-m/fpv4-sp/hard/libm.a(lib_a-s_cos.o)
                0x0000000008006ee0                cos
 .text.fabs     0x0000000008006fa0       0x14 /home/valentyn/Ac6/SystemWorkbench/plugins/fr.ac6.mcu.externaltools.arm-none.linux64_1.16.0.201807130628/tools/compiler/bin/../lib/gcc/arm-none-eabi/7.2.1/../../../../arm-none-eabi/lib/thumb/v7e-m/fpv4-sp/hard/libm.a(lib_a-s_fabs.o)
                0x0000000008006fa0                fabs
 *fill*         0x0000000008006fb4        0x4 
 .text.floor    0x0000000008006fb8      0x110 /home/valentyn/Ac6/SystemWorkbench/plugins/fr.ac6.mcu.externaltools.arm-none.linux64_1.16.0.201807130628/tools/compiler/bin/../lib/gcc/arm-none-eabi/7.2.1/../../../../arm-none-eabi/lib/thumb/v7e-m/fpv4-sp/hard/libm.a(lib_a-s_floor.o)
                0x0000000008006fb8                floor
 .text.round    0x00000000080070c8       0xa4 /home/valentyn/Ac6/SystemWorkbench/plugins/fr.ac6.mcu.externaltools.arm-none.linux64_1.16.0.201807130628/tools/compiler/bin/../lib/gcc/arm-none-eabi/7.2.1/../../../../arm-none-eabi/lib/thumb/v7e-m/fpv4-sp/hard/libm.a(lib_a-s_round.o)
                0x00000000080070c8                round
 *fill*         0x000000000800716c        0x4 
 .text.sin      0x0000000008007170       0xc0 /home/valentyn/Ac6/SystemWorkbench/plugins/fr.ac6.mcu.externaltools.arm-none.linux64_1.16.0.201807130628/tools/compiler/bin/../lib/gcc/arm-none-eabi/7.2.1/../../../../arm-none-eabi/lib/thumb/v7e-m/fpv4-sp/hard/libm.a(lib_a-s_sin.o)
                0x0000000008007170                sin
 .text.tan      0x0000000008007230       0x70 /home/valentyn/Ac6/SystemWorkbench/plugins/fr.ac6.mcu.externaltools.arm-none.linux64_1.16.0.201807130628/tools/compiler/bin/../lib/gcc/arm-none-eabi/7.2.1/../../../../arm-none-eabi/lib/thumb/v7e-m/fpv4-sp/hard/libm.a(lib_a-s_tan.o)
                0x0000000008007230                tan
 .text.powf     0x00000000080072a0      0x3a8 /home/valentyn/Ac6/SystemWorkbench/plugins/fr.ac6.mcu.externaltools.arm-none.linux64_1.16.0.201807130628/tools/compiler/bin/../lib/gcc/arm-none-eabi/7.2.1/../../../../arm-none-eabi/lib/thumb/v7e-m/fpv4-sp/hard/libm.a(lib_a-sf_pow.o)
                0x00000000080072a0                powf
 .text.atan2    0x0000000008007648        0x4 /home/valentyn/Ac6/SystemWorkbench/plugins/fr.ac6.mcu.externaltools.arm-none.linux64_1.16.0.201807130628/tools/compiler/bin/../lib/gcc/arm-none-eabi/7.2.1/../../../../arm-none-eabi/lib/thumb/v7e-m/fpv4-sp/hard/libm.a(lib_a-w_atan2.o)
                0x0000000008007648                atan2
 *fill*         0x000000000800764c        0x4 
 .text.pow      0x0000000008007650      0x338 /home/valentyn/Ac6/SystemWorkbench/plugins/fr.ac6.mcu.externaltools.arm-none.linux64_1.16.0.201807130628/tools/compiler/bin/../lib/gcc/arm-none-eabi/7.2.1/../../../../arm-none-eabi/lib/thumb/v7e-m/fpv4-sp/hard/libm.a(lib_a-w_pow.o)
                0x0000000008007650                pow
 .text.sqrt     0x0000000008007988       0xb8 /home/valentyn/Ac6/SystemWorkbench/plugins/fr.ac6.mcu.externaltools.arm-none.linux64_1.16.0.201807130628/tools/compiler/bin/../lib/gcc/arm-none-eabi/7.2.1/../../../../arm-none-eabi/lib/thumb/v7e-m/fpv4-sp/hard/libm.a(lib_a-w_sqrt.o)
                0x0000000008007988                sqrt
 .text.__ieee754_atan2
                0x0000000008007a40      0x1c4 /home/valentyn/Ac6/SystemWorkbench/plugins/fr.ac6.mcu.externaltools.arm-none.linux64_1.16.0.201807130628/tools/compiler/bin/../lib/gcc/arm-none-eabi/7.2.1/../../../../arm-none-eabi/lib/thumb/v7e-m/fpv4-sp/hard/libm.a(lib_a-e_atan2.o)
                0x0000000008007a40                __ieee754_atan2
 *fill*         0x0000000008007c04        0x4 
 .text.__ieee754_pow
                0x0000000008007c08      0xab8 /home/valentyn/Ac6/SystemWorkbench/plugins/fr.ac6.mcu.externaltools.arm-none.linux64_1.16.0.201807130628/tools/compiler/bin/../lib/gcc/arm-none-eabi/7.2.1/../../../../arm-none-eabi/lib/thumb/v7e-m/fpv4-sp/hard/libm.a(lib_a-e_pow.o)
                0x0000000008007c08                __ieee754_pow
 .text.__ieee754_rem_pio2
                0x00000000080086c0      0x454 /home/valentyn/Ac6/SystemWorkbench/plugins/fr.ac6.mcu.externaltools.arm-none.linux64_1.16.0.201807130628/tools/compiler/bin/../lib/gcc/arm-none-eabi/7.2.1/../../../../arm-none-eabi/lib/thumb/v7e-m/fpv4-sp/hard/libm.a(lib_a-e_rem_pio2.o)
                0x00000000080086c0                __ieee754_rem_pio2
 .text.__ieee754_sqrt
                0x0000000008008b14      0x194 /home/valentyn/Ac6/SystemWorkbench/plugins/fr.ac6.mcu.externaltools.arm-none.linux64_1.16.0.201807130628/tools/compiler/bin/../lib/gcc/arm-none-eabi/7.2.1/../../../../arm-none-eabi/lib/thumb/v7e-m/fpv4-sp/hard/libm.a(lib_a-e_sqrt.o)
                0x0000000008008b14                __ieee754_sqrt
 .text.__kernel_cos
                0x0000000008008ca8      0x284 /home/valentyn/Ac6/SystemWorkbench/plugins/fr.ac6.mcu.externaltools.arm-none.linux64_1.16.0.201807130628/tools/compiler/bin/../lib/gcc/arm-none-eabi/7.2.1/../../../../arm-none-eabi/lib/thumb/v7e-m/fpv4-sp/hard/libm.a(lib_a-k_cos.o)
                0x0000000008008ca8                __kernel_cos
 *fill*         0x0000000008008f2c        0x4 
 .text.__kernel_rem_pio2
                0x0000000008008f30      0x818 /home/valentyn/Ac6/SystemWorkbench/plugins/fr.ac6.mcu.externaltools.arm-none.linux64_1.16.0.201807130628/tools/compiler/bin/../lib/gcc/arm-none-eabi/7.2.1/../../../../arm-none-eabi/lib/thumb/v7e-m/fpv4-sp/hard/libm.a(lib_a-k_rem_pio2.o)
                0x0000000008008f30                __kernel_rem_pio2
 .text.__kernel_sin
                0x0000000008009748      0x194 /home/valentyn/Ac6/SystemWorkbench/plugins/fr.ac6.mcu.externaltools.arm-none.linux64_1.16.0.201807130628/tools/compiler/bin/../lib/gcc/arm-none-eabi/7.2.1/../../../../arm-none-eabi/lib/thumb/v7e-m/fpv4-sp/hard/libm.a(lib_a-k_sin.o)
                0x0000000008009748                __kernel_sin
 *fill*         0x00000000080098dc        0x4 
 .text.__kernel_tan
                0x00000000080098e0      0x3c4 /home/valentyn/Ac6/SystemWorkbench/plugins/fr.ac6.mcu.externaltools.arm-none.linux64_1.16.0.201807130628/tools/compiler/bin/../lib/gcc/arm-none-eabi/7.2.1/../../../../arm-none-eabi/lib/thumb/v7e-m/fpv4-sp/hard/libm.a(lib_a-k_tan.o)
                0x00000000080098e0                __kernel_tan
 .text.with_errnof
                0x0000000008009ca4       0x1c /home/valentyn/Ac6/SystemWorkbench/plugins/fr.ac6.mcu.externaltools.arm-none.linux64_1.16.0.201807130628/tools/compiler/bin/../lib/gcc/arm-none-eabi/7.2.1/../../../../arm-none-eabi/lib/thumb/v7e-m/fpv4-sp/hard/libm.a(lib_a-math_errf.o)
 .text.xflowf   0x0000000008009cc0       0x20 /home/valentyn/Ac6/SystemWorkbench/plugins/fr.ac6.mcu.externaltools.arm-none.linux64_1.16.0.201807130628/tools/compiler/bin/../lib/gcc/arm-none-eabi/7.2.1/../../../../arm-none-eabi/lib/thumb/v7e-m/fpv4-sp/hard/libm.a(lib_a-math_errf.o)
 .text.__math_uflowf
                0x0000000008009ce0        0xc /home/valentyn/Ac6/SystemWorkbench/plugins/fr.ac6.mcu.externaltools.arm-none.linux64_1.16.0.201807130628/tools/compiler/bin/../lib/gcc/arm-none-eabi/7.2.1/../../../../arm-none-eabi/lib/thumb/v7e-m/fpv4-sp/hard/libm.a(lib_a-math_errf.o)
                0x0000000008009ce0                __math_uflowf
 .text.__math_may_uflowf
                0x0000000008009cec        0xc /home/valentyn/Ac6/SystemWorkbench/plugins/fr.ac6.mcu.externaltools.arm-none.linux64_1.16.0.201807130628/tools/compiler/bin/../lib/gcc/arm-none-eabi/7.2.1/../../../../arm-none-eabi/lib/thumb/v7e-m/fpv4-sp/hard/libm.a(lib_a-math_errf.o)
                0x0000000008009cec                __math_may_uflowf
 .text.__math_oflowf
                0x0000000008009cf8        0xc /home/valentyn/Ac6/SystemWorkbench/plugins/fr.ac6.mcu.externaltools.arm-none.linux64_1.16.0.201807130628/tools/compiler/bin/../lib/gcc/arm-none-eabi/7.2.1/../../../../arm-none-eabi/lib/thumb/v7e-m/fpv4-sp/hard/libm.a(lib_a-math_errf.o)
                0x0000000008009cf8                __math_oflowf
 .text.__math_divzerof
                0x0000000008009d04       0x24 /home/valentyn/Ac6/SystemWorkbench/plugins/fr.ac6.mcu.externaltools.arm-none.linux64_1.16.0.201807130628/tools/compiler/bin/../lib/gcc/arm-none-eabi/7.2.1/../../../../arm-none-eabi/lib/thumb/v7e-m/fpv4-sp/hard/libm.a(lib_a-math_errf.o)
                0x0000000008009d04                __math_divzerof
 .text.__math_invalidf
                0x0000000008009d28       0x20 /home/valentyn/Ac6/SystemWorkbench/plugins/fr.ac6.mcu.externaltools.arm-none.linux64_1.16.0.201807130628/tools/compiler/bin/../lib/gcc/arm-none-eabi/7.2.1/../../../../arm-none-eabi/lib/thumb/v7e-m/fpv4-sp/hard/libm.a(lib_a-math_errf.o)
                0x0000000008009d28                __math_invalidf
 .text.finite   0x0000000008009d48       0x10 /home/valentyn/Ac6/SystemWorkbench/plugins/fr.ac6.mcu.externaltools.arm-none.linux64_1.16.0.201807130628/tools/compiler/bin/../lib/gcc/arm-none-eabi/7.2.1/../../../../arm-none-eabi/lib/thumb/v7e-m/fpv4-sp/hard/libm.a(lib_a-s_finite.o)
                0x0000000008009d48                finite
 .text.matherr  0x0000000008009d58        0x4 /home/valentyn/Ac6/SystemWorkbench/plugins/fr.ac6.mcu.externaltools.arm-none.linux64_1.16.0.201807130628/tools/compiler/bin/../lib/gcc/arm-none-eabi/7.2.1/../../../../arm-none-eabi/lib/thumb/v7e-m/fpv4-sp/hard/libm.a(lib_a-s_matherr.o)
                0x0000000008009d58                matherr
 *fill*         0x0000000008009d5c        0x4 
 .text.nan      0x0000000008009d60       0x10 /home/valentyn/Ac6/SystemWorkbench/plugins/fr.ac6.mcu.externaltools.arm-none.linux64_1.16.0.201807130628/tools/compiler/bin/../lib/gcc/arm-none-eabi/7.2.1/../../../../arm-none-eabi/lib/thumb/v7e-m/fpv4-sp/hard/libm.a(lib_a-s_nan.o)
                0x0000000008009d60                nan
 .text.rint     0x0000000008009d70      0x110 /home/valentyn/Ac6/SystemWorkbench/plugins/fr.ac6.mcu.externaltools.arm-none.linux64_1.16.0.201807130628/tools/compiler/bin/../lib/gcc/arm-none-eabi/7.2.1/../../../../arm-none-eabi/lib/thumb/v7e-m/fpv4-sp/hard/libm.a(lib_a-s_rint.o)
                0x0000000008009d70                rint
 .text.scalbn   0x0000000008009e80      0x114 /home/valentyn/Ac6/SystemWorkbench/plugins/fr.ac6.mcu.externaltools.arm-none.linux64_1.16.0.201807130628/tools/compiler/bin/../lib/gcc/arm-none-eabi/7.2.1/../../../../arm-none-eabi/lib/thumb/v7e-m/fpv4-sp/hard/libm.a(lib_a-s_scalbn.o)
                0x0000000008009e80                scalbn
 .text.copysign
                0x0000000008009f94       0x1c /home/valentyn/Ac6/SystemWorkbench/plugins/fr.ac6.mcu.externaltools.arm-none.linux64_1.16.0.201807130628/tools/compiler/bin/../lib/gcc/arm-none-eabi/7.2.1/../../../../arm-none-eabi/lib/thumb/v7e-m/fpv4-sp/hard/libm.a(lib_a-s_copysign.o)
                0x0000000008009f94                copysign
 .text.atof     0x0000000008009fb0        0x8 /home/valentyn/Ac6/SystemWorkbench/plugins/fr.ac6.mcu.externaltools.arm-none.linux64_1.16.0.201807130628/tools/compiler/bin/../lib/gcc/arm-none-eabi/7.2.1/../../../../arm-none-eabi/lib/thumb/v7e-m/fpv4-sp/hard/libc.a(lib_a-atof.o)
                0x0000000008009fb0                atof
 .text.atoi     0x0000000008009fb8        0x8 /home/valentyn/Ac6/SystemWorkbench/plugins/fr.ac6.mcu.externaltools.arm-none.linux64_1.16.0.201807130628/tools/compiler/bin/../lib/gcc/arm-none-eabi/7.2.1/../../../../arm-none-eabi/lib/thumb/v7e-m/fpv4-sp/hard/libc.a(lib_a-atoi.o)
                0x0000000008009fb8                atoi
 .text.__errno  0x0000000008009fc0        0xc /home/valentyn/Ac6/SystemWorkbench/plugins/fr.ac6.mcu.externaltools.arm-none.linux64_1.16.0.201807130628/tools/compiler/bin/../lib/gcc/arm-none-eabi/7.2.1/../../../../arm-none-eabi/lib/thumb/v7e-m/fpv4-sp/hard/libc.a(lib_a-errno.o)
                0x0000000008009fc0                __errno
 .text.__libc_init_array
                0x0000000008009fcc       0x48 /home/valentyn/Ac6/SystemWorkbench/plugins/fr.ac6.mcu.externaltools.arm-none.linux64_1.16.0.201807130628/tools/compiler/bin/../lib/gcc/arm-none-eabi/7.2.1/../../../../arm-none-eabi/lib/thumb/v7e-m/fpv4-sp/hard/libc.a(lib_a-init.o)
                0x0000000008009fcc                __libc_init_array
 .text.memset   0x000000000800a014       0x94 /home/valentyn/Ac6/SystemWorkbench/plugins/fr.ac6.mcu.externaltools.arm-none.linux64_1.16.0.201807130628/tools/compiler/bin/../lib/gcc/arm-none-eabi/7.2.1/../../../../arm-none-eabi/lib/thumb/v7e-m/fpv4-sp/hard/libc.a(lib_a-memset.o)
                0x000000000800a014                memset
 .text.strcpy   0x000000000800a0a8       0xbc /home/valentyn/Ac6/SystemWorkbench/plugins/fr.ac6.mcu.externaltools.arm-none.linux64_1.16.0.201807130628/tools/compiler/bin/../lib/gcc/arm-none-eabi/7.2.1/../../../../arm-none-eabi/lib/thumb/v7e-m/fpv4-sp/hard/libc.a(lib_a-strcpy.o)
                0x000000000800a0a8                strcpy
 .text.strncpy  0x000000000800a164       0x64 /home/valentyn/Ac6/SystemWorkbench/plugins/fr.ac6.mcu.externaltools.arm-none.linux64_1.16.0.201807130628/tools/compiler/bin/../lib/gcc/arm-none-eabi/7.2.1/../../../../arm-none-eabi/lib/thumb/v7e-m/fpv4-sp/hard/libc.a(lib_a-strncpy.o)
                0x000000000800a164                strncpy
 .text.critical_factorization
                0x000000000800a1c8       0xb4 /home/valentyn/Ac6/SystemWorkbench/plugins/fr.ac6.mcu.externaltools.arm-none.linux64_1.16.0.201807130628/tools/compiler/bin/../lib/gcc/arm-none-eabi/7.2.1/../../../../arm-none-eabi/lib/thumb/v7e-m/fpv4-sp/hard/libc.a(lib_a-strstr.o)
 .text.two_way_long_needle
                0x000000000800a27c      0x1f8 /home/valentyn/Ac6/SystemWorkbench/plugins/fr.ac6.mcu.externaltools.arm-none.linux64_1.16.0.201807130628/tools/compiler/bin/../lib/gcc/arm-none-eabi/7.2.1/../../../../arm-none-eabi/lib/thumb/v7e-m/fpv4-sp/hard/libc.a(lib_a-strstr.o)
 .text.strstr   0x000000000800a474      0x1f8 /home/valentyn/Ac6/SystemWorkbench/plugins/fr.ac6.mcu.externaltools.arm-none.linux64_1.16.0.201807130628/tools/compiler/bin/../lib/gcc/arm-none-eabi/7.2.1/../../../../arm-none-eabi/lib/thumb/v7e-m/fpv4-sp/hard/libc.a(lib_a-strstr.o)
                0x000000000800a474                strstr
 .text.unlikely.sulp
                0x000000000800a66c       0x38 /home/valentyn/Ac6/SystemWorkbench/plugins/fr.ac6.mcu.externaltools.arm-none.linux64_1.16.0.201807130628/tools/compiler/bin/../lib/gcc/arm-none-eabi/7.2.1/../../../../arm-none-eabi/lib/thumb/v7e-m/fpv4-sp/hard/libc.a(lib_a-strtod.o)
 *fill*         0x000000000800a6a4        0x4 
 .text._strtod_l
                0x000000000800a6a8      0xf1c /home/valentyn/Ac6/SystemWorkbench/plugins/fr.ac6.mcu.externaltools.arm-none.linux64_1.16.0.201807130628/tools/compiler/bin/../lib/gcc/arm-none-eabi/7.2.1/../../../../arm-none-eabi/lib/thumb/v7e-m/fpv4-sp/hard/libc.a(lib_a-strtod.o)
                0x000000000800a6a8                _strtod_l
 .text.strtod   0x000000000800b5c4       0x24 /home/valentyn/Ac6/SystemWorkbench/plugins/fr.ac6.mcu.externaltools.arm-none.linux64_1.16.0.201807130628/tools/compiler/bin/../lib/gcc/arm-none-eabi/7.2.1/../../../../arm-none-eabi/lib/thumb/v7e-m/fpv4-sp/hard/libc.a(lib_a-strtod.o)
                0x000000000800b5c4                strtod
 .text.strtok   0x000000000800b5e8       0x10 /home/valentyn/Ac6/SystemWorkbench/plugins/fr.ac6.mcu.externaltools.arm-none.linux64_1.16.0.201807130628/tools/compiler/bin/../lib/gcc/arm-none-eabi/7.2.1/../../../../arm-none-eabi/lib/thumb/v7e-m/fpv4-sp/hard/libc.a(lib_a-strtok.o)
                0x000000000800b5e8                strtok
 .text.__strtok_r
                0x000000000800b5f8       0x64 /home/valentyn/Ac6/SystemWorkbench/plugins/fr.ac6.mcu.externaltools.arm-none.linux64_1.16.0.201807130628/tools/compiler/bin/../lib/gcc/arm-none-eabi/7.2.1/../../../../arm-none-eabi/lib/thumb/v7e-m/fpv4-sp/hard/libc.a(lib_a-strtok_r.o)
                0x000000000800b5f8                __strtok_r
 .text._strtol_l.isra.0
                0x000000000800b65c      0x124 /home/valentyn/Ac6/SystemWorkbench/plugins/fr.ac6.mcu.externaltools.arm-none.linux64_1.16.0.201807130628/tools/compiler/bin/../lib/gcc/arm-none-eabi/7.2.1/../../../../arm-none-eabi/lib/thumb/v7e-m/fpv4-sp/hard/libc.a(lib_a-strtol.o)
 .text.strtol   0x000000000800b780       0x2c /home/valentyn/Ac6/SystemWorkbench/plugins/fr.ac6.mcu.externaltools.arm-none.linux64_1.16.0.201807130628/tools/compiler/bin/../lib/gcc/arm-none-eabi/7.2.1/../../../../arm-none-eabi/lib/thumb/v7e-m/fpv4-sp/hard/libc.a(lib_a-strtol.o)
                0x000000000800b780                strtol
 .text.startup.register_fini
                0x000000000800b7ac       0x14 /home/valentyn/Ac6/SystemWorkbench/plugins/fr.ac6.mcu.externaltools.arm-none.linux64_1.16.0.201807130628/tools/compiler/bin/../lib/gcc/arm-none-eabi/7.2.1/../../../../arm-none-eabi/lib/thumb/v7e-m/fpv4-sp/hard/libc.a(lib_a-__call_atexit.o)
 .text.atexit   0x000000000800b7c0        0xc /home/valentyn/Ac6/SystemWorkbench/plugins/fr.ac6.mcu.externaltools.arm-none.linux64_1.16.0.201807130628/tools/compiler/bin/../lib/gcc/arm-none-eabi/7.2.1/../../../../arm-none-eabi/lib/thumb/v7e-m/fpv4-sp/hard/libc.a(lib_a-atexit.o)
                0x000000000800b7c0                atexit
 .text.__libc_fini_array
                0x000000000800b7cc       0x34 /home/valentyn/Ac6/SystemWorkbench/plugins/fr.ac6.mcu.externaltools.arm-none.linux64_1.16.0.201807130628/tools/compiler/bin/../lib/gcc/arm-none-eabi/7.2.1/../../../../arm-none-eabi/lib/thumb/v7e-m/fpv4-sp/hard/libc.a(lib_a-fini.o)
                0x000000000800b7cc                __libc_fini_array
 .text.rshift   0x000000000800b800       0xb0 /home/valentyn/Ac6/SystemWorkbench/plugins/fr.ac6.mcu.externaltools.arm-none.linux64_1.16.0.201807130628/tools/compiler/bin/../lib/gcc/arm-none-eabi/7.2.1/../../../../arm-none-eabi/lib/thumb/v7e-m/fpv4-sp/hard/libc.a(lib_a-gdtoa-gethex.o)
 .text.__gethex
                0x000000000800b8b0      0x520 /home/valentyn/Ac6/SystemWorkbench/plugins/fr.ac6.mcu.externaltools.arm-none.linux64_1.16.0.201807130628/tools/compiler/bin/../lib/gcc/arm-none-eabi/7.2.1/../../../../arm-none-eabi/lib/thumb/v7e-m/fpv4-sp/hard/libc.a(lib_a-gdtoa-gethex.o)
                0x000000000800b8b0                __gethex
 .text.__match  0x000000000800bdd0       0x30 /home/valentyn/Ac6/SystemWorkbench/plugins/fr.ac6.mcu.externaltools.arm-none.linux64_1.16.0.201807130628/tools/compiler/bin/../lib/gcc/arm-none-eabi/7.2.1/../../../../arm-none-eabi/lib/thumb/v7e-m/fpv4-sp/hard/libc.a(lib_a-gdtoa-hexnan.o)
                0x000000000800bdd0                __match
 .text.__hexnan
                0x000000000800be00      0x1a0 /home/valentyn/Ac6/SystemWorkbench/plugins/fr.ac6.mcu.externaltools.arm-none.linux64_1.16.0.201807130628/tools/compiler/bin/../lib/gcc/arm-none-eabi/7.2.1/../../../../arm-none-eabi/lib/thumb/v7e-m/fpv4-sp/hard/libc.a(lib_a-gdtoa-hexnan.o)
                0x000000000800be00                __hexnan
 .text.__locale_ctype_ptr_l
                0x000000000800bfa0        0x8 /home/valentyn/Ac6/SystemWorkbench/plugins/fr.ac6.mcu.externaltools.arm-none.linux64_1.16.0.201807130628/tools/compiler/bin/../lib/gcc/arm-none-eabi/7.2.1/../../../../arm-none-eabi/lib/thumb/v7e-m/fpv4-sp/hard/libc.a(lib_a-locale.o)
                0x000000000800bfa0                __locale_ctype_ptr_l
 .text.__localeconv_l
                0x000000000800bfa8        0x4 /home/valentyn/Ac6/SystemWorkbench/plugins/fr.ac6.mcu.externaltools.arm-none.linux64_1.16.0.201807130628/tools/compiler/bin/../lib/gcc/arm-none-eabi/7.2.1/../../../../arm-none-eabi/lib/thumb/v7e-m/fpv4-sp/hard/libc.a(lib_a-localeconv.o)
                0x000000000800bfa8                __localeconv_l
 .text.__retarget_lock_acquire_recursive
                0x000000000800bfac        0x4 /home/valentyn/Ac6/SystemWorkbench/plugins/fr.ac6.mcu.externaltools.arm-none.linux64_1.16.0.201807130628/tools/compiler/bin/../lib/gcc/arm-none-eabi/7.2.1/../../../../arm-none-eabi/lib/thumb/v7e-m/fpv4-sp/hard/libc.a(lib_a-lock.o)
                0x000000000800bfac                __retarget_lock_acquire_recursive
 .text.__retarget_lock_release_recursive
                0x000000000800bfb0        0x4 /home/valentyn/Ac6/SystemWorkbench/plugins/fr.ac6.mcu.externaltools.arm-none.linux64_1.16.0.201807130628/tools/compiler/bin/../lib/gcc/arm-none-eabi/7.2.1/../../../../arm-none-eabi/lib/thumb/v7e-m/fpv4-sp/hard/libc.a(lib_a-lock.o)
                0x000000000800bfb0                __retarget_lock_release_recursive
 .text.__ascii_mbtowc
                0x000000000800bfb4       0x2c /home/valentyn/Ac6/SystemWorkbench/plugins/fr.ac6.mcu.externaltools.arm-none.linux64_1.16.0.201807130628/tools/compiler/bin/../lib/gcc/arm-none-eabi/7.2.1/../../../../arm-none-eabi/lib/thumb/v7e-m/fpv4-sp/hard/libc.a(lib_a-mbtowc_r.o)
                0x000000000800bfb4                __ascii_mbtowc
 .text.memcmp   0x000000000800bfe0       0x64 /home/valentyn/Ac6/SystemWorkbench/plugins/fr.ac6.mcu.externaltools.arm-none.linux64_1.16.0.201807130628/tools/compiler/bin/../lib/gcc/arm-none-eabi/7.2.1/../../../../arm-none-eabi/lib/thumb/v7e-m/fpv4-sp/hard/libc.a(lib_a-memcmp.o)
                0x000000000800bfe0                memcmp
 .text._Balloc  0x000000000800c044       0x4c /home/valentyn/Ac6/SystemWorkbench/plugins/fr.ac6.mcu.externaltools.arm-none.linux64_1.16.0.201807130628/tools/compiler/bin/../lib/gcc/arm-none-eabi/7.2.1/../../../../arm-none-eabi/lib/thumb/v7e-m/fpv4-sp/hard/libc.a(lib_a-mprec.o)
                0x000000000800c044                _Balloc
 .text._Bfree   0x000000000800c090       0x14 /home/valentyn/Ac6/SystemWorkbench/plugins/fr.ac6.mcu.externaltools.arm-none.linux64_1.16.0.201807130628/tools/compiler/bin/../lib/gcc/arm-none-eabi/7.2.1/../../../../arm-none-eabi/lib/thumb/v7e-m/fpv4-sp/hard/libc.a(lib_a-mprec.o)
                0x000000000800c090                _Bfree
 .text.__multadd
                0x000000000800c0a4       0x80 /home/valentyn/Ac6/SystemWorkbench/plugins/fr.ac6.mcu.externaltools.arm-none.linux64_1.16.0.201807130628/tools/compiler/bin/../lib/gcc/arm-none-eabi/7.2.1/../../../../arm-none-eabi/lib/thumb/v7e-m/fpv4-sp/hard/libc.a(lib_a-mprec.o)
                0x000000000800c0a4                __multadd
 .text.__s2b    0x000000000800c124       0x98 /home/valentyn/Ac6/SystemWorkbench/plugins/fr.ac6.mcu.externaltools.arm-none.linux64_1.16.0.201807130628/tools/compiler/bin/../lib/gcc/arm-none-eabi/7.2.1/../../../../arm-none-eabi/lib/thumb/v7e-m/fpv4-sp/hard/libc.a(lib_a-mprec.o)
                0x000000000800c124                __s2b
 .text.__hi0bits
                0x000000000800c1bc       0x40 /home/valentyn/Ac6/SystemWorkbench/plugins/fr.ac6.mcu.externaltools.arm-none.linux64_1.16.0.201807130628/tools/compiler/bin/../lib/gcc/arm-none-eabi/7.2.1/../../../../arm-none-eabi/lib/thumb/v7e-m/fpv4-sp/hard/libc.a(lib_a-mprec.o)
                0x000000000800c1bc                __hi0bits
 .text.__lo0bits
                0x000000000800c1fc       0x60 /home/valentyn/Ac6/SystemWorkbench/plugins/fr.ac6.mcu.externaltools.arm-none.linux64_1.16.0.201807130628/tools/compiler/bin/../lib/gcc/arm-none-eabi/7.2.1/../../../../arm-none-eabi/lib/thumb/v7e-m/fpv4-sp/hard/libc.a(lib_a-mprec.o)
                0x000000000800c1fc                __lo0bits
 .text.__i2b    0x000000000800c25c       0x14 /home/valentyn/Ac6/SystemWorkbench/plugins/fr.ac6.mcu.externaltools.arm-none.linux64_1.16.0.201807130628/tools/compiler/bin/../lib/gcc/arm-none-eabi/7.2.1/../../../../arm-none-eabi/lib/thumb/v7e-m/fpv4-sp/hard/libc.a(lib_a-mprec.o)
                0x000000000800c25c                __i2b
 .text.__multiply
                0x000000000800c270      0x14c /home/valentyn/Ac6/SystemWorkbench/plugins/fr.ac6.mcu.externaltools.arm-none.linux64_1.16.0.201807130628/tools/compiler/bin/../lib/gcc/arm-none-eabi/7.2.1/../../../../arm-none-eabi/lib/thumb/v7e-m/fpv4-sp/hard/libc.a(lib_a-mprec.o)
                0x000000000800c270                __multiply
 .text.__pow5mult
                0x000000000800c3bc       0xa0 /home/valentyn/Ac6/SystemWorkbench/plugins/fr.ac6.mcu.externaltools.arm-none.linux64_1.16.0.201807130628/tools/compiler/bin/../lib/gcc/arm-none-eabi/7.2.1/../../../../arm-none-eabi/lib/thumb/v7e-m/fpv4-sp/hard/libc.a(lib_a-mprec.o)
                0x000000000800c3bc                __pow5mult
 .text.__lshift
                0x000000000800c45c       0xac /home/valentyn/Ac6/SystemWorkbench/plugins/fr.ac6.mcu.externaltools.arm-none.linux64_1.16.0.201807130628/tools/compiler/bin/../lib/gcc/arm-none-eabi/7.2.1/../../../../arm-none-eabi/lib/thumb/v7e-m/fpv4-sp/hard/libc.a(lib_a-mprec.o)
                0x000000000800c45c                __lshift
 .text.__mcmp   0x000000000800c508       0x38 /home/valentyn/Ac6/SystemWorkbench/plugins/fr.ac6.mcu.externaltools.arm-none.linux64_1.16.0.201807130628/tools/compiler/bin/../lib/gcc/arm-none-eabi/7.2.1/../../../../arm-none-eabi/lib/thumb/v7e-m/fpv4-sp/hard/libc.a(lib_a-mprec.o)
                0x000000000800c508                __mcmp
 .text.__mdiff  0x000000000800c540       0xec /home/valentyn/Ac6/SystemWorkbench/plugins/fr.ac6.mcu.externaltools.arm-none.linux64_1.16.0.201807130628/tools/compiler/bin/../lib/gcc/arm-none-eabi/7.2.1/../../../../arm-none-eabi/lib/thumb/v7e-m/fpv4-sp/hard/libc.a(lib_a-mprec.o)
                0x000000000800c540                __mdiff
 .text.__ulp    0x000000000800c62c       0x54 /home/valentyn/Ac6/SystemWorkbench/plugins/fr.ac6.mcu.externaltools.arm-none.linux64_1.16.0.201807130628/tools/compiler/bin/../lib/gcc/arm-none-eabi/7.2.1/../../../../arm-none-eabi/lib/thumb/v7e-m/fpv4-sp/hard/libc.a(lib_a-mprec.o)
                0x000000000800c62c                __ulp
 .text.__b2d    0x000000000800c680       0xbc /home/valentyn/Ac6/SystemWorkbench/plugins/fr.ac6.mcu.externaltools.arm-none.linux64_1.16.0.201807130628/tools/compiler/bin/../lib/gcc/arm-none-eabi/7.2.1/../../../../arm-none-eabi/lib/thumb/v7e-m/fpv4-sp/hard/libc.a(lib_a-mprec.o)
                0x000000000800c680                __b2d
 .text.__d2b    0x000000000800c73c       0xc4 /home/valentyn/Ac6/SystemWorkbench/plugins/fr.ac6.mcu.externaltools.arm-none.linux64_1.16.0.201807130628/tools/compiler/bin/../lib/gcc/arm-none-eabi/7.2.1/../../../../arm-none-eabi/lib/thumb/v7e-m/fpv4-sp/hard/libc.a(lib_a-mprec.o)
                0x000000000800c73c                __d2b
 .text.__ratio  0x000000000800c800       0x60 /home/valentyn/Ac6/SystemWorkbench/plugins/fr.ac6.mcu.externaltools.arm-none.linux64_1.16.0.201807130628/tools/compiler/bin/../lib/gcc/arm-none-eabi/7.2.1/../../../../arm-none-eabi/lib/thumb/v7e-m/fpv4-sp/hard/libc.a(lib_a-mprec.o)
                0x000000000800c800                __ratio
 .text.__copybits
                0x000000000800c860       0x48 /home/valentyn/Ac6/SystemWorkbench/plugins/fr.ac6.mcu.externaltools.arm-none.linux64_1.16.0.201807130628/tools/compiler/bin/../lib/gcc/arm-none-eabi/7.2.1/../../../../arm-none-eabi/lib/thumb/v7e-m/fpv4-sp/hard/libc.a(lib_a-mprec.o)
                0x000000000800c860                __copybits
 .text.__any_on
                0x000000000800c8a8       0x58 /home/valentyn/Ac6/SystemWorkbench/plugins/fr.ac6.mcu.externaltools.arm-none.linux64_1.16.0.201807130628/tools/compiler/bin/../lib/gcc/arm-none-eabi/7.2.1/../../../../arm-none-eabi/lib/thumb/v7e-m/fpv4-sp/hard/libc.a(lib_a-mprec.o)
                0x000000000800c8a8                __any_on
 .text.strchr   0x000000000800c900       0xe8 /home/valentyn/Ac6/SystemWorkbench/plugins/fr.ac6.mcu.externaltools.arm-none.linux64_1.16.0.201807130628/tools/compiler/bin/../lib/gcc/arm-none-eabi/7.2.1/../../../../arm-none-eabi/lib/thumb/v7e-m/fpv4-sp/hard/libc.a(lib_a-strchr.o)
                0x000000000800c900                strchr
 .text.strncmp  0x000000000800c9e8       0x98 /home/valentyn/Ac6/SystemWorkbench/plugins/fr.ac6.mcu.externaltools.arm-none.linux64_1.16.0.201807130628/tools/compiler/bin/../lib/gcc/arm-none-eabi/7.2.1/../../../../arm-none-eabi/lib/thumb/v7e-m/fpv4-sp/hard/libc.a(lib_a-strncmp.o)
                0x000000000800c9e8                strncmp
 .text.__ascii_wctomb
                0x000000000800ca80       0x1c /home/valentyn/Ac6/SystemWorkbench/plugins/fr.ac6.mcu.externaltools.arm-none.linux64_1.16.0.201807130628/tools/compiler/bin/../lib/gcc/arm-none-eabi/7.2.1/../../../../arm-none-eabi/lib/thumb/v7e-m/fpv4-sp/hard/libc.a(lib_a-wctomb_r.o)
                0x000000000800ca80                __ascii_wctomb
 .text.__register_exitproc
                0x000000000800ca9c       0xc0 /home/valentyn/Ac6/SystemWorkbench/plugins/fr.ac6.mcu.externaltools.arm-none.linux64_1.16.0.201807130628/tools/compiler/bin/../lib/gcc/arm-none-eabi/7.2.1/../../../../arm-none-eabi/lib/thumb/v7e-m/fpv4-sp/hard/libc.a(lib_a-__atexit.o)
                0x000000000800ca9c                __register_exitproc
 .text._calloc_r
                0x000000000800cb5c       0x68 /home/valentyn/Ac6/SystemWorkbench/plugins/fr.ac6.mcu.externaltools.arm-none.linux64_1.16.0.201807130628/tools/compiler/bin/../lib/gcc/arm-none-eabi/7.2.1/../../../../arm-none-eabi/lib/thumb/v7e-m/fpv4-sp/hard/libc.a(lib_a-callocr.o)
                0x000000000800cb5c                _calloc_r
 .text._malloc_r
                0x000000000800cbc4      0x548 /home/valentyn/Ac6/SystemWorkbench/plugins/fr.ac6.mcu.externaltools.arm-none.linux64_1.16.0.201807130628/tools/compiler/bin/../lib/gcc/arm-none-eabi/7.2.1/../../../../arm-none-eabi/lib/thumb/v7e-m/fpv4-sp/hard/libc.a(lib_a-mallocr.o)
                0x000000000800cbc4                _malloc_r
 .text.__malloc_lock
                0x000000000800d10c        0xc /home/valentyn/Ac6/SystemWorkbench/plugins/fr.ac6.mcu.externaltools.arm-none.linux64_1.16.0.201807130628/tools/compiler/bin/../lib/gcc/arm-none-eabi/7.2.1/../../../../arm-none-eabi/lib/thumb/v7e-m/fpv4-sp/hard/libc.a(lib_a-mlock.o)
                0x000000000800d10c                __malloc_lock
 .text.__malloc_unlock
                0x000000000800d118        0xc /home/valentyn/Ac6/SystemWorkbench/plugins/fr.ac6.mcu.externaltools.arm-none.linux64_1.16.0.201807130628/tools/compiler/bin/../lib/gcc/arm-none-eabi/7.2.1/../../../../arm-none-eabi/lib/thumb/v7e-m/fpv4-sp/hard/libc.a(lib_a-mlock.o)
                0x000000000800d118                __malloc_unlock
 .text._sbrk_r  0x000000000800d124       0x24 /home/valentyn/Ac6/SystemWorkbench/plugins/fr.ac6.mcu.externaltools.arm-none.linux64_1.16.0.201807130628/tools/compiler/bin/../lib/gcc/arm-none-eabi/7.2.1/../../../../arm-none-eabi/lib/thumb/v7e-m/fpv4-sp/hard/libc.a(lib_a-sbrkr.o)
                0x000000000800d124                _sbrk_r
 .text._malloc_trim_r
                0x000000000800d148       0xa0 /home/valentyn/Ac6/SystemWorkbench/plugins/fr.ac6.mcu.externaltools.arm-none.linux64_1.16.0.201807130628/tools/compiler/bin/../lib/gcc/arm-none-eabi/7.2.1/../../../../arm-none-eabi/lib/thumb/v7e-m/fpv4-sp/hard/libc.a(lib_a-freer.o)
                0x000000000800d148                _malloc_trim_r
 .text._free_r  0x000000000800d1e8      0x1e8 /home/valentyn/Ac6/SystemWorkbench/plugins/fr.ac6.mcu.externaltools.arm-none.linux64_1.16.0.201807130628/tools/compiler/bin/../lib/gcc/arm-none-eabi/7.2.1/../../../../arm-none-eabi/lib/thumb/v7e-m/fpv4-sp/hard/libc.a(lib_a-freer.o)
                0x000000000800d1e8                _free_r
 *(.glue_7)
 .glue_7        0x000000000800d3d0        0x0 linker stubs
 *(.glue_7t)
 .glue_7t       0x000000000800d3d0        0x0 linker stubs
 *(.eh_frame)
 .eh_frame      0x000000000800d3d0        0x0 /home/valentyn/Ac6/SystemWorkbench/plugins/fr.ac6.mcu.externaltools.arm-none.linux64_1.16.0.201807130628/tools/compiler/bin/../lib/gcc/arm-none-eabi/7.2.1/thumb/v7e-m/fpv4-sp/hard/crtbegin.o
 *(.init)
 .init          0x000000000800d3d0        0x4 /home/valentyn/Ac6/SystemWorkbench/plugins/fr.ac6.mcu.externaltools.arm-none.linux64_1.16.0.201807130628/tools/compiler/bin/../lib/gcc/arm-none-eabi/7.2.1/thumb/v7e-m/fpv4-sp/hard/crti.o
                0x000000000800d3d0                _init
 .init          0x000000000800d3d4        0x8 /home/valentyn/Ac6/SystemWorkbench/plugins/fr.ac6.mcu.externaltools.arm-none.linux64_1.16.0.201807130628/tools/compiler/bin/../lib/gcc/arm-none-eabi/7.2.1/thumb/v7e-m/fpv4-sp/hard/crtn.o
 *(.fini)
 .fini          0x000000000800d3dc        0x4 /home/valentyn/Ac6/SystemWorkbench/plugins/fr.ac6.mcu.externaltools.arm-none.linux64_1.16.0.201807130628/tools/compiler/bin/../lib/gcc/arm-none-eabi/7.2.1/thumb/v7e-m/fpv4-sp/hard/crti.o
                0x000000000800d3dc                _fini
 .fini          0x000000000800d3e0        0x8 /home/valentyn/Ac6/SystemWorkbench/plugins/fr.ac6.mcu.externaltools.arm-none.linux64_1.16.0.201807130628/tools/compiler/bin/../lib/gcc/arm-none-eabi/7.2.1/thumb/v7e-m/fpv4-sp/hard/crtn.o
                0x000000000800d3e8                . = ALIGN (0x4)
                0x000000000800d3e8                _etext = .

.vfp11_veneer   0x000000000800d3e8        0x0
 .vfp11_veneer  0x000000000800d3e8        0x0 linker stubs

.v4_bx          0x000000000800d3e8        0x0
 .v4_bx         0x000000000800d3e8        0x0 linker stubs

.iplt           0x000000000800d3e8        0x0
 .iplt          0x000000000800d3e8        0x0 /home/valentyn/Ac6/SystemWorkbench/plugins/fr.ac6.mcu.externaltools.arm-none.linux64_1.16.0.201807130628/tools/compiler/bin/../lib/gcc/arm-none-eabi/7.2.1/thumb/v7e-m/fpv4-sp/hard/crtbegin.o

.rodata         0x000000000800d3e8      0x8c8
                0x000000000800d3e8                . = ALIGN (0x4)
 *(.rodata)
 .rodata        0x000000000800d3e8        0x5 RTOS/src/tasks.o
 *fill*         0x000000000800d3ed        0x3 
 .rodata        0x000000000800d3f0        0xd RTOS/src/timers.o
 *fill*         0x000000000800d3fd        0x3 
 .rodata        0x000000000800d400        0xa src/algorithm.o
 *fill*         0x000000000800d40a        0x2 
 .rodata        0x000000000800d40c        0x4 src/gpio.o
 .rodata        0x000000000800d410       0x22 src/main.o
 *fill*         0x000000000800d432        0x6 
 .rodata        0x000000000800d438       0x54 src/nmea.o
                0x000000000800d438                sm_a
                0x000000000800d440                sm_b
                0x000000000800d448                UTMScaleFactor
 *(.rodata*)
 *fill*         0x000000000800d48c        0x4 
 .rodata.atanhi
                0x000000000800d490       0x20 /home/valentyn/Ac6/SystemWorkbench/plugins/fr.ac6.mcu.externaltools.arm-none.linux64_1.16.0.201807130628/tools/compiler/bin/../lib/gcc/arm-none-eabi/7.2.1/../../../../arm-none-eabi/lib/thumb/v7e-m/fpv4-sp/hard/libm.a(lib_a-s_atan.o)
 .rodata.atanlo
                0x000000000800d4b0       0x20 /home/valentyn/Ac6/SystemWorkbench/plugins/fr.ac6.mcu.externaltools.arm-none.linux64_1.16.0.201807130628/tools/compiler/bin/../lib/gcc/arm-none-eabi/7.2.1/../../../../arm-none-eabi/lib/thumb/v7e-m/fpv4-sp/hard/libm.a(lib_a-s_atan.o)
 .rodata.__powf_log2_data
                0x000000000800d4d0      0x128 /home/valentyn/Ac6/SystemWorkbench/plugins/fr.ac6.mcu.externaltools.arm-none.linux64_1.16.0.201807130628/tools/compiler/bin/../lib/gcc/arm-none-eabi/7.2.1/../../../../arm-none-eabi/lib/thumb/v7e-m/fpv4-sp/hard/libm.a(lib_a-sf_pow_log2_data.o)
                0x000000000800d4d0                __powf_log2_data
 .rodata.pow.str1.4
                0x000000000800d5f8        0x4 /home/valentyn/Ac6/SystemWorkbench/plugins/fr.ac6.mcu.externaltools.arm-none.linux64_1.16.0.201807130628/tools/compiler/bin/../lib/gcc/arm-none-eabi/7.2.1/../../../../arm-none-eabi/lib/thumb/v7e-m/fpv4-sp/hard/libm.a(lib_a-w_pow.o)
 .rodata.sqrt.str1.4
                0x000000000800d5fc        0x5 /home/valentyn/Ac6/SystemWorkbench/plugins/fr.ac6.mcu.externaltools.arm-none.linux64_1.16.0.201807130628/tools/compiler/bin/../lib/gcc/arm-none-eabi/7.2.1/../../../../arm-none-eabi/lib/thumb/v7e-m/fpv4-sp/hard/libm.a(lib_a-w_sqrt.o)
 .rodata.__ieee754_pow.str1.4
                0x000000000800d601        0x5 /home/valentyn/Ac6/SystemWorkbench/plugins/fr.ac6.mcu.externaltools.arm-none.linux64_1.16.0.201807130628/tools/compiler/bin/../lib/gcc/arm-none-eabi/7.2.1/../../../../arm-none-eabi/lib/thumb/v7e-m/fpv4-sp/hard/libm.a(lib_a-e_pow.o)
                                          0x1 (size before relaxing)
 *fill*         0x000000000800d601        0x3 
 .rodata.npio2_hw
                0x000000000800d604       0x80 /home/valentyn/Ac6/SystemWorkbench/plugins/fr.ac6.mcu.externaltools.arm-none.linux64_1.16.0.201807130628/tools/compiler/bin/../lib/gcc/arm-none-eabi/7.2.1/../../../../arm-none-eabi/lib/thumb/v7e-m/fpv4-sp/hard/libm.a(lib_a-e_rem_pio2.o)
 .rodata.two_over_pi
                0x000000000800d684      0x108 /home/valentyn/Ac6/SystemWorkbench/plugins/fr.ac6.mcu.externaltools.arm-none.linux64_1.16.0.201807130628/tools/compiler/bin/../lib/gcc/arm-none-eabi/7.2.1/../../../../arm-none-eabi/lib/thumb/v7e-m/fpv4-sp/hard/libm.a(lib_a-e_rem_pio2.o)
 *fill*         0x000000000800d78c        0x4 
 .rodata.PIo2   0x000000000800d790       0x40 /home/valentyn/Ac6/SystemWorkbench/plugins/fr.ac6.mcu.externaltools.arm-none.linux64_1.16.0.201807130628/tools/compiler/bin/../lib/gcc/arm-none-eabi/7.2.1/../../../../arm-none-eabi/lib/thumb/v7e-m/fpv4-sp/hard/libm.a(lib_a-k_rem_pio2.o)
 .rodata.init_jk
                0x000000000800d7d0       0x10 /home/valentyn/Ac6/SystemWorkbench/plugins/fr.ac6.mcu.externaltools.arm-none.linux64_1.16.0.201807130628/tools/compiler/bin/../lib/gcc/arm-none-eabi/7.2.1/../../../../arm-none-eabi/lib/thumb/v7e-m/fpv4-sp/hard/libm.a(lib_a-k_rem_pio2.o)
 .rodata.TWO52  0x000000000800d7e0       0x10 /home/valentyn/Ac6/SystemWorkbench/plugins/fr.ac6.mcu.externaltools.arm-none.linux64_1.16.0.201807130628/tools/compiler/bin/../lib/gcc/arm-none-eabi/7.2.1/../../../../arm-none-eabi/lib/thumb/v7e-m/fpv4-sp/hard/libm.a(lib_a-s_rint.o)
 .rodata.__exp2f_data
                0x000000000800d7f0      0x148 /home/valentyn/Ac6/SystemWorkbench/plugins/fr.ac6.mcu.externaltools.arm-none.linux64_1.16.0.201807130628/tools/compiler/bin/../lib/gcc/arm-none-eabi/7.2.1/../../../../arm-none-eabi/lib/thumb/v7e-m/fpv4-sp/hard/libm.a(lib_a-sf_exp2_data.o)
                0x000000000800d7f0                __exp2f_data
 .rodata._global_impure_ptr
                0x000000000800d938        0x4 /home/valentyn/Ac6/SystemWorkbench/plugins/fr.ac6.mcu.externaltools.arm-none.linux64_1.16.0.201807130628/tools/compiler/bin/../lib/gcc/arm-none-eabi/7.2.1/../../../../arm-none-eabi/lib/thumb/v7e-m/fpv4-sp/hard/libc.a(lib_a-impure.o)
                0x000000000800d938                _global_impure_ptr
 .rodata._strtod_l.str1.4
                0x000000000800d93c        0xf /home/valentyn/Ac6/SystemWorkbench/plugins/fr.ac6.mcu.externaltools.arm-none.linux64_1.16.0.201807130628/tools/compiler/bin/../lib/gcc/arm-none-eabi/7.2.1/../../../../arm-none-eabi/lib/thumb/v7e-m/fpv4-sp/hard/libc.a(lib_a-strtod.o)
 *fill*         0x000000000800d94b        0x1 
 .rodata.fpi.7443
                0x000000000800d94c       0x14 /home/valentyn/Ac6/SystemWorkbench/plugins/fr.ac6.mcu.externaltools.arm-none.linux64_1.16.0.201807130628/tools/compiler/bin/../lib/gcc/arm-none-eabi/7.2.1/../../../../arm-none-eabi/lib/thumb/v7e-m/fpv4-sp/hard/libc.a(lib_a-strtod.o)
 .rodata.fpinan.7479
                0x000000000800d960       0x14 /home/valentyn/Ac6/SystemWorkbench/plugins/fr.ac6.mcu.externaltools.arm-none.linux64_1.16.0.201807130628/tools/compiler/bin/../lib/gcc/arm-none-eabi/7.2.1/../../../../arm-none-eabi/lib/thumb/v7e-m/fpv4-sp/hard/libc.a(lib_a-strtod.o)
 *fill*         0x000000000800d974        0x4 
 .rodata.tinytens
                0x000000000800d978       0x28 /home/valentyn/Ac6/SystemWorkbench/plugins/fr.ac6.mcu.externaltools.arm-none.linux64_1.16.0.201807130628/tools/compiler/bin/../lib/gcc/arm-none-eabi/7.2.1/../../../../arm-none-eabi/lib/thumb/v7e-m/fpv4-sp/hard/libc.a(lib_a-strtod.o)
 .rodata.__hexdig
                0x000000000800d9a0      0x100 /home/valentyn/Ac6/SystemWorkbench/plugins/fr.ac6.mcu.externaltools.arm-none.linux64_1.16.0.201807130628/tools/compiler/bin/../lib/gcc/arm-none-eabi/7.2.1/../../../../arm-none-eabi/lib/thumb/v7e-m/fpv4-sp/hard/libc.a(lib_a-gdtoa-gethex.o)
                0x000000000800d9a0                __hexdig
 .rodata._setlocale_r.str1.4
                0x000000000800daa0        0xa /home/valentyn/Ac6/SystemWorkbench/plugins/fr.ac6.mcu.externaltools.arm-none.linux64_1.16.0.201807130628/tools/compiler/bin/../lib/gcc/arm-none-eabi/7.2.1/../../../../arm-none-eabi/lib/thumb/v7e-m/fpv4-sp/hard/libc.a(lib_a-locale.o)
                                          0xd (size before relaxing)
 *fill*         0x000000000800daaa        0x2 
 .rodata.str1.4
                0x000000000800daac        0x4 /home/valentyn/Ac6/SystemWorkbench/plugins/fr.ac6.mcu.externaltools.arm-none.linux64_1.16.0.201807130628/tools/compiler/bin/../lib/gcc/arm-none-eabi/7.2.1/../../../../arm-none-eabi/lib/thumb/v7e-m/fpv4-sp/hard/libc.a(lib_a-locale.o)
                                          0x2 (size before relaxing)
 .rodata.__mprec_bigtens
                0x000000000800dab0       0x28 /home/valentyn/Ac6/SystemWorkbench/plugins/fr.ac6.mcu.externaltools.arm-none.linux64_1.16.0.201807130628/tools/compiler/bin/../lib/gcc/arm-none-eabi/7.2.1/../../../../arm-none-eabi/lib/thumb/v7e-m/fpv4-sp/hard/libc.a(lib_a-mprec.o)
                0x000000000800dab0                __mprec_bigtens
 .rodata.__mprec_tens
                0x000000000800dad8       0xc8 /home/valentyn/Ac6/SystemWorkbench/plugins/fr.ac6.mcu.externaltools.arm-none.linux64_1.16.0.201807130628/tools/compiler/bin/../lib/gcc/arm-none-eabi/7.2.1/../../../../arm-none-eabi/lib/thumb/v7e-m/fpv4-sp/hard/libc.a(lib_a-mprec.o)
                0x000000000800dad8                __mprec_tens
 .rodata.p05.7367
                0x000000000800dba0        0xc /home/valentyn/Ac6/SystemWorkbench/plugins/fr.ac6.mcu.externaltools.arm-none.linux64_1.16.0.201807130628/tools/compiler/bin/../lib/gcc/arm-none-eabi/7.2.1/../../../../arm-none-eabi/lib/thumb/v7e-m/fpv4-sp/hard/libc.a(lib_a-mprec.o)
 .rodata._ctype_
                0x000000000800dbac      0x101 /home/valentyn/Ac6/SystemWorkbench/plugins/fr.ac6.mcu.externaltools.arm-none.linux64_1.16.0.201807130628/tools/compiler/bin/../lib/gcc/arm-none-eabi/7.2.1/../../../../arm-none-eabi/lib/thumb/v7e-m/fpv4-sp/hard/libc.a(lib_a-ctype_.o)
                0x000000000800dbac                _ctype_
                0x000000000800dcb0                . = ALIGN (0x4)
 *fill*         0x000000000800dcad        0x3 

.rel.dyn        0x000000000800dcb0        0x0
 .rel.iplt      0x000000000800dcb0        0x0 /home/valentyn/Ac6/SystemWorkbench/plugins/fr.ac6.mcu.externaltools.arm-none.linux64_1.16.0.201807130628/tools/compiler/bin/../lib/gcc/arm-none-eabi/7.2.1/thumb/v7e-m/fpv4-sp/hard/crtbegin.o

.ARM.extab      0x000000000800dcb0        0x0
                0x000000000800dcb0                . = ALIGN (0x4)
 *(.ARM.extab* .gnu.linkonce.armextab.*)
                0x000000000800dcb0                . = ALIGN (0x4)

.ARM            0x000000000800dcb0        0x0
                0x000000000800dcb0                . = ALIGN (0x4)
                0x000000000800dcb0                __exidx_start = .
 *(.ARM.exidx*)
                0x000000000800dcb0                __exidx_end = .
                0x000000000800dcb0                . = ALIGN (0x4)

.preinit_array  0x000000000800dcb0        0x0
                0x000000000800dcb0                . = ALIGN (0x4)
                0x000000000800dcb0                PROVIDE (__preinit_array_start, .)
 *(.preinit_array*)
                0x000000000800dcb0                PROVIDE (__preinit_array_end, .)
                0x000000000800dcb0                . = ALIGN (0x4)

.init_array     0x000000000800dcb0        0x8
                0x000000000800dcb0                . = ALIGN (0x4)
                0x000000000800dcb0                PROVIDE (__init_array_start, .)
 *(SORT_BY_NAME(.init_array.*))
 .init_array.00000
                0x000000000800dcb0        0x4 /home/valentyn/Ac6/SystemWorkbench/plugins/fr.ac6.mcu.externaltools.arm-none.linux64_1.16.0.201807130628/tools/compiler/bin/../lib/gcc/arm-none-eabi/7.2.1/../../../../arm-none-eabi/lib/thumb/v7e-m/fpv4-sp/hard/libc.a(lib_a-__call_atexit.o)
 *(.init_array*)
 .init_array    0x000000000800dcb4        0x4 /home/valentyn/Ac6/SystemWorkbench/plugins/fr.ac6.mcu.externaltools.arm-none.linux64_1.16.0.201807130628/tools/compiler/bin/../lib/gcc/arm-none-eabi/7.2.1/thumb/v7e-m/fpv4-sp/hard/crtbegin.o
                0x000000000800dcb8                PROVIDE (__init_array_end, .)
                0x000000000800dcb8                . = ALIGN (0x4)

.fini_array     0x000000000800dcb8        0x4
                0x000000000800dcb8                . = ALIGN (0x4)
                0x000000000800dcb8                PROVIDE (__fini_array_start, .)
 *(SORT_BY_NAME(.fini_array.*))
 *(.fini_array*)
 .fini_array    0x000000000800dcb8        0x4 /home/valentyn/Ac6/SystemWorkbench/plugins/fr.ac6.mcu.externaltools.arm-none.linux64_1.16.0.201807130628/tools/compiler/bin/../lib/gcc/arm-none-eabi/7.2.1/thumb/v7e-m/fpv4-sp/hard/crtbegin.o
                0x000000000800dcbc                PROVIDE (__fini_array_end, .)
                0x000000000800dcbc                . = ALIGN (0x4)
                0x000000000800dcbc                _sidata = LOADADDR (.data)

.data           0x0000000020000000      0x9c0 load address 0x000000000800dcbc
                0x0000000020000000                . = ALIGN (0x4)
                0x0000000020000000                _sdata = .
 *(.data)
 .data          0x0000000020000000        0x4 RTOS/src/port.o
 .data          0x0000000020000004        0x8 src/main.o
                0x0000000020000004                arStr
 *(.data*)
 .data.__fdlib_version
                0x000000002000000c        0x1 /home/valentyn/Ac6/SystemWorkbench/plugins/fr.ac6.mcu.externaltools.arm-none.linux64_1.16.0.201807130628/tools/compiler/bin/../lib/gcc/arm-none-eabi/7.2.1/../../../../arm-none-eabi/lib/thumb/v7e-m/fpv4-sp/hard/libm.a(lib_a-s_lib_ver.o)
                0x000000002000000c                __fdlib_version
 *fill*         0x000000002000000d        0x3 
 .data._impure_ptr
                0x0000000020000010        0x4 /home/valentyn/Ac6/SystemWorkbench/plugins/fr.ac6.mcu.externaltools.arm-none.linux64_1.16.0.201807130628/tools/compiler/bin/../lib/gcc/arm-none-eabi/7.2.1/../../../../arm-none-eabi/lib/thumb/v7e-m/fpv4-sp/hard/libc.a(lib_a-impure.o)
                0x0000000020000010                _impure_ptr
 *fill*         0x0000000020000014        0x4 
 .data.impure_data
                0x0000000020000018      0x428 /home/valentyn/Ac6/SystemWorkbench/plugins/fr.ac6.mcu.externaltools.arm-none.linux64_1.16.0.201807130628/tools/compiler/bin/../lib/gcc/arm-none-eabi/7.2.1/../../../../arm-none-eabi/lib/thumb/v7e-m/fpv4-sp/hard/libc.a(lib_a-impure.o)
 .data.__atexit_recursive_mutex
                0x0000000020000440        0x4 /home/valentyn/Ac6/SystemWorkbench/plugins/fr.ac6.mcu.externaltools.arm-none.linux64_1.16.0.201807130628/tools/compiler/bin/../lib/gcc/arm-none-eabi/7.2.1/../../../../arm-none-eabi/lib/thumb/v7e-m/fpv4-sp/hard/libc.a(lib_a-__call_atexit.o)
                0x0000000020000440                __atexit_recursive_mutex
 .data.__global_locale
                0x0000000020000444      0x16c /home/valentyn/Ac6/SystemWorkbench/plugins/fr.ac6.mcu.externaltools.arm-none.linux64_1.16.0.201807130628/tools/compiler/bin/../lib/gcc/arm-none-eabi/7.2.1/../../../../arm-none-eabi/lib/thumb/v7e-m/fpv4-sp/hard/libc.a(lib_a-locale.o)
                0x0000000020000444                __global_locale
 .data.__malloc_av_
                0x00000000200005b0      0x408 /home/valentyn/Ac6/SystemWorkbench/plugins/fr.ac6.mcu.externaltools.arm-none.linux64_1.16.0.201807130628/tools/compiler/bin/../lib/gcc/arm-none-eabi/7.2.1/../../../../arm-none-eabi/lib/thumb/v7e-m/fpv4-sp/hard/libc.a(lib_a-mallocr.o)
                0x00000000200005b0                __malloc_av_
 .data.__malloc_sbrk_base
                0x00000000200009b8        0x4 /home/valentyn/Ac6/SystemWorkbench/plugins/fr.ac6.mcu.externaltools.arm-none.linux64_1.16.0.201807130628/tools/compiler/bin/../lib/gcc/arm-none-eabi/7.2.1/../../../../arm-none-eabi/lib/thumb/v7e-m/fpv4-sp/hard/libc.a(lib_a-mallocr.o)
                0x00000000200009b8                __malloc_sbrk_base
 .data.__malloc_trim_threshold
                0x00000000200009bc        0x4 /home/valentyn/Ac6/SystemWorkbench/plugins/fr.ac6.mcu.externaltools.arm-none.linux64_1.16.0.201807130628/tools/compiler/bin/../lib/gcc/arm-none-eabi/7.2.1/../../../../arm-none-eabi/lib/thumb/v7e-m/fpv4-sp/hard/libc.a(lib_a-mallocr.o)
                0x00000000200009bc                __malloc_trim_threshold
                0x00000000200009c0                . = ALIGN (0x4)
                0x00000000200009c0                _edata = .

.igot.plt       0x00000000200009c0        0x0 load address 0x000000000800e67c
 .igot.plt      0x00000000200009c0        0x0 /home/valentyn/Ac6/SystemWorkbench/plugins/fr.ac6.mcu.externaltools.arm-none.linux64_1.16.0.201807130628/tools/compiler/bin/../lib/gcc/arm-none-eabi/7.2.1/thumb/v7e-m/fpv4-sp/hard/crtbegin.o
                0x00000000200009c0                . = ALIGN (0x4)

.bss            0x00000000200009c0     0x8940 load address 0x000000000800e67c
                0x00000000200009c0                _sbss = .
                0x00000000200009c0                __bss_start__ = _sbss
 *(.bss)
 .bss           0x00000000200009c0       0x1c /home/valentyn/Ac6/SystemWorkbench/plugins/fr.ac6.mcu.externaltools.arm-none.linux64_1.16.0.201807130628/tools/compiler/bin/../lib/gcc/arm-none-eabi/7.2.1/thumb/v7e-m/fpv4-sp/hard/crtbegin.o
 .bss           0x00000000200009dc     0x7818 RTOS/src/heap_4.o
 .bss           0x00000000200081f4        0x8 RTOS/src/port.o
 .bss           0x00000000200081fc      0x104 RTOS/src/tasks.o
                0x00000000200081fc                pxCurrentTCB
 .bss           0x0000000020008300       0x3c RTOS/src/timers.o
 .bss           0x000000002000833c       0xd9 src/algorithm.o
 *fill*         0x0000000020008415        0x3 
 .bss           0x0000000020008418       0x10 src/nmea.o
                0x0000000020008418                xy
 .bss           0x0000000020008428        0x4 startup/sysmem.o
 *(.bss*)
 .bss.__malloc_current_mallinfo
                0x000000002000842c       0x28 /home/valentyn/Ac6/SystemWorkbench/plugins/fr.ac6.mcu.externaltools.arm-none.linux64_1.16.0.201807130628/tools/compiler/bin/../lib/gcc/arm-none-eabi/7.2.1/../../../../arm-none-eabi/lib/thumb/v7e-m/fpv4-sp/hard/libc.a(lib_a-mallocr.o)
                0x000000002000842c                __malloc_current_mallinfo
 .bss.__malloc_max_sbrked_mem
                0x0000000020008454        0x4 /home/valentyn/Ac6/SystemWorkbench/plugins/fr.ac6.mcu.externaltools.arm-none.linux64_1.16.0.201807130628/tools/compiler/bin/../lib/gcc/arm-none-eabi/7.2.1/../../../../arm-none-eabi/lib/thumb/v7e-m/fpv4-sp/hard/libc.a(lib_a-mallocr.o)
                0x0000000020008454                __malloc_max_sbrked_mem
 .bss.__malloc_max_total_mem
                0x0000000020008458        0x4 /home/valentyn/Ac6/SystemWorkbench/plugins/fr.ac6.mcu.externaltools.arm-none.linux64_1.16.0.201807130628/tools/compiler/bin/../lib/gcc/arm-none-eabi/7.2.1/../../../../arm-none-eabi/lib/thumb/v7e-m/fpv4-sp/hard/libc.a(lib_a-mallocr.o)
                0x0000000020008458                __malloc_max_total_mem
 .bss.__malloc_top_pad
                0x000000002000845c        0x4 /home/valentyn/Ac6/SystemWorkbench/plugins/fr.ac6.mcu.externaltools.arm-none.linux64_1.16.0.201807130628/tools/compiler/bin/../lib/gcc/arm-none-eabi/7.2.1/../../../../arm-none-eabi/lib/thumb/v7e-m/fpv4-sp/hard/libc.a(lib_a-mallocr.o)
                0x000000002000845c                __malloc_top_pad
 *(COMMON)
 COMMON         0x0000000020008460       0x40 RTOS/src/queue.o
                0x0000000020008460                xQueueRegistry
 COMMON         0x00000000200084a0        0x8 src/algorithm.o
                0x00000000200084a0                receivePointer
                0x00000000200084a4                xStatus1
 COMMON         0x00000000200084a8      0x174 src/main.o
                0x00000000200084a8                xStatus
                0x00000000200084ac                recString1
                0x00000000200084fc                xHigherPriorityTaskWoken
                0x0000000020008500                xpQueue
                0x0000000020008504                recString0
                0x0000000020008554                toBlue
 *fill*         0x000000002000861c        0x4 
 COMMON         0x0000000020008620      0x688 src/nmea.o
                0x0000000020008620                words
                0x0000000020008708                pn
 COMMON         0x0000000020008ca8      0x630 src/position.o
                0x0000000020008ca8                pos
 COMMON         0x00000000200092d8       0x21 /home/valentyn/Ac6/SystemWorkbench/plugins/fr.ac6.mcu.externaltools.arm-none.linux64_1.16.0.201807130628/tools/compiler/bin/../lib/gcc/arm-none-eabi/7.2.1/../../../../arm-none-eabi/lib/thumb/v7e-m/fpv4-sp/hard/libc.a(lib_a-lock.o)
                0x00000000200092d8                __lock___atexit_recursive_mutex
                0x00000000200092dc                __lock___arc4random_mutex
                0x00000000200092e0                __lock___env_recursive_mutex
                0x00000000200092e4                __lock___sinit_recursive_mutex
                0x00000000200092e8                __lock___malloc_recursive_mutex
                0x00000000200092ec                __lock___at_quick_exit_mutex
                0x00000000200092f0                __lock___dd_hash_mutex
                0x00000000200092f4                __lock___tz_mutex
                0x00000000200092f8                __lock___sfp_recursive_mutex
 *fill*         0x00000000200092f9        0x3 
 COMMON         0x00000000200092fc        0x4 /home/valentyn/Ac6/SystemWorkbench/plugins/fr.ac6.mcu.externaltools.arm-none.linux64_1.16.0.201807130628/tools/compiler/bin/../lib/gcc/arm-none-eabi/7.2.1/../../../../arm-none-eabi/lib/thumb/v7e-m/fpv4-sp/hard/libc.a(lib_a-reent.o)
                0x00000000200092fc                errno
                0x0000000020009300                . = ALIGN (0x4)
                0x0000000020009300                _ebss = .
                0x0000000020009300                __bss_end__ = _ebss

._user_heap_stack
                0x0000000020009300      0x400 load address 0x000000000800e67c
                0x0000000020009300                . = ALIGN (0x8)
                0x0000000020009300                PROVIDE (end, .)
                [!provide]                        PROVIDE (_end, .)
                0x0000000020009300                . = (. + _Min_Heap_Size)
                0x0000000020009700                . = (. + _Min_Stack_Size)
 *fill*         0x0000000020009300      0x400 
                0x0000000020009700                . = ALIGN (0x8)

/DISCARD/
 libc.a(*)
 libm.a(*)
 libgcc.a(*)

.ARM.attributes
                0x0000000000000000       0x30
 *(.ARM.attributes)
 .ARM.attributes
                0x0000000000000000       0x22 /home/valentyn/Ac6/SystemWorkbench/plugins/fr.ac6.mcu.externaltools.arm-none.linux64_1.16.0.201807130628/tools/compiler/bin/../lib/gcc/arm-none-eabi/7.2.1/thumb/v7e-m/fpv4-sp/hard/crti.o
 .ARM.attributes
                0x0000000000000022       0x34 /home/valentyn/Ac6/SystemWorkbench/plugins/fr.ac6.mcu.externaltools.arm-none.linux64_1.16.0.201807130628/tools/compiler/bin/../lib/gcc/arm-none-eabi/7.2.1/thumb/v7e-m/fpv4-sp/hard/crtbegin.o
 .ARM.attributes
                0x0000000000000056       0x39 RTOS/src/heap_4.o
 .ARM.attributes
                0x000000000000008f       0x39 RTOS/src/list.o
 .ARM.attributes
                0x00000000000000c8       0x39 RTOS/src/port.o
 .ARM.attributes
                0x0000000000000101       0x39 RTOS/src/queue.o
 .ARM.attributes
                0x000000000000013a       0x39 RTOS/src/tasks.o
 .ARM.attributes
                0x0000000000000173       0x39 RTOS/src/timers.o
 .ARM.attributes
                0x00000000000001ac       0x39 src/algorithm.o
 .ARM.attributes
                0x00000000000001e5       0x39 src/charQueue.o
 .ARM.attributes
                0x000000000000021e       0x39 src/glm.o
 .ARM.attributes
                0x0000000000000257       0x39 src/gpio.o
 .ARM.attributes
                0x0000000000000290       0x39 src/main.o
 .ARM.attributes
                0x00000000000002c9       0x39 src/nmea.o
 .ARM.attributes
                0x0000000000000302       0x39 src/periph.o
 .ARM.attributes
                0x000000000000033b       0x39 src/position.o
 .ARM.attributes
                0x0000000000000374       0x39 src/system_stm32f4xx.o
 .ARM.attributes
                0x00000000000003ad       0x21 startup/startup_stm32.o
 .ARM.attributes
                0x00000000000003ce       0x39 startup/sysmem.o
 .ARM.attributes
                0x0000000000000407       0x34 /home/valentyn/Ac6/SystemWorkbench/plugins/fr.ac6.mcu.externaltools.arm-none.linux64_1.16.0.201807130628/tools/compiler/bin/../lib/gcc/arm-none-eabi/7.2.1/../../../../arm-none-eabi/lib/thumb/v7e-m/fpv4-sp/hard/libm.a(lib_a-s_atan.o)
 .ARM.attributes
                0x000000000000043b       0x34 /home/valentyn/Ac6/SystemWorkbench/plugins/fr.ac6.mcu.externaltools.arm-none.linux64_1.16.0.201807130628/tools/compiler/bin/../lib/gcc/arm-none-eabi/7.2.1/../../../../arm-none-eabi/lib/thumb/v7e-m/fpv4-sp/hard/libm.a(lib_a-s_cos.o)
 .ARM.attributes
                0x000000000000046f       0x34 /home/valentyn/Ac6/SystemWorkbench/plugins/fr.ac6.mcu.externaltools.arm-none.linux64_1.16.0.201807130628/tools/compiler/bin/../lib/gcc/arm-none-eabi/7.2.1/../../../../arm-none-eabi/lib/thumb/v7e-m/fpv4-sp/hard/libm.a(lib_a-s_fabs.o)
 .ARM.attributes
                0x00000000000004a3       0x34 /home/valentyn/Ac6/SystemWorkbench/plugins/fr.ac6.mcu.externaltools.arm-none.linux64_1.16.0.201807130628/tools/compiler/bin/../lib/gcc/arm-none-eabi/7.2.1/../../../../arm-none-eabi/lib/thumb/v7e-m/fpv4-sp/hard/libm.a(lib_a-s_floor.o)
 .ARM.attributes
                0x00000000000004d7       0x34 /home/valentyn/Ac6/SystemWorkbench/plugins/fr.ac6.mcu.externaltools.arm-none.linux64_1.16.0.201807130628/tools/compiler/bin/../lib/gcc/arm-none-eabi/7.2.1/../../../../arm-none-eabi/lib/thumb/v7e-m/fpv4-sp/hard/libm.a(lib_a-s_round.o)
 .ARM.attributes
                0x000000000000050b       0x34 /home/valentyn/Ac6/SystemWorkbench/plugins/fr.ac6.mcu.externaltools.arm-none.linux64_1.16.0.201807130628/tools/compiler/bin/../lib/gcc/arm-none-eabi/7.2.1/../../../../arm-none-eabi/lib/thumb/v7e-m/fpv4-sp/hard/libm.a(lib_a-s_sin.o)
 .ARM.attributes
                0x000000000000053f       0x34 /home/valentyn/Ac6/SystemWorkbench/plugins/fr.ac6.mcu.externaltools.arm-none.linux64_1.16.0.201807130628/tools/compiler/bin/../lib/gcc/arm-none-eabi/7.2.1/../../../../arm-none-eabi/lib/thumb/v7e-m/fpv4-sp/hard/libm.a(lib_a-s_tan.o)
 .ARM.attributes
                0x0000000000000573       0x34 /home/valentyn/Ac6/SystemWorkbench/plugins/fr.ac6.mcu.externaltools.arm-none.linux64_1.16.0.201807130628/tools/compiler/bin/../lib/gcc/arm-none-eabi/7.2.1/../../../../arm-none-eabi/lib/thumb/v7e-m/fpv4-sp/hard/libm.a(lib_a-sf_pow.o)
 .ARM.attributes
                0x00000000000005a7       0x34 /home/valentyn/Ac6/SystemWorkbench/plugins/fr.ac6.mcu.externaltools.arm-none.linux64_1.16.0.201807130628/tools/compiler/bin/../lib/gcc/arm-none-eabi/7.2.1/../../../../arm-none-eabi/lib/thumb/v7e-m/fpv4-sp/hard/libm.a(lib_a-sf_pow_log2_data.o)
 .ARM.attributes
                0x00000000000005db       0x34 /home/valentyn/Ac6/SystemWorkbench/plugins/fr.ac6.mcu.externaltools.arm-none.linux64_1.16.0.201807130628/tools/compiler/bin/../lib/gcc/arm-none-eabi/7.2.1/../../../../arm-none-eabi/lib/thumb/v7e-m/fpv4-sp/hard/libm.a(lib_a-w_atan2.o)
 .ARM.attributes
                0x000000000000060f       0x34 /home/valentyn/Ac6/SystemWorkbench/plugins/fr.ac6.mcu.externaltools.arm-none.linux64_1.16.0.201807130628/tools/compiler/bin/../lib/gcc/arm-none-eabi/7.2.1/../../../../arm-none-eabi/lib/thumb/v7e-m/fpv4-sp/hard/libm.a(lib_a-w_pow.o)
 .ARM.attributes
                0x0000000000000643       0x34 /home/valentyn/Ac6/SystemWorkbench/plugins/fr.ac6.mcu.externaltools.arm-none.linux64_1.16.0.201807130628/tools/compiler/bin/../lib/gcc/arm-none-eabi/7.2.1/../../../../arm-none-eabi/lib/thumb/v7e-m/fpv4-sp/hard/libm.a(lib_a-w_sqrt.o)
 .ARM.attributes
                0x0000000000000677       0x34 /home/valentyn/Ac6/SystemWorkbench/plugins/fr.ac6.mcu.externaltools.arm-none.linux64_1.16.0.201807130628/tools/compiler/bin/../lib/gcc/arm-none-eabi/7.2.1/../../../../arm-none-eabi/lib/thumb/v7e-m/fpv4-sp/hard/libm.a(lib_a-e_atan2.o)
 .ARM.attributes
                0x00000000000006ab       0x34 /home/valentyn/Ac6/SystemWorkbench/plugins/fr.ac6.mcu.externaltools.arm-none.linux64_1.16.0.201807130628/tools/compiler/bin/../lib/gcc/arm-none-eabi/7.2.1/../../../../arm-none-eabi/lib/thumb/v7e-m/fpv4-sp/hard/libm.a(lib_a-e_pow.o)
 .ARM.attributes
                0x00000000000006df       0x34 /home/valentyn/Ac6/SystemWorkbench/plugins/fr.ac6.mcu.externaltools.arm-none.linux64_1.16.0.201807130628/tools/compiler/bin/../lib/gcc/arm-none-eabi/7.2.1/../../../../arm-none-eabi/lib/thumb/v7e-m/fpv4-sp/hard/libm.a(lib_a-e_rem_pio2.o)
 .ARM.attributes
                0x0000000000000713       0x34 /home/valentyn/Ac6/SystemWorkbench/plugins/fr.ac6.mcu.externaltools.arm-none.linux64_1.16.0.201807130628/tools/compiler/bin/../lib/gcc/arm-none-eabi/7.2.1/../../../../arm-none-eabi/lib/thumb/v7e-m/fpv4-sp/hard/libm.a(lib_a-e_sqrt.o)
 .ARM.attributes
                0x0000000000000747       0x34 /home/valentyn/Ac6/SystemWorkbench/plugins/fr.ac6.mcu.externaltools.arm-none.linux64_1.16.0.201807130628/tools/compiler/bin/../lib/gcc/arm-none-eabi/7.2.1/../../../../arm-none-eabi/lib/thumb/v7e-m/fpv4-sp/hard/libm.a(lib_a-k_cos.o)
 .ARM.attributes