Archive member included to satisfy reference by file (symbol)

/home/valentyn/Ac6/SystemWorkbench/plugins/fr.ac6.mcu.externaltools.arm-none.linux64_1.16.0.201807130628/tools/compiler/bin/../lib/gcc/arm-none-eabi/7.2.1/../../../../arm-none-eabi/lib/thumb/v7e-m/fpv4-sp/hard/libm.a(lib_a-s_cos.o)
                              src/nmea.o (cos)
/home/valentyn/Ac6/SystemWorkbench/plugins/fr.ac6.mcu.externaltools.arm-none.linux64_1.16.0.201807130628/tools/compiler/bin/../lib/gcc/arm-none-eabi/7.2.1/../../../../arm-none-eabi/lib/thumb/v7e-m/fpv4-sp/hard/libm.a(lib_a-s_floor.o)
                              src/nmea.o (floor)
/home/valentyn/Ac6/SystemWorkbench/plugins/fr.ac6.mcu.externaltools.arm-none.linux64_1.16.0.201807130628/tools/compiler/bin/../lib/gcc/arm-none-eabi/7.2.1/../../../../arm-none-eabi/lib/thumb/v7e-m/fpv4-sp/hard/libm.a(lib_a-s_round.o)
                              src/nmea.o (round)
/home/valentyn/Ac6/SystemWorkbench/plugins/fr.ac6.mcu.externaltools.arm-none.linux64_1.16.0.201807130628/tools/compiler/bin/../lib/gcc/arm-none-eabi/7.2.1/../../../../arm-none-eabi/lib/thumb/v7e-m/fpv4-sp/hard/libm.a(lib_a-s_sin.o)
                              src/nmea.o (sin)
/home/valentyn/Ac6/SystemWorkbench/plugins/fr.ac6.mcu.externaltools.arm-none.linux64_1.16.0.201807130628/tools/compiler/bin/../lib/gcc/arm-none-eabi/7.2.1/../../../../arm-none-eabi/lib/thumb/v7e-m/fpv4-sp/hard/libm.a(lib_a-s_tan.o)
                              src/nmea.o (tan)
/home/valentyn/Ac6/SystemWorkbench/plugins/fr.ac6.mcu.externaltools.arm-none.linux64_1.16.0.201807130628/tools/compiler/bin/../lib/gcc/arm-none-eabi/7.2.1/../../../../arm-none-eabi/lib/thumb/v7e-m/fpv4-sp/hard/libm.a(lib_a-sf_pow.o)
                              src/nmea.o (powf)
/home/valentyn/Ac6/SystemWorkbench/plugins/fr.ac6.mcu.externaltools.arm-none.linux64_1.16.0.201807130628/tools/compiler/bin/../lib/gcc/arm-none-eabi/7.2.1/../../../../arm-none-eabi/lib/thumb/v7e-m/fpv4-sp/hard/libm.a(lib_a-sf_pow_log2_data.o)
                              /home/valentyn/Ac6/SystemWorkbench/plugins/fr.ac6.mcu.externaltools.arm-none.linux64_1.16.0.201807130628/tools/compiler/bin/../lib/gcc/arm-none-eabi/7.2.1/../../../../arm-none-eabi/lib/thumb/v7e-m/fpv4-sp/hard/libm.a(lib_a-sf_pow.o) (__powf_log2_data)
/home/valentyn/Ac6/SystemWorkbench/plugins/fr.ac6.mcu.externaltools.arm-none.linux64_1.16.0.201807130628/tools/compiler/bin/../lib/gcc/arm-none-eabi/7.2.1/../../../../arm-none-eabi/lib/thumb/v7e-m/fpv4-sp/hard/libm.a(lib_a-w_pow.o)
                              src/nmea.o (pow)
/home/valentyn/Ac6/SystemWorkbench/plugins/fr.ac6.mcu.externaltools.arm-none.linux64_1.16.0.201807130628/tools/compiler/bin/../lib/gcc/arm-none-eabi/7.2.1/../../../../arm-none-eabi/lib/thumb/v7e-m/fpv4-sp/hard/libm.a(lib_a-w_sqrt.o)
                              src/nmea.o (sqrt)
/home/valentyn/Ac6/SystemWorkbench/plugins/fr.ac6.mcu.externaltools.arm-none.linux64_1.16.0.201807130628/tools/compiler/bin/../lib/gcc/arm-none-eabi/7.2.1/../../../../arm-none-eabi/lib/thumb/v7e-m/fpv4-sp/hard/libm.a(lib_a-e_pow.o)
                              /home/valentyn/Ac6/SystemWorkbench/plugins/fr.ac6.mcu.externaltools.arm-none.linux64_1.16.0.201807130628/tools/compiler/bin/../lib/gcc/arm-none-eabi/7.2.1/../../../../arm-none-eabi/lib/thumb/v7e-m/fpv4-sp/hard/libm.a(lib_a-w_pow.o) (__ieee754_pow)
/home/valentyn/Ac6/SystemWorkbench/plugins/fr.ac6.mcu.externaltools.arm-none.linux64_1.16.0.201807130628/tools/compiler/bin/../lib/gcc/arm-none-eabi/7.2.1/../../../../arm-none-eabi/lib/thumb/v7e-m/fpv4-sp/hard/libm.a(lib_a-e_rem_pio2.o)
                              /home/valentyn/Ac6/SystemWorkbench/plugins/fr.ac6.mcu.externaltools.arm-none.linux64_1.16.0.201807130628/tools/compiler/bin/../lib/gcc/arm-none-eabi/7.2.1/../../../../arm-none-eabi/lib/thumb/v7e-m/fpv4-sp/hard/libm.a(lib_a-s_cos.o) (__ieee754_rem_pio2)
/home/valentyn/Ac6/SystemWorkbench/plugins/fr.ac6.mcu.externaltools.arm-none.linux64_1.16.0.201807130628/tools/compiler/bin/../lib/gcc/arm-none-eabi/7.2.1/../../../../arm-none-eabi/lib/thumb/v7e-m/fpv4-sp/hard/libm.a(lib_a-e_sqrt.o)
                              /home/valentyn/Ac6/SystemWorkbench/plugins/fr.ac6.mcu.externaltools.arm-none.linux64_1.16.0.201807130628/tools/compiler/bin/../lib/gcc/arm-none-eabi/7.2.1/../../../../arm-none-eabi/lib/thumb/v7e-m/fpv4-sp/hard/libm.a(lib_a-w_sqrt.o) (__ieee754_sqrt)
/home/valentyn/Ac6/SystemWorkbench/plugins/fr.ac6.mcu.externaltools.arm-none.linux64_1.16.0.201807130628/tools/compiler/bin/../lib/gcc/arm-none-eabi/7.2.1/../../../../arm-none-eabi/lib/thumb/v7e-m/fpv4-sp/hard/libm.a(lib_a-k_cos.o)
                              /home/valentyn/Ac6/SystemWorkbench/plugins/fr.ac6.mcu.externaltools.arm-none.linux64_1.16.0.201807130628/tools/compiler/bin/../lib/gcc/arm-none-eabi/7.2.1/../../../../arm-none-eabi/lib/thumb/v7e-m/fpv4-sp/hard/libm.a(lib_a-s_cos.o) (__kernel_cos)
[...]
Memory Configuration

Name             Origin             Length             Attributes
RAM              0x0000000020000000 0x0000000000020000 xrw
ROM              0x0000000008000000 0x0000000000100000 xr
*default*        0x0000000000000000 0xffffffffffffffff

Linker script and memory map

LOAD /home/valentyn/Ac6/SystemWorkbench/plugins/fr.ac6.mcu.externaltools.arm-none.linux64_1.16.0.201807130628/tools/compiler/bin/../lib/gcc/arm-none-eabi/7.2.1/thumb/v7e-m/fpv4-sp/hard/crti.o
LOAD /home/valentyn/Ac6/SystemWorkbench/plugins/fr.ac6.mcu.externaltools.arm-none.linux64_1.16.0.201807130628/tools/compiler/bin/../lib/gcc/arm-none-eabi/7.2.1/thumb/v7e-m/fpv4-sp/hard/crtbegin.o
LOAD /home/valentyn/Ac6/SystemWorkbench/plugins/fr.ac6.mcu.externaltools.arm-none.linux64_1.16.0.201807130628/tools/compiler/bin/../lib/gcc/arm-none-eabi/7.2.1/../../../../arm-none-eabi/lib/thumb/v7e-m/fpv4-sp/hard/crt0.o
LOAD RTOS/src/croutine.o
LOAD RTOS/src/event_groups.o
LOAD RTOS/src/heap_4.o
LOAD RTOS/src/list.o
LOAD RTOS/src/port.o
LOAD RTOS/src/queue.o
LOAD RTOS/src/tasks.o
LOAD RTOS/src/timers.o
LOAD src/algorithm.o
LOAD src/charQueue.o
LOAD src/glm.o
LOAD src/gpio.o
LOAD src/main.o
LOAD src/nmea.o
LOAD src/periph.o
LOAD src/position.o
LOAD src/system_stm32f4xx.o
LOAD src/vehicle.o
LOAD startup/startup_stm32.o
LOAD startup/sysmem.o
LOAD /home/valentyn/Ac6/SystemWorkbench/plugins/fr.ac6.mcu.externaltools.arm-none.linux64_1.16.0.201807130628/tools/compiler/bin/../lib/gcc/arm-none-eabi/7.2.1/../../../../arm-none-eabi/lib/thumb/v7e-m/fpv4-sp/hard/libm.a
START GROUP
LOAD /home/valentyn/Ac6/SystemWorkbench/plugins/fr.ac6.mcu.externaltools.arm-none.linux64_1.16.0.201807130628/tools/compiler/bin/../lib/gcc/arm-none-eabi/7.2.1/thumb/v7e-m/fpv4-sp/hard/libgcc.a
LOAD /home/valentyn/Ac6/SystemWorkbench/plugins/fr.ac6.mcu.externaltools.arm-none.linux64_1.16.0.201807130628/tools/compiler/bin/../lib/gcc/arm-none-eabi/7.2.1/../../../../arm-none-eabi/lib/thumb/v7e-m/fpv4-sp/hard/libc.a
END GROUP
LOAD /home/valentyn/Ac6/SystemWorkbench/plugins/fr.ac6.mcu.externaltools.arm-none.linux64_1.16.0.201807130628/tools/compiler/bin/../lib/gcc/arm-none-eabi/7.2.1/thumb/v7e-m/fpv4-sp/hard/crtend.o
LOAD /home/valentyn/Ac6/SystemWorkbench/plugins/fr.ac6.mcu.externaltools.arm-none.linux64_1.16.0.201807130628/tools/compiler/bin/../lib/gcc/arm-none-eabi/7.2.1/thumb/v7e-m/fpv4-sp/hard/crtn.o
                0x0000000020020000                _estack = 0x20020000
                0x0000000000000000                _Min_Heap_Size = 0x0
                0x0000000000000400                _Min_Stack_Size = 0x400

.isr_vector     0x0000000008000000      0x1a8
                0x0000000008000000                . = ALIGN (0x4)
 *(.isr_vector)
 .isr_vector    0x0000000008000000      0x1a8 startup/startup_stm32.o
                0x0000000008000000                g_pfnVectors
                0x00000000080001a8                . = ALIGN (0x4)

.text           0x00000000080001c0     0xc2c8
                0x00000000080001c0                . = ALIGN (0x4)
 *(.text)
 .text          0x00000000080001c0       0x40 /home/valentyn/Ac6/SystemWorkbench/plugins/fr.ac6.mcu.externaltools.arm-none.linux64_1.16.0.201807130628/tools/compiler/bin/../lib/gcc/arm-none-eabi/7.2.1/thumb/v7e-m/fpv4-sp/hard/crtbegin.o
 .text          0x0000000008000200      0x378 /home/valentyn/Ac6/SystemWorkbench/plugins/fr.ac6.mcu.externaltools.arm-none.linux64_1.16.0.201807130628/tools/compiler/bin/../lib/gcc/arm-none-eabi/7.2.1/thumb/v7e-m/fpv4-sp/hard/libgcc.a(_arm_addsubdf3.o)
                0x0000000008000200                __aeabi_drsub
                0x0000000008000208                __aeabi_dsub
                0x0000000008000208                __subdf3
                0x000000000800020c                __adddf3
                0x000000000800020c                __aeabi_dadd
                0x0000000008000484                __aeabi_ui2d
                0x0000000008000484                __floatunsidf
                0x00000000080004a4                __floatsidf
                0x00000000080004a4                __aeabi_i2d
                0x00000000080004c8                __extendsfdf2
                0x00000000080004c8                __aeabi_f2d
                0x000000000800050c                __aeabi_ul2d
                0x000000000800050c                __floatundidf
                0x000000000800051c                __floatdidf
                0x000000000800051c                __aeabi_l2d
 .text          0x0000000008000578      0x424 /home/valentyn/Ac6/SystemWorkbench/plugins/fr.ac6.mcu.externaltools.arm-none.linux64_1.16.0.201807130628/tools/compiler/bin/../lib/gcc/arm-none-eabi/7.2.1/thumb/v7e-m/fpv4-sp/hard/libgcc.a(_arm_muldivdf3.o)
                0x0000000008000578                __aeabi_dmul
                0x0000000008000578                __muldf3
                0x00000000080007cc                __aeabi_ddiv
                0x00000000080007cc                __divdf3
 .text          0x000000000800099c      0x110 /home/valentyn/Ac6/SystemWorkbench/plugins/fr.ac6.mcu.externaltools.arm-none.linux64_1.16.0.201807130628/tools/compiler/bin/../lib/gcc/arm-none-eabi/7.2.1/thumb/v7e-m/fpv4-sp/hard/libgcc.a(_arm_cmpdf2.o)
                0x000000000800099c                __gtdf2
                0x000000000800099c                __gedf2
                0x00000000080009a4                __ltdf2
                0x00000000080009a4                __ledf2
                0x00000000080009ac                __cmpdf2
                0x00000000080009ac                __eqdf2
                0x00000000080009ac                __nedf2
                0x0000000008000a28                __aeabi_cdrcmple
                0x0000000008000a38                __aeabi_cdcmple
                0x0000000008000a38                __aeabi_cdcmpeq
                0x0000000008000a48                __aeabi_dcmpeq
                0x0000000008000a5c                __aeabi_dcmplt
                0x0000000008000a70                __aeabi_dcmple
                0x0000000008000a84                __aeabi_dcmpge
                0x0000000008000a98                __aeabi_dcmpgt
 .text          0x0000000008000aac       0x2c /home/valentyn/Ac6/SystemWorkbench/plugins/fr.ac6.mcu.externaltools.arm-none.linux64_1.16.0.201807130628/tools/compiler/bin/../lib/gcc/arm-none-eabi/7.2.1/thumb/v7e-m/fpv4-sp/hard/libgcc.a(_arm_unorddf2.o)
                0x0000000008000aac                __aeabi_dcmpun
                0x0000000008000aac                __unorddf2
 .text          0x0000000008000ad8       0x50 /home/valentyn/Ac6/SystemWorkbench/plugins/fr.ac6.mcu.externaltools.arm-none.linux64_1.16.0.201807130628/tools/compiler/bin/../lib/gcc/arm-none-eabi/7.2.1/thumb/v7e-m/fpv4-sp/hard/libgcc.a(_arm_fixdfsi.o)
                0x0000000008000ad8                __fixdfsi
                0x0000000008000ad8                __aeabi_d2iz
 .text          0x0000000008000b28       0xa0 /home/valentyn/Ac6/SystemWorkbench/plugins/fr.ac6.mcu.externaltools.arm-none.linux64_1.16.0.201807130628/tools/compiler/bin/../lib/gcc/arm-none-eabi/7.2.1/thumb/v7e-m/fpv4-sp/hard/libgcc.a(_arm_truncdfsf2.o)
                0x0000000008000b28                __aeabi_d2f
                0x0000000008000b28                __truncdfsf2
 .text          0x0000000008000bc8      0x134 /home/valentyn/Ac6/SystemWorkbench/plugins/fr.ac6.mcu.externaltools.arm-none.linux64_1.16.0.201807130628/tools/compiler/bin/../lib/gcc/arm-none-eabi/7.2.1/../../../../arm-none-eabi/lib/thumb/v7e-m/fpv4-sp/hard/libc.a(lib_a-memcpy.o)
                0x0000000008000bc8                memcpy
 *fill*         0x0000000008000cfc        0x4 
 .text          0x0000000008000d00       0xa0 /home/valentyn/Ac6/SystemWorkbench/plugins/fr.ac6.mcu.externaltools.arm-none.linux64_1.16.0.201807130628/tools/compiler/bin/../lib/gcc/arm-none-eabi/7.2.1/../../../../arm-none-eabi/lib/thumb/v7e-m/fpv4-sp/hard/libc.a(lib_a-memchr.o)
                0x0000000008000d00                memchr
 *fill*         0x0000000008000da0       0x20 
 .text          0x0000000008000dc0       0xdc /home/valentyn/Ac6/SystemWorkbench/plugins/fr.ac6.mcu.externaltools.arm-none.linux64_1.16.0.201807130628/tools/compiler/bin/../lib/gcc/arm-none-eabi/7.2.1/../../../../arm-none-eabi/lib/thumb/v7e-m/fpv4-sp/hard/libc.a(lib_a-strlen.o)
                0x0000000008000dc0                strlen
 .text          0x0000000008000e9c       0x40 /home/valentyn/Ac6/SystemWorkbench/plugins/fr.ac6.mcu.externaltools.arm-none.linux64_1.16.0.201807130628/tools/compiler/bin/../lib/gcc/arm-none-eabi/7.2.1/thumb/v7e-m/fpv4-sp/hard/libgcc.a(_arm_fixunsdfsi.o)
                0x0000000008000e9c                __fixunsdfsi
                0x0000000008000e9c                __aeabi_d2uiz
 *(.text*)
 .text.pvPortMalloc
                0x0000000008000edc      0x184 RTOS/src/heap_4.o
                0x0000000008000edc                pvPortMalloc
 .text.vPortFree
                0x0000000008001060       0xb0 RTOS/src/heap_4.o
                0x0000000008001060                vPortFree
 .text.prvHeapInit
                0x0000000008001110       0xc4 RTOS/src/heap_4.o
 .text.prvInsertBlockIntoFreeList
                0x00000000080011d4       0xb4 RTOS/src/heap_4.o
 .text.vListInitialise
                0x0000000008001288       0x40 RTOS/src/list.o
                0x0000000008001288                vListInitialise
 .text.vListInitialiseItem
                0x00000000080012c8       0x1a RTOS/src/list.o
                0x00000000080012c8                vListInitialiseItem
 .text.vListInsertEnd
                0x00000000080012e2       0x48 RTOS/src/list.o
                0x00000000080012e2                vListInsertEnd
 .text.vListInsert
                0x000000000800132a       0x72 RTOS/src/list.o
                0x000000000800132a                vListInsert
 .text.uxListRemove
                0x000000000800139c       0x54 RTOS/src/list.o
                0x000000000800139c                uxListRemove
 .text.pxPortInitialiseStack
                0x00000000080013f0       0x68 RTOS/src/port.o
                0x00000000080013f0                pxPortInitialiseStack
 .text.prvTaskExitError
                0x0000000008001458       0x3c RTOS/src/port.o
 *fill*         0x0000000008001494        0xc 
 .text.SVC_Handler
                0x00000000080014a0       0x28 RTOS/src/port.o
                0x00000000080014a0                SVC_Handler
 .text.prvPortStartFirstTask
                0x00000000080014c8       0x20 RTOS/src/port.o
 .text.xPortStartScheduler
                0x00000000080014e8      0x118 RTOS/src/port.o
                0x00000000080014e8                xPortStartScheduler
 .text.vPortEnterCritical
                0x0000000008001600       0x5c RTOS/src/port.o
                0x0000000008001600                vPortEnterCritical
 .text.vPortExitCritical
                0x000000000800165c       0x50 RTOS/src/port.o
                0x000000000800165c                vPortExitCritical
 *fill*         0x00000000080016ac        0x4 
 .text.PendSV_Handler
                0x00000000080016b0       0x68 RTOS/src/port.o
                0x00000000080016b0                PendSV_Handler
 .text.SysTick_Handler
                0x0000000008001718       0x40 RTOS/src/port.o
                0x0000000008001718                SysTick_Handler
 .text.vPortSetupTimerInterrupt
                0x0000000008001758       0x28 RTOS/src/port.o
                0x0000000008001758                vPortSetupTimerInterrupt
 .text.vPortEnableVFP
                0x0000000008001780       0x14 RTOS/src/port.o
 .text.vPortValidateInterruptPriority
                0x0000000008001794       0x7c RTOS/src/port.o
                0x0000000008001794                vPortValidateInterruptPriority
 .text.xQueueGenericReset
                0x0000000008001810       0xd0 RTOS/src/queue.o
                0x0000000008001810                xQueueGenericReset
 .text.xQueueGenericCreate
                0x00000000080018e0       0x72 RTOS/src/queue.o
                0x00000000080018e0                xQueueGenericCreate
 .text.prvInitialiseNewQueue
                0x0000000008001952       0x3e RTOS/src/queue.o
 .text.xQueueGenericSend
                0x0000000008001990      0x1f4 RTOS/src/queue.o
                0x0000000008001990                xQueueGenericSend
 .text.xQueueGenericSendFromISR
                0x0000000008001b84      0x128 RTOS/src/queue.o
                0x0000000008001b84                xQueueGenericSendFromISR
 .text.xQueueGenericReceive
                0x0000000008001cac      0x224 RTOS/src/queue.o
                0x0000000008001cac                xQueueGenericReceive
 .text.prvCopyDataToQueue
                0x0000000008001ed0       0xd4 RTOS/src/queue.o
 .text.prvCopyDataFromQueue
                0x0000000008001fa4       0x4c RTOS/src/queue.o
 .text.prvUnlockQueue
                0x0000000008001ff0       0xa4 RTOS/src/queue.o
 .text.prvIsQueueEmpty
                0x0000000008002094       0x2c RTOS/src/queue.o
 .text.prvIsQueueFull
                0x00000000080020c0       0x30 RTOS/src/queue.o
 .text.vQueueAddToRegistry
                0x00000000080020f0       0x50 RTOS/src/queue.o
                0x00000000080020f0                vQueueAddToRegistry
 .text.vQueueWaitForMessageRestricted
                0x0000000008002140       0x68 RTOS/src/queue.o
                0x0000000008002140                vQueueWaitForMessageRestricted
 .text.xTaskCreate
                0x00000000080021a8       0x82 RTOS/src/tasks.o
                0x00000000080021a8                xTaskCreate
 .text.prvInitialiseNewTask
                0x000000000800222a       0xfc RTOS/src/tasks.o
 *fill*         0x0000000008002326        0x2 
 .text.prvAddNewTaskToReadyList
                0x0000000008002328       0xd4 RTOS/src/tasks.o
 .text.vTaskDelay
                0x00000000080023fc       0x68 RTOS/src/tasks.o
                0x00000000080023fc                vTaskDelay
 .text.vTaskSuspend
                0x0000000008002464      0x110 RTOS/src/tasks.o
                0x0000000008002464                vTaskSuspend
 .text.prvTaskIsTaskSuspended
                0x0000000008002574       0x74 RTOS/src/tasks.o
 .text.vTaskResume
                0x00000000080025e8       0xb8 RTOS/src/tasks.o
                0x00000000080025e8                vTaskResume
 .text.vTaskStartScheduler
                0x00000000080026a0       0x98 RTOS/src/tasks.o
                0x00000000080026a0                vTaskStartScheduler
 .text.vTaskSuspendAll
                0x0000000008002738       0x1c RTOS/src/tasks.o
                0x0000000008002738                vTaskSuspendAll
 .text.xTaskResumeAll
                0x0000000008002754      0x138 RTOS/src/tasks.o
                0x0000000008002754                xTaskResumeAll
 .text.xTaskGetTickCount
                0x000000000800288c       0x20 RTOS/src/tasks.o
                0x000000000800288c                xTaskGetTickCount
 .text.xTaskIncrementTick
                0x00000000080028ac      0x178 RTOS/src/tasks.o
                0x00000000080028ac                xTaskIncrementTick
 .text.vTaskSwitchContext
                0x0000000008002a24       0xb4 RTOS/src/tasks.o
                0x0000000008002a24                vTaskSwitchContext
 .text.vTaskPlaceOnEventList
                0x0000000008002ad8       0x48 RTOS/src/tasks.o
                0x0000000008002ad8                vTaskPlaceOnEventList
 .text.vTaskPlaceOnEventListRestricted
                0x0000000008002b20       0x54 RTOS/src/tasks.o
                0x0000000008002b20                vTaskPlaceOnEventListRestricted
 .text.xTaskRemoveFromEventList
                0x0000000008002b74       0xc4 RTOS/src/tasks.o
                0x0000000008002b74                xTaskRemoveFromEventList
 .text.vTaskSetTimeOutState
                0x0000000008002c38       0x48 RTOS/src/tasks.o
                0x0000000008002c38                vTaskSetTimeOutState
 .text.xTaskCheckForTimeOut
                0x0000000008002c80       0xbc RTOS/src/tasks.o
                0x0000000008002c80                xTaskCheckForTimeOut
 .text.vTaskMissedYield
                0x0000000008002d3c       0x18 RTOS/src/tasks.o
                0x0000000008002d3c                vTaskMissedYield
 .text.prvIdleTask
                0x0000000008002d54       0x30 RTOS/src/tasks.o
 .text.prvInitialiseTaskLists
                0x0000000008002d84       0x80 RTOS/src/tasks.o
 .text.prvCheckTasksWaitingTermination
                0x0000000008002e04       0x78 RTOS/src/tasks.o
 .text.prvDeleteTCB
                0x0000000008002e7c       0x20 RTOS/src/tasks.o
 .text.prvResetNextTaskUnblockTime
                0x0000000008002e9c       0x4c RTOS/src/tasks.o
 .text.xTaskGetSchedulerState
                0x0000000008002ee8       0x3c RTOS/src/tasks.o
                0x0000000008002ee8                xTaskGetSchedulerState
 .text.vTaskPriorityInherit
                0x0000000008002f24       0xec RTOS/src/tasks.o
                0x0000000008002f24                vTaskPriorityInherit
 .text.xTaskPriorityDisinherit
                0x0000000008003010      0x108 RTOS/src/tasks.o
                0x0000000008003010                xTaskPriorityDisinherit
 .text.pvTaskIncrementMutexHeldCount
                0x0000000008003118       0x28 RTOS/src/tasks.o
                0x0000000008003118                pvTaskIncrementMutexHeldCount
 .text.prvAddCurrentTaskToDelayedList
                0x0000000008003140       0xcc RTOS/src/tasks.o
 .text.xTimerCreateTimerTask
                0x000000000800320c       0x60 RTOS/src/timers.o
                0x000000000800320c                xTimerCreateTimerTask
 .text.xTimerGenericCommand
                0x000000000800326c       0x98 RTOS/src/timers.o
                0x000000000800326c                xTimerGenericCommand
 .text.prvProcessExpiredTimer
                0x0000000008003304       0x80 RTOS/src/timers.o
 .text.prvTimerTask
                0x0000000008003384       0x24 RTOS/src/timers.o
 .text.prvProcessTimerOrBlockTask
                0x00000000080033a8       0x9c RTOS/src/timers.o
 .text.prvGetNextExpireTime
                0x0000000008003444       0x48 RTOS/src/timers.o
 .text.prvSampleTimeNow
                0x000000000800348c       0x40 RTOS/src/timers.o
 .text.prvInsertTimerInActiveList
                0x00000000080034cc       0x84 RTOS/src/timers.o
 .text.prvProcessReceivedCommands
                0x0000000008003550      0x124 RTOS/src/timers.o
 .text.prvSwitchTimerLists
                0x0000000008003674       0xc0 RTOS/src/timers.o
 .text.prvCheckForValidListAndQueue
                0x0000000008003734       0x6c RTOS/src/timers.o
 .text.receiveFromDMA
                0x00000000080037a0       0xd0 src/algorithm.o
                0x00000000080037a0                receiveFromDMA
 .text.tempTask2
                0x0000000008003870       0x24 src/algorithm.o
                0x0000000008003870                tempTask2
 .text.tempTask
                0x0000000008003894       0x20 src/algorithm.o
                0x0000000008003894                tempTask
 .text.keyboardScan
                0x00000000080038b4      0x2fc src/algorithm.o
                0x00000000080038b4                keyboardScan
 .text.strAllcpy
                0x0000000008003bb0       0x3e src/charQueue.o
                0x0000000008003bb0                strAllcpy
 .text.findEOS  0x0000000008003bee       0x3e src/charQueue.o
                0x0000000008003bee                findEOS
 .text.push     0x0000000008003c2c       0x5a src/charQueue.o
                0x0000000008003c2c                push
 .text.pop      0x0000000008003c86       0x94 src/charQueue.o
                0x0000000008003c86                pop
 *fill*         0x0000000008003d1a        0x2 
 .text.create   0x0000000008003d1c       0x3c src/charQueue.o
                0x0000000008003d1c                create
 .text.timerini2
                0x0000000008003d58       0x30 src/gpio.o
                0x0000000008003d58                timerini2
 .text.delay_ms
                0x0000000008003d88       0x54 src/gpio.o
                0x0000000008003d88                delay_ms
 .text.GPIO_WritePin
                0x0000000008003ddc       0x30 src/gpio.o
                0x0000000008003ddc                GPIO_WritePin
 .text.LCD_Set_Data
                0x0000000008003e0c      0x134 src/gpio.o
                0x0000000008003e0c                LCD_Set_Data
 .text.LCD_SendCommand
                0x0000000008003f40       0x48 src/gpio.o
                0x0000000008003f40                LCD_SendCommand
 .text.LCD_SendData
                0x0000000008003f88       0x48 src/gpio.o
                0x0000000008003f88                LCD_SendData
 .text.LCD_ini  0x0000000008003fd0       0x60 src/gpio.o
                0x0000000008003fd0                LCD_ini
 .text.LCD_Send_String
                0x0000000008004030       0xc8 src/gpio.o
                0x0000000008004030                LCD_Send_String
 .text.main     0x00000000080040f8       0xd0 src/main.o
                0x00000000080040f8                main
 .text.DMA1_Stream5_IRQHandler
                0x00000000080041c8       0xa8 src/main.o
                0x00000000080041c8                DMA1_Stream5_IRQHandler
 .text.DMA2_Stream7_IRQHandler
                0x0000000008004270       0x3c src/main.o
                0x0000000008004270                DMA2_Stream7_IRQHandler
 .text.USART6_IRQHandler
                0x00000000080042ac       0x38 src/main.o
                0x00000000080042ac                USART6_IRQHandler
 .text.createStartNMEA
                0x00000000080042e4       0x58 src/nmea.o
                0x00000000080042e4                createStartNMEA
 *fill*         0x000000000800433c        0x4 
 .text.ArcLengthOfMeridian
                0x0000000008004340      0x474 src/nmea.o
                0x0000000008004340                ArcLengthOfMeridian
 *fill*         0x00000000080047b4        0x4 
 .text.MapLatLonToXY
                0x00000000080047b8      0x92c src/nmea.o
                0x00000000080047b8                MapLatLonToXY
 *fill*         0x00000000080050e4        0x4 
 .text.DecDeg2UTM
                0x00000000080050e8      0x1c8 src/nmea.o
                0x00000000080050e8                DecDeg2UTM
 .text.UpdateNorthingEasting
                0x00000000080052b0      0x1ac src/nmea.o
                0x00000000080052b0                UpdateNorthingEasting
 .text.splitString
                0x000000000800545c       0x58 src/nmea.o
                0x000000000800545c                splitString
 .text.ParseNMEA
                0x00000000080054b4       0x74 src/nmea.o
                0x00000000080054b4                ParseNMEA
 .text.NMEAtoDecimal
                0x0000000008005528      0x114 src/nmea.o
                0x0000000008005528                NMEAtoDecimal
 .text.ParseGGA
                0x000000000800563c      0x138 src/nmea.o
                0x000000000800563c                ParseGGA
 .text.ParseGLL
                0x0000000008005774       0xc4 src/nmea.o
                0x0000000008005774                ParseGLL
 .text.ParseRMC
                0x0000000008005838      0x124 src/nmea.o
                0x0000000008005838                ParseRMC
 *fill*         0x000000000800595c        0x4 
 .text.ParseVTG
                0x0000000008005960       0x94 src/nmea.o
                0x0000000008005960                ParseVTG
 .text.NVIC_EnableIRQ
                0x00000000080059f4       0x34 src/periph.o
 .text.NVIC_SetPriority
                0x0000000008005a28       0x54 src/periph.o
 .text.gpio_ini
                0x0000000008005a7c       0xac src/periph.o
                0x0000000008005a7c                gpio_ini
 .text.RCC_Init
                0x0000000008005b28       0x94 src/periph.o
                0x0000000008005b28                RCC_Init
 .text.USART2_init
                0x0000000008005bbc       0x7c src/periph.o
                0x0000000008005bbc                USART2_init
 .text.USART6_init
                0x0000000008005c38       0x80 src/periph.o
                0x0000000008005c38                USART6_init
 .text.dma1ini  0x0000000008005cb8       0xb8 src/periph.o
                0x0000000008005cb8                dma1ini
 .text.dma2ini  0x0000000008005d70       0xa4 src/periph.o
                0x0000000008005d70                dma2ini
 .text.setInitPostitionParameters
                0x0000000008005e14       0x18 src/position.o
                0x0000000008005e14                setInitPostitionParameters
 .text.SystemInit
                0x0000000008005e2c       0x70 src/system_stm32f4xx.o
                0x0000000008005e2c                SystemInit
 .text.SetSysClock
                0x0000000008005e9c       0xf8 src/system_stm32f4xx.o
 .text.SystemInit_ExtMemCtl
                0x0000000008005f94      0x118 src/system_stm32f4xx.o
 .text.Reset_Handler
                0x00000000080060ac       0x50 startup/startup_stm32.o
                0x00000000080060ac                Reset_Handler
 .text.Default_Handler
                0x00000000080060fc        0x2 startup/startup_stm32.o
                0x00000000080060fc                RTC_Alarm_IRQHandler
                0x00000000080060fc                HASH_RNG_IRQHandler
                0x00000000080060fc                EXTI2_IRQHandler
                0x00000000080060fc                TIM8_CC_IRQHandler
                0x00000000080060fc                DebugMon_Handler
                0x00000000080060fc                TIM1_CC_IRQHandler
                0x00000000080060fc                DMA2_Stream5_IRQHandler
                0x00000000080060fc                HardFault_Handler
                0x00000000080060fc                PVD_IRQHandler
                0x00000000080060fc                SDIO_IRQHandler
                0x00000000080060fc                TAMP_STAMP_IRQHandler
                0x00000000080060fc                NMI_Handler
                0x00000000080060fc                CAN2_RX1_IRQHandler
                0x00000000080060fc                EXTI3_IRQHandler
                0x00000000080060fc                TIM8_TRG_COM_TIM14_IRQHandler
                0x00000000080060fc                TIM1_UP_TIM10_IRQHandler
                0x00000000080060fc                TIM8_UP_TIM13_IRQHandler
                0x00000000080060fc                I2C3_ER_IRQHandler
                0x00000000080060fc                LCD_TFT_IRQHandler
                0x00000000080060fc                EXTI0_IRQHandler
                0x00000000080060fc                I2C2_EV_IRQHandler
                0x00000000080060fc                DMA1_Stream2_IRQHandler
                0x00000000080060fc                CAN1_RX0_IRQHandler
                0x00000000080060fc                FPU_IRQHandler
                0x00000000080060fc                OTG_HS_WKUP_IRQHandler
                0x00000000080060fc                UsageFault_Handler
                0x00000000080060fc                CAN2_SCE_IRQHandler
                0x00000000080060fc                DMA2_Stream2_IRQHandler
                0x00000000080060fc                SPI1_IRQHandler
                0x00000000080060fc                TIM6_DAC_IRQHandler
                0x00000000080060fc                TIM1_BRK_TIM9_IRQHandler
                0x00000000080060fc                DCMI_IRQHandler
                0x00000000080060fc                CAN2_RX0_IRQHandler
                0x00000000080060fc                DMA2_Stream3_IRQHandler
                0x00000000080060fc                USART3_IRQHandler
                0x00000000080060fc                CRYP_IRQHandler
                0x00000000080060fc                CAN1_RX1_IRQHandler
                0x00000000080060fc                UART5_IRQHandler
                0x00000000080060fc                DMA2_Stream0_IRQHandler
                0x00000000080060fc                TIM4_IRQHandler
                0x00000000080060fc                I2C1_EV_IRQHandler
                0x00000000080060fc                DMA1_Stream6_IRQHandler
                0x00000000080060fc                DMA1_Stream1_IRQHandler
                0x00000000080060fc                UART4_IRQHandler
                0x00000000080060fc                LCD_TFT_1_IRQHandler
                0x00000000080060fc                TIM3_IRQHandler
                0x00000000080060fc                RCC_IRQHandler
                0x00000000080060fc                TIM8_BRK_TIM12_IRQHandler
                0x00000000080060fc                Default_Handler
                0x00000000080060fc                EXTI15_10_IRQHandler
                0x00000000080060fc                ADC_IRQHandler
                0x00000000080060fc                DMA1_Stream7_IRQHandler
                0x00000000080060fc                TIM7_IRQHandler
                0x00000000080060fc                CAN2_TX_IRQHandler
                0x00000000080060fc                TIM5_IRQHandler
                0x00000000080060fc                I2C3_EV_IRQHandler
                0x00000000080060fc                EXTI9_5_IRQHandler
                0x00000000080060fc                RTC_WKUP_IRQHandler
                0x00000000080060fc                ETH_WKUP_IRQHandler
                0x00000000080060fc                SPI2_IRQHandler
                0x00000000080060fc                OTG_HS_EP1_IN_IRQHandler
                0x00000000080060fc                MemManage_Handler
                0x00000000080060fc                DMA1_Stream0_IRQHandler
                0x00000000080060fc                CAN1_TX_IRQHandler
                0x00000000080060fc                EXTI4_IRQHandler
                0x00000000080060fc                FSMC_IRQHandler
                0x00000000080060fc                ETH_IRQHandler
                0x00000000080060fc                OTG_HS_EP1_OUT_IRQHandler
                0x00000000080060fc                WWDG_IRQHandler
                0x00000000080060fc                TIM2_IRQHandler
                0x00000000080060fc                OTG_FS_WKUP_IRQHandler
                0x00000000080060fc                TIM1_TRG_COM_TIM11_IRQHandler
                0x00000000080060fc                OTG_HS_IRQHandler
                0x00000000080060fc                EXTI1_IRQHandler
                0x00000000080060fc                USART2_IRQHandler
                0x00000000080060fc                I2C2_ER_IRQHandler
                0x00000000080060fc                DMA2_Stream1_IRQHandler
                0x00000000080060fc                CAN1_SCE_IRQHandler
                0x00000000080060fc                DMA2_Stream4_IRQHandler
                0x00000000080060fc                BusFault_Handler
                0x00000000080060fc                USART1_IRQHandler
                0x00000000080060fc                OTG_FS_IRQHandler
                0x00000000080060fc                SPI3_IRQHandler
                0x00000000080060fc                DMA1_Stream4_IRQHandler
                0x00000000080060fc                I2C1_ER_IRQHandler
                0x00000000080060fc                DMA2_Stream6_IRQHandler
                0x00000000080060fc                DMA1_Stream3_IRQHandler
 *fill*         0x00000000080060fe        0x2 
 .text._sbrk    0x0000000008006100       0x58 startup/sysmem.o
                0x0000000008006100                _sbrk
 .text.cos      0x0000000008006158       0xc0 /home/valentyn/Ac6/SystemWorkbench/plugins/fr.ac6.mcu.externaltools.arm-none.linux64_1.16.0.201807130628/tools/compiler/bin/../lib/gcc/arm-none-eabi/7.2.1/../../../../arm-none-eabi/lib/thumb/v7e-m/fpv4-sp/hard/libm.a(lib_a-s_cos.o)
                0x0000000008006158                cos
 .text.floor    0x0000000008006218      0x110 /home/valentyn/Ac6/SystemWorkbench/plugins/fr.ac6.mcu.externaltools.arm-none.linux64_1.16.0.201807130628/tools/compiler/bin/../lib/gcc/arm-none-eabi/7.2.1/../../../../arm-none-eabi/lib/thumb/v7e-m/fpv4-sp/hard/libm.a(lib_a-s_floor.o)
                0x0000000008006218                floor
 .text.round    0x0000000008006328       0xa4 /home/valentyn/Ac6/SystemWorkbench/plugins/fr.ac6.mcu.externaltools.arm-none.linux64_1.16.0.201807130628/tools/compiler/bin/../lib/gcc/arm-none-eabi/7.2.1/../../../../arm-none-eabi/lib/thumb/v7e-m/fpv4-sp/hard/libm.a(lib_a-s_round.o)
                0x0000000008006328                round
 *fill*         0x00000000080063cc        0x4 
 .text.sin      0x00000000080063d0       0xc0 /home/valentyn/Ac6/SystemWorkbench/plugins/fr.ac6.mcu.externaltools.arm-none.linux64_1.16.0.201807130628/tools/compiler/bin/../lib/gcc/arm-none-eabi/7.2.1/../../../../arm-none-eabi/lib/thumb/v7e-m/fpv4-sp/hard/libm.a(lib_a-s_sin.o)
                0x00000000080063d0                sin
 .text.tan      0x0000000008006490       0x70 /home/valentyn/Ac6/SystemWorkbench/plugins/fr.ac6.mcu.externaltools.arm-none.linux64_1.16.0.201807130628/tools/compiler/bin/../lib/gcc/arm-none-eabi/7.2.1/../../../../arm-none-eabi/lib/thumb/v7e-m/fpv4-sp/hard/libm.a(lib_a-s_tan.o)
                0x0000000008006490                tan
 .text.powf     0x0000000008006500      0x3a8 /home/valentyn/Ac6/SystemWorkbench/plugins/fr.ac6.mcu.externaltools.arm-none.linux64_1.16.0.201807130628/tools/compiler/bin/../lib/gcc/arm-none-eabi/7.2.1/../../../../arm-none-eabi/lib/thumb/v7e-m/fpv4-sp/hard/libm.a(lib_a-sf_pow.o)
                0x0000000008006500                powf
 .text.pow      0x00000000080068a8      0x338 /home/valentyn/Ac6/SystemWorkbench/plugins/fr.ac6.mcu.externaltools.arm-none.linux64_1.16.0.201807130628/tools/compiler/bin/../lib/gcc/arm-none-eabi/7.2.1/../../../../arm-none-eabi/lib/thumb/v7e-m/fpv4-sp/hard/libm.a(lib_a-w_pow.o)
                0x00000000080068a8                pow
 .text.sqrt     0x0000000008006be0       0xb8 /home/valentyn/Ac6/SystemWorkbench/plugins/fr.ac6.mcu.externaltools.arm-none.linux64_1.16.0.201807130628/tools/compiler/bin/../lib/gcc/arm-none-eabi/7.2.1/../../../../arm-none-eabi/lib/thumb/v7e-m/fpv4-sp/hard/libm.a(lib_a-w_sqrt.o)
                0x0000000008006be0                sqrt
 .text.__ieee754_pow
                0x0000000008006c98      0xab8 /home/valentyn/Ac6/SystemWorkbench/plugins/fr.ac6.mcu.externaltools.arm-none.linux64_1.16.0.201807130628/tools/compiler/bin/../lib/gcc/arm-none-eabi/7.2.1/../../../../arm-none-eabi/lib/thumb/v7e-m/fpv4-sp/hard/libm.a(lib_a-e_pow.o)
                0x0000000008006c98                __ieee754_pow
 .text.__ieee754_rem_pio2
                0x0000000008007750      0x454 /home/valentyn/Ac6/SystemWorkbench/plugins/fr.ac6.mcu.externaltools.arm-none.linux64_1.16.0.201807130628/tools/compiler/bin/../lib/gcc/arm-none-eabi/7.2.1/../../../../arm-none-eabi/lib/thumb/v7e-m/fpv4-sp/hard/libm.a(lib_a-e_rem_pio2.o)
                0x0000000008007750                __ieee754_rem_pio2
 .text.__ieee754_sqrt
                0x0000000008007ba4      0x194 /home/valentyn/Ac6/SystemWorkbench/plugins/fr.ac6.mcu.externaltools.arm-none.linux64_1.16.0.201807130628/tools/compiler/bin/../lib/gcc/arm-none-eabi/7.2.1/../../../../arm-none-eabi/lib/thumb/v7e-m/fpv4-sp/hard/libm.a(lib_a-e_sqrt.o)
                0x0000000008007ba4                __ieee754_sqrt
 .text.__kernel_cos
                0x0000000008007d38      0x284 /home/valentyn/Ac6/SystemWorkbench/plugins/fr.ac6.mcu.externaltools.arm-none.linux64_1.16.0.201807130628/tools/compiler/bin/../lib/gcc/arm-none-eabi/7.2.1/../../../../arm-none-eabi/lib/thumb/v7e-m/fpv4-sp/hard/libm.a(lib_a-k_cos.o)
                0x0000000008007d38                __kernel_cos
 *fill*         0x0000000008007fbc        0x4 
 .text.__kernel_rem_pio2
                0x0000000008007fc0      0x818 /home/valentyn/Ac6/SystemWorkbench/plugins/fr.ac6.mcu.externaltools.arm-none.linux64_1.16.0.201807130628/tools/compiler/bin/../lib/gcc/arm-none-eabi/7.2.1/../../../../arm-none-eabi/lib/thumb/v7e-m/fpv4-sp/hard/libm.a(lib_a-k_rem_pio2.o)
                0x0000000008007fc0                __kernel_rem_pio2
 .text.__kernel_sin
                0x00000000080087d8      0x194 /home/valentyn/Ac6/SystemWorkbench/plugins/fr.ac6.mcu.externaltools.arm-none.linux64_1.16.0.201807130628/tools/compiler/bin/../lib/gcc/arm-none-eabi/7.2.1/../../../../arm-none-eabi/lib/thumb/v7e-m/fpv4-sp/hard/libm.a(lib_a-k_sin.o)
                0x00000000080087d8                __kernel_sin
 *fill*         0x000000000800896c        0x4 
 .text.__kernel_tan
                0x0000000008008970      0x3c4 /home/valentyn/Ac6/SystemWorkbench/plugins/fr.ac6.mcu.externaltools.arm-none.linux64_1.16.0.201807130628/tools/compiler/bin/../lib/gcc/arm-none-eabi/7.2.1/../../../../arm-none-eabi/lib/thumb/v7e-m/fpv4-sp/hard/libm.a(lib_a-k_tan.o)
                0x0000000008008970                __kernel_tan
 .text.with_errnof
                0x0000000008008d34       0x1c /home/valentyn/Ac6/SystemWorkbench/plugins/fr.ac6.mcu.externaltools.arm-none.linux64_1.16.0.201807130628/tools/compiler/bin/../lib/gcc/arm-none-eabi/7.2.1/../../../../arm-none-eabi/lib/thumb/v7e-m/fpv4-sp/hard/libm.a(lib_a-math_errf.o)
 .text.xflowf   0x0000000008008d50       0x20 /home/valentyn/Ac6/SystemWorkbench/plugins/fr.ac6.mcu.externaltools.arm-none.linux64_1.16.0.201807130628/tools/compiler/bin/../lib/gcc/arm-none-eabi/7.2.1/../../../../arm-none-eabi/lib/thumb/v7e-m/fpv4-sp/hard/libm.a(lib_a-math_errf.o)
 .text.__math_uflowf
                0x0000000008008d70        0xc /home/valentyn/Ac6/SystemWorkbench/plugins/fr.ac6.mcu.externaltools.arm-none.linux64_1.16.0.201807130628/tools/compiler/bin/../lib/gcc/arm-none-eabi/7.2.1/../../../../arm-none-eabi/lib/thumb/v7e-m/fpv4-sp/hard/libm.a(lib_a-math_errf.o)
                0x0000000008008d70                __math_uflowf
 .text.__math_may_uflowf
                0x0000000008008d7c        0xc /home/valentyn/Ac6/SystemWorkbench/plugins/fr.ac6.mcu.externaltools.arm-none.linux64_1.16.0.201807130628/tools/compiler/bin/../lib/gcc/arm-none-eabi/7.2.1/../../../../arm-none-eabi/lib/thumb/v7e-m/fpv4-sp/hard/libm.a(lib_a-math_errf.o)
                0x0000000008008d7c                __math_may_uflowf
 .text.__math_oflowf
                0x0000000008008d88        0xc /home/valentyn/Ac6/SystemWorkbench/plugins/fr.ac6.mcu.externaltools.arm-none.linux64_1.16.0.201807130628/tools/compiler/bin/../lib/gcc/arm-none-eabi/7.2.1/../../../../arm-none-eabi/lib/thumb/v7e-m/fpv4-sp/hard/libm.a(lib_a-math_errf.o)
                0x0000000008008d88                __math_oflowf
 .text.__math_divzerof
                0x0000000008008d94       0x24 /home/valentyn/Ac6/SystemWorkbench/plugins/fr.ac6.mcu.externaltools.arm-none.linux64_1.16.0.201807130628/tools/compiler/bin/../lib/gcc/arm-none-eabi/7.2.1/../../../../arm-none-eabi/lib/thumb/v7e-m/fpv4-sp/hard/libm.a(lib_a-math_errf.o)
                0x0000000008008d94                __math_divzerof
 .text.__math_invalidf
                0x0000000008008db8       0x20 /home/valentyn/Ac6/SystemWorkbench/plugins/fr.ac6.mcu.externaltools.arm-none.linux64_1.16.0.201807130628/tools/compiler/bin/../lib/gcc/arm-none-eabi/7.2.1/../../../../arm-none-eabi/lib/thumb/v7e-m/fpv4-sp/hard/libm.a(lib_a-math_errf.o)
                0x0000000008008db8                __math_invalidf
 .text.fabs     0x0000000008008dd8       0x14 /home/valentyn/Ac6/SystemWorkbench/plugins/fr.ac6.mcu.externaltools.arm-none.linux64_1.16.0.201807130628/tools/compiler/bin/../lib/gcc/arm-none-eabi/7.2.1/../../../../arm-none-eabi/lib/thumb/v7e-m/fpv4-sp/hard/libm.a(lib_a-s_fabs.o)
                0x0000000008008dd8                fabs
 .text.finite   0x0000000008008dec       0x10 /home/valentyn/Ac6/SystemWorkbench/plugins/fr.ac6.mcu.externaltools.arm-none.linux64_1.16.0.201807130628/tools/compiler/bin/../lib/gcc/arm-none-eabi/7.2.1/../../../../arm-none-eabi/lib/thumb/v7e-m/fpv4-sp/hard/libm.a(lib_a-s_finite.o)
                0x0000000008008dec                finite
 .text.matherr  0x0000000008008dfc        0x4 /home/valentyn/Ac6/SystemWorkbench/plugins/fr.ac6.mcu.externaltools.arm-none.linux64_1.16.0.201807130628/tools/compiler/bin/../lib/gcc/arm-none-eabi/7.2.1/../../../../arm-none-eabi/lib/thumb/v7e-m/fpv4-sp/hard/libm.a(lib_a-s_matherr.o)
                0x0000000008008dfc                matherr
 .text.nan      0x0000000008008e00       0x10 /home/valentyn/Ac6/SystemWorkbench/plugins/fr.ac6.mcu.externaltools.arm-none.linux64_1.16.0.201807130628/tools/compiler/bin/../lib/gcc/arm-none-eabi/7.2.1/../../../../arm-none-eabi/lib/thumb/v7e-m/fpv4-sp/hard/libm.a(lib_a-s_nan.o)
                0x0000000008008e00                nan
 .text.rint     0x0000000008008e10      0x110 /home/valentyn/Ac6/SystemWorkbench/plugins/fr.ac6.mcu.externaltools.arm-none.linux64_1.16.0.201807130628/tools/compiler/bin/../lib/gcc/arm-none-eabi/7.2.1/../../../../arm-none-eabi/lib/thumb/v7e-m/fpv4-sp/hard/libm.a(lib_a-s_rint.o)
                0x0000000008008e10                rint
 .text.scalbn   0x0000000008008f20      0x114 /home/valentyn/Ac6/SystemWorkbench/plugins/fr.ac6.mcu.externaltools.arm-none.linux64_1.16.0.201807130628/tools/compiler/bin/../lib/gcc/arm-none-eabi/7.2.1/../../../../arm-none-eabi/lib/thumb/v7e-m/fpv4-sp/hard/libm.a(lib_a-s_scalbn.o)
                0x0000000008008f20                scalbn
 .text.copysign
                0x0000000008009034       0x1c /home/valentyn/Ac6/SystemWorkbench/plugins/fr.ac6.mcu.externaltools.arm-none.linux64_1.16.0.201807130628/tools/compiler/bin/../lib/gcc/arm-none-eabi/7.2.1/../../../../arm-none-eabi/lib/thumb/v7e-m/fpv4-sp/hard/libm.a(lib_a-s_copysign.o)
                0x0000000008009034                copysign
 .text.atof     0x0000000008009050        0x8 /home/valentyn/Ac6/SystemWorkbench/plugins/fr.ac6.mcu.externaltools.arm-none.linux64_1.16.0.201807130628/tools/compiler/bin/../lib/gcc/arm-none-eabi/7.2.1/../../../../arm-none-eabi/lib/thumb/v7e-m/fpv4-sp/hard/libc.a(lib_a-atof.o)
                0x0000000008009050                atof
 .text.atoi     0x0000000008009058        0x8 /home/valentyn/Ac6/SystemWorkbench/plugins/fr.ac6.mcu.externaltools.arm-none.linux64_1.16.0.201807130628/tools/compiler/bin/../lib/gcc/arm-none-eabi/7.2.1/../../../../arm-none-eabi/lib/thumb/v7e-m/fpv4-sp/hard/libc.a(lib_a-atoi.o)
                0x0000000008009058                atoi
 .text.__errno  0x0000000008009060        0xc /home/valentyn/Ac6/SystemWorkbench/plugins/fr.ac6.mcu.externaltools.arm-none.linux64_1.16.0.201807130628/tools/compiler/bin/../lib/gcc/arm-none-eabi/7.2.1/../../../../arm-none-eabi/lib/thumb/v7e-m/fpv4-sp/hard/libc.a(lib_a-errno.o)
                0x0000000008009060                __errno
 .text.__libc_init_array
                0x000000000800906c       0x48 /home/valentyn/Ac6/SystemWorkbench/plugins/fr.ac6.mcu.externaltools.arm-none.linux64_1.16.0.201807130628/tools/compiler/bin/../lib/gcc/arm-none-eabi/7.2.1/../../../../arm-none-eabi/lib/thumb/v7e-m/fpv4-sp/hard/libc.a(lib_a-init.o)
                0x000000000800906c                __libc_init_array
 .text.memset   0x00000000080090b4       0x94 /home/valentyn/Ac6/SystemWorkbench/plugins/fr.ac6.mcu.externaltools.arm-none.linux64_1.16.0.201807130628/tools/compiler/bin/../lib/gcc/arm-none-eabi/7.2.1/../../../../arm-none-eabi/lib/thumb/v7e-m/fpv4-sp/hard/libc.a(lib_a-memset.o)
                0x00000000080090b4                memset
 .text.strcpy   0x0000000008009148       0xbc /home/valentyn/Ac6/SystemWorkbench/plugins/fr.ac6.mcu.externaltools.arm-none.linux64_1.16.0.201807130628/tools/compiler/bin/../lib/gcc/arm-none-eabi/7.2.1/../../../../arm-none-eabi/lib/thumb/v7e-m/fpv4-sp/hard/libc.a(lib_a-strcpy.o)
                0x0000000008009148                strcpy
 .text.strncpy  0x0000000008009204       0x64 /home/valentyn/Ac6/SystemWorkbench/plugins/fr.ac6.mcu.externaltools.arm-none.linux64_1.16.0.201807130628/tools/compiler/bin/../lib/gcc/arm-none-eabi/7.2.1/../../../../arm-none-eabi/lib/thumb/v7e-m/fpv4-sp/hard/libc.a(lib_a-strncpy.o)
                0x0000000008009204                strncpy
 .text.critical_factorization
                0x0000000008009268       0xb4 /home/valentyn/Ac6/SystemWorkbench/plugins/fr.ac6.mcu.externaltools.arm-none.linux64_1.16.0.201807130628/tools/compiler/bin/../lib/gcc/arm-none-eabi/7.2.1/../../../../arm-none-eabi/lib/thumb/v7e-m/fpv4-sp/hard/libc.a(lib_a-strstr.o)
 .text.two_way_long_needle
                0x000000000800931c      0x1f8 /home/valentyn/Ac6/SystemWorkbench/plugins/fr.ac6.mcu.externaltools.arm-none.linux64_1.16.0.201807130628/tools/compiler/bin/../lib/gcc/arm-none-eabi/7.2.1/../../../../arm-none-eabi/lib/thumb/v7e-m/fpv4-sp/hard/libc.a(lib_a-strstr.o)
 .text.strstr   0x0000000008009514      0x1f8 /home/valentyn/Ac6/SystemWorkbench/plugins/fr.ac6.mcu.externaltools.arm-none.linux64_1.16.0.201807130628/tools/compiler/bin/../lib/gcc/arm-none-eabi/7.2.1/../../../../arm-none-eabi/lib/thumb/v7e-m/fpv4-sp/hard/libc.a(lib_a-strstr.o)
                0x0000000008009514                strstr
 .text.unlikely.sulp
                0x000000000800970c       0x38 /home/valentyn/Ac6/SystemWorkbench/plugins/fr.ac6.mcu.externaltools.arm-none.linux64_1.16.0.201807130628/tools/compiler/bin/../lib/gcc/arm-none-eabi/7.2.1/../../../../arm-none-eabi/lib/thumb/v7e-m/fpv4-sp/hard/libc.a(lib_a-strtod.o)
 *fill*         0x0000000008009744        0x4 
 .text._strtod_l
                0x0000000008009748      0xf1c /home/valentyn/Ac6/SystemWorkbench/plugins/fr.ac6.mcu.externaltools.arm-none.linux64_1.16.0.201807130628/tools/compiler/bin/../lib/gcc/arm-none-eabi/7.2.1/../../../../arm-none-eabi/lib/thumb/v7e-m/fpv4-sp/hard/libc.a(lib_a-strtod.o)
                0x0000000008009748                _strtod_l
 .text.strtod   0x000000000800a664       0x24 /home/valentyn/Ac6/SystemWorkbench/plugins/fr.ac6.mcu.externaltools.arm-none.linux64_1.16.0.201807130628/tools/compiler/bin/../lib/gcc/arm-none-eabi/7.2.1/../../../../arm-none-eabi/lib/thumb/v7e-m/fpv4-sp/hard/libc.a(lib_a-strtod.o)
                0x000000000800a664                strtod
 .text.strtok   0x000000000800a688       0x10 /home/valentyn/Ac6/SystemWorkbench/plugins/fr.ac6.mcu.externaltools.arm-none.linux64_1.16.0.201807130628/tools/compiler/bin/../lib/gcc/arm-none-eabi/7.2.1/../../../../arm-none-eabi/lib/thumb/v7e-m/fpv4-sp/hard/libc.a(lib_a-strtok.o)
                0x000000000800a688                strtok
 .text.__strtok_r
                0x000000000800a698       0x64 /home/valentyn/Ac6/SystemWorkbench/plugins/fr.ac6.mcu.externaltools.arm-none.linux64_1.16.0.201807130628/tools/compiler/bin/../lib/gcc/arm-none-eabi/7.2.1/../../../../arm-none-eabi/lib/thumb/v7e-m/fpv4-sp/hard/libc.a(lib_a-strtok_r.o)
                0x000000000800a698                __strtok_r
 .text._strtol_l.isra.0
                0x000000000800a6fc      0x124 /home/valentyn/Ac6/SystemWorkbench/plugins/fr.ac6.mcu.externaltools.arm-none.linux64_1.16.0.201807130628/tools/compiler/bin/../lib/gcc/arm-none-eabi/7.2.1/../../../../arm-none-eabi/lib/thumb/v7e-m/fpv4-sp/hard/libc.a(lib_a-strtol.o)
 .text.strtol   0x000000000800a820       0x2c /home/valentyn/Ac6/SystemWorkbench/plugins/fr.ac6.mcu.externaltools.arm-none.linux64_1.16.0.201807130628/tools/compiler/bin/../lib/gcc/arm-none-eabi/7.2.1/../../../../arm-none-eabi/lib/thumb/v7e-m/fpv4-sp/hard/libc.a(lib_a-strtol.o)
                0x000000000800a820                strtol
 .text.startup.register_fini
                0x000000000800a84c       0x14 /home/valentyn/Ac6/SystemWorkbench/plugins/fr.ac6.mcu.externaltools.arm-none.linux64_1.16.0.201807130628/tools/compiler/bin/../lib/gcc/arm-none-eabi/7.2.1/../../../../arm-none-eabi/lib/thumb/v7e-m/fpv4-sp/hard/libc.a(lib_a-__call_atexit.o)
 .text.atexit   0x000000000800a860        0xc /home/valentyn/Ac6/SystemWorkbench/plugins/fr.ac6.mcu.externaltools.arm-none.linux64_1.16.0.201807130628/tools/compiler/bin/../lib/gcc/arm-none-eabi/7.2.1/../../../../arm-none-eabi/lib/thumb/v7e-m/fpv4-sp/hard/libc.a(lib_a-atexit.o)
                0x000000000800a860                atexit
 .text.__libc_fini_array
                0x000000000800a86c       0x34 /home/valentyn/Ac6/SystemWorkbench/plugins/fr.ac6.mcu.externaltools.arm-none.linux64_1.16.0.201807130628/tools/compiler/bin/../lib/gcc/arm-none-eabi/7.2.1/../../../../arm-none-eabi/lib/thumb/v7e-m/fpv4-sp/hard/libc.a(lib_a-fini.o)
                0x000000000800a86c                __libc_fini_array
 .text.rshift   0x000000000800a8a0       0xb0 /home/valentyn/Ac6/SystemWorkbench/plugins/fr.ac6.mcu.externaltools.arm-none.linux64_1.16.0.201807130628/tools/compiler/bin/../lib/gcc/arm-none-eabi/7.2.1/../../../../arm-none-eabi/lib/thumb/v7e-m/fpv4-sp/hard/libc.a(lib_a-gdtoa-gethex.o)
 .text.__gethex
                0x000000000800a950      0x520 /home/valentyn/Ac6/SystemWorkbench/plugins/fr.ac6.mcu.externaltools.arm-none.linux64_1.16.0.201807130628/tools/compiler/bin/../lib/gcc/arm-none-eabi/7.2.1/../../../../arm-none-eabi/lib/thumb/v7e-m/fpv4-sp/hard/libc.a(lib_a-gdtoa-gethex.o)
                0x000000000800a950                __gethex
 .text.__match  0x000000000800ae70       0x30 /home/valentyn/Ac6/SystemWorkbench/plugins/fr.ac6.mcu.externaltools.arm-none.linux64_1.16.0.201807130628/tools/compiler/bin/../lib/gcc/arm-none-eabi/7.2.1/../../../../arm-none-eabi/lib/thumb/v7e-m/fpv4-sp/hard/libc.a(lib_a-gdtoa-hexnan.o)
                0x000000000800ae70                __match
 .text.__hexnan
                0x000000000800aea0      0x1a0 /home/valentyn/Ac6/SystemWorkbench/plugins/fr.ac6.mcu.externaltools.arm-none.linux64_1.16.0.201807130628/tools/compiler/bin/../lib/gcc/arm-none-eabi/7.2.1/../../../../arm-none-eabi/lib/thumb/v7e-m/fpv4-sp/hard/libc.a(lib_a-gdtoa-hexnan.o)
                0x000000000800aea0                __hexnan
 .text.__locale_ctype_ptr_l
                0x000000000800b040        0x8 /home/valentyn/Ac6/SystemWorkbench/plugins/fr.ac6.mcu.externaltools.arm-none.linux64_1.16.0.201807130628/tools/compiler/bin/../lib/gcc/arm-none-eabi/7.2.1/../../../../arm-none-eabi/lib/thumb/v7e-m/fpv4-sp/hard/libc.a(lib_a-locale.o)
                0x000000000800b040                __locale_ctype_ptr_l
 .text.__localeconv_l
                0x000000000800b048        0x4 /home/valentyn/Ac6/SystemWorkbench/plugins/fr.ac6.mcu.externaltools.arm-none.linux64_1.16.0.201807130628/tools/compiler/bin/../lib/gcc/arm-none-eabi/7.2.1/../../../../arm-none-eabi/lib/thumb/v7e-m/fpv4-sp/hard/libc.a(lib_a-localeconv.o)
                0x000000000800b048                __localeconv_l
 .text.__retarget_lock_acquire_recursive
                0x000000000800b04c        0x4 /home/valentyn/Ac6/SystemWorkbench/plugins/fr.ac6.mcu.externaltools.arm-none.linux64_1.16.0.201807130628/tools/compiler/bin/../lib/gcc/arm-none-eabi/7.2.1/../../../../arm-none-eabi/lib/thumb/v7e-m/fpv4-sp/hard/libc.a(lib_a-lock.o)
                0x000000000800b04c                __retarget_lock_acquire_recursive
 .text.__retarget_lock_release_recursive
                0x000000000800b050        0x4 /home/valentyn/Ac6/SystemWorkbench/plugins/fr.ac6.mcu.externaltools.arm-none.linux64_1.16.0.201807130628/tools/compiler/bin/../lib/gcc/arm-none-eabi/7.2.1/../../../../arm-none-eabi/lib/thumb/v7e-m/fpv4-sp/hard/libc.a(lib_a-lock.o)
                0x000000000800b050                __retarget_lock_release_recursive
 .text.__ascii_mbtowc
                0x000000000800b054       0x2c /home/valentyn/Ac6/SystemWorkbench/plugins/fr.ac6.mcu.externaltools.arm-none.linux64_1.16.0.201807130628/tools/compiler/bin/../lib/gcc/arm-none-eabi/7.2.1/../../../../arm-none-eabi/lib/thumb/v7e-m/fpv4-sp/hard/libc.a(lib_a-mbtowc_r.o)
                0x000000000800b054                __ascii_mbtowc
 .text.memcmp   0x000000000800b080       0x64 /home/valentyn/Ac6/SystemWorkbench/plugins/fr.ac6.mcu.externaltools.arm-none.linux64_1.16.0.201807130628/tools/compiler/bin/../lib/gcc/arm-none-eabi/7.2.1/../../../../arm-none-eabi/lib/thumb/v7e-m/fpv4-sp/hard/libc.a(lib_a-memcmp.o)
                0x000000000800b080                memcmp
 .text._Balloc  0x000000000800b0e4       0x4c /home/valentyn/Ac6/SystemWorkbench/plugins/fr.ac6.mcu.externaltools.arm-none.linux64_1.16.0.201807130628/tools/compiler/bin/../lib/gcc/arm-none-eabi/7.2.1/../../../../arm-none-eabi/lib/thumb/v7e-m/fpv4-sp/hard/libc.a(lib_a-mprec.o)
                0x000000000800b0e4                _Balloc
 .text._Bfree   0x000000000800b130       0x14 /home/valentyn/Ac6/SystemWorkbench/plugins/fr.ac6.mcu.externaltools.arm-none.linux64_1.16.0.201807130628/tools/compiler/bin/../lib/gcc/arm-none-eabi/7.2.1/../../../../arm-none-eabi/lib/thumb/v7e-m/fpv4-sp/hard/libc.a(lib_a-mprec.o)
                0x000000000800b130                _Bfree
 .text.__multadd
                0x000000000800b144       0x80 /home/valentyn/Ac6/SystemWorkbench/plugins/fr.ac6.mcu.externaltools.arm-none.linux64_1.16.0.201807130628/tools/compiler/bin/../lib/gcc/arm-none-eabi/7.2.1/../../../../arm-none-eabi/lib/thumb/v7e-m/fpv4-sp/hard/libc.a(lib_a-mprec.o)
                0x000000000800b144                __multadd
 .text.__s2b    0x000000000800b1c4       0x98 /home/valentyn/Ac6/SystemWorkbench/plugins/fr.ac6.mcu.externaltools.arm-none.linux64_1.16.0.201807130628/tools/compiler/bin/../lib/gcc/arm-none-eabi/7.2.1/../../../../arm-none-eabi/lib/thumb/v7e-m/fpv4-sp/hard/libc.a(lib_a-mprec.o)
                0x000000000800b1c4                __s2b
 .text.__hi0bits
                0x000000000800b25c       0x40 /home/valentyn/Ac6/SystemWorkbench/plugins/fr.ac6.mcu.externaltools.arm-none.linux64_1.16.0.201807130628/tools/compiler/bin/../lib/gcc/arm-none-eabi/7.2.1/../../../../arm-none-eabi/lib/thumb/v7e-m/fpv4-sp/hard/libc.a(lib_a-mprec.o)
                0x000000000800b25c                __hi0bits
 .text.__lo0bits
                0x000000000800b29c       0x60 /home/valentyn/Ac6/SystemWorkbench/plugins/fr.ac6.mcu.externaltools.arm-none.linux64_1.16.0.201807130628/tools/compiler/bin/../lib/gcc/arm-none-eabi/7.2.1/../../../../arm-none-eabi/lib/thumb/v7e-m/fpv4-sp/hard/libc.a(lib_a-mprec.o)
                0x000000000800b29c                __lo0bits
 .text.__i2b    0x000000000800b2fc       0x14 /home/valentyn/Ac6/SystemWorkbench/plugins/fr.ac6.mcu.externaltools.arm-none.linux64_1.16.0.201807130628/tools/compiler/bin/../lib/gcc/arm-none-eabi/7.2.1/../../../../arm-none-eabi/lib/thumb/v7e-m/fpv4-sp/hard/libc.a(lib_a-mprec.o)
                0x000000000800b2fc                __i2b
 .text.__multiply
                0x000000000800b310      0x14c /home/valentyn/Ac6/SystemWorkbench/plugins/fr.ac6.mcu.externaltools.arm-none.linux64_1.16.0.201807130628/tools/compiler/bin/../lib/gcc/arm-none-eabi/7.2.1/../../../../arm-none-eabi/lib/thumb/v7e-m/fpv4-sp/hard/libc.a(lib_a-mprec.o)
                0x000000000800b310                __multiply
 .text.__pow5mult
                0x000000000800b45c       0xa0 /home/valentyn/Ac6/SystemWorkbench/plugins/fr.ac6.mcu.externaltools.arm-none.linux64_1.16.0.201807130628/tools/compiler/bin/../lib/gcc/arm-none-eabi/7.2.1/../../../../arm-none-eabi/lib/thumb/v7e-m/fpv4-sp/hard/libc.a(lib_a-mprec.o)
                0x000000000800b45c                __pow5mult
 .text.__lshift
                0x000000000800b4fc       0xac /home/valentyn/Ac6/SystemWorkbench/plugins/fr.ac6.mcu.externaltools.arm-none.linux64_1.16.0.201807130628/tools/compiler/bin/../lib/gcc/arm-none-eabi/7.2.1/../../../../arm-none-eabi/lib/thumb/v7e-m/fpv4-sp/hard/libc.a(lib_a-mprec.o)
                0x000000000800b4fc                __lshift
 .text.__mcmp   0x000000000800b5a8       0x38 /home/valentyn/Ac6/SystemWorkbench/plugins/fr.ac6.mcu.externaltools.arm-none.linux64_1.16.0.201807130628/tools/compiler/bin/../lib/gcc/arm-none-eabi/7.2.1/../../../../arm-none-eabi/lib/thumb/v7e-m/fpv4-sp/hard/libc.a(lib_a-mprec.o)
                0x000000000800b5a8                __mcmp
 .text.__mdiff  0x000000000800b5e0       0xec /home/valentyn/Ac6/SystemWorkbench/plugins/fr.ac6.mcu.externaltools.arm-none.linux64_1.16.0.201807130628/tools/compiler/bin/../lib/gcc/arm-none-eabi/7.2.1/../../../../arm-none-eabi/lib/thumb/v7e-m/fpv4-sp/hard/libc.a(lib_a-mprec.o)
                0x000000000800b5e0                __mdiff
 .text.__ulp    0x000000000800b6cc       0x54 /home/valentyn/Ac6/SystemWorkbench/plugins/fr.ac6.mcu.externaltools.arm-none.linux64_1.16.0.201807130628/tools/compiler/bin/../lib/gcc/arm-none-eabi/7.2.1/../../../../arm-none-eabi/lib/thumb/v7e-m/fpv4-sp/hard/libc.a(lib_a-mprec.o)
                0x000000000800b6cc                __ulp
 .text.__b2d    0x000000000800b720       0xbc /home/valentyn/Ac6/SystemWorkbench/plugins/fr.ac6.mcu.externaltools.arm-none.linux64_1.16.0.201807130628/tools/compiler/bin/../lib/gcc/arm-none-eabi/7.2.1/../../../../arm-none-eabi/lib/thumb/v7e-m/fpv4-sp/hard/libc.a(lib_a-mprec.o)
                0x000000000800b720                __b2d
 .text.__d2b    0x000000000800b7dc       0xc4 /home/valentyn/Ac6/SystemWorkbench/plugins/fr.ac6.mcu.externaltools.arm-none.linux64_1.16.0.201807130628/tools/compiler/bin/../lib/gcc/arm-none-eabi/7.2.1/../../../../arm-none-eabi/lib/thumb/v7e-m/fpv4-sp/hard/libc.a(lib_a-mprec.o)
                0x000000000800b7dc                __d2b
 .text.__ratio  0x000000000800b8a0       0x60 /home/valentyn/Ac6/SystemWorkbench/plugins/fr.ac6.mcu.externaltools.arm-none.linux64_1.16.0.201807130628/tools/compiler/bin/../lib/gcc/arm-none-eabi/7.2.1/../../../../arm-none-eabi/lib/thumb/v7e-m/fpv4-sp/hard/libc.a(lib_a-mprec.o)
                0x000000000800b8a0                __ratio
 .text.__copybits
                0x000000000800b900       0x48 /home/valentyn/Ac6/SystemWorkbench/plugins/fr.ac6.mcu.externaltools.arm-none.linux64_1.16.0.201807130628/tools/compiler/bin/../lib/gcc/arm-none-eabi/7.2.1/../../../../arm-none-eabi/lib/thumb/v7e-m/fpv4-sp/hard/libc.a(lib_a-mprec.o)
                0x000000000800b900                __copybits
 .text.__any_on
                0x000000000800b948       0x58 /home/valentyn/Ac6/SystemWorkbench/plugins/fr.ac6.mcu.externaltools.arm-none.linux64_1.16.0.201807130628/tools/compiler/bin/../lib/gcc/arm-none-eabi/7.2.1/../../../../arm-none-eabi/lib/thumb/v7e-m/fpv4-sp/hard/libc.a(lib_a-mprec.o)
                0x000000000800b948                __any_on
 .text.strchr   0x000000000800b9a0       0xe8 /home/valentyn/Ac6/SystemWorkbench/plugins/fr.ac6.mcu.externaltools.arm-none.linux64_1.16.0.201807130628/tools/compiler/bin/../lib/gcc/arm-none-eabi/7.2.1/../../../../arm-none-eabi/lib/thumb/v7e-m/fpv4-sp/hard/libc.a(lib_a-strchr.o)
                0x000000000800b9a0                strchr
 .text.strncmp  0x000000000800ba88       0x98 /home/valentyn/Ac6/SystemWorkbench/plugins/fr.ac6.mcu.externaltools.arm-none.linux64_1.16.0.201807130628/tools/compiler/bin/../lib/gcc/arm-none-eabi/7.2.1/../../../../arm-none-eabi/lib/thumb/v7e-m/fpv4-sp/hard/libc.a(lib_a-strncmp.o)
                0x000000000800ba88                strncmp
 .text.__ascii_wctomb
                0x000000000800bb20       0x1c /home/valentyn/Ac6/SystemWorkbench/plugins/fr.ac6.mcu.externaltools.arm-none.linux64_1.16.0.201807130628/tools/compiler/bin/../lib/gcc/arm-none-eabi/7.2.1/../../../../arm-none-eabi/lib/thumb/v7e-m/fpv4-sp/hard/libc.a(lib_a-wctomb_r.o)
                0x000000000800bb20                __ascii_wctomb
 .text.__register_exitproc
                0x000000000800bb3c       0xc0 /home/valentyn/Ac6/SystemWorkbench/plugins/fr.ac6.mcu.externaltools.arm-none.linux64_1.16.0.201807130628/tools/compiler/bin/../lib/gcc/arm-none-eabi/7.2.1/../../../../arm-none-eabi/lib/thumb/v7e-m/fpv4-sp/hard/libc.a(lib_a-__atexit.o)
                0x000000000800bb3c                __register_exitproc
 .text._calloc_r
                0x000000000800bbfc       0x68 /home/valentyn/Ac6/SystemWorkbench/plugins/fr.ac6.mcu.externaltools.arm-none.linux64_1.16.0.201807130628/tools/compiler/bin/../lib/gcc/arm-none-eabi/7.2.1/../../../../arm-none-eabi/lib/thumb/v7e-m/fpv4-sp/hard/libc.a(lib_a-callocr.o)
                0x000000000800bbfc                _calloc_r
 .text._malloc_r
                0x000000000800bc64      0x548 /home/valentyn/Ac6/SystemWorkbench/plugins/fr.ac6.mcu.externaltools.arm-none.linux64_1.16.0.201807130628/tools/compiler/bin/../lib/gcc/arm-none-eabi/7.2.1/../../../../arm-none-eabi/lib/thumb/v7e-m/fpv4-sp/hard/libc.a(lib_a-mallocr.o)
                0x000000000800bc64                _malloc_r
 .text.__malloc_lock
                0x000000000800c1ac        0xc /home/valentyn/Ac6/SystemWorkbench/plugins/fr.ac6.mcu.externaltools.arm-none.linux64_1.16.0.201807130628/tools/compiler/bin/../lib/gcc/arm-none-eabi/7.2.1/../../../../arm-none-eabi/lib/thumb/v7e-m/fpv4-sp/hard/libc.a(lib_a-mlock.o)
                0x000000000800c1ac                __malloc_lock
 .text.__malloc_unlock
                0x000000000800c1b8        0xc /home/valentyn/Ac6/SystemWorkbench/plugins/fr.ac6.mcu.externaltools.arm-none.linux64_1.16.0.201807130628/tools/compiler/bin/../lib/gcc/arm-none-eabi/7.2.1/../../../../arm-none-eabi/lib/thumb/v7e-m/fpv4-sp/hard/libc.a(lib_a-mlock.o)
                0x000000000800c1b8                __malloc_unlock
 .text._sbrk_r  0x000000000800c1c4       0x24 /home/valentyn/Ac6/SystemWorkbench/plugins/fr.ac6.mcu.externaltools.arm-none.linux64_1.16.0.201807130628/tools/compiler/bin/../lib/gcc/arm-none-eabi/7.2.1/../../../../arm-none-eabi/lib/thumb/v7e-m/fpv4-sp/hard/libc.a(lib_a-sbrkr.o)
                0x000000000800c1c4                _sbrk_r
 .text._malloc_trim_r
                0x000000000800c1e8       0xa0 /home/valentyn/Ac6/SystemWorkbench/plugins/fr.ac6.mcu.externaltools.arm-none.linux64_1.16.0.201807130628/tools/compiler/bin/../lib/gcc/arm-none-eabi/7.2.1/../../../../arm-none-eabi/lib/thumb/v7e-m/fpv4-sp/hard/libc.a(lib_a-freer.o)
                0x000000000800c1e8                _malloc_trim_r
 .text._free_r  0x000000000800c288      0x1e8 /home/valentyn/Ac6/SystemWorkbench/plugins/fr.ac6.mcu.externaltools.arm-none.linux64_1.16.0.201807130628/tools/compiler/bin/../lib/gcc/arm-none-eabi/7.2.1/../../../../arm-none-eabi/lib/thumb/v7e-m/fpv4-sp/hard/libc.a(lib_a-freer.o)
                0x000000000800c288                _free_r
 *(.glue_7)
 .glue_7        0x000000000800c470        0x0 linker stubs
 *(.glue_7t)
 .glue_7t       0x000000000800c470        0x0 linker stubs
 *(.eh_frame)
 .eh_frame      0x000000000800c470        0x0 /home/valentyn/Ac6/SystemWorkbench/plugins/fr.ac6.mcu.externaltools.arm-none.linux64_1.16.0.201807130628/tools/compiler/bin/../lib/gcc/arm-none-eabi/7.2.1/thumb/v7e-m/fpv4-sp/hard/crtbegin.o
 *(.init)
 .init          0x000000000800c470        0x4 /home/valentyn/Ac6/SystemWorkbench/plugins/fr.ac6.mcu.externaltools.arm-none.linux64_1.16.0.201807130628/tools/compiler/bin/../lib/gcc/arm-none-eabi/7.2.1/thumb/v7e-m/fpv4-sp/hard/crti.o
                0x000000000800c470                _init
 .init          0x000000000800c474        0x8 /home/valentyn/Ac6/SystemWorkbench/plugins/fr.ac6.mcu.externaltools.arm-none.linux64_1.16.0.201807130628/tools/compiler/bin/../lib/gcc/arm-none-eabi/7.2.1/thumb/v7e-m/fpv4-sp/hard/crtn.o
 *(.fini)
 .fini          0x000000000800c47c        0x4 /home/valentyn/Ac6/SystemWorkbench/plugins/fr.ac6.mcu.externaltools.arm-none.linux64_1.16.0.201807130628/tools/compiler/bin/../lib/gcc/arm-none-eabi/7.2.1/thumb/v7e-m/fpv4-sp/hard/crti.o
                0x000000000800c47c                _fini
 .fini          0x000000000800c480        0x8 /home/valentyn/Ac6/SystemWorkbench/plugins/fr.ac6.mcu.externaltools.arm-none.linux64_1.16.0.201807130628/tools/compiler/bin/../lib/gcc/arm-none-eabi/7.2.1/thumb/v7e-m/fpv4-sp/hard/crtn.o
                0x000000000800c488                . = ALIGN (0x4)
                0x000000000800c488                _etext = .

.vfp11_veneer   0x000000000800c488        0x0
 .vfp11_veneer  0x000000000800c488        0x0 linker stubs

.v4_bx          0x000000000800c488        0x0
 .v4_bx         0x000000000800c488        0x0 linker stubs

.iplt           0x000000000800c488        0x0
 .iplt          0x000000000800c488        0x0 /home/valentyn/Ac6/SystemWorkbench/plugins/fr.ac6.mcu.externaltools.arm-none.linux64_1.16.0.201807130628/tools/compiler/bin/../lib/gcc/arm-none-eabi/7.2.1/thumb/v7e-m/fpv4-sp/hard/crtbegin.o

.rodata         0x000000000800c488      0x8d0
                0x000000000800c488                . = ALIGN (0x4)
 *(.rodata)
 .rodata        0x000000000800c488        0x5 RTOS/src/tasks.o
 *fill*         0x000000000800c48d        0x3 
 .rodata        0x000000000800c490        0xd RTOS/src/timers.o
 *fill*         0x000000000800c49d        0x3 
 .rodata        0x000000000800c4a0        0xa src/algorithm.o
 *fill*         0x000000000800c4aa        0x2 
 .rodata        0x000000000800c4ac        0x4 src/gpio.o
 .rodata        0x000000000800c4b0       0x70 src/main.o
 .rodata        0x000000000800c520       0x54 src/nmea.o
                0x000000000800c520                sm_a
                0x000000000800c528                sm_b
                0x000000000800c530                UTMScaleFactor
 *(.rodata*)
 *fill*         0x000000000800c574        0x4 
 .rodata.__powf_log2_data
                0x000000000800c578      0x128 /home/valentyn/Ac6/SystemWorkbench/plugins/fr.ac6.mcu.externaltools.arm-none.linux64_1.16.0.201807130628/tools/compiler/bin/../lib/gcc/arm-none-eabi/7.2.1/../../../../arm-none-eabi/lib/thumb/v7e-m/fpv4-sp/hard/libm.a(lib_a-sf_pow_log2_data.o)
                0x000000000800c578                __powf_log2_data
 .rodata.pow.str1.4
                0x000000000800c6a0        0x4 /home/valentyn/Ac6/SystemWorkbench/plugins/fr.ac6.mcu.externaltools.arm-none.linux64_1.16.0.201807130628/tools/compiler/bin/../lib/gcc/arm-none-eabi/7.2.1/../../../../arm-none-eabi/lib/thumb/v7e-m/fpv4-sp/hard/libm.a(lib_a-w_pow.o)
 .rodata.sqrt.str1.4
                0x000000000800c6a4        0x5 /home/valentyn/Ac6/SystemWorkbench/plugins/fr.ac6.mcu.externaltools.arm-none.linux64_1.16.0.201807130628/tools/compiler/bin/../lib/gcc/arm-none-eabi/7.2.1/../../../../arm-none-eabi/lib/thumb/v7e-m/fpv4-sp/hard/libm.a(lib_a-w_sqrt.o)
 .rodata.__ieee754_pow.str1.4
                0x000000000800c6a9        0x5 /home/valentyn/Ac6/SystemWorkbench/plugins/fr.ac6.mcu.externaltools.arm-none.linux64_1.16.0.201807130628/tools/compiler/bin/../lib/gcc/arm-none-eabi/7.2.1/../../../../arm-none-eabi/lib/thumb/v7e-m/fpv4-sp/hard/libm.a(lib_a-e_pow.o)
                                          0x1 (size before relaxing)
 *fill*         0x000000000800c6a9        0x3 
 .rodata.npio2_hw
                0x000000000800c6ac       0x80 /home/valentyn/Ac6/SystemWorkbench/plugins/fr.ac6.mcu.externaltools.arm-none.linux64_1.16.0.201807130628/tools/compiler/bin/../lib/gcc/arm-none-eabi/7.2.1/../../../../arm-none-eabi/lib/thumb/v7e-m/fpv4-sp/hard/libm.a(lib_a-e_rem_pio2.o)
 .rodata.two_over_pi
                0x000000000800c72c      0x108 /home/valentyn/Ac6/SystemWorkbench/plugins/fr.ac6.mcu.externaltools.arm-none.linux64_1.16.0.201807130628/tools/compiler/bin/../lib/gcc/arm-none-eabi/7.2.1/../../../../arm-none-eabi/lib/thumb/v7e-m/fpv4-sp/hard/libm.a(lib_a-e_rem_pio2.o)
 *fill*         0x000000000800c834        0x4 
 .rodata.PIo2   0x000000000800c838       0x40 /home/valentyn/Ac6/SystemWorkbench/plugins/fr.ac6.mcu.externaltools.arm-none.linux64_1.16.0.201807130628/tools/compiler/bin/../lib/gcc/arm-none-eabi/7.2.1/../../../../arm-none-eabi/lib/thumb/v7e-m/fpv4-sp/hard/libm.a(lib_a-k_rem_pio2.o)
 .rodata.init_jk
                0x000000000800c878       0x10 /home/valentyn/Ac6/SystemWorkbench/plugins/fr.ac6.mcu.externaltools.arm-none.linux64_1.16.0.201807130628/tools/compiler/bin/../lib/gcc/arm-none-eabi/7.2.1/../../../../arm-none-eabi/lib/thumb/v7e-m/fpv4-sp/hard/libm.a(lib_a-k_rem_pio2.o)
 .rodata.TWO52  0x000000000800c888       0x10 /home/valentyn/Ac6/SystemWorkbench/plugins/fr.ac6.mcu.externaltools.arm-none.linux64_1.16.0.201807130628/tools/compiler/bin/../lib/gcc/arm-none-eabi/7.2.1/../../../../arm-none-eabi/lib/thumb/v7e-m/fpv4-sp/hard/libm.a(lib_a-s_rint.o)
 .rodata.__exp2f_data
                0x000000000800c898      0x148 /home/valentyn/Ac6/SystemWorkbench/plugins/fr.ac6.mcu.externaltools.arm-none.linux64_1.16.0.201807130628/tools/compiler/bin/../lib/gcc/arm-none-eabi/7.2.1/../../../../arm-none-eabi/lib/thumb/v7e-m/fpv4-sp/hard/libm.a(lib_a-sf_exp2_data.o)
                0x000000000800c898                __exp2f_data
 .rodata._global_impure_ptr
                0x000000000800c9e0        0x4 /home/valentyn/Ac6/SystemWorkbench/plugins/fr.ac6.mcu.externaltools.arm-none.linux64_1.16.0.201807130628/tools/compiler/bin/../lib/gcc/arm-none-eabi/7.2.1/../../../../arm-none-eabi/lib/thumb/v7e-m/fpv4-sp/hard/libc.a(lib_a-impure.o)
                0x000000000800c9e0                _global_impure_ptr
 .rodata._strtod_l.str1.4
                0x000000000800c9e4        0xf /home/valentyn/Ac6/SystemWorkbench/plugins/fr.ac6.mcu.externaltools.arm-none.linux64_1.16.0.201807130628/tools/compiler/bin/../lib/gcc/arm-none-eabi/7.2.1/../../../../arm-none-eabi/lib/thumb/v7e-m/fpv4-sp/hard/libc.a(lib_a-strtod.o)
 *fill*         0x000000000800c9f3        0x1 
 .rodata.fpi.7443
                0x000000000800c9f4       0x14 /home/valentyn/Ac6/SystemWorkbench/plugins/fr.ac6.mcu.externaltools.arm-none.linux64_1.16.0.201807130628/tools/compiler/bin/../lib/gcc/arm-none-eabi/7.2.1/../../../../arm-none-eabi/lib/thumb/v7e-m/fpv4-sp/hard/libc.a(lib_a-strtod.o)
 .rodata.fpinan.7479
                0x000000000800ca08       0x14 /home/valentyn/Ac6/SystemWorkbench/plugins/fr.ac6.mcu.externaltools.arm-none.linux64_1.16.0.201807130628/tools/compiler/bin/../lib/gcc/arm-none-eabi/7.2.1/../../../../arm-none-eabi/lib/thumb/v7e-m/fpv4-sp/hard/libc.a(lib_a-strtod.o)
 *fill*         0x000000000800ca1c        0x4 
 .rodata.tinytens
                0x000000000800ca20       0x28 /home/valentyn/Ac6/SystemWorkbench/plugins/fr.ac6.mcu.externaltools.arm-none.linux64_1.16.0.201807130628/tools/compiler/bin/../lib/gcc/arm-none-eabi/7.2.1/../../../../arm-none-eabi/lib/thumb/v7e-m/fpv4-sp/hard/libc.a(lib_a-strtod.o)
 .rodata.__hexdig
                0x000000000800ca48      0x100 /home/valentyn/Ac6/SystemWorkbench/plugins/fr.ac6.mcu.externaltools.arm-none.linux64_1.16.0.201807130628/tools/compiler/bin/../lib/gcc/arm-none-eabi/7.2.1/../../../../arm-none-eabi/lib/thumb/v7e-m/fpv4-sp/hard/libc.a(lib_a-gdtoa-gethex.o)
                0x000000000800ca48                __hexdig
 .rodata._setlocale_r.str1.4
                0x000000000800cb48        0xa /home/valentyn/Ac6/SystemWorkbench/plugins/fr.ac6.mcu.externaltools.arm-none.linux64_1.16.0.201807130628/tools/compiler/bin/../lib/gcc/arm-none-eabi/7.2.1/../../../../arm-none-eabi/lib/thumb/v7e-m/fpv4-sp/hard/libc.a(lib_a-locale.o)
                                          0xd (size before relaxing)
 *fill*         0x000000000800cb52        0x2 
 .rodata.str1.4
                0x000000000800cb54        0x4 /home/valentyn/Ac6/SystemWorkbench/plugins/fr.ac6.mcu.externaltools.arm-none.linux64_1.16.0.201807130628/tools/compiler/bin/../lib/gcc/arm-none-eabi/7.2.1/../../../../arm-none-eabi/lib/thumb/v7e-m/fpv4-sp/hard/libc.a(lib_a-locale.o)
                                          0x2 (size before relaxing)
 .rodata.__mprec_bigtens
                0x000000000800cb58       0x28 /home/valentyn/Ac6/SystemWorkbench/plugins/fr.ac6.mcu.externaltools.arm-none.linux64_1.16.0.201807130628/tools/compiler/bin/../lib/gcc/arm-none-eabi/7.2.1/../../../../arm-none-eabi/lib/thumb/v7e-m/fpv4-sp/hard/libc.a(lib_a-mprec.o)
                0x000000000800cb58                __mprec_bigtens
 .rodata.__mprec_tens
                0x000000000800cb80       0xc8 /home/valentyn/Ac6/SystemWorkbench/plugins/fr.ac6.mcu.externaltools.arm-none.linux64_1.16.0.201807130628/tools/compiler/bin/../lib/gcc/arm-none-eabi/7.2.1/../../../../arm-none-eabi/lib/thumb/v7e-m/fpv4-sp/hard/libc.a(lib_a-mprec.o)
                0x000000000800cb80                __mprec_tens
 .rodata.p05.7367
                0x000000000800cc48        0xc /home/valentyn/Ac6/SystemWorkbench/plugins/fr.ac6.mcu.externaltools.arm-none.linux64_1.16.0.201807130628/tools/compiler/bin/../lib/gcc/arm-none-eabi/7.2.1/../../../../arm-none-eabi/lib/thumb/v7e-m/fpv4-sp/hard/libc.a(lib_a-mprec.o)
 .rodata._ctype_
                0x000000000800cc54      0x101 /home/valentyn/Ac6/SystemWorkbench/plugins/fr.ac6.mcu.externaltools.arm-none.linux64_1.16.0.201807130628/tools/compiler/bin/../lib/gcc/arm-none-eabi/7.2.1/../../../../arm-none-eabi/lib/thumb/v7e-m/fpv4-sp/hard/libc.a(lib_a-ctype_.o)
                0x000000000800cc54                _ctype_
                0x000000000800cd58                . = ALIGN (0x4)
 *fill*         0x000000000800cd55        0x3 

.rel.dyn        0x000000000800cd58        0x0
 .rel.iplt      0x000000000800cd58        0x0 /home/valentyn/Ac6/SystemWorkbench/plugins/fr.ac6.mcu.externaltools.arm-none.linux64_1.16.0.201807130628/tools/compiler/bin/../lib/gcc/arm-none-eabi/7.2.1/thumb/v7e-m/fpv4-sp/hard/crtbegin.o

.ARM.extab      0x000000000800cd58        0x0
                0x000000000800cd58                . = ALIGN (0x4)
 *(.ARM.extab* .gnu.linkonce.armextab.*)
                0x000000000800cd58                . = ALIGN (0x4)

.ARM            0x000000000800cd58        0x0
                0x000000000800cd58                . = ALIGN (0x4)
                0x000000000800cd58                __exidx_start = .
 *(.ARM.exidx*)
                0x000000000800cd58                __exidx_end = .
                0x000000000800cd58                . = ALIGN (0x4)

.preinit_array  0x000000000800cd58        0x0
                0x000000000800cd58                . = ALIGN (0x4)
                0x000000000800cd58                PROVIDE (__preinit_array_start, .)
 *(.preinit_array*)
                0x000000000800cd58                PROVIDE (__preinit_array_end, .)
                0x000000000800cd58                . = ALIGN (0x4)

.init_array     0x000000000800cd58        0x8
                0x000000000800cd58                . = ALIGN (0x4)
                0x000000000800cd58                PROVIDE (__init_array_start, .)
 *(SORT_BY_NAME(.init_array.*))
 .init_array.00000
                0x000000000800cd58        0x4 /home/valentyn/Ac6/SystemWorkbench/plugins/fr.ac6.mcu.externaltools.arm-none.linux64_1.16.0.201807130628/tools/compiler/bin/../lib/gcc/arm-none-eabi/7.2.1/../../../../arm-none-eabi/lib/thumb/v7e-m/fpv4-sp/hard/libc.a(lib_a-__call_atexit.o)
 *(.init_array*)
 .init_array    0x000000000800cd5c        0x4 /home/valentyn/Ac6/SystemWorkbench/plugins/fr.ac6.mcu.externaltools.arm-none.linux64_1.16.0.201807130628/tools/compiler/bin/../lib/gcc/arm-none-eabi/7.2.1/thumb/v7e-m/fpv4-sp/hard/crtbegin.o
                0x000000000800cd60                PROVIDE (__init_array_end, .)
                0x000000000800cd60                . = ALIGN (0x4)

.fini_array     0x000000000800cd60        0x4
                0x000000000800cd60                . = ALIGN (0x4)
                0x000000000800cd60                PROVIDE (__fini_array_start, .)
 *(SORT_BY_NAME(.fini_array.*))
 *(.fini_array*)
 .fini_array    0x000000000800cd60        0x4 /home/valentyn/Ac6/SystemWorkbench/plugins/fr.ac6.mcu.externaltools.arm-none.linux64_1.16.0.201807130628/tools/compiler/bin/../lib/gcc/arm-none-eabi/7.2.1/thumb/v7e-m/fpv4-sp/hard/crtbegin.o
                0x000000000800cd64                PROVIDE (__fini_array_end, .)
                0x000000000800cd64                . = ALIGN (0x4)
                0x000000000800cd64                _sidata = LOADADDR (.data)

.data           0x0000000020000000      0x9c0 load address 0x000000000800cd64
                0x0000000020000000                . = ALIGN (0x4)
                0x0000000020000000                _sdata = .
 *(.data)
 .data          0x0000000020000000        0x4 RTOS/src/port.o
 .data          0x0000000020000004        0x8 src/main.o
                0x0000000020000004                arStr
 *(.data*)
 .data.__fdlib_version
                0x000000002000000c        0x1 /home/valentyn/Ac6/SystemWorkbench/plugins/fr.ac6.mcu.externaltools.arm-none.linux64_1.16.0.201807130628/tools/compiler/bin/../lib/gcc/arm-none-eabi/7.2.1/../../../../arm-none-eabi/lib/thumb/v7e-m/fpv4-sp/hard/libm.a(lib_a-s_lib_ver.o)
                0x000000002000000c                __fdlib_version
 *fill*         0x000000002000000d        0x3 
 .data._impure_ptr
                0x0000000020000010        0x4 /home/valentyn/Ac6/SystemWorkbench/plugins/fr.ac6.mcu.externaltools.arm-none.linux64_1.16.0.201807130628/tools/compiler/bin/../lib/gcc/arm-none-eabi/7.2.1/../../../../arm-none-eabi/lib/thumb/v7e-m/fpv4-sp/hard/libc.a(lib_a-impure.o)
                0x0000000020000010                _impure_ptr
 *fill*         0x0000000020000014        0x4 
 .data.impure_data
                0x0000000020000018      0x428 /home/valentyn/Ac6/SystemWorkbench/plugins/fr.ac6.mcu.externaltools.arm-none.linux64_1.16.0.201807130628/tools/compiler/bin/../lib/gcc/arm-none-eabi/7.2.1/../../../../arm-none-eabi/lib/thumb/v7e-m/fpv4-sp/hard/libc.a(lib_a-impure.o)
 .data.__atexit_recursive_mutex
                0x0000000020000440        0x4 /home/valentyn/Ac6/SystemWorkbench/plugins/fr.ac6.mcu.externaltools.arm-none.linux64_1.16.0.201807130628/tools/compiler/bin/../lib/gcc/arm-none-eabi/7.2.1/../../../../arm-none-eabi/lib/thumb/v7e-m/fpv4-sp/hard/libc.a(lib_a-__call_atexit.o)
                0x0000000020000440                __atexit_recursive_mutex
 .data.__global_locale
                0x0000000020000444      0x16c /home/valentyn/Ac6/SystemWorkbench/plugins/fr.ac6.mcu.externaltools.arm-none.linux64_1.16.0.201807130628/tools/compiler/bin/../lib/gcc/arm-none-eabi/7.2.1/../../../../arm-none-eabi/lib/thumb/v7e-m/fpv4-sp/hard/libc.a(lib_a-locale.o)
                0x0000000020000444                __global_locale
 .data.__malloc_av_
                0x00000000200005b0      0x408 /home/valentyn/Ac6/SystemWorkbench/plugins/fr.ac6.mcu.externaltools.arm-none.linux64_1.16.0.201807130628/tools/compiler/bin/../lib/gcc/arm-none-eabi/7.2.1/../../../../arm-none-eabi/lib/thumb/v7e-m/fpv4-sp/hard/libc.a(lib_a-mallocr.o)
                0x00000000200005b0                __malloc_av_
 .data.__malloc_sbrk_base
                0x00000000200009b8        0x4 /home/valentyn/Ac6/SystemWorkbench/plugins/fr.ac6.mcu.externaltools.arm-none.linux64_1.16.0.201807130628/tools/compiler/bin/../lib/gcc/arm-none-eabi/7.2.1/../../../../arm-none-eabi/lib/thumb/v7e-m/fpv4-sp/hard/libc.a(lib_a-mallocr.o)
                0x00000000200009b8                __malloc_sbrk_base
 .data.__malloc_trim_threshold
                0x00000000200009bc        0x4 /home/valentyn/Ac6/SystemWorkbench/plugins/fr.ac6.mcu.externaltools.arm-none.linux64_1.16.0.201807130628/tools/compiler/bin/../lib/gcc/arm-none-eabi/7.2.1/../../../../arm-none-eabi/lib/thumb/v7e-m/fpv4-sp/hard/libc.a(lib_a-mallocr.o)
                0x00000000200009bc                __malloc_trim_threshold
                0x00000000200009c0                . = ALIGN (0x4)
                0x00000000200009c0                _edata = .

.igot.plt       0x00000000200009c0        0x0 load address 0x000000000800d724
 .igot.plt      0x00000000200009c0        0x0 /home/valentyn/Ac6/SystemWorkbench/plugins/fr.ac6.mcu.externaltools.arm-none.linux64_1.16.0.201807130628/tools/compiler/bin/../lib/gcc/arm-none-eabi/7.2.1/thumb/v7e-m/fpv4-sp/hard/crtbegin.o
                0x00000000200009c0                . = ALIGN (0x4)

.bss            0x00000000200009c0     0x8320 load address 0x000000000800d724
                0x00000000200009c0                _sbss = .
                0x00000000200009c0                __bss_start__ = _sbss
 *(.bss)
 .bss           0x00000000200009c0       0x1c /home/valentyn/Ac6/SystemWorkbench/plugins/fr.ac6.mcu.externaltools.arm-none.linux64_1.16.0.201807130628/tools/compiler/bin/../lib/gcc/arm-none-eabi/7.2.1/thumb/v7e-m/fpv4-sp/hard/crtbegin.o
 .bss           0x00000000200009dc     0x7818 RTOS/src/heap_4.o
 .bss           0x00000000200081f4        0x8 RTOS/src/port.o
 .bss           0x00000000200081fc      0x104 RTOS/src/tasks.o
                0x00000000200081fc                pxCurrentTCB
 .bss           0x0000000020008300       0x3c RTOS/src/timers.o
 .bss           0x000000002000833c       0xd9 src/algorithm.o
 *fill*         0x0000000020008415        0x3 
 .bss           0x0000000020008418       0x10 src/nmea.o
                0x0000000020008418                xy
 .bss           0x0000000020008428        0x4 startup/sysmem.o
 *(.bss*)
 .bss.__malloc_current_mallinfo
                0x000000002000842c       0x28 /home/valentyn/Ac6/SystemWorkbench/plugins/fr.ac6.mcu.externaltools.arm-none.linux64_1.16.0.201807130628/tools/compiler/bin/../lib/gcc/arm-none-eabi/7.2.1/../../../../arm-none-eabi/lib/thumb/v7e-m/fpv4-sp/hard/libc.a(lib_a-mallocr.o)
                0x000000002000842c                __malloc_current_mallinfo
 .bss.__malloc_max_sbrked_mem
                0x0000000020008454        0x4 /home/valentyn/Ac6/SystemWorkbench/plugins/fr.ac6.mcu.externaltools.arm-none.linux64_1.16.0.201807130628/tools/compiler/bin/../lib/gcc/arm-none-eabi/7.2.1/../../../../arm-none-eabi/lib/thumb/v7e-m/fpv4-sp/hard/libc.a(lib_a-mallocr.o)
                0x0000000020008454                __malloc_max_sbrked_mem
 .bss.__malloc_max_total_mem
                0x0000000020008458        0x4 /home/valentyn/Ac6/SystemWorkbench/plugins/fr.ac6.mcu.externaltools.arm-none.linux64_1.16.0.201807130628/tools/compiler/bin/../lib/gcc/arm-none-eabi/7.2.1/../../../../arm-none-eabi/lib/thumb/v7e-m/fpv4-sp/hard/libc.a(lib_a-mallocr.o)
                0x0000000020008458                __malloc_max_total_mem
 .bss.__malloc_top_pad
                0x000000002000845c        0x4 /home/valentyn/Ac6/SystemWorkbench/plugins/fr.ac6.mcu.externaltools.arm-none.linux64_1.16.0.201807130628/tools/compiler/bin/../lib/gcc/arm-none-eabi/7.2.1/../../../../arm-none-eabi/lib/thumb/v7e-m/fpv4-sp/hard/libc.a(lib_a-mallocr.o)
                0x000000002000845c                __malloc_top_pad
 *(COMMON)
 COMMON         0x0000000020008460       0x40 RTOS/src/queue.o
                0x0000000020008460                xQueueRegistry
 COMMON         0x00000000200084a0        0x8 src/algorithm.o
                0x00000000200084a0                receivePointer
                0x00000000200084a4                xStatus1
 COMMON         0x00000000200084a8      0x174 src/main.o
                0x00000000200084a8                xStatus
                0x00000000200084ac                recString1
                0x00000000200084fc                xHigherPriorityTaskWoken
                0x0000000020008500                xpQueue
                0x0000000020008504                recString0
                0x0000000020008554                toBlue
 *fill*         0x000000002000861c        0x4 
 COMMON         0x0000000020008620      0x688 src/nmea.o
                0x0000000020008620                words
                0x0000000020008708                pn
 COMMON         0x0000000020008ca8       0x10 src/position.o
                0x0000000020008ca8                pos
 COMMON         0x0000000020008cb8       0x21 /home/valentyn/Ac6/SystemWorkbench/plugins/fr.ac6.mcu.externaltools.arm-none.linux64_1.16.0.201807130628/tools/compiler/bin/../lib/gcc/arm-none-eabi/7.2.1/../../../../arm-none-eabi/lib/thumb/v7e-m/fpv4-sp/hard/libc.a(lib_a-lock.o)
                0x0000000020008cb8                __lock___atexit_recursive_mutex
                0x0000000020008cbc                __lock___arc4random_mutex
                0x0000000020008cc0                __lock___env_recursive_mutex
                0x0000000020008cc4                __lock___sinit_recursive_mutex
                0x0000000020008cc8                __lock___malloc_recursive_mutex
                0x0000000020008ccc                __lock___at_quick_exit_mutex
                0x0000000020008cd0                __lock___dd_hash_mutex
                0x0000000020008cd4                __lock___tz_mutex
                0x0000000020008cd8                __lock___sfp_recursive_mutex
 *fill*         0x0000000020008cd9        0x3 
 COMMON         0x0000000020008cdc        0x4 /home/valentyn/Ac6/SystemWorkbench/plugins/fr.ac6.mcu.externaltools.arm-none.linux64_1.16.0.201807130628/tools/compiler/bin/../lib/gcc/arm-none-eabi/7.2.1/../../../../arm-none-eabi/lib/thumb/v7e-m/fpv4-sp/hard/libc.a(lib_a-reent.o)
                0x0000000020008cdc                errno
                0x0000000020008ce0                . = ALIGN (0x4)
                0x0000000020008ce0                _ebss = .
                0x0000000020008ce0                __bss_end__ = _ebss

._user_heap_stack
                0x0000000020008ce0      0x400 load address 0x000000000800d724
                0x0000000020008ce0                . = ALIGN (0x8)
                0x0000000020008ce0                PROVIDE (end, .)
                [!provide]                        PROVIDE (_end, .)
                0x0000000020008ce0                . = (. + _Min_Heap_Size)
                0x00000000200090e0                . = (. + _Min_Stack_Size)
 *fill*         0x0000000020008ce0      0x400 
                0x00000000200090e0                . = ALIGN (0x8)

/DISCARD/
 libc.a(*)
 libm.a(*)
 libgcc.a(*)

.ARM.attributes
                0x0000000000000000       0x30
 *(.ARM.attributes)
 .ARM.attributes
                0x0000000000000000       0x22 /home/valentyn/Ac6/SystemWorkbench/plugins/fr.ac6.mcu.externaltools.arm-none.linux64_1.16.0.201807130628/tools/compiler/bin/../lib/gcc/arm-none-eabi/7.2.1/thumb/v7e-m/fpv4-sp/hard/crti.o
 .ARM.attributes
                0x0000000000000022       0x34 /home/valentyn/Ac6/SystemWorkbench/plugins/fr.ac6.mcu.externaltools.arm-none.linux64_1.16.0.201807130628/tools/compiler/bin/../lib/gcc/arm-none-eabi/7.2.1/thumb/v7e-m/fpv4-sp/hard/crtbegin.o
 .ARM.attributes
                0x0000000000000056       0x39 RTOS/src/heap_4.o
 .ARM.attributes
                0x000000000000008f       0x39 RTOS/src/list.o
 .ARM.attributes
                0x00000000000000c8       0x39 RTOS/src/port.o
 .ARM.attributes
                0x0000000000000101       0x39 RTOS/src/queue.o
 .ARM.attributes
                0x000000000000013a       0x39 RTOS/src/tasks.o
 .ARM.attributes
                0x0000000000000173       0x39 RTOS/src/timers.o
 .ARM.attributes
                0x00000000000001ac       0x39 src/algorithm.o
 .ARM.attributes
                0x00000000000001e5       0x39 src/charQueue.o
 .ARM.attributes
                0x000000000000021e       0x39 src/gpio.o
 .ARM.attributes
                0x0000000000000257       0x39 src/main.o
 .ARM.attributes
                0x0000000000000290       0x39 src/nmea.o
 .ARM.attributes
                0x00000000000002c9       0x39 src/periph.o
 .ARM.attributes
                0x0000000000000302       0x39 src/position.o
 .ARM.attributes
                0x000000000000033b       0x39 src/system_stm32f4xx.o
 .ARM.attributes
                0x0000000000000374       0x21 startup/startup_stm32.o
 .ARM.attributes
                0x0000000000000395       0x39 startup/sysmem.o
 .ARM.attributes
                0x00000000000003ce       0x34 /home/valentyn/Ac6/SystemWorkbench/plugins/fr.ac6.mcu.externaltools.arm-none.linux64_1.16.0.201807130628/tools/compiler/bin/../lib/gcc/arm-none-eabi/7.2.1/../../../../arm-none-eabi/lib/thumb/v7e-m/fpv4-sp/hard/libm.a(lib_a-s_cos.o)
 .ARM.attributes
                0x0000000000000402       0x34 /home/valentyn/Ac6/SystemWorkbench/plugins/fr.ac6.mcu.externaltools.arm-none.linux64_1.16.0.201807130628/tools/compiler/bin/../lib/gcc/arm-none-eabi/7.2.1/../../../../arm-none-eabi/lib/thumb/v7e-m/fpv4-sp/hard/libm.a(lib_a-s_floor.o)
 .ARM.attributes
                0x0000000000000436       0x34 /home/valentyn/Ac6/SystemWorkbench/plugins/fr.ac6.mcu.externaltools.arm-none.linux64_1.16.0.201807130628/tools/compiler/bin/../lib/gcc/arm-none-eabi/7.2.1/../../../../arm-none-eabi/lib/thumb/v7e-m/fpv4-sp/hard/libm.a(lib_a-s_round.o)
 .ARM.attributes
                0x000000000000046a       0x34 /home/valentyn/Ac6/SystemWorkbench/plugins/fr.ac6.mcu.externaltools.arm-none.linux64_1.16.0.201807130628/tools/compiler/bin/../lib/gcc/arm-none-eabi/7.2.1/../../../../arm-none-eabi/lib/thumb/v7e-m/fpv4-sp/hard/libm.a(lib_a-s_sin.o)
 .ARM.attributes
                0x000000000000049e       0x34 /home/valentyn/Ac6/SystemWorkbench/plugins/fr.ac6.mcu.externaltools.arm-none.linux64_1.16.0.201807130628/tools/compiler/bin/../lib/gcc/arm-none-eabi/7.2.1/../../../../arm-none-eabi/lib/thumb/v7e-m/fpv4-sp/hard/libm.a(lib_a-s_tan.o)
 .ARM.attributes
                0x00000000000004d2       0x34 /home/valentyn/Ac6/SystemWorkbench/plugins/fr.ac6.mcu.externaltools.arm-none.linux64_1.16.0.201807130628/tools/compiler/bin/../lib/gcc/arm-none-eabi/7.2.1/../../../../arm-none-eabi/lib/thumb/v7e-m/fpv4-sp/hard/libm.a(lib_a-sf_pow.o)
 .ARM.attributes
                0x0000000000000506       0x34 /home/valentyn/Ac6/SystemWorkbench/plugins/fr.ac6.mcu.externaltools.arm-none.linux64_1.16.0.201807130628/tools/compiler/bin/../lib/gcc/arm-none-eabi/7.2.1/../../../../arm-none-eabi/lib/thumb/v7e-m/fpv4-sp/hard/libm.a(lib_a-sf_pow_log2_data.o)
 .ARM.attributes
                0x000000000000053a       0x34 /home/valentyn/Ac6/SystemWorkbench/plugins/fr.ac6.mcu.externaltools.arm-none.linux64_1.16.0.201807130628/tools/compiler/bin/../lib/gcc/arm-none-eabi/7.2.1/../../../../arm-none-eabi/lib/thumb/v7e-m/fpv4-sp/hard/libm.a(lib_a-w_pow.o)
 .ARM.attributes
                0x000000000000056e       0x34 /home/valentyn/Ac6/SystemWorkbench/plugins/fr.ac6.mcu.externaltools.arm-none.linux64_1.16.0.201807130628/tools/compiler/bin/../lib/gcc/arm-none-eabi/7.2.1/../../../../arm-none-eabi/lib/thumb/v7e-m/fpv4-sp/hard/libm.a(lib_a-w_sqrt.o)
 .ARM.attributes
                0x00000000000005a2       0x34 /home/valentyn/Ac6/SystemWorkbench/plugins/fr.ac6.mcu.externaltools.arm-none.linux64_1.16.0.201807130628/tools/compiler/bin/../lib/gcc/arm-none-eabi/7.2.1/../../../../arm-none-eabi/lib/thumb/v7e-m/fpv4-sp/hard/libm.a(lib_a-e_pow.o)
 .ARM.attributes
                0x00000000000005d6       0x34 /home/valentyn/Ac6/SystemWorkbench/plugins/fr.ac6.mcu.externaltools.arm-none.linux64_1.16.0.201807130628/tools/compiler/bin/../lib/gcc/arm-none-eabi/7.2.1/../../../../arm-none-eabi/lib/thumb/v7e-m/fpv4-sp/hard/libm.a(lib_a-e_rem_pio2.o)
 .ARM.attributes
                0x000000000000060a       0x34 /home/valentyn/Ac6/SystemWorkbench/plugins/fr.ac6.mcu.externaltools.arm-none.linux64_1.16.0.201807130628/tools/compiler/bin/../lib/gcc/arm-none-eabi/7.2.1/../../../../arm-none-eabi/lib/thumb/v7e-m/fpv4-sp/hard/libm.a(lib_a-e_sqrt.o)
 .ARM.attributes
                0x000000000000063e       0x34 /home/valentyn/Ac6/SystemWorkbench/plugins/fr.ac6.mcu.externaltools.arm-none.linux64_1.16.0.201807130628/tools/compiler/bin/../lib/gcc/arm-none-eabi/7.2.1/../../../../arm-none-eabi/lib/thumb/v7e-m/fpv4-sp/hard/libm.a(lib_a-k_cos.o)
 .ARM.attributes
                0x0000000000000672       0x34 /home/valentyn/Ac6/SystemWorkbench/plugins/fr.ac6.mcu.externaltools.arm-none.linux64_1.16.0.201807130628/tools/compiler/bin/../lib/gcc/arm-none-eabi/7.2.1/../../../../arm-none-eabi/lib/thumb/v7e-m/fpv4-sp/hard/libm.a(lib_a-k_rem_pio2.o)
 .ARM.attributes
                0x00000000000006a6       0x34 /home/valentyn/Ac6/SystemWorkbench/plugins/fr.ac6.mcu.externaltools.arm-none.linux64_1.16.0.201807130628/tools/compiler/bin/../lib/gcc/arm-none-eabi/7.2.1/../../../../arm-none-eabi/lib/thumb/v7e-m/fpv4-sp/hard/libm.a(lib_a-k_sin.o)
 .ARM.attributes
                0x00000000000006da       0x34 /home/valentyn/Ac6/SystemWorkbench/plugins/fr.ac6.mcu.externaltools.arm-none.linux64_1.16.0.201807130628/tools/compiler/bin/../lib/gcc/arm-none-eabi/7.2.1/../../../../arm-none-eabi/lib/thumb/v7e-m/fpv4-sp/hard/libm.a(lib_a-k_tan.o)
 .ARM.attributes
                0x000000000000070e       0x34 /home/valentyn/Ac6/SystemWorkbench/plugins/fr.ac6.mcu.externaltools.arm-none.linux64_1.16.0.201807130628/tools/compiler/bin/../lib/gcc/arm-none-eabi/7.2.1/../../../../arm-none-eabi/lib/thumb/v7e-m/fpv4-sp/hard/libm.a(lib_a-math_errf.o)
 .ARM.attributes
                0x0000000000000742       0x34 /home/valentyn/Ac6/SystemWorkbench/plugins/fr.ac6.mcu.externaltools.arm-none.linux64_1.16.0.201807130628/tools/compiler/bin/../lib/gcc/arm-none-eabi/7.2.1/../../../../arm-none-eabi/lib/thumb/v7e-m/fpv4-sp/hard/libm.a(lib_a-s_fabs.o)
 .ARM.attributes
                0x0000000000000776       0x34 /home/valentyn/Ac6/SystemWorkbench/plugins/fr.ac6.mcu.externaltools.arm-none.linux64_1.16.0.201807130628/tools/compiler/bin/../lib/gcc/arm-none-eabi/7.2.1/../../../../arm-none-eabi/lib/thumb/v7e-m/fpv4-sp/hard/libm.a(lib_a-s_finite.o)
 .ARM.attributes
                0x00000000000007aa       0x34 /home/valentyn/Ac6/SystemWorkbench/plugins/fr.ac6.mcu.externaltools.arm-none.linux64_1.16.0.201807130628/tools/compiler/bin/../lib/gcc/arm-none-eabi/7.2.1/../../../../arm-none-eabi/lib/thumb/v7e-m/fpv4-sp/hard/libm.a(lib_a-s_lib_ver.o)
 .ARM.attributes
                0x00000000000007de       0x34 /home/valentyn/Ac6/SystemWorkbench/plugins/fr.ac6.mcu.externaltools.arm-none.linux64_1.16.0.201807130628/tools/compiler/bin/../lib/gcc/arm-none-eabi/7.2.1/../../../../arm-none-eabi/lib/thumb/v7e-m/fpv4-sp/hard/libm.a(lib_a-s_matherr.o)
 .ARM.attributes
                0x0000000000000812       0x34 /home/valentyn/Ac6/SystemWorkbench/plugins/fr.ac6.mcu.externaltools.arm-none.linux64_1.16.0.201807130628/tools/compiler/bin/../lib/gcc/arm-none-eabi/7.2.1/../../../../arm-none-eabi/lib/thumb/v7e-m/fpv4-sp/hard/libm.a(lib_a-s_nan.o)
 .ARM.attributes
                0x0000000000000846       0x34 /home/valentyn/Ac6/SystemWorkbench/plugins/fr.ac6.mcu.externaltools.arm-none.linux64_1.16.0.201807130628/tools/compiler/bin/../lib/gcc/arm-none-eabi/7.2.1/../../../../arm-none-eabi/lib/thumb/v7e-m/fpv4-sp/hard/libm.a(lib_a-s_rint.o)
 .ARM.attributes
                0x000000000000087a       0x34 /home/valentyn/Ac6/SystemWorkbench/plugins/fr.ac6.mcu.externaltools.arm-none.linux64_1.16.0.201807130628/tools/compiler/bin/../lib/gcc/arm-none-eabi/7.2.1/../../../../arm-none-eabi/lib/thumb/v7e-m/fpv4-sp/hard/libm.a(lib_a-s_scalbn.o)
 .ARM.attributes
                0x00000000000008ae       0x34 /home/valentyn/Ac6/SystemWorkbench/plugins/fr.ac6.mcu.externaltools.arm-none.linux64_1.16.0.201807130628/tools/compiler/bin/../lib/gcc/arm-none-eabi/7.2.1/../../../../arm-none-eabi/lib/thumb/v7e-m/fpv4-sp/hard/libm.a(lib_a-sf_exp2_data.o)
 .ARM.attributes
                0x00000000000008e2       0x34 /home/valentyn/Ac6/SystemWorkbench/plugins/fr.ac6.mcu.externaltools.arm-none.linux64_1.16.0.201807130628/tools/compiler/bin/../lib/gcc/arm-none-eabi/7.2.1/../../../../arm-none-eabi/lib/thumb/v7e-m/fpv4-sp/hard/libm.a(lib_a-s_copysign.o)
 .ARM.attributes
                0x0000000000000916       0x22 /home/valentyn/Ac6/SystemWorkbench/plugins/fr.ac6.mcu.externaltools.arm-none.linux64_1.16.0.201807130628/tools/compiler/bin/../lib/gcc/arm-none-eabi/7.2.1/thumb/v7e-m/fpv4-sp/hard/libgcc.a(_arm_addsubdf3.o)
 .ARM.attributes